========================================
Epoch=1 Run=1 Phase=run Time=Sat Mar 14 14:12:13 UTC 2026
DB=ycsb
Key=user1000385178204227360
----------------------------------------
                                                         QUERY PLAN                                                          
-----------------------------------------------------------------------------------------------------------------------------
 Index Scan using usertable_pkey on usertable  (cost=0.28..8.29 rows=1 width=1752) (actual time=0.013..0.014 rows=1 loops=1)
   Index Cond: (ycsb_key = 'user1000385178204227360'::text)
   Buffers: shared hit=3
 Planning:
   Buffers: shared hit=345
 Planning Time: 1.422 ms
 Execution Time: 0.046 ms
(7 rows)


========================================
Epoch=1 Run=2 Phase=run Time=Sat Mar 14 14:12:47 UTC 2026
DB=ycsb
Key=user1000385178204227360
----------------------------------------
                                                         QUERY PLAN                                                          
-----------------------------------------------------------------------------------------------------------------------------
 Index Scan using usertable_pkey on usertable  (cost=0.28..8.29 rows=1 width=1742) (actual time=0.014..0.014 rows=1 loops=1)
   Index Cond: (ycsb_key = 'user1000385178204227360'::text)
   Buffers: shared hit=3
 Planning:
   Buffers: shared hit=348
 Planning Time: 1.392 ms
 Execution Time: 0.045 ms
(7 rows)


========================================
Epoch=1 Run=3 Phase=run Time=Sat Mar 14 14:13:23 UTC 2026
DB=ycsb
Key=user1000385178204227360
----------------------------------------
                                                         QUERY PLAN                                                          
-----------------------------------------------------------------------------------------------------------------------------
 Index Scan using usertable_pkey on usertable  (cost=0.28..8.29 rows=1 width=1739) (actual time=0.012..0.013 rows=1 loops=1)
   Index Cond: (ycsb_key = 'user1000385178204227360'::text)
   Buffers: shared hit=3
 Planning:
   Buffers: shared hit=363
 Planning Time: 1.403 ms
 Execution Time: 0.044 ms
(7 rows)


========================================
Epoch=1 Run=4 Phase=run Time=Sat Mar 14 14:14:00 UTC 2026
DB=ycsb
Key=user1000385178204227360
----------------------------------------
                                                         QUERY PLAN                                                          
-----------------------------------------------------------------------------------------------------------------------------
 Index Scan using usertable_pkey on usertable  (cost=0.28..8.29 rows=1 width=1738) (actual time=0.013..0.014 rows=1 loops=1)
   Index Cond: (ycsb_key = 'user1000385178204227360'::text)
   Buffers: shared hit=3
 Planning:
   Buffers: shared hit=373
 Planning Time: 1.669 ms
 Execution Time: 0.049 ms
(7 rows)


========================================
Epoch=1 Run=5 Phase=run Time=Sat Mar 14 14:14:39 UTC 2026
DB=ycsb
Key=user1000385178204227360
----------------------------------------
                                                         QUERY PLAN                                                          
-----------------------------------------------------------------------------------------------------------------------------
 Index Scan using usertable_pkey on usertable  (cost=0.28..8.29 rows=1 width=1727) (actual time=0.013..0.014 rows=1 loops=1)
   Index Cond: (ycsb_key = 'user1000385178204227360'::text)
   Buffers: shared hit=3
 Planning:
   Buffers: shared hit=389
 Planning Time: 1.554 ms
 Execution Time: 0.046 ms
(7 rows)


========================================
Epoch=1 Run=6 Phase=run Time=Sat Mar 14 14:15:18 UTC 2026
DB=ycsb
Key=user1000385178204227360
----------------------------------------
                                                         QUERY PLAN                                                          
-----------------------------------------------------------------------------------------------------------------------------
 Index Scan using usertable_pkey on usertable  (cost=0.28..8.29 rows=1 width=1705) (actual time=0.014..0.014 rows=1 loops=1)
   Index Cond: (ycsb_key = 'user1000385178204227360'::text)
   Buffers: shared hit=3
 Planning:
   Buffers: shared hit=387
 Planning Time: 1.632 ms
 Execution Time: 0.046 ms
(7 rows)


========================================
Epoch=1 Run=7 Phase=run Time=Sat Mar 14 14:15:58 UTC 2026
DB=ycsb
Key=user1000385178204227360
----------------------------------------
                                                         QUERY PLAN                                                          
-----------------------------------------------------------------------------------------------------------------------------
 Index Scan using usertable_pkey on usertable  (cost=0.28..8.29 rows=1 width=1673) (actual time=0.014..0.015 rows=1 loops=1)
   Index Cond: (ycsb_key = 'user1000385178204227360'::text)
   Buffers: shared hit=3
 Planning:
   Buffers: shared hit=395
 Planning Time: 1.632 ms
 Execution Time: 0.047 ms
(7 rows)


========================================
Epoch=1 Run=8 Phase=run Time=Sat Mar 14 14:16:40 UTC 2026
DB=ycsb
Key=user1000385178204227360
----------------------------------------
                                                         QUERY PLAN                                                          
-----------------------------------------------------------------------------------------------------------------------------
 Index Scan using usertable_pkey on usertable  (cost=0.28..8.29 rows=1 width=1640) (actual time=0.015..0.015 rows=1 loops=1)
   Index Cond: (ycsb_key = 'user1000385178204227360'::text)
   Buffers: shared hit=3
 Planning:
   Buffers: shared hit=399
 Planning Time: 1.846 ms
 Execution Time: 0.049 ms
(7 rows)


========================================
Epoch=1 Run=9 Phase=run Time=Sat Mar 14 14:17:22 UTC 2026
DB=ycsb
Key=user1000385178204227360
----------------------------------------
                                                         QUERY PLAN                                                          
-----------------------------------------------------------------------------------------------------------------------------
 Index Scan using usertable_pkey on usertable  (cost=0.28..8.29 rows=1 width=1608) (actual time=0.013..0.014 rows=1 loops=1)
   Index Cond: (ycsb_key = 'user1000385178204227360'::text)
   Buffers: shared hit=3
 Planning:
   Buffers: shared hit=402
 Planning Time: 1.797 ms
 Execution Time: 0.044 ms
(7 rows)


========================================
Epoch=1 Run=10 Phase=run Time=Sat Mar 14 14:18:05 UTC 2026
DB=ycsb
Key=user1000385178204227360
----------------------------------------
                                                         QUERY PLAN                                                          
-----------------------------------------------------------------------------------------------------------------------------
 Index Scan using usertable_pkey on usertable  (cost=0.28..8.29 rows=1 width=1589) (actual time=0.015..0.015 rows=1 loops=1)
   Index Cond: (ycsb_key = 'user1000385178204227360'::text)
   Buffers: shared hit=3
 Planning:
   Buffers: shared hit=407
 Planning Time: 1.821 ms
 Execution Time: 0.050 ms
(7 rows)


========================================
Epoch=2 Run=1 Phase=run Time=Sat Mar 14 14:18:48 UTC 2026
DB=ycsb
Key=user1000385178204227360
----------------------------------------
                                                         QUERY PLAN                                                          
-----------------------------------------------------------------------------------------------------------------------------
 Index Scan using usertable_pkey on usertable  (cost=0.28..8.29 rows=1 width=1550) (actual time=0.013..0.014 rows=1 loops=1)
   Index Cond: (ycsb_key = 'user1000385178204227360'::text)
   Buffers: shared hit=3
 Planning:
   Buffers: shared hit=413
 Planning Time: 1.736 ms
 Execution Time: 0.045 ms
(7 rows)


========================================
Epoch=2 Run=2 Phase=run Time=Sat Mar 14 14:19:31 UTC 2026
DB=ycsb
Key=user1000385178204227360
----------------------------------------
                                                         QUERY PLAN                                                          
-----------------------------------------------------------------------------------------------------------------------------
 Index Scan using usertable_pkey on usertable  (cost=0.28..8.29 rows=1 width=1515) (actual time=0.014..0.014 rows=1 loops=1)
   Index Cond: (ycsb_key = 'user1000385178204227360'::text)
   Buffers: shared hit=3
 Planning:
   Buffers: shared hit=413
 Planning Time: 1.985 ms
 Execution Time: 0.049 ms
(7 rows)


========================================
Epoch=2 Run=3 Phase=run Time=Sat Mar 14 14:20:14 UTC 2026
DB=ycsb
Key=user1000385178204227360
----------------------------------------
                                                         QUERY PLAN                                                          
-----------------------------------------------------------------------------------------------------------------------------
 Index Scan using usertable_pkey on usertable  (cost=0.28..8.29 rows=1 width=1489) (actual time=0.012..0.013 rows=1 loops=1)
   Index Cond: (ycsb_key = 'user1000385178204227360'::text)
   Buffers: shared hit=3
 Planning:
   Buffers: shared hit=416
 Planning Time: 1.762 ms
 Execution Time: 0.043 ms
(7 rows)


========================================
Epoch=2 Run=4 Phase=run Time=Sat Mar 14 14:21:00 UTC 2026
DB=ycsb
Key=user1000385178204227360
----------------------------------------
                                                         QUERY PLAN                                                          
-----------------------------------------------------------------------------------------------------------------------------
 Index Scan using usertable_pkey on usertable  (cost=0.28..8.29 rows=1 width=1465) (actual time=0.011..0.011 rows=1 loops=1)
   Index Cond: (ycsb_key = 'user1000385178204227360'::text)
   Buffers: shared hit=3
 Planning:
   Buffers: shared hit=418
 Planning Time: 1.995 ms
 Execution Time: 0.048 ms
(7 rows)


========================================
Epoch=2 Run=5 Phase=run Time=Sat Mar 14 14:21:46 UTC 2026
DB=ycsb
Key=user1000385178204227360
----------------------------------------
                                                         QUERY PLAN                                                          
-----------------------------------------------------------------------------------------------------------------------------
 Index Scan using usertable_pkey on usertable  (cost=0.28..8.29 rows=1 width=1426) (actual time=0.016..0.016 rows=1 loops=1)
   Index Cond: (ycsb_key = 'user1000385178204227360'::text)
   Buffers: shared hit=3
 Planning:
   Buffers: shared hit=288
 Planning Time: 1.151 ms
 Execution Time: 0.045 ms
(7 rows)


========================================
Epoch=2 Run=6 Phase=run Time=Sat Mar 14 14:22:33 UTC 2026
DB=ycsb
Key=user1000385178204227360
----------------------------------------
                                                         QUERY PLAN                                                          
-----------------------------------------------------------------------------------------------------------------------------
 Index Scan using usertable_pkey on usertable  (cost=0.28..8.29 rows=1 width=1396) (actual time=0.014..0.014 rows=1 loops=1)
   Index Cond: (ycsb_key = 'user1000385178204227360'::text)
   Buffers: shared hit=3
 Planning:
   Buffers: shared hit=260
 Planning Time: 0.982 ms
 Execution Time: 0.044 ms
(7 rows)


========================================
Epoch=2 Run=7 Phase=run Time=Sat Mar 14 14:23:21 UTC 2026
DB=ycsb
Key=user1000385178204227360
----------------------------------------
                                                         QUERY PLAN                                                          
-----------------------------------------------------------------------------------------------------------------------------
 Index Scan using usertable_pkey on usertable  (cost=0.28..8.29 rows=1 width=1356) (actual time=0.015..0.015 rows=1 loops=1)
   Index Cond: (ycsb_key = 'user1000385178204227360'::text)
   Buffers: shared hit=3
 Planning:
   Buffers: shared hit=260
 Planning Time: 0.986 ms
 Execution Time: 0.047 ms
(7 rows)


========================================
Epoch=2 Run=8 Phase=run Time=Sat Mar 14 14:24:09 UTC 2026
DB=ycsb
Key=user1000385178204227360
----------------------------------------
                                                         QUERY PLAN                                                          
-----------------------------------------------------------------------------------------------------------------------------
 Index Scan using usertable_pkey on usertable  (cost=0.28..8.29 rows=1 width=1332) (actual time=0.013..0.013 rows=1 loops=1)
   Index Cond: (ycsb_key = 'user1000385178204227360'::text)
   Buffers: shared hit=3
 Planning:
   Buffers: shared hit=251
 Planning Time: 0.895 ms
 Execution Time: 0.043 ms
(7 rows)


========================================
Epoch=2 Run=9 Phase=run Time=Sat Mar 14 14:24:57 UTC 2026
DB=ycsb
Key=user1000385178204227360
----------------------------------------
                                                         QUERY PLAN                                                          
-----------------------------------------------------------------------------------------------------------------------------
 Index Scan using usertable_pkey on usertable  (cost=0.28..8.29 rows=1 width=1302) (actual time=0.019..0.020 rows=1 loops=1)
   Index Cond: (ycsb_key = 'user1000385178204227360'::text)
   Buffers: shared hit=3
 Planning:
   Buffers: shared hit=231
 Planning Time: 0.832 ms
 Execution Time: 0.051 ms
(7 rows)


========================================
Epoch=2 Run=10 Phase=run Time=Sat Mar 14 14:25:47 UTC 2026
DB=ycsb
Key=user1000385178204227360
----------------------------------------
                                                         QUERY PLAN                                                          
-----------------------------------------------------------------------------------------------------------------------------
 Index Scan using usertable_pkey on usertable  (cost=0.28..8.29 rows=1 width=1271) (actual time=0.016..0.017 rows=1 loops=1)
   Index Cond: (ycsb_key = 'user1000385178204227360'::text)
   Buffers: shared hit=3
 Planning:
   Buffers: shared hit=212
 Planning Time: 0.661 ms
 Execution Time: 0.043 ms
(7 rows)


========================================
Epoch=3 Run=1 Phase=run Time=Sat Mar 14 14:26:39 UTC 2026
DB=ycsb
Key=user1000385178204227360
----------------------------------------
                                                         QUERY PLAN                                                          
-----------------------------------------------------------------------------------------------------------------------------
 Index Scan using usertable_pkey on usertable  (cost=0.28..8.29 rows=1 width=1264) (actual time=0.016..0.017 rows=1 loops=1)
   Index Cond: (ycsb_key = 'user1000385178204227360'::text)
   Buffers: shared hit=3
 Planning:
   Buffers: shared hit=200
 Planning Time: 0.570 ms
 Execution Time: 0.044 ms
(7 rows)


========================================
Epoch=3 Run=2 Phase=run Time=Sat Mar 14 14:27:32 UTC 2026
DB=ycsb
Key=user1000385178204227360
----------------------------------------
                                                         QUERY PLAN                                                          
-----------------------------------------------------------------------------------------------------------------------------
 Index Scan using usertable_pkey on usertable  (cost=0.28..8.29 rows=1 width=1238) (actual time=0.016..0.017 rows=1 loops=1)
   Index Cond: (ycsb_key = 'user1000385178204227360'::text)
   Buffers: shared hit=3
 Planning:
   Buffers: shared hit=185
 Planning Time: 0.539 ms
 Execution Time: 0.047 ms
(7 rows)


========================================
Epoch=3 Run=3 Phase=run Time=Sat Mar 14 14:28:24 UTC 2026
DB=ycsb
Key=user1000385178204227360
----------------------------------------
                                                         QUERY PLAN                                                          
-----------------------------------------------------------------------------------------------------------------------------
 Index Scan using usertable_pkey on usertable  (cost=0.28..8.29 rows=1 width=1216) (actual time=0.017..0.017 rows=1 loops=1)
   Index Cond: (ycsb_key = 'user1000385178204227360'::text)
   Buffers: shared hit=3
 Planning:
   Buffers: shared hit=175
 Planning Time: 0.502 ms
 Execution Time: 0.044 ms
(7 rows)


========================================
Epoch=3 Run=4 Phase=run Time=Sat Mar 14 14:29:18 UTC 2026
DB=ycsb
Key=user1000385178204227360
----------------------------------------
                                                         QUERY PLAN                                                          
-----------------------------------------------------------------------------------------------------------------------------
 Index Scan using usertable_pkey on usertable  (cost=0.28..8.29 rows=1 width=1181) (actual time=0.021..0.021 rows=1 loops=1)
   Index Cond: (ycsb_key = 'user1000385178204227360'::text)
   Buffers: shared hit=3
 Planning:
   Buffers: shared hit=170
 Planning Time: 0.480 ms
 Execution Time: 0.046 ms
(7 rows)


========================================
Epoch=3 Run=5 Phase=run Time=Sat Mar 14 14:30:13 UTC 2026
DB=ycsb
Key=user1000385178204227360
----------------------------------------
                                                         QUERY PLAN                                                          
-----------------------------------------------------------------------------------------------------------------------------
 Index Scan using usertable_pkey on usertable  (cost=0.28..8.29 rows=1 width=1156) (actual time=0.018..0.018 rows=1 loops=1)
   Index Cond: (ycsb_key = 'user1000385178204227360'::text)
   Buffers: shared hit=3
 Planning:
   Buffers: shared hit=164
 Planning Time: 0.412 ms
 Execution Time: 0.046 ms
(7 rows)


========================================
Epoch=3 Run=6 Phase=run Time=Sat Mar 14 14:31:09 UTC 2026
DB=ycsb
Key=user1000385178204227360
----------------------------------------
                                                         QUERY PLAN                                                          
-----------------------------------------------------------------------------------------------------------------------------
 Index Scan using usertable_pkey on usertable  (cost=0.28..8.29 rows=1 width=1142) (actual time=0.019..0.019 rows=1 loops=1)
   Index Cond: (ycsb_key = 'user1000385178204227360'::text)
   Buffers: shared hit=3
 Planning:
   Buffers: shared hit=162
 Planning Time: 0.385 ms
 Execution Time: 0.043 ms
(7 rows)


========================================
Epoch=3 Run=7 Phase=run Time=Sat Mar 14 14:32:06 UTC 2026
DB=ycsb
Key=user1000385178204227360
----------------------------------------
                                                         QUERY PLAN                                                          
-----------------------------------------------------------------------------------------------------------------------------
 Index Scan using usertable_pkey on usertable  (cost=0.28..8.29 rows=1 width=1088) (actual time=0.016..0.016 rows=1 loops=1)
   Index Cond: (ycsb_key = 'user1000385178204227360'::text)
   Buffers: shared hit=3
 Planning:
   Buffers: shared hit=155
 Planning Time: 0.335 ms
 Execution Time: 0.042 ms
(7 rows)


========================================
Epoch=3 Run=8 Phase=run Time=Sat Mar 14 14:33:04 UTC 2026
DB=ycsb
Key=user1000385178204227360
----------------------------------------
                                                         QUERY PLAN                                                          
-----------------------------------------------------------------------------------------------------------------------------
 Index Scan using usertable_pkey on usertable  (cost=0.28..8.29 rows=1 width=1032) (actual time=0.021..0.021 rows=1 loops=1)
   Index Cond: (ycsb_key = 'user1000385178204227360'::text)
   Buffers: shared hit=3
 Planning:
   Buffers: shared hit=152
 Planning Time: 0.359 ms
 Execution Time: 0.052 ms
(7 rows)


========================================
Epoch=3 Run=9 Phase=run Time=Sat Mar 14 14:34:01 UTC 2026
DB=ycsb
Key=user1000385178204227360
----------------------------------------
                                                         QUERY PLAN                                                         
----------------------------------------------------------------------------------------------------------------------------
 Index Scan using usertable_pkey on usertable  (cost=0.28..8.29 rows=1 width=994) (actual time=0.019..0.020 rows=1 loops=1)
   Index Cond: (ycsb_key = 'user1000385178204227360'::text)
   Buffers: shared hit=3
 Planning:
   Buffers: shared hit=148
 Planning Time: 0.414 ms
 Execution Time: 0.053 ms
(7 rows)


========================================
Epoch=3 Run=10 Phase=run Time=Sat Mar 14 14:35:00 UTC 2026
DB=ycsb
Key=user1000385178204227360
----------------------------------------
                                                         QUERY PLAN                                                         
----------------------------------------------------------------------------------------------------------------------------
 Index Scan using usertable_pkey on usertable  (cost=0.28..8.29 rows=1 width=943) (actual time=0.018..0.019 rows=1 loops=1)
   Index Cond: (ycsb_key = 'user1000385178204227360'::text)
   Buffers: shared hit=3
 Planning:
   Buffers: shared hit=134
 Planning Time: 0.364 ms
 Execution Time: 0.051 ms
(7 rows)


========================================
Epoch=4 Run=1 Phase=run Time=Sat Mar 14 14:36:01 UTC 2026
DB=ycsb
Key=user1000385178204227360
----------------------------------------
                                                         QUERY PLAN                                                         
----------------------------------------------------------------------------------------------------------------------------
 Index Scan using usertable_pkey on usertable  (cost=0.28..8.29 rows=1 width=867) (actual time=0.016..0.017 rows=1 loops=1)
   Index Cond: (ycsb_key = 'user1000385178204227360'::text)
   Buffers: shared hit=3
 Planning:
   Buffers: shared hit=134
 Planning Time: 0.320 ms
 Execution Time: 0.049 ms
(7 rows)


========================================
Epoch=4 Run=2 Phase=run Time=Sat Mar 14 14:37:02 UTC 2026
DB=ycsb
Key=user1000385178204227360
----------------------------------------
                                                         QUERY PLAN                                                         
----------------------------------------------------------------------------------------------------------------------------
 Index Scan using usertable_pkey on usertable  (cost=0.28..8.29 rows=1 width=811) (actual time=0.017..0.018 rows=1 loops=1)
   Index Cond: (ycsb_key = 'user1000385178204227360'::text)
   Buffers: shared hit=3
 Planning:
   Buffers: shared hit=131
 Planning Time: 0.291 ms
 Execution Time: 0.046 ms
(7 rows)


========================================
Epoch=4 Run=3 Phase=run Time=Sat Mar 14 14:38:04 UTC 2026
DB=ycsb
Key=user1000385178204227360
----------------------------------------
                                                         QUERY PLAN                                                         
----------------------------------------------------------------------------------------------------------------------------
 Index Scan using usertable_pkey on usertable  (cost=0.28..8.29 rows=1 width=723) (actual time=0.020..0.020 rows=1 loops=1)
   Index Cond: (ycsb_key = 'user1000385178204227360'::text)
   Buffers: shared hit=3
 Planning:
   Buffers: shared hit=128
 Planning Time: 0.293 ms
 Execution Time: 0.049 ms
(7 rows)


========================================
Epoch=4 Run=4 Phase=run Time=Sat Mar 14 14:39:08 UTC 2026
DB=ycsb
Key=user1000385178204227360
----------------------------------------
                                                         QUERY PLAN                                                         
----------------------------------------------------------------------------------------------------------------------------
 Index Scan using usertable_pkey on usertable  (cost=0.28..8.29 rows=1 width=661) (actual time=0.018..0.018 rows=1 loops=1)
   Index Cond: (ycsb_key = 'user1000385178204227360'::text)
   Buffers: shared hit=3
 Planning:
   Buffers: shared hit=128
 Planning Time: 0.268 ms
 Execution Time: 0.045 ms
(7 rows)


========================================
Epoch=4 Run=5 Phase=run Time=Sat Mar 14 14:40:12 UTC 2026
DB=ycsb
Key=user1000385178204227360
----------------------------------------
                                                         QUERY PLAN                                                         
----------------------------------------------------------------------------------------------------------------------------
 Index Scan using usertable_pkey on usertable  (cost=0.28..8.29 rows=1 width=595) (actual time=0.019..0.019 rows=1 loops=1)
   Index Cond: (ycsb_key = 'user1000385178204227360'::text)
   Buffers: shared hit=3
 Planning:
   Buffers: shared hit=125
 Planning Time: 0.303 ms
 Execution Time: 0.050 ms
(7 rows)


========================================
Epoch=4 Run=6 Phase=run Time=Sat Mar 14 14:41:17 UTC 2026
DB=ycsb
Key=user1000385178204227360
----------------------------------------
                                                         QUERY PLAN                                                         
----------------------------------------------------------------------------------------------------------------------------
 Index Scan using usertable_pkey on usertable  (cost=0.28..8.29 rows=1 width=515) (actual time=0.019..0.020 rows=1 loops=1)
   Index Cond: (ycsb_key = 'user1000385178204227360'::text)
   Buffers: shared hit=3
 Planning:
   Buffers: shared hit=126
 Planning Time: 0.288 ms
 Execution Time: 0.049 ms
(7 rows)


========================================
Epoch=4 Run=7 Phase=run Time=Sat Mar 14 14:42:21 UTC 2026
DB=ycsb
Key=user1000385178204227360
----------------------------------------
                                                         QUERY PLAN                                                         
----------------------------------------------------------------------------------------------------------------------------
 Index Scan using usertable_pkey on usertable  (cost=0.28..8.29 rows=1 width=474) (actual time=0.021..0.021 rows=1 loops=1)
   Index Cond: (ycsb_key = 'user1000385178204227360'::text)
   Buffers: shared hit=3
 Planning:
   Buffers: shared hit=125
 Planning Time: 0.320 ms
 Execution Time: 0.052 ms
(7 rows)


========================================
Epoch=4 Run=8 Phase=run Time=Sat Mar 14 14:43:27 UTC 2026
DB=ycsb
Key=user1000385178204227360
----------------------------------------
                                                         QUERY PLAN                                                         
----------------------------------------------------------------------------------------------------------------------------
 Index Scan using usertable_pkey on usertable  (cost=0.28..8.29 rows=1 width=438) (actual time=0.015..0.015 rows=1 loops=1)
   Index Cond: (ycsb_key = 'user1000385178204227360'::text)
   Buffers: shared hit=3
 Planning:
   Buffers: shared hit=125
 Planning Time: 0.293 ms
 Execution Time: 0.044 ms
(7 rows)


========================================
Epoch=4 Run=9 Phase=run Time=Sat Mar 14 14:44:34 UTC 2026
DB=ycsb
Key=user1000385178204227360
----------------------------------------
                                                         QUERY PLAN                                                         
----------------------------------------------------------------------------------------------------------------------------
 Index Scan using usertable_pkey on usertable  (cost=0.28..8.29 rows=1 width=413) (actual time=0.012..0.013 rows=1 loops=1)
   Index Cond: (ycsb_key = 'user1000385178204227360'::text)
   Buffers: shared hit=3
 Planning:
   Buffers: shared hit=125
 Planning Time: 0.280 ms
 Execution Time: 0.041 ms
(7 rows)


========================================
Epoch=4 Run=10 Phase=run Time=Sat Mar 14 14:45:41 UTC 2026
DB=ycsb
Key=user1000385178204227360
----------------------------------------
                                                         QUERY PLAN                                                         
----------------------------------------------------------------------------------------------------------------------------
 Index Scan using usertable_pkey on usertable  (cost=0.28..8.29 rows=1 width=384) (actual time=0.019..0.019 rows=1 loops=1)
   Index Cond: (ycsb_key = 'user1000385178204227360'::text)
   Buffers: shared hit=3
 Planning:
   Buffers: shared hit=125
 Planning Time: 0.318 ms
 Execution Time: 0.052 ms
(7 rows)


========================================
Epoch=5 Run=1 Phase=run Time=Sat Mar 14 14:46:50 UTC 2026
DB=ycsb
Key=user1000385178204227360
----------------------------------------
                                                         QUERY PLAN                                                         
----------------------------------------------------------------------------------------------------------------------------
 Index Scan using usertable_pkey on usertable  (cost=0.28..8.29 rows=1 width=339) (actual time=0.015..0.015 rows=1 loops=1)
   Index Cond: (ycsb_key = 'user1000385178204227360'::text)
   Buffers: shared hit=3
 Planning:
   Buffers: shared hit=125
 Planning Time: 0.264 ms
 Execution Time: 0.046 ms
(7 rows)


========================================
Epoch=5 Run=2 Phase=run Time=Sat Mar 14 14:47:58 UTC 2026
DB=ycsb
Key=user1000385178204227360
----------------------------------------
                                                         QUERY PLAN                                                         
----------------------------------------------------------------------------------------------------------------------------
 Index Scan using usertable_pkey on usertable  (cost=0.28..8.29 rows=1 width=304) (actual time=0.017..0.018 rows=1 loops=1)
   Index Cond: (ycsb_key = 'user1000385178204227360'::text)
   Buffers: shared hit=3
 Planning:
   Buffers: shared hit=125
 Planning Time: 0.299 ms
 Execution Time: 0.048 ms
(7 rows)


========================================
Epoch=5 Run=3 Phase=run Time=Sat Mar 14 14:49:07 UTC 2026
DB=ycsb
Key=user1000385178204227360
----------------------------------------
                                                         QUERY PLAN                                                         
----------------------------------------------------------------------------------------------------------------------------
 Index Scan using usertable_pkey on usertable  (cost=0.28..8.29 rows=1 width=284) (actual time=0.016..0.017 rows=1 loops=1)
   Index Cond: (ycsb_key = 'user1000385178204227360'::text)
   Buffers: shared hit=3
 Planning:
   Buffers: shared hit=125
 Planning Time: 0.254 ms
 Execution Time: 0.044 ms
(7 rows)


========================================
Epoch=5 Run=4 Phase=run Time=Sat Mar 14 14:50:18 UTC 2026
DB=ycsb
Key=user1000385178204227360
----------------------------------------
                                                         QUERY PLAN                                                         
----------------------------------------------------------------------------------------------------------------------------
 Index Scan using usertable_pkey on usertable  (cost=0.28..8.29 rows=1 width=264) (actual time=0.013..0.014 rows=1 loops=1)
   Index Cond: (ycsb_key = 'user1000385178204227360'::text)
   Buffers: shared hit=3
 Planning:
   Buffers: shared hit=125
 Planning Time: 0.262 ms
 Execution Time: 0.064 ms
(7 rows)


========================================
Epoch=5 Run=5 Phase=run Time=Sat Mar 14 14:51:29 UTC 2026
DB=ycsb
Key=user1000385178204227360
----------------------------------------
                                                         QUERY PLAN                                                         
----------------------------------------------------------------------------------------------------------------------------
 Index Scan using usertable_pkey on usertable  (cost=0.28..8.29 rows=1 width=246) (actual time=0.020..0.020 rows=1 loops=1)
   Index Cond: (ycsb_key = 'user1000385178204227360'::text)
   Buffers: shared hit=3
 Planning:
   Buffers: shared hit=125
 Planning Time: 0.303 ms
 Execution Time: 0.052 ms
(7 rows)


========================================
Epoch=5 Run=6 Phase=run Time=Sat Mar 14 14:52:41 UTC 2026
DB=ycsb
Key=user1000385178204227360
----------------------------------------
                                                         QUERY PLAN                                                         
----------------------------------------------------------------------------------------------------------------------------
 Index Scan using usertable_pkey on usertable  (cost=0.28..8.29 rows=1 width=239) (actual time=0.016..0.016 rows=1 loops=1)
   Index Cond: (ycsb_key = 'user1000385178204227360'::text)
   Buffers: shared hit=3
 Planning:
   Buffers: shared hit=125
 Planning Time: 0.265 ms
 Execution Time: 0.044 ms
(7 rows)


========================================
Epoch=5 Run=7 Phase=run Time=Sat Mar 14 14:53:53 UTC 2026
DB=ycsb
Key=user1000385178204227360
----------------------------------------
                                                         QUERY PLAN                                                         
----------------------------------------------------------------------------------------------------------------------------
 Index Scan using usertable_pkey on usertable  (cost=0.28..8.29 rows=1 width=232) (actual time=0.020..0.020 rows=1 loops=1)
   Index Cond: (ycsb_key = 'user1000385178204227360'::text)
   Buffers: shared hit=3
 Planning:
   Buffers: shared hit=124 read=1
 Planning Time: 0.288 ms
 Execution Time: 0.066 ms
(7 rows)


========================================
Epoch=5 Run=8 Phase=run Time=Sat Mar 14 14:55:07 UTC 2026
DB=ycsb
Key=user1000385178204227360
----------------------------------------
                                                         QUERY PLAN                                                         
----------------------------------------------------------------------------------------------------------------------------
 Index Scan using usertable_pkey on usertable  (cost=0.28..8.29 rows=1 width=225) (actual time=0.017..0.017 rows=1 loops=1)
   Index Cond: (ycsb_key = 'user1000385178204227360'::text)
   Buffers: shared hit=3
 Planning:
   Buffers: shared hit=124 read=1
 Planning Time: 0.273 ms
 Execution Time: 0.045 ms
(7 rows)


========================================
Epoch=5 Run=9 Phase=run Time=Sat Mar 14 14:56:22 UTC 2026
DB=ycsb
Key=user1000385178204227360
----------------------------------------
                                                         QUERY PLAN                                                         
----------------------------------------------------------------------------------------------------------------------------
 Index Scan using usertable_pkey on usertable  (cost=0.28..8.29 rows=1 width=219) (actual time=0.017..0.017 rows=1 loops=1)
   Index Cond: (ycsb_key = 'user1000385178204227360'::text)
   Buffers: shared hit=3
 Planning:
   Buffers: shared hit=125
 Planning Time: 0.285 ms
 Execution Time: 0.045 ms
(7 rows)


========================================
Epoch=5 Run=10 Phase=run Time=Sat Mar 14 14:57:37 UTC 2026
DB=ycsb
Key=user1000385178204227360
----------------------------------------
                                                         QUERY PLAN                                                         
----------------------------------------------------------------------------------------------------------------------------
 Index Scan using usertable_pkey on usertable  (cost=0.28..8.29 rows=1 width=217) (actual time=0.012..0.012 rows=1 loops=1)
   Index Cond: (ycsb_key = 'user1000385178204227360'::text)
   Buffers: shared hit=3
 Planning:
   Buffers: shared hit=125
 Planning Time: 0.328 ms
 Execution Time: 0.041 ms
(7 rows)


========================================
Epoch=6 Run=1 Phase=run Time=Sat Mar 14 14:58:52 UTC 2026
DB=ycsb
Key=user1000385178204227360
----------------------------------------
                                                         QUERY PLAN                                                         
----------------------------------------------------------------------------------------------------------------------------
 Index Scan using usertable_pkey on usertable  (cost=0.28..8.29 rows=1 width=214) (actual time=0.020..0.021 rows=1 loops=1)
   Index Cond: (ycsb_key = 'user1000385178204227360'::text)
   Buffers: shared hit=2 read=1 written=1
 Planning:
   Buffers: shared hit=125
 Planning Time: 0.306 ms
 Execution Time: 0.048 ms
(7 rows)


========================================
Epoch=6 Run=2 Phase=run Time=Sat Mar 14 15:00:07 UTC 2026
DB=ycsb
Key=user1000385178204227360
----------------------------------------
                                                         QUERY PLAN                                                         
----------------------------------------------------------------------------------------------------------------------------
 Index Scan using usertable_pkey on usertable  (cost=0.28..8.29 rows=1 width=208) (actual time=0.012..0.013 rows=1 loops=1)
   Index Cond: (ycsb_key = 'user1000385178204227360'::text)
   Buffers: shared hit=3
 Planning:
   Buffers: shared hit=125
 Planning Time: 0.321 ms
 Execution Time: 0.041 ms
(7 rows)


========================================
Epoch=6 Run=3 Phase=run Time=Sat Mar 14 15:01:26 UTC 2026
DB=ycsb
Key=user1000385178204227360
----------------------------------------
                                                         QUERY PLAN                                                         
----------------------------------------------------------------------------------------------------------------------------
 Index Scan using usertable_pkey on usertable  (cost=0.28..8.29 rows=1 width=207) (actual time=0.015..0.016 rows=1 loops=1)
   Index Cond: (ycsb_key = 'user1000385178204227360'::text)
   Buffers: shared hit=3
 Planning:
   Buffers: shared hit=125
 Planning Time: 0.324 ms
 Execution Time: 0.044 ms
(7 rows)


========================================
Epoch=6 Run=4 Phase=run Time=Sat Mar 14 15:02:44 UTC 2026
DB=ycsb
Key=user1000385178204227360
----------------------------------------
                                                         QUERY PLAN                                                         
----------------------------------------------------------------------------------------------------------------------------
 Index Scan using usertable_pkey on usertable  (cost=0.28..8.29 rows=1 width=205) (actual time=0.013..0.014 rows=1 loops=1)
   Index Cond: (ycsb_key = 'user1000385178204227360'::text)
   Buffers: shared hit=3
 Planning:
   Buffers: shared hit=124 read=1
 Planning Time: 0.330 ms
 Execution Time: 0.045 ms
(7 rows)


========================================
Epoch=6 Run=5 Phase=run Time=Sat Mar 14 15:04:02 UTC 2026
DB=ycsb
Key=user1000385178204227360
----------------------------------------
                                                         QUERY PLAN                                                         
----------------------------------------------------------------------------------------------------------------------------
 Index Scan using usertable_pkey on usertable  (cost=0.28..8.29 rows=1 width=204) (actual time=0.022..0.022 rows=1 loops=1)
   Index Cond: (ycsb_key = 'user1000385178204227360'::text)
   Buffers: shared hit=3
 Planning:
   Buffers: shared hit=124 read=1 written=1
 Planning Time: 0.306 ms
 Execution Time: 0.055 ms
(7 rows)


========================================
Epoch=6 Run=6 Phase=run Time=Sat Mar 14 15:05:21 UTC 2026
DB=ycsb
Key=user1000385178204227360
----------------------------------------
                                                         QUERY PLAN                                                         
----------------------------------------------------------------------------------------------------------------------------
 Index Scan using usertable_pkey on usertable  (cost=0.28..8.29 rows=1 width=204) (actual time=0.009..0.009 rows=1 loops=1)
   Index Cond: (ycsb_key = 'user1000385178204227360'::text)
   Buffers: shared hit=3
 Planning:
   Buffers: shared hit=125
 Planning Time: 0.275 ms
 Execution Time: 0.036 ms
(7 rows)


========================================
Epoch=6 Run=7 Phase=run Time=Sat Mar 14 15:06:42 UTC 2026
DB=ycsb
Key=user1000385178204227360
----------------------------------------
                                                         QUERY PLAN                                                         
----------------------------------------------------------------------------------------------------------------------------
 Index Scan using usertable_pkey on usertable  (cost=0.28..8.29 rows=1 width=203) (actual time=0.019..0.019 rows=1 loops=1)
   Index Cond: (ycsb_key = 'user1000385178204227360'::text)
   Buffers: shared hit=3
 Planning:
   Buffers: shared hit=125
 Planning Time: 0.312 ms
 Execution Time: 0.047 ms
(7 rows)


========================================
Epoch=6 Run=8 Phase=run Time=Sat Mar 14 15:08:01 UTC 2026
DB=ycsb
Key=user1000385178204227360
----------------------------------------
                                                         QUERY PLAN                                                         
----------------------------------------------------------------------------------------------------------------------------
 Index Scan using usertable_pkey on usertable  (cost=0.28..8.29 rows=1 width=203) (actual time=0.021..0.022 rows=1 loops=1)
   Index Cond: (ycsb_key = 'user1000385178204227360'::text)
   Buffers: shared hit=3
 Planning:
   Buffers: shared hit=125
 Planning Time: 0.344 ms
 Execution Time: 0.052 ms
(7 rows)


========================================
Epoch=6 Run=9 Phase=run Time=Sat Mar 14 15:09:23 UTC 2026
DB=ycsb
Key=user1000385178204227360
----------------------------------------
                                                         QUERY PLAN                                                         
----------------------------------------------------------------------------------------------------------------------------
 Index Scan using usertable_pkey on usertable  (cost=0.28..8.29 rows=1 width=203) (actual time=0.019..0.020 rows=1 loops=1)
   Index Cond: (ycsb_key = 'user1000385178204227360'::text)
   Buffers: shared hit=2 read=1
 Planning:
   Buffers: shared hit=125
 Planning Time: 0.328 ms
 Execution Time: 0.047 ms
(7 rows)


========================================
Epoch=6 Run=10 Phase=run Time=Sat Mar 14 15:10:45 UTC 2026
DB=ycsb
Key=user1000385178204227360
----------------------------------------
                                                         QUERY PLAN                                                         
----------------------------------------------------------------------------------------------------------------------------
 Index Scan using usertable_pkey on usertable  (cost=0.28..8.29 rows=1 width=203) (actual time=0.016..0.017 rows=1 loops=1)
   Index Cond: (ycsb_key = 'user1000385178204227360'::text)
   Buffers: shared hit=3
 Planning:
   Buffers: shared hit=124 read=1
 Planning Time: 0.337 ms
 Execution Time: 0.050 ms
(7 rows)


========================================
Epoch=7 Run=1 Phase=run Time=Sat Mar 14 15:12:09 UTC 2026
DB=ycsb
Key=user1000385178204227360
----------------------------------------
                                                         QUERY PLAN                                                         
----------------------------------------------------------------------------------------------------------------------------
 Index Scan using usertable_pkey on usertable  (cost=0.28..8.29 rows=1 width=203) (actual time=0.016..0.016 rows=1 loops=1)
   Index Cond: (ycsb_key = 'user1000385178204227360'::text)
   Buffers: shared hit=3
 Planning:
   Buffers: shared hit=124 read=1
 Planning Time: 0.293 ms
 Execution Time: 0.046 ms
(7 rows)


========================================
Epoch=7 Run=2 Phase=run Time=Sat Mar 14 15:13:33 UTC 2026
DB=ycsb
Key=user1000385178204227360
----------------------------------------
                                                         QUERY PLAN                                                         
----------------------------------------------------------------------------------------------------------------------------
 Index Scan using usertable_pkey on usertable  (cost=0.28..8.29 rows=1 width=203) (actual time=0.016..0.016 rows=1 loops=1)
   Index Cond: (ycsb_key = 'user1000385178204227360'::text)
   Buffers: shared hit=2 read=1 written=1
 Planning:
   Buffers: shared hit=124 read=1
 Planning Time: 0.289 ms
 Execution Time: 0.045 ms
(7 rows)


========================================
Epoch=7 Run=3 Phase=run Time=Sat Mar 14 15:14:57 UTC 2026
DB=ycsb
Key=user1000385178204227360
----------------------------------------
                                                         QUERY PLAN                                                         
----------------------------------------------------------------------------------------------------------------------------
 Index Scan using usertable_pkey on usertable  (cost=0.28..8.29 rows=1 width=203) (actual time=0.010..0.011 rows=1 loops=1)
   Index Cond: (ycsb_key = 'user1000385178204227360'::text)
   Buffers: shared hit=3
 Planning:
   Buffers: shared hit=125
 Planning Time: 0.307 ms
 Execution Time: 0.044 ms
(7 rows)


========================================
Epoch=7 Run=4 Phase=run Time=Sat Mar 14 15:16:22 UTC 2026
DB=ycsb
Key=user1000385178204227360
----------------------------------------
                                                         QUERY PLAN                                                         
----------------------------------------------------------------------------------------------------------------------------
 Index Scan using usertable_pkey on usertable  (cost=0.28..8.29 rows=1 width=203) (actual time=0.018..0.019 rows=1 loops=1)
   Index Cond: (ycsb_key = 'user1000385178204227360'::text)
   Buffers: shared hit=3
 Planning:
   Buffers: shared hit=124 read=1
 Planning Time: 0.348 ms
 Execution Time: 0.049 ms
(7 rows)


========================================
Epoch=7 Run=5 Phase=run Time=Sat Mar 14 15:17:48 UTC 2026
DB=ycsb
Key=user1000385178204227360
----------------------------------------
                                                         QUERY PLAN                                                         
----------------------------------------------------------------------------------------------------------------------------
 Index Scan using usertable_pkey on usertable  (cost=0.28..8.29 rows=1 width=203) (actual time=0.010..0.011 rows=1 loops=1)
   Index Cond: (ycsb_key = 'user1000385178204227360'::text)
   Buffers: shared hit=2 read=1
 Planning:
   Buffers: shared hit=120 read=5
 Planning Time: 0.309 ms
 Execution Time: 0.041 ms
(7 rows)


========================================
Epoch=7 Run=6 Phase=run Time=Sat Mar 14 15:19:15 UTC 2026
DB=ycsb
Key=user1000385178204227360
----------------------------------------
                                                         QUERY PLAN                                                         
----------------------------------------------------------------------------------------------------------------------------
 Index Scan using usertable_pkey on usertable  (cost=0.28..8.29 rows=1 width=203) (actual time=0.011..0.012 rows=1 loops=1)
   Index Cond: (ycsb_key = 'user1000385178204227360'::text)
   Buffers: shared hit=2 read=1
 Planning:
   Buffers: shared hit=119 read=6 written=5
 Planning Time: 0.298 ms
 Execution Time: 0.043 ms
(7 rows)


========================================
Epoch=7 Run=7 Phase=run Time=Sat Mar 14 15:20:42 UTC 2026
DB=ycsb
Key=user1000385178204227360
----------------------------------------
                                                         QUERY PLAN                                                         
----------------------------------------------------------------------------------------------------------------------------
 Index Scan using usertable_pkey on usertable  (cost=0.28..8.29 rows=1 width=203) (actual time=0.012..0.013 rows=1 loops=1)
   Index Cond: (ycsb_key = 'user1000385178204227360'::text)
   Buffers: shared hit=3
 Planning:
   Buffers: shared hit=124 read=1
 Planning Time: 0.285 ms
 Execution Time: 0.043 ms
(7 rows)


========================================
Epoch=7 Run=8 Phase=run Time=Sat Mar 14 15:22:09 UTC 2026
DB=ycsb
Key=user1000385178204227360
----------------------------------------
                                                         QUERY PLAN                                                         
----------------------------------------------------------------------------------------------------------------------------
 Index Scan using usertable_pkey on usertable  (cost=0.28..8.29 rows=1 width=203) (actual time=0.014..0.014 rows=1 loops=1)
   Index Cond: (ycsb_key = 'user1000385178204227360'::text)
   Buffers: shared hit=2 read=1 written=1
 Planning:
   Buffers: shared hit=124 read=1 written=1
 Planning Time: 0.266 ms
 Execution Time: 0.040 ms
(7 rows)


========================================
Epoch=7 Run=9 Phase=run Time=Sat Mar 14 15:23:38 UTC 2026
DB=ycsb
Key=user1000385178204227360
----------------------------------------
                                                         QUERY PLAN                                                         
----------------------------------------------------------------------------------------------------------------------------
 Index Scan using usertable_pkey on usertable  (cost=0.28..8.29 rows=1 width=203) (actual time=0.011..0.012 rows=1 loops=1)
   Index Cond: (ycsb_key = 'user1000385178204227360'::text)
   Buffers: shared hit=2 read=1
 Planning:
   Buffers: shared hit=119 read=6
 Planning Time: 0.271 ms
 Execution Time: 0.043 ms
(7 rows)


========================================
Epoch=7 Run=10 Phase=run Time=Sat Mar 14 15:25:08 UTC 2026
DB=ycsb
Key=user1000385178204227360
----------------------------------------
                                                         QUERY PLAN                                                         
----------------------------------------------------------------------------------------------------------------------------
 Index Scan using usertable_pkey on usertable  (cost=0.28..8.29 rows=1 width=203) (actual time=0.017..0.018 rows=1 loops=1)
   Index Cond: (ycsb_key = 'user1000385178204227360'::text)
   Buffers: shared hit=2 read=1 written=1
 Planning:
   Buffers: shared hit=124 read=1 written=1
 Planning Time: 0.302 ms
 Execution Time: 0.045 ms
(7 rows)


========================================
Epoch=8 Run=1 Phase=run Time=Sat Mar 14 15:26:39 UTC 2026
DB=ycsb
Key=user1000385178204227360
----------------------------------------
                                                         QUERY PLAN                                                         
----------------------------------------------------------------------------------------------------------------------------
 Index Scan using usertable_pkey on usertable  (cost=0.28..8.29 rows=1 width=203) (actual time=0.013..0.014 rows=1 loops=1)
   Index Cond: (ycsb_key = 'user1000385178204227360'::text)
   Buffers: shared hit=2 read=1
 Planning:
   Buffers: shared hit=119 read=6
 Planning Time: 0.269 ms
 Execution Time: 0.046 ms
(7 rows)


========================================
Epoch=8 Run=2 Phase=run Time=Sat Mar 14 15:28:10 UTC 2026
DB=ycsb
Key=user1000385178204227360
----------------------------------------
                                                         QUERY PLAN                                                         
----------------------------------------------------------------------------------------------------------------------------
 Index Scan using usertable_pkey on usertable  (cost=0.28..8.29 rows=1 width=203) (actual time=0.015..0.015 rows=1 loops=1)
   Index Cond: (ycsb_key = 'user1000385178204227360'::text)
   Buffers: shared hit=2 read=1
 Planning:
   Buffers: shared hit=123 read=2
 Planning Time: 0.275 ms
 Execution Time: 0.040 ms
(7 rows)


========================================
Epoch=8 Run=3 Phase=run Time=Sat Mar 14 15:29:43 UTC 2026
DB=ycsb
Key=user1000385178204227360
----------------------------------------
                                                         QUERY PLAN                                                         
----------------------------------------------------------------------------------------------------------------------------
 Index Scan using usertable_pkey on usertable  (cost=0.28..8.29 rows=1 width=203) (actual time=0.011..0.011 rows=1 loops=1)
   Index Cond: (ycsb_key = 'user1000385178204227360'::text)
   Buffers: shared hit=2 read=1
 Planning:
   Buffers: shared hit=123 read=2
 Planning Time: 0.285 ms
 Execution Time: 0.041 ms
(7 rows)


========================================
Epoch=8 Run=4 Phase=run Time=Sat Mar 14 15:31:16 UTC 2026
DB=ycsb
Key=user1000385178204227360
----------------------------------------
                                                         QUERY PLAN                                                         
----------------------------------------------------------------------------------------------------------------------------
 Index Scan using usertable_pkey on usertable  (cost=0.28..8.29 rows=1 width=203) (actual time=0.011..0.011 rows=1 loops=1)
   Index Cond: (ycsb_key = 'user1000385178204227360'::text)
   Buffers: shared hit=2 read=1
 Planning:
   Buffers: shared hit=118 read=7 written=6
 Planning Time: 0.278 ms
 Execution Time: 0.042 ms
(7 rows)


========================================
Epoch=8 Run=5 Phase=run Time=Sat Mar 14 15:32:49 UTC 2026
DB=ycsb
Key=user1000385178204227360
----------------------------------------
                                                         QUERY PLAN                                                         
----------------------------------------------------------------------------------------------------------------------------
 Index Scan using usertable_pkey on usertable  (cost=0.28..8.29 rows=1 width=203) (actual time=0.013..0.013 rows=1 loops=1)
   Index Cond: (ycsb_key = 'user1000385178204227360'::text)
   Buffers: shared hit=2 read=1
 Planning:
   Buffers: shared hit=119 read=6
 Planning Time: 0.311 ms
 Execution Time: 0.047 ms
(7 rows)


========================================
Epoch=8 Run=6 Phase=run Time=Sat Mar 14 15:34:24 UTC 2026
DB=ycsb
Key=user1000385178204227360
----------------------------------------
                                                         QUERY PLAN                                                         
----------------------------------------------------------------------------------------------------------------------------
 Index Scan using usertable_pkey on usertable  (cost=0.28..8.29 rows=1 width=203) (actual time=0.018..0.019 rows=1 loops=1)
   Index Cond: (ycsb_key = 'user1000385178204227360'::text)
   Buffers: shared hit=2 read=1 written=1
 Planning:
   Buffers: shared hit=120 read=5 written=4
 Planning Time: 0.514 ms
 Execution Time: 0.058 ms
(7 rows)


========================================
Epoch=8 Run=7 Phase=run Time=Sat Mar 14 15:36:00 UTC 2026
DB=ycsb
Key=user1000385178204227360
----------------------------------------
                                                         QUERY PLAN                                                         
----------------------------------------------------------------------------------------------------------------------------
 Index Scan using usertable_pkey on usertable  (cost=0.28..8.29 rows=1 width=203) (actual time=0.014..0.015 rows=1 loops=1)
   Index Cond: (ycsb_key = 'user1000385178204227360'::text)
   Buffers: shared hit=2 read=1
 Planning:
   Buffers: shared hit=120 read=5
 Planning Time: 0.325 ms
 Execution Time: 0.043 ms
(7 rows)


========================================
Epoch=8 Run=8 Phase=run Time=Sat Mar 14 15:37:36 UTC 2026
DB=ycsb
Key=user1000385178204227360
----------------------------------------
                                                         QUERY PLAN                                                         
----------------------------------------------------------------------------------------------------------------------------
 Index Scan using usertable_pkey on usertable  (cost=0.28..8.29 rows=1 width=203) (actual time=0.025..0.025 rows=1 loops=1)
   Index Cond: (ycsb_key = 'user1000385178204227360'::text)
   Buffers: shared hit=2 read=1 written=1
 Planning:
   Buffers: shared hit=120 read=5 written=5
 Planning Time: 0.457 ms
 Execution Time: 0.064 ms
(7 rows)


========================================
Epoch=8 Run=9 Phase=run Time=Sat Mar 14 15:39:13 UTC 2026
DB=ycsb
Key=user1000385178204227360
----------------------------------------
                                                         QUERY PLAN                                                         
----------------------------------------------------------------------------------------------------------------------------
 Index Scan using usertable_pkey on usertable  (cost=0.28..8.29 rows=1 width=203) (actual time=0.017..0.018 rows=1 loops=1)
   Index Cond: (ycsb_key = 'user1000385178204227360'::text)
   Buffers: shared hit=2 read=1
 Planning:
   Buffers: shared hit=119 read=6
 Planning Time: 0.320 ms
 Execution Time: 0.054 ms
(7 rows)


========================================
Epoch=8 Run=10 Phase=run Time=Sat Mar 14 15:40:51 UTC 2026
DB=ycsb
Key=user1000385178204227360
----------------------------------------
                                                         QUERY PLAN                                                         
----------------------------------------------------------------------------------------------------------------------------
 Index Scan using usertable_pkey on usertable  (cost=0.28..8.29 rows=1 width=203) (actual time=0.013..0.013 rows=1 loops=1)
   Index Cond: (ycsb_key = 'user1000385178204227360'::text)
   Buffers: shared hit=2 read=1 written=1
 Planning:
   Buffers: shared hit=118 read=7 written=7
 Planning Time: 0.330 ms
 Execution Time: 0.051 ms
(7 rows)


========================================
Epoch=9 Run=1 Phase=run Time=Sat Mar 14 15:42:29 UTC 2026
DB=ycsb
Key=user1000385178204227360
----------------------------------------
                                                         QUERY PLAN                                                         
----------------------------------------------------------------------------------------------------------------------------
 Index Scan using usertable_pkey on usertable  (cost=0.28..8.29 rows=1 width=203) (actual time=0.014..0.014 rows=1 loops=1)
   Index Cond: (ycsb_key = 'user1000385178204227360'::text)
   Buffers: shared hit=2 read=1 written=1
 Planning:
   Buffers: shared hit=123 read=2 written=1
 Planning Time: 0.319 ms
 Execution Time: 0.046 ms
(7 rows)


========================================
Epoch=9 Run=2 Phase=run Time=Sat Mar 14 15:44:11 UTC 2026
DB=ycsb
Key=user1000385178204227360
----------------------------------------
                                                         QUERY PLAN                                                         
----------------------------------------------------------------------------------------------------------------------------
 Index Scan using usertable_pkey on usertable  (cost=0.28..8.29 rows=1 width=203) (actual time=0.014..0.015 rows=1 loops=1)
   Index Cond: (ycsb_key = 'user1000385178204227360'::text)
   Buffers: shared hit=2 read=1
 Planning:
   Buffers: shared hit=123 read=2
 Planning Time: 0.295 ms
 Execution Time: 0.041 ms
(7 rows)


========================================
Epoch=9 Run=3 Phase=run Time=Sat Mar 14 15:45:53 UTC 2026
DB=ycsb
Key=user1000385178204227360
----------------------------------------
                                                         QUERY PLAN                                                         
----------------------------------------------------------------------------------------------------------------------------
 Index Scan using usertable_pkey on usertable  (cost=0.28..8.29 rows=1 width=203) (actual time=0.011..0.011 rows=1 loops=1)
   Index Cond: (ycsb_key = 'user1000385178204227360'::text)
   Buffers: shared hit=2 read=1
 Planning:
   Buffers: shared hit=119 read=6
 Planning Time: 0.278 ms
 Execution Time: 0.044 ms
(7 rows)


========================================
Epoch=9 Run=4 Phase=run Time=Sat Mar 14 15:47:37 UTC 2026
DB=ycsb
Key=user1000385178204227360
----------------------------------------
                                                         QUERY PLAN                                                         
----------------------------------------------------------------------------------------------------------------------------
 Index Scan using usertable_pkey on usertable  (cost=0.28..8.29 rows=1 width=203) (actual time=0.018..0.019 rows=1 loops=1)
   Index Cond: (ycsb_key = 'user1000385178204227360'::text)
   Buffers: shared hit=2 read=1 written=1
 Planning:
   Buffers: shared hit=121 read=4
 Planning Time: 0.289 ms
 Execution Time: 0.045 ms
(7 rows)


========================================
Epoch=9 Run=5 Phase=run Time=Sat Mar 14 15:49:20 UTC 2026
DB=ycsb
Key=user1000385178204227360
----------------------------------------
                                                         QUERY PLAN                                                         
----------------------------------------------------------------------------------------------------------------------------
 Index Scan using usertable_pkey on usertable  (cost=0.28..8.29 rows=1 width=203) (actual time=0.011..0.011 rows=1 loops=1)
   Index Cond: (ycsb_key = 'user1000385178204227360'::text)
   Buffers: shared hit=2 read=1
 Planning:
   Buffers: shared hit=120 read=5
 Planning Time: 0.276 ms
 Execution Time: 0.037 ms
(7 rows)


========================================
Epoch=9 Run=6 Phase=run Time=Sat Mar 14 15:51:03 UTC 2026
DB=ycsb
Key=user1000385178204227360
----------------------------------------
                                                         QUERY PLAN                                                         
----------------------------------------------------------------------------------------------------------------------------
 Index Scan using usertable_pkey on usertable  (cost=0.28..8.29 rows=1 width=203) (actual time=0.013..0.014 rows=1 loops=1)
   Index Cond: (ycsb_key = 'user1000385178204227360'::text)
   Buffers: shared hit=2 read=1
 Planning:
   Buffers: shared hit=120 read=5
 Planning Time: 0.317 ms
 Execution Time: 0.045 ms
(7 rows)


========================================
Epoch=9 Run=7 Phase=run Time=Sat Mar 14 15:52:48 UTC 2026
DB=ycsb
Key=user1000385178204227360
----------------------------------------
                                                         QUERY PLAN                                                         
----------------------------------------------------------------------------------------------------------------------------
 Index Scan using usertable_pkey on usertable  (cost=0.28..8.29 rows=1 width=203) (actual time=0.026..0.026 rows=1 loops=1)
   Index Cond: (ycsb_key = 'user1000385178204227360'::text)
   Buffers: shared hit=2 read=1 written=1
 Planning:
   Buffers: shared hit=120 read=5 written=2
 Planning Time: 0.321 ms
 Execution Time: 0.073 ms
(7 rows)


========================================
Epoch=9 Run=8 Phase=run Time=Sat Mar 14 15:54:32 UTC 2026
DB=ycsb
Key=user1000385178204227360
----------------------------------------
                                                         QUERY PLAN                                                         
----------------------------------------------------------------------------------------------------------------------------
 Index Scan using usertable_pkey on usertable  (cost=0.28..8.29 rows=1 width=203) (actual time=0.013..0.013 rows=1 loops=1)
   Index Cond: (ycsb_key = 'user1000385178204227360'::text)
   Buffers: shared hit=2 read=1
 Planning:
   Buffers: shared hit=120 read=5
 Planning Time: 0.323 ms
 Execution Time: 0.046 ms
(7 rows)


========================================
Epoch=9 Run=9 Phase=run Time=Sat Mar 14 15:56:19 UTC 2026
DB=ycsb
Key=user1000385178204227360
----------------------------------------
                                                         QUERY PLAN                                                         
----------------------------------------------------------------------------------------------------------------------------
 Index Scan using usertable_pkey on usertable  (cost=0.28..8.29 rows=1 width=203) (actual time=0.011..0.012 rows=1 loops=1)
   Index Cond: (ycsb_key = 'user1000385178204227360'::text)
   Buffers: shared hit=2 read=1
 Planning:
   Buffers: shared hit=121 read=4
 Planning Time: 0.319 ms
 Execution Time: 0.045 ms
(7 rows)


========================================
Epoch=9 Run=10 Phase=run Time=Sat Mar 14 15:58:07 UTC 2026
DB=ycsb
Key=user1000385178204227360
----------------------------------------
                                                         QUERY PLAN                                                         
----------------------------------------------------------------------------------------------------------------------------
 Index Scan using usertable_pkey on usertable  (cost=0.28..8.29 rows=1 width=203) (actual time=0.015..0.016 rows=1 loops=1)
   Index Cond: (ycsb_key = 'user1000385178204227360'::text)
   Buffers: shared hit=2 read=1
 Planning:
   Buffers: shared hit=121 read=4
 Planning Time: 0.302 ms
 Execution Time: 0.045 ms
(7 rows)


========================================
Epoch=10 Run=1 Phase=run Time=Sat Mar 14 15:59:55 UTC 2026
DB=ycsb
Key=user1000385178204227360
----------------------------------------
                                                         QUERY PLAN                                                         
----------------------------------------------------------------------------------------------------------------------------
 Index Scan using usertable_pkey on usertable  (cost=0.28..8.29 rows=1 width=203) (actual time=0.011..0.012 rows=1 loops=1)
   Index Cond: (ycsb_key = 'user1000385178204227360'::text)
   Buffers: shared hit=2 read=1
 Planning:
   Buffers: shared hit=120 read=5
 Planning Time: 0.330 ms
 Execution Time: 0.039 ms
(7 rows)


========================================
Epoch=10 Run=2 Phase=run Time=Sat Mar 14 16:01:42 UTC 2026
DB=ycsb
Key=user1000385178204227360
----------------------------------------
                                                         QUERY PLAN                                                         
----------------------------------------------------------------------------------------------------------------------------
 Index Scan using usertable_pkey on usertable  (cost=0.28..8.29 rows=1 width=203) (actual time=0.014..0.015 rows=1 loops=1)
   Index Cond: (ycsb_key = 'user1000385178204227360'::text)
   Buffers: shared hit=2 read=1
 Planning:
   Buffers: shared hit=120 read=5
 Planning Time: 0.321 ms
 Execution Time: 0.045 ms
(7 rows)


========================================
Epoch=10 Run=3 Phase=run Time=Sat Mar 14 16:03:31 UTC 2026
DB=ycsb
Key=user1000385178204227360
----------------------------------------
                                                         QUERY PLAN                                                         
----------------------------------------------------------------------------------------------------------------------------
 Index Scan using usertable_pkey on usertable  (cost=0.28..8.29 rows=1 width=203) (actual time=0.014..0.015 rows=1 loops=1)
   Index Cond: (ycsb_key = 'user1000385178204227360'::text)
   Buffers: shared hit=2 read=1
 Planning:
   Buffers: shared hit=120 read=5 written=4
 Planning Time: 0.332 ms
 Execution Time: 0.045 ms
(7 rows)


========================================
Epoch=10 Run=4 Phase=run Time=Sat Mar 14 16:05:20 UTC 2026
DB=ycsb
Key=user1000385178204227360
----------------------------------------
                                                         QUERY PLAN                                                         
----------------------------------------------------------------------------------------------------------------------------
 Index Scan using usertable_pkey on usertable  (cost=0.28..8.29 rows=1 width=203) (actual time=0.012..0.013 rows=1 loops=1)
   Index Cond: (ycsb_key = 'user1000385178204227360'::text)
   Buffers: shared hit=2 read=1
 Planning:
   Buffers: shared hit=120 read=5
 Planning Time: 0.281 ms
 Execution Time: 0.041 ms
(7 rows)


========================================
Epoch=10 Run=5 Phase=run Time=Sat Mar 14 16:07:11 UTC 2026
DB=ycsb
Key=user1000385178204227360
----------------------------------------
                                                         QUERY PLAN                                                         
----------------------------------------------------------------------------------------------------------------------------
 Index Scan using usertable_pkey on usertable  (cost=0.28..8.29 rows=1 width=203) (actual time=0.011..0.012 rows=1 loops=1)
   Index Cond: (ycsb_key = 'user1000385178204227360'::text)
   Buffers: shared hit=2 read=1
 Planning:
   Buffers: shared hit=120 read=5
 Planning Time: 0.290 ms
 Execution Time: 0.039 ms
(7 rows)


========================================
Epoch=10 Run=6 Phase=run Time=Sat Mar 14 16:09:03 UTC 2026
DB=ycsb
Key=user1000385178204227360
----------------------------------------
                                                         QUERY PLAN                                                         
----------------------------------------------------------------------------------------------------------------------------
 Index Scan using usertable_pkey on usertable  (cost=0.28..8.29 rows=1 width=203) (actual time=0.014..0.015 rows=1 loops=1)
   Index Cond: (ycsb_key = 'user1000385178204227360'::text)
   Buffers: shared hit=2 read=1 written=1
 Planning:
   Buffers: shared hit=120 read=5 written=1
 Planning Time: 0.295 ms
 Execution Time: 0.042 ms
(7 rows)


========================================
Epoch=10 Run=7 Phase=run Time=Sat Mar 14 16:10:55 UTC 2026
DB=ycsb
Key=user1000385178204227360
----------------------------------------
                                                         QUERY PLAN                                                         
----------------------------------------------------------------------------------------------------------------------------
 Index Scan using usertable_pkey on usertable  (cost=0.28..8.29 rows=1 width=203) (actual time=0.018..0.019 rows=1 loops=1)
   Index Cond: (ycsb_key = 'user1000385178204227360'::text)
   Buffers: shared hit=2 read=1 written=1
 Planning:
   Buffers: shared hit=120 read=5 written=3
 Planning Time: 0.318 ms
 Execution Time: 0.047 ms
(7 rows)


========================================
Epoch=10 Run=8 Phase=run Time=Sat Mar 14 16:12:48 UTC 2026
DB=ycsb
Key=user1000385178204227360
----------------------------------------
                                                         QUERY PLAN                                                         
----------------------------------------------------------------------------------------------------------------------------
 Index Scan using usertable_pkey on usertable  (cost=0.28..8.29 rows=1 width=203) (actual time=0.013..0.014 rows=1 loops=1)
   Index Cond: (ycsb_key = 'user1000385178204227360'::text)
   Buffers: shared hit=2 read=1
 Planning:
   Buffers: shared hit=120 read=5
 Planning Time: 0.305 ms
 Execution Time: 0.042 ms
(7 rows)


========================================
Epoch=10 Run=9 Phase=run Time=Sat Mar 14 16:14:43 UTC 2026
DB=ycsb
Key=user1000385178204227360
----------------------------------------
                                                         QUERY PLAN                                                         
----------------------------------------------------------------------------------------------------------------------------
 Index Scan using usertable_pkey on usertable  (cost=0.28..8.29 rows=1 width=203) (actual time=0.014..0.015 rows=1 loops=1)
   Index Cond: (ycsb_key = 'user1000385178204227360'::text)
   Buffers: shared hit=2 read=1
 Planning:
   Buffers: shared hit=120 read=5
 Planning Time: 0.325 ms
 Execution Time: 0.047 ms
(7 rows)


========================================
Epoch=10 Run=10 Phase=run Time=Sat Mar 14 16:16:37 UTC 2026
DB=ycsb
Key=user1000385178204227360
----------------------------------------
                                                         QUERY PLAN                                                         
----------------------------------------------------------------------------------------------------------------------------
 Index Scan using usertable_pkey on usertable  (cost=0.28..8.29 rows=1 width=203) (actual time=0.016..0.016 rows=1 loops=1)
   Index Cond: (ycsb_key = 'user1000385178204227360'::text)
   Buffers: shared hit=2 read=1
 Planning:
   Buffers: shared hit=120 read=5
 Planning Time: 0.297 ms
 Execution Time: 0.059 ms
(7 rows)


