========================================
Epoch=1 Run=1 Phase=run Time=Sat Mar 28 05:42:42 UTC 2026
DB=ycsb
Key=user1000385178204227360
----------------------------------------
                                                         QUERY PLAN                                                          
-----------------------------------------------------------------------------------------------------------------------------
 Index Scan using usertable_pkey on usertable  (cost=0.28..8.29 rows=1 width=1758) (actual time=0.013..0.014 rows=1 loops=1)
   Index Cond: (ycsb_key = 'user1000385178204227360'::text)
   Buffers: shared hit=3
 Planning:
   Buffers: shared hit=171
 Planning Time: 0.454 ms
 Execution Time: 0.042 ms
(7 rows)


========================================
Epoch=1 Run=2 Phase=run Time=Sat Mar 28 05:43:16 UTC 2026
DB=ycsb
Key=user1000385178204227360
----------------------------------------
                                                         QUERY PLAN                                                          
-----------------------------------------------------------------------------------------------------------------------------
 Index Scan using usertable_pkey on usertable  (cost=0.28..8.29 rows=1 width=1800) (actual time=0.014..0.015 rows=1 loops=1)
   Index Cond: (ycsb_key = 'user1000385178204227360'::text)
   Buffers: shared hit=3
 Planning:
   Buffers: shared hit=180
 Planning Time: 0.502 ms
 Execution Time: 0.042 ms
(7 rows)


========================================
Epoch=1 Run=3 Phase=run Time=Sat Mar 28 05:43:54 UTC 2026
DB=ycsb
Key=user1000385178204227360
----------------------------------------
                                                         QUERY PLAN                                                          
-----------------------------------------------------------------------------------------------------------------------------
 Index Scan using usertable_pkey on usertable  (cost=0.28..8.29 rows=1 width=1756) (actual time=0.012..0.012 rows=1 loops=1)
   Index Cond: (ycsb_key = 'user1000385178204227360'::text)
   Buffers: shared hit=3
 Planning:
   Buffers: shared hit=192
 Planning Time: 0.623 ms
 Execution Time: 0.041 ms
(7 rows)


========================================
Epoch=1 Run=4 Phase=run Time=Sat Mar 28 05:44:33 UTC 2026
DB=ycsb
Key=user1000385178204227360
----------------------------------------
                                                         QUERY PLAN                                                          
-----------------------------------------------------------------------------------------------------------------------------
 Index Scan using usertable_pkey on usertable  (cost=0.28..8.29 rows=1 width=1699) (actual time=0.011..0.012 rows=1 loops=1)
   Index Cond: (ycsb_key = 'user1000385178204227360'::text)
   Buffers: shared hit=3
 Planning:
   Buffers: shared hit=211
 Planning Time: 0.672 ms
 Execution Time: 0.041 ms
(7 rows)


========================================
Epoch=1 Run=5 Phase=run Time=Sat Mar 28 05:45:13 UTC 2026
DB=ycsb
Key=user1000385178204227360
----------------------------------------
                                                         QUERY PLAN                                                          
-----------------------------------------------------------------------------------------------------------------------------
 Index Scan using usertable_pkey on usertable  (cost=0.28..8.29 rows=1 width=1686) (actual time=0.014..0.014 rows=1 loops=1)
   Index Cond: (ycsb_key = 'user1000385178204227360'::text)
   Buffers: shared hit=3
 Planning:
   Buffers: shared hit=220
 Planning Time: 0.741 ms
 Execution Time: 0.046 ms
(7 rows)


========================================
Epoch=1 Run=6 Phase=run Time=Sat Mar 28 05:45:55 UTC 2026
DB=ycsb
Key=user1000385178204227360
----------------------------------------
                                                         QUERY PLAN                                                          
-----------------------------------------------------------------------------------------------------------------------------
 Index Scan using usertable_pkey on usertable  (cost=0.28..8.29 rows=1 width=1642) (actual time=0.011..0.011 rows=1 loops=1)
   Index Cond: (ycsb_key = 'user1000385178204227360'::text)
   Buffers: shared hit=3
 Planning:
   Buffers: shared hit=227
 Planning Time: 0.698 ms
 Execution Time: 0.039 ms
(7 rows)


========================================
Epoch=1 Run=7 Phase=run Time=Sat Mar 28 05:46:39 UTC 2026
DB=ycsb
Key=user1000385178204227360
----------------------------------------
                                                         QUERY PLAN                                                          
-----------------------------------------------------------------------------------------------------------------------------
 Index Scan using usertable_pkey on usertable  (cost=0.28..8.29 rows=1 width=1624) (actual time=0.013..0.014 rows=1 loops=1)
   Index Cond: (ycsb_key = 'user1000385178204227360'::text)
   Buffers: shared hit=3
 Planning:
   Buffers: shared hit=235
 Planning Time: 0.713 ms
 Execution Time: 0.040 ms
(7 rows)


========================================
Epoch=1 Run=8 Phase=run Time=Sat Mar 28 05:47:25 UTC 2026
DB=ycsb
Key=user1000385178204227360
----------------------------------------
                                                         QUERY PLAN                                                          
-----------------------------------------------------------------------------------------------------------------------------
 Index Scan using usertable_pkey on usertable  (cost=0.28..8.29 rows=1 width=1602) (actual time=0.013..0.014 rows=1 loops=1)
   Index Cond: (ycsb_key = 'user1000385178204227360'::text)
   Buffers: shared hit=3
 Planning:
   Buffers: shared hit=238
 Planning Time: 0.846 ms
 Execution Time: 0.045 ms
(7 rows)


========================================
Epoch=1 Run=9 Phase=run Time=Sat Mar 28 05:48:10 UTC 2026
DB=ycsb
Key=user1000385178204227360
----------------------------------------
                                                         QUERY PLAN                                                          
-----------------------------------------------------------------------------------------------------------------------------
 Index Scan using usertable_pkey on usertable  (cost=0.28..8.29 rows=1 width=1552) (actual time=0.013..0.014 rows=1 loops=1)
   Index Cond: (ycsb_key = 'user1000385178204227360'::text)
   Buffers: shared hit=3
 Planning:
   Buffers: shared hit=242
 Planning Time: 0.815 ms
 Execution Time: 0.041 ms
(7 rows)


========================================
Epoch=1 Run=10 Phase=run Time=Sat Mar 28 05:49:00 UTC 2026
DB=ycsb
Key=user1000385178204227360
----------------------------------------
                                                         QUERY PLAN                                                          
-----------------------------------------------------------------------------------------------------------------------------
 Index Scan using usertable_pkey on usertable  (cost=0.28..8.29 rows=1 width=1538) (actual time=0.013..0.013 rows=1 loops=1)
   Index Cond: (ycsb_key = 'user1000385178204227360'::text)
   Buffers: shared hit=3
 Planning:
   Buffers: shared hit=244
 Planning Time: 0.853 ms
 Execution Time: 0.043 ms
(7 rows)


========================================
Epoch=2 Run=1 Phase=run Time=Sat Mar 28 05:49:49 UTC 2026
DB=ycsb
Key=user1000385178204227360
----------------------------------------
                                                         QUERY PLAN                                                          
-----------------------------------------------------------------------------------------------------------------------------
 Index Scan using usertable_pkey on usertable  (cost=0.28..8.29 rows=1 width=1512) (actual time=0.015..0.015 rows=1 loops=1)
   Index Cond: (ycsb_key = 'user1000385178204227360'::text)
   Buffers: shared hit=3
 Planning:
   Buffers: shared hit=249
 Planning Time: 1.003 ms
 Execution Time: 0.048 ms
(7 rows)


========================================
Epoch=2 Run=2 Phase=run Time=Sat Mar 28 05:50:39 UTC 2026
DB=ycsb
Key=user1000385178204227360
----------------------------------------
                                                         QUERY PLAN                                                          
-----------------------------------------------------------------------------------------------------------------------------
 Index Scan using usertable_pkey on usertable  (cost=0.28..8.29 rows=1 width=1484) (actual time=0.012..0.013 rows=1 loops=1)
   Index Cond: (ycsb_key = 'user1000385178204227360'::text)
   Buffers: shared hit=3
 Planning:
   Buffers: shared hit=251
 Planning Time: 0.934 ms
 Execution Time: 0.044 ms
(7 rows)


========================================
Epoch=2 Run=3 Phase=run Time=Sat Mar 28 05:51:32 UTC 2026
DB=ycsb
Key=user1000385178204227360
----------------------------------------
                                                         QUERY PLAN                                                          
-----------------------------------------------------------------------------------------------------------------------------
 Index Scan using usertable_pkey on usertable  (cost=0.28..8.29 rows=1 width=1464) (actual time=0.013..0.014 rows=1 loops=1)
   Index Cond: (ycsb_key = 'user1000385178204227360'::text)
   Buffers: shared hit=3
 Planning:
   Buffers: shared hit=250
 Planning Time: 0.950 ms
 Execution Time: 0.043 ms
(7 rows)


========================================
Epoch=2 Run=4 Phase=run Time=Sat Mar 28 05:52:26 UTC 2026
DB=ycsb
Key=user1000385178204227360
----------------------------------------
                                                         QUERY PLAN                                                          
-----------------------------------------------------------------------------------------------------------------------------
 Index Scan using usertable_pkey on usertable  (cost=0.28..8.29 rows=1 width=1427) (actual time=0.013..0.014 rows=1 loops=1)
   Index Cond: (ycsb_key = 'user1000385178204227360'::text)
   Buffers: shared hit=3
 Planning:
   Buffers: shared hit=257
 Planning Time: 1.033 ms
 Execution Time: 0.047 ms
(7 rows)


========================================
Epoch=2 Run=5 Phase=run Time=Sat Mar 28 05:53:21 UTC 2026
DB=ycsb
Key=user1000385178204227360
----------------------------------------
                                                         QUERY PLAN                                                          
-----------------------------------------------------------------------------------------------------------------------------
 Index Scan using usertable_pkey on usertable  (cost=0.28..8.29 rows=1 width=1388) (actual time=0.011..0.011 rows=1 loops=1)
   Index Cond: (ycsb_key = 'user1000385178204227360'::text)
   Buffers: shared hit=3
 Planning:
   Buffers: shared hit=257
 Planning Time: 0.940 ms
 Execution Time: 0.040 ms
(7 rows)


========================================
Epoch=2 Run=6 Phase=run Time=Sat Mar 28 05:54:19 UTC 2026
DB=ycsb
Key=user1000385178204227360
----------------------------------------
                                                         QUERY PLAN                                                          
-----------------------------------------------------------------------------------------------------------------------------
 Index Scan using usertable_pkey on usertable  (cost=0.28..8.29 rows=1 width=1359) (actual time=0.012..0.012 rows=1 loops=1)
   Index Cond: (ycsb_key = 'user1000385178204227360'::text)
   Buffers: shared hit=3
 Planning:
   Buffers: shared hit=259
 Planning Time: 1.023 ms
 Execution Time: 0.045 ms
(7 rows)


========================================
Epoch=2 Run=7 Phase=run Time=Sat Mar 28 05:55:17 UTC 2026
DB=ycsb
Key=user1000385178204227360
----------------------------------------
                                                         QUERY PLAN                                                          
-----------------------------------------------------------------------------------------------------------------------------
 Index Scan using usertable_pkey on usertable  (cost=0.28..8.29 rows=1 width=1334) (actual time=0.013..0.014 rows=1 loops=1)
   Index Cond: (ycsb_key = 'user1000385178204227360'::text)
   Buffers: shared hit=3
 Planning:
   Buffers: shared hit=258
 Planning Time: 1.157 ms
 Execution Time: 0.047 ms
(7 rows)


========================================
Epoch=2 Run=8 Phase=run Time=Sat Mar 28 05:56:15 UTC 2026
DB=ycsb
Key=user1000385178204227360
----------------------------------------
                                                         QUERY PLAN                                                          
-----------------------------------------------------------------------------------------------------------------------------
 Index Scan using usertable_pkey on usertable  (cost=0.28..8.29 rows=1 width=1311) (actual time=0.010..0.011 rows=1 loops=1)
   Index Cond: (ycsb_key = 'user1000385178204227360'::text)
   Buffers: shared hit=3
 Planning:
   Buffers: shared hit=245
 Planning Time: 0.867 ms
 Execution Time: 0.038 ms
(7 rows)


========================================
Epoch=2 Run=9 Phase=run Time=Sat Mar 28 05:57:15 UTC 2026
DB=ycsb
Key=user1000385178204227360
----------------------------------------
                                                         QUERY PLAN                                                          
-----------------------------------------------------------------------------------------------------------------------------
 Index Scan using usertable_pkey on usertable  (cost=0.28..8.29 rows=1 width=1286) (actual time=0.010..0.011 rows=1 loops=1)
   Index Cond: (ycsb_key = 'user1000385178204227360'::text)
   Buffers: shared hit=3
 Planning:
   Buffers: shared hit=221
 Planning Time: 0.701 ms
 Execution Time: 0.036 ms
(7 rows)


========================================
Epoch=2 Run=10 Phase=run Time=Sat Mar 28 05:58:16 UTC 2026
DB=ycsb
Key=user1000385178204227360
----------------------------------------
                                                         QUERY PLAN                                                          
-----------------------------------------------------------------------------------------------------------------------------
 Index Scan using usertable_pkey on usertable  (cost=0.28..8.29 rows=1 width=1273) (actual time=0.010..0.010 rows=1 loops=1)
   Index Cond: (ycsb_key = 'user1000385178204227360'::text)
   Buffers: shared hit=3
 Planning:
   Buffers: shared hit=205
 Planning Time: 0.605 ms
 Execution Time: 0.034 ms
(7 rows)


========================================
Epoch=3 Run=1 Phase=run Time=Sat Mar 28 05:59:19 UTC 2026
DB=ycsb
Key=user1000385178204227360
----------------------------------------
                                                         QUERY PLAN                                                          
-----------------------------------------------------------------------------------------------------------------------------
 Index Scan using usertable_pkey on usertable  (cost=0.28..8.29 rows=1 width=1235) (actual time=0.010..0.010 rows=1 loops=1)
   Index Cond: (ycsb_key = 'user1000385178204227360'::text)
   Buffers: shared hit=3
 Planning:
   Buffers: shared hit=193
 Planning Time: 0.505 ms
 Execution Time: 0.033 ms
(7 rows)


========================================
Epoch=3 Run=2 Phase=run Time=Sat Mar 28 06:00:24 UTC 2026
DB=ycsb
Key=user1000385178204227360
----------------------------------------
                                                         QUERY PLAN                                                          
-----------------------------------------------------------------------------------------------------------------------------
 Index Scan using usertable_pkey on usertable  (cost=0.28..8.29 rows=1 width=1242) (actual time=0.010..0.011 rows=1 loops=1)
   Index Cond: (ycsb_key = 'user1000385178204227360'::text)
   Buffers: shared hit=3
 Planning:
   Buffers: shared hit=180
 Planning Time: 0.500 ms
 Execution Time: 0.036 ms
(7 rows)


========================================
Epoch=3 Run=3 Phase=run Time=Sat Mar 28 06:01:31 UTC 2026
DB=ycsb
Key=user1000385178204227360
----------------------------------------
                                                         QUERY PLAN                                                          
-----------------------------------------------------------------------------------------------------------------------------
 Index Scan using usertable_pkey on usertable  (cost=0.28..8.29 rows=1 width=1212) (actual time=0.011..0.012 rows=1 loops=1)
   Index Cond: (ycsb_key = 'user1000385178204227360'::text)
   Buffers: shared hit=3
 Planning:
   Buffers: shared hit=176
 Planning Time: 0.497 ms
 Execution Time: 0.039 ms
(7 rows)


========================================
Epoch=3 Run=4 Phase=run Time=Sat Mar 28 06:02:40 UTC 2026
DB=ycsb
Key=user1000385178204227360
----------------------------------------
                                                         QUERY PLAN                                                          
-----------------------------------------------------------------------------------------------------------------------------
 Index Scan using usertable_pkey on usertable  (cost=0.28..8.29 rows=1 width=1167) (actual time=0.012..0.013 rows=1 loops=1)
   Index Cond: (ycsb_key = 'user1000385178204227360'::text)
   Buffers: shared hit=3
 Planning:
   Buffers: shared hit=171
 Planning Time: 0.450 ms
 Execution Time: 0.046 ms
(7 rows)


========================================
Epoch=3 Run=5 Phase=run Time=Sat Mar 28 06:03:49 UTC 2026
DB=ycsb
Key=user1000385178204227360
----------------------------------------
                                                         QUERY PLAN                                                          
-----------------------------------------------------------------------------------------------------------------------------
 Index Scan using usertable_pkey on usertable  (cost=0.28..8.29 rows=1 width=1135) (actual time=0.012..0.013 rows=1 loops=1)
   Index Cond: (ycsb_key = 'user1000385178204227360'::text)
   Buffers: shared hit=3
 Planning:
   Buffers: shared hit=163
 Planning Time: 0.392 ms
 Execution Time: 0.038 ms
(7 rows)


========================================
Epoch=3 Run=6 Phase=run Time=Sat Mar 28 06:04:58 UTC 2026
DB=ycsb
Key=user1000385178204227360
----------------------------------------
                                                         QUERY PLAN                                                          
-----------------------------------------------------------------------------------------------------------------------------
 Index Scan using usertable_pkey on usertable  (cost=0.28..8.29 rows=1 width=1082) (actual time=0.014..0.014 rows=1 loops=1)
   Index Cond: (ycsb_key = 'user1000385178204227360'::text)
   Buffers: shared hit=3
 Planning:
   Buffers: shared hit=161
 Planning Time: 0.348 ms
 Execution Time: 0.046 ms
(7 rows)


========================================
Epoch=3 Run=7 Phase=run Time=Sat Mar 28 06:06:10 UTC 2026
DB=ycsb
Key=user1000385178204227360
----------------------------------------
                                                         QUERY PLAN                                                          
-----------------------------------------------------------------------------------------------------------------------------
 Index Scan using usertable_pkey on usertable  (cost=0.28..8.29 rows=1 width=1021) (actual time=0.017..0.017 rows=1 loops=1)
   Index Cond: (ycsb_key = 'user1000385178204227360'::text)
   Buffers: shared hit=3
 Planning:
   Buffers: shared hit=155
 Planning Time: 0.374 ms
 Execution Time: 0.047 ms
(7 rows)


========================================
Epoch=3 Run=8 Phase=run Time=Sat Mar 28 06:07:22 UTC 2026
DB=ycsb
Key=user1000385178204227360
----------------------------------------
                                                         QUERY PLAN                                                         
----------------------------------------------------------------------------------------------------------------------------
 Index Scan using usertable_pkey on usertable  (cost=0.28..8.29 rows=1 width=980) (actual time=0.017..0.017 rows=1 loops=1)
   Index Cond: (ycsb_key = 'user1000385178204227360'::text)
   Buffers: shared hit=3
 Planning:
   Buffers: shared hit=146
 Planning Time: 0.324 ms
 Execution Time: 0.045 ms
(7 rows)


========================================
Epoch=3 Run=9 Phase=run Time=Sat Mar 28 06:08:36 UTC 2026
DB=ycsb
Key=user1000385178204227360
----------------------------------------
                                                         QUERY PLAN                                                         
----------------------------------------------------------------------------------------------------------------------------
 Index Scan using usertable_pkey on usertable  (cost=0.28..8.29 rows=1 width=918) (actual time=0.015..0.016 rows=1 loops=1)
   Index Cond: (ycsb_key = 'user1000385178204227360'::text)
   Buffers: shared hit=3
 Planning:
   Buffers: shared hit=149 read=1
 Planning Time: 0.346 ms
 Execution Time: 0.042 ms
(7 rows)


========================================
Epoch=3 Run=10 Phase=run Time=Sat Mar 28 06:09:50 UTC 2026
DB=ycsb
Key=user1000385178204227360
----------------------------------------
                                                         QUERY PLAN                                                         
----------------------------------------------------------------------------------------------------------------------------
 Index Scan using usertable_pkey on usertable  (cost=0.28..8.29 rows=1 width=860) (actual time=0.018..0.019 rows=1 loops=1)
   Index Cond: (ycsb_key = 'user1000385178204227360'::text)
   Buffers: shared hit=3
 Planning:
   Buffers: shared hit=141
 Planning Time: 0.331 ms
 Execution Time: 0.047 ms
(7 rows)


========================================
Epoch=4 Run=1 Phase=run Time=Sat Mar 28 06:11:07 UTC 2026
DB=ycsb
Key=user1000385178204227360
----------------------------------------
                                                         QUERY PLAN                                                         
----------------------------------------------------------------------------------------------------------------------------
 Index Scan using usertable_pkey on usertable  (cost=0.28..8.29 rows=1 width=811) (actual time=0.014..0.015 rows=1 loops=1)
   Index Cond: (ycsb_key = 'user1000385178204227360'::text)
   Buffers: shared hit=3
 Planning:
   Buffers: shared hit=131
 Planning Time: 0.283 ms
 Execution Time: 0.043 ms
(7 rows)


========================================
Epoch=4 Run=2 Phase=run Time=Sat Mar 28 06:12:27 UTC 2026
DB=ycsb
Key=user1000385178204227360
----------------------------------------
                                                         QUERY PLAN                                                         
----------------------------------------------------------------------------------------------------------------------------
 Index Scan using usertable_pkey on usertable  (cost=0.28..8.29 rows=1 width=763) (actual time=0.016..0.017 rows=1 loops=1)
   Index Cond: (ycsb_key = 'user1000385178204227360'::text)
   Buffers: shared hit=3
 Planning:
   Buffers: shared hit=132
 Planning Time: 0.349 ms
 Execution Time: 0.048 ms
(7 rows)


========================================
Epoch=4 Run=3 Phase=run Time=Sat Mar 28 06:13:50 UTC 2026
DB=ycsb
Key=user1000385178204227360
----------------------------------------
                                                         QUERY PLAN                                                         
----------------------------------------------------------------------------------------------------------------------------
 Index Scan using usertable_pkey on usertable  (cost=0.28..8.29 rows=1 width=700) (actual time=0.018..0.018 rows=1 loops=1)
   Index Cond: (ycsb_key = 'user1000385178204227360'::text)
   Buffers: shared hit=3
 Planning:
   Buffers: shared hit=128
 Planning Time: 0.281 ms
 Execution Time: 0.045 ms
(7 rows)


========================================
Epoch=4 Run=4 Phase=run Time=Sat Mar 28 06:15:11 UTC 2026
DB=ycsb
Key=user1000385178204227360
----------------------------------------
                                                         QUERY PLAN                                                         
----------------------------------------------------------------------------------------------------------------------------
 Index Scan using usertable_pkey on usertable  (cost=0.28..8.29 rows=1 width=650) (actual time=0.017..0.018 rows=1 loops=1)
   Index Cond: (ycsb_key = 'user1000385178204227360'::text)
   Buffers: shared hit=3
 Planning:
   Buffers: shared hit=128
 Planning Time: 0.344 ms
 Execution Time: 0.052 ms
(7 rows)


========================================
Epoch=4 Run=5 Phase=run Time=Sat Mar 28 06:16:36 UTC 2026
DB=ycsb
Key=user1000385178204227360
----------------------------------------
                                                         QUERY PLAN                                                         
----------------------------------------------------------------------------------------------------------------------------
 Index Scan using usertable_pkey on usertable  (cost=0.28..8.29 rows=1 width=593) (actual time=0.016..0.017 rows=1 loops=1)
   Index Cond: (ycsb_key = 'user1000385178204227360'::text)
   Buffers: shared hit=3
 Planning:
   Buffers: shared hit=127
 Planning Time: 0.301 ms
 Execution Time: 0.048 ms
(7 rows)


========================================
Epoch=4 Run=6 Phase=run Time=Sat Mar 28 06:18:00 UTC 2026
DB=ycsb
Key=user1000385178204227360
----------------------------------------
                                                         QUERY PLAN                                                         
----------------------------------------------------------------------------------------------------------------------------
 Index Scan using usertable_pkey on usertable  (cost=0.28..8.29 rows=1 width=505) (actual time=0.014..0.014 rows=1 loops=1)
   Index Cond: (ycsb_key = 'user1000385178204227360'::text)
   Buffers: shared hit=3
 Planning:
   Buffers: shared hit=127
 Planning Time: 0.282 ms
 Execution Time: 0.042 ms
(7 rows)


========================================
Epoch=4 Run=7 Phase=run Time=Sat Mar 28 06:19:25 UTC 2026
DB=ycsb
Key=user1000385178204227360
----------------------------------------
                                                         QUERY PLAN                                                         
----------------------------------------------------------------------------------------------------------------------------
 Index Scan using usertable_pkey on usertable  (cost=0.28..8.29 rows=1 width=470) (actual time=0.019..0.019 rows=1 loops=1)
   Index Cond: (ycsb_key = 'user1000385178204227360'::text)
   Buffers: shared hit=3
 Planning:
   Buffers: shared hit=131
 Planning Time: 0.315 ms
 Execution Time: 0.048 ms
(7 rows)


========================================
Epoch=4 Run=8 Phase=run Time=Sat Mar 28 06:20:53 UTC 2026
DB=ycsb
Key=user1000385178204227360
----------------------------------------
                                                         QUERY PLAN                                                         
----------------------------------------------------------------------------------------------------------------------------
 Index Scan using usertable_pkey on usertable  (cost=0.28..8.29 rows=1 width=423) (actual time=0.016..0.016 rows=1 loops=1)
   Index Cond: (ycsb_key = 'user1000385178204227360'::text)
   Buffers: shared hit=3
 Planning:
   Buffers: shared hit=130 read=1
 Planning Time: 0.338 ms
 Execution Time: 0.046 ms
(7 rows)


========================================
Epoch=4 Run=9 Phase=run Time=Sat Mar 28 06:22:21 UTC 2026
DB=ycsb
Key=user1000385178204227360
----------------------------------------
                                                         QUERY PLAN                                                         
----------------------------------------------------------------------------------------------------------------------------
 Index Scan using usertable_pkey on usertable  (cost=0.28..8.29 rows=1 width=377) (actual time=0.018..0.019 rows=1 loops=1)
   Index Cond: (ycsb_key = 'user1000385178204227360'::text)
   Buffers: shared hit=3
 Planning:
   Buffers: shared hit=127 read=1
 Planning Time: 0.332 ms
 Execution Time: 0.050 ms
(7 rows)


========================================
Epoch=4 Run=10 Phase=run Time=Sat Mar 28 06:23:53 UTC 2026
DB=ycsb
Key=user1000385178204227360
----------------------------------------
                                                         QUERY PLAN                                                         
----------------------------------------------------------------------------------------------------------------------------
 Index Scan using usertable_pkey on usertable  (cost=0.28..8.29 rows=1 width=343) (actual time=0.012..0.013 rows=1 loops=1)
   Index Cond: (ycsb_key = 'user1000385178204227360'::text)
   Buffers: shared hit=3
 Planning:
   Buffers: shared hit=125
 Planning Time: 0.293 ms
 Execution Time: 0.042 ms
(7 rows)


========================================
Epoch=5 Run=1 Phase=run Time=Sat Mar 28 06:25:28 UTC 2026
DB=ycsb
Key=user1000385178204227360
----------------------------------------
                                                         QUERY PLAN                                                         
----------------------------------------------------------------------------------------------------------------------------
 Index Scan using usertable_pkey on usertable  (cost=0.28..8.29 rows=1 width=321) (actual time=0.014..0.014 rows=1 loops=1)
   Index Cond: (ycsb_key = 'user1000385178204227360'::text)
   Buffers: shared hit=3
 Planning:
   Buffers: shared hit=125
 Planning Time: 0.279 ms
 Execution Time: 0.046 ms
(7 rows)


========================================
Epoch=5 Run=2 Phase=run Time=Sat Mar 28 06:27:03 UTC 2026
DB=ycsb
Key=user1000385178204227360
----------------------------------------
                                                         QUERY PLAN                                                         
----------------------------------------------------------------------------------------------------------------------------
 Index Scan using usertable_pkey on usertable  (cost=0.28..8.29 rows=1 width=302) (actual time=0.016..0.017 rows=1 loops=1)
   Index Cond: (ycsb_key = 'user1000385178204227360'::text)
   Buffers: shared hit=3
 Planning:
   Buffers: shared hit=125
 Planning Time: 0.360 ms
 Execution Time: 0.054 ms
(7 rows)


========================================
Epoch=5 Run=3 Phase=run Time=Sat Mar 28 06:28:41 UTC 2026
DB=ycsb
Key=user1000385178204227360
----------------------------------------
                                                         QUERY PLAN                                                         
----------------------------------------------------------------------------------------------------------------------------
 Index Scan using usertable_pkey on usertable  (cost=0.28..8.29 rows=1 width=279) (actual time=0.019..0.020 rows=1 loops=1)
   Index Cond: (ycsb_key = 'user1000385178204227360'::text)
   Buffers: shared hit=3
 Planning:
   Buffers: shared hit=125
 Planning Time: 0.325 ms
 Execution Time: 0.049 ms
(7 rows)


========================================
Epoch=5 Run=4 Phase=run Time=Sat Mar 28 06:30:19 UTC 2026
DB=ycsb
Key=user1000385178204227360
----------------------------------------
                                                         QUERY PLAN                                                         
----------------------------------------------------------------------------------------------------------------------------
 Index Scan using usertable_pkey on usertable  (cost=0.28..8.29 rows=1 width=271) (actual time=0.018..0.019 rows=1 loops=1)
   Index Cond: (ycsb_key = 'user1000385178204227360'::text)
   Buffers: shared hit=3
 Planning:
   Buffers: shared hit=125
 Planning Time: 0.272 ms
 Execution Time: 0.048 ms
(7 rows)


========================================
Epoch=5 Run=5 Phase=run Time=Sat Mar 28 06:31:59 UTC 2026
DB=ycsb
Key=user1000385178204227360
----------------------------------------
                                                         QUERY PLAN                                                         
----------------------------------------------------------------------------------------------------------------------------
 Index Scan using usertable_pkey on usertable  (cost=0.28..8.29 rows=1 width=249) (actual time=0.014..0.015 rows=1 loops=1)
   Index Cond: (ycsb_key = 'user1000385178204227360'::text)
   Buffers: shared hit=3
 Planning:
   Buffers: shared hit=124 read=1
 Planning Time: 0.298 ms
 Execution Time: 0.044 ms
(7 rows)


========================================
Epoch=5 Run=6 Phase=run Time=Sat Mar 28 06:33:40 UTC 2026
DB=ycsb
Key=user1000385178204227360
----------------------------------------
                                                         QUERY PLAN                                                         
----------------------------------------------------------------------------------------------------------------------------
 Index Scan using usertable_pkey on usertable  (cost=0.28..8.29 rows=1 width=241) (actual time=0.018..0.018 rows=1 loops=1)
   Index Cond: (ycsb_key = 'user1000385178204227360'::text)
   Buffers: shared hit=3
 Planning:
   Buffers: shared hit=124 read=1
 Planning Time: 0.274 ms
 Execution Time: 0.047 ms
(7 rows)


========================================
Epoch=5 Run=7 Phase=run Time=Sat Mar 28 06:35:22 UTC 2026
DB=ycsb
Key=user1000385178204227360
----------------------------------------
                                                         QUERY PLAN                                                         
----------------------------------------------------------------------------------------------------------------------------
 Index Scan using usertable_pkey on usertable  (cost=0.28..8.29 rows=1 width=223) (actual time=0.017..0.017 rows=1 loops=1)
   Index Cond: (ycsb_key = 'user1000385178204227360'::text)
   Buffers: shared hit=3
 Planning:
   Buffers: shared hit=124 read=1
 Planning Time: 0.332 ms
 Execution Time: 0.048 ms
(7 rows)


========================================
Epoch=5 Run=8 Phase=run Time=Sat Mar 28 06:37:05 UTC 2026
DB=ycsb
Key=user1000385178204227360
----------------------------------------
                                                         QUERY PLAN                                                         
----------------------------------------------------------------------------------------------------------------------------
 Index Scan using usertable_pkey on usertable  (cost=0.28..8.29 rows=1 width=215) (actual time=0.020..0.020 rows=1 loops=1)
   Index Cond: (ycsb_key = 'user1000385178204227360'::text)
   Buffers: shared hit=3
 Planning:
   Buffers: shared hit=124 read=1
 Planning Time: 0.302 ms
 Execution Time: 0.049 ms
(7 rows)


========================================
Epoch=5 Run=9 Phase=run Time=Sat Mar 28 06:38:49 UTC 2026
DB=ycsb
Key=user1000385178204227360
----------------------------------------
                                                         QUERY PLAN                                                         
----------------------------------------------------------------------------------------------------------------------------
 Index Scan using usertable_pkey on usertable  (cost=0.28..8.29 rows=1 width=214) (actual time=0.023..0.023 rows=1 loops=1)
   Index Cond: (ycsb_key = 'user1000385178204227360'::text)
   Buffers: shared hit=3
 Planning:
   Buffers: shared hit=124 read=1
 Planning Time: 0.347 ms
 Execution Time: 0.059 ms
(7 rows)


========================================
Epoch=5 Run=10 Phase=run Time=Sat Mar 28 06:40:35 UTC 2026
DB=ycsb
Key=user1000385178204227360
----------------------------------------
                                                         QUERY PLAN                                                         
----------------------------------------------------------------------------------------------------------------------------
 Index Scan using usertable_pkey on usertable  (cost=0.28..8.29 rows=1 width=212) (actual time=0.017..0.018 rows=1 loops=1)
   Index Cond: (ycsb_key = 'user1000385178204227360'::text)
   Buffers: shared hit=3
 Planning:
   Buffers: shared hit=124 read=1
 Planning Time: 0.277 ms
 Execution Time: 0.048 ms
(7 rows)


========================================
Epoch=6 Run=1 Phase=run Time=Sat Mar 28 06:42:23 UTC 2026
DB=ycsb
Key=user1000385178204227360
----------------------------------------
                                                         QUERY PLAN                                                         
----------------------------------------------------------------------------------------------------------------------------
 Index Scan using usertable_pkey on usertable  (cost=0.28..8.29 rows=1 width=210) (actual time=0.015..0.016 rows=1 loops=1)
   Index Cond: (ycsb_key = 'user1000385178204227360'::text)
   Buffers: shared hit=3
 Planning:
   Buffers: shared hit=124 read=1
 Planning Time: 0.368 ms
 Execution Time: 0.049 ms
(7 rows)


========================================
Epoch=6 Run=2 Phase=run Time=Sat Mar 28 06:44:10 UTC 2026
DB=ycsb
Key=user1000385178204227360
----------------------------------------
                                                         QUERY PLAN                                                         
----------------------------------------------------------------------------------------------------------------------------
 Index Scan using usertable_pkey on usertable  (cost=0.28..8.29 rows=1 width=209) (actual time=0.016..0.016 rows=1 loops=1)
   Index Cond: (ycsb_key = 'user1000385178204227360'::text)
   Buffers: shared hit=3
 Planning:
   Buffers: shared hit=124 read=1
 Planning Time: 0.331 ms
 Execution Time: 0.047 ms
(7 rows)


========================================
Epoch=6 Run=3 Phase=run Time=Sat Mar 28 06:46:00 UTC 2026
DB=ycsb
Key=user1000385178204227360
----------------------------------------
                                                         QUERY PLAN                                                         
----------------------------------------------------------------------------------------------------------------------------
 Index Scan using usertable_pkey on usertable  (cost=0.28..8.29 rows=1 width=207) (actual time=0.017..0.017 rows=1 loops=1)
   Index Cond: (ycsb_key = 'user1000385178204227360'::text)
   Buffers: shared hit=3
 Planning:
   Buffers: shared hit=124 read=1
 Planning Time: 0.267 ms
 Execution Time: 0.047 ms
(7 rows)


========================================
Epoch=6 Run=4 Phase=run Time=Sat Mar 28 06:47:51 UTC 2026
DB=ycsb
Key=user1000385178204227360
----------------------------------------
                                                         QUERY PLAN                                                         
----------------------------------------------------------------------------------------------------------------------------
 Index Scan using usertable_pkey on usertable  (cost=0.28..8.29 rows=1 width=205) (actual time=0.021..0.021 rows=1 loops=1)
   Index Cond: (ycsb_key = 'user1000385178204227360'::text)
   Buffers: shared hit=3
 Planning:
   Buffers: shared hit=124 read=1
 Planning Time: 0.340 ms
 Execution Time: 0.053 ms
(7 rows)


========================================
Epoch=6 Run=5 Phase=run Time=Sat Mar 28 06:49:44 UTC 2026
DB=ycsb
Key=user1000385178204227360
----------------------------------------
                                                         QUERY PLAN                                                         
----------------------------------------------------------------------------------------------------------------------------
 Index Scan using usertable_pkey on usertable  (cost=0.28..8.29 rows=1 width=203) (actual time=0.012..0.012 rows=1 loops=1)
   Index Cond: (ycsb_key = 'user1000385178204227360'::text)
   Buffers: shared hit=3
 Planning:
   Buffers: shared hit=124 read=1
 Planning Time: 0.283 ms
 Execution Time: 0.039 ms
(7 rows)


========================================
Epoch=6 Run=6 Phase=run Time=Sat Mar 28 06:51:37 UTC 2026
DB=ycsb
Key=user1000385178204227360
----------------------------------------
                                                         QUERY PLAN                                                         
----------------------------------------------------------------------------------------------------------------------------
 Index Scan using usertable_pkey on usertable  (cost=0.28..8.29 rows=1 width=203) (actual time=0.016..0.016 rows=1 loops=1)
   Index Cond: (ycsb_key = 'user1000385178204227360'::text)
   Buffers: shared hit=3
 Planning:
   Buffers: shared hit=124 read=1
 Planning Time: 0.306 ms
 Execution Time: 0.045 ms
(7 rows)


========================================
Epoch=6 Run=7 Phase=run Time=Sat Mar 28 06:53:32 UTC 2026
DB=ycsb
Key=user1000385178204227360
----------------------------------------
                                                         QUERY PLAN                                                         
----------------------------------------------------------------------------------------------------------------------------
 Index Scan using usertable_pkey on usertable  (cost=0.28..8.29 rows=1 width=203) (actual time=0.018..0.019 rows=1 loops=1)
   Index Cond: (ycsb_key = 'user1000385178204227360'::text)
   Buffers: shared hit=3
 Planning:
   Buffers: shared hit=124 read=1
 Planning Time: 0.322 ms
 Execution Time: 0.052 ms
(7 rows)


========================================
Epoch=6 Run=8 Phase=run Time=Sat Mar 28 06:55:28 UTC 2026
DB=ycsb
Key=user1000385178204227360
----------------------------------------
                                                         QUERY PLAN                                                         
----------------------------------------------------------------------------------------------------------------------------
 Index Scan using usertable_pkey on usertable  (cost=0.28..8.29 rows=1 width=203) (actual time=0.016..0.017 rows=1 loops=1)
   Index Cond: (ycsb_key = 'user1000385178204227360'::text)
   Buffers: shared hit=3
 Planning:
   Buffers: shared hit=124 read=1
 Planning Time: 0.350 ms
 Execution Time: 0.050 ms
(7 rows)


========================================
Epoch=6 Run=9 Phase=run Time=Sat Mar 28 06:57:28 UTC 2026
DB=ycsb
Key=user1000385178204227360
----------------------------------------
                                                         QUERY PLAN                                                         
----------------------------------------------------------------------------------------------------------------------------
 Index Scan using usertable_pkey on usertable  (cost=0.28..8.29 rows=1 width=203) (actual time=0.018..0.019 rows=1 loops=1)
   Index Cond: (ycsb_key = 'user1000385178204227360'::text)
   Buffers: shared hit=3
 Planning:
   Buffers: shared hit=124 read=1
 Planning Time: 0.338 ms
 Execution Time: 0.052 ms
(7 rows)


========================================
Epoch=6 Run=10 Phase=run Time=Sat Mar 28 06:59:28 UTC 2026
DB=ycsb
Key=user1000385178204227360
----------------------------------------
                                                         QUERY PLAN                                                         
----------------------------------------------------------------------------------------------------------------------------
 Index Scan using usertable_pkey on usertable  (cost=0.28..8.29 rows=1 width=203) (actual time=0.017..0.017 rows=1 loops=1)
   Index Cond: (ycsb_key = 'user1000385178204227360'::text)
   Buffers: shared hit=3
 Planning:
   Buffers: shared hit=124 read=1
 Planning Time: 0.323 ms
 Execution Time: 0.049 ms
(7 rows)


========================================
Epoch=7 Run=1 Phase=run Time=Sat Mar 28 07:01:28 UTC 2026
DB=ycsb
Key=user1000385178204227360
----------------------------------------
                                                         QUERY PLAN                                                         
----------------------------------------------------------------------------------------------------------------------------
 Index Scan using usertable_pkey on usertable  (cost=0.28..8.29 rows=1 width=203) (actual time=0.015..0.015 rows=1 loops=1)
   Index Cond: (ycsb_key = 'user1000385178204227360'::text)
   Buffers: shared hit=3
 Planning:
   Buffers: shared hit=124 read=1
 Planning Time: 0.335 ms
 Execution Time: 0.046 ms
(7 rows)


========================================
Epoch=7 Run=2 Phase=run Time=Sat Mar 28 07:03:30 UTC 2026
DB=ycsb
Key=user1000385178204227360
----------------------------------------
                                                         QUERY PLAN                                                         
----------------------------------------------------------------------------------------------------------------------------
 Index Scan using usertable_pkey on usertable  (cost=0.28..8.29 rows=1 width=203) (actual time=0.019..0.020 rows=1 loops=1)
   Index Cond: (ycsb_key = 'user1000385178204227360'::text)
   Buffers: shared hit=3
 Planning:
   Buffers: shared hit=124 read=1
 Planning Time: 0.325 ms
 Execution Time: 0.052 ms
(7 rows)


========================================
Epoch=7 Run=3 Phase=run Time=Sat Mar 28 07:05:32 UTC 2026
DB=ycsb
Key=user1000385178204227360
----------------------------------------
                                                         QUERY PLAN                                                         
----------------------------------------------------------------------------------------------------------------------------
 Index Scan using usertable_pkey on usertable  (cost=0.28..8.29 rows=1 width=203) (actual time=0.037..0.038 rows=1 loops=1)
   Index Cond: (ycsb_key = 'user1000385178204227360'::text)
   Buffers: shared hit=3
 Planning:
   Buffers: shared hit=124 read=1
 Planning Time: 0.281 ms
 Execution Time: 0.070 ms
(7 rows)


========================================
Epoch=7 Run=4 Phase=run Time=Sat Mar 28 07:07:40 UTC 2026
DB=ycsb
Key=user1000385178204227360
----------------------------------------
                                                         QUERY PLAN                                                         
----------------------------------------------------------------------------------------------------------------------------
 Index Scan using usertable_pkey on usertable  (cost=0.28..8.29 rows=1 width=203) (actual time=0.012..0.012 rows=1 loops=1)
   Index Cond: (ycsb_key = 'user1000385178204227360'::text)
   Buffers: shared hit=3
 Planning:
   Buffers: shared hit=124 read=1
 Planning Time: 0.259 ms
 Execution Time: 0.038 ms
(7 rows)


========================================
Epoch=7 Run=5 Phase=run Time=Sat Mar 28 07:09:47 UTC 2026
DB=ycsb
Key=user1000385178204227360
----------------------------------------
                                                         QUERY PLAN                                                         
----------------------------------------------------------------------------------------------------------------------------
 Index Scan using usertable_pkey on usertable  (cost=0.28..8.29 rows=1 width=203) (actual time=0.021..0.022 rows=1 loops=1)
   Index Cond: (ycsb_key = 'user1000385178204227360'::text)
   Buffers: shared hit=3
 Planning:
   Buffers: shared hit=124 read=1
 Planning Time: 0.326 ms
 Execution Time: 0.053 ms
(7 rows)


========================================
Epoch=7 Run=6 Phase=run Time=Sat Mar 28 07:11:57 UTC 2026
DB=ycsb
Key=user1000385178204227360
----------------------------------------
                                                         QUERY PLAN                                                         
----------------------------------------------------------------------------------------------------------------------------
 Index Scan using usertable_pkey on usertable  (cost=0.28..8.29 rows=1 width=203) (actual time=0.018..0.018 rows=1 loops=1)
   Index Cond: (ycsb_key = 'user1000385178204227360'::text)
   Buffers: shared hit=3
 Planning:
   Buffers: shared hit=124 read=1
 Planning Time: 0.303 ms
 Execution Time: 0.048 ms
(7 rows)


========================================
Epoch=7 Run=7 Phase=run Time=Sat Mar 28 07:14:09 UTC 2026
DB=ycsb
Key=user1000385178204227360
----------------------------------------
                                                         QUERY PLAN                                                         
----------------------------------------------------------------------------------------------------------------------------
 Index Scan using usertable_pkey on usertable  (cost=0.28..8.29 rows=1 width=203) (actual time=0.017..0.017 rows=1 loops=1)
   Index Cond: (ycsb_key = 'user1000385178204227360'::text)
   Buffers: shared hit=3
 Planning:
   Buffers: shared hit=124 read=1
 Planning Time: 0.336 ms
 Execution Time: 0.048 ms
(7 rows)


========================================
Epoch=7 Run=8 Phase=run Time=Sat Mar 28 07:16:23 UTC 2026
DB=ycsb
Key=user1000385178204227360
----------------------------------------
                                                         QUERY PLAN                                                         
----------------------------------------------------------------------------------------------------------------------------
 Index Scan using usertable_pkey on usertable  (cost=0.28..8.29 rows=1 width=203) (actual time=0.017..0.018 rows=1 loops=1)
   Index Cond: (ycsb_key = 'user1000385178204227360'::text)
   Buffers: shared hit=3
 Planning:
   Buffers: shared hit=124 read=1
 Planning Time: 0.326 ms
 Execution Time: 0.049 ms
(7 rows)


========================================
Epoch=7 Run=9 Phase=run Time=Sat Mar 28 07:18:37 UTC 2026
DB=ycsb
Key=user1000385178204227360
----------------------------------------
                                                         QUERY PLAN                                                         
----------------------------------------------------------------------------------------------------------------------------
 Index Scan using usertable_pkey on usertable  (cost=0.28..8.29 rows=1 width=203) (actual time=0.019..0.019 rows=1 loops=1)
   Index Cond: (ycsb_key = 'user1000385178204227360'::text)
   Buffers: shared hit=3
 Planning:
   Buffers: shared hit=124 read=1
 Planning Time: 0.289 ms
 Execution Time: 0.047 ms
(7 rows)


========================================
Epoch=7 Run=10 Phase=run Time=Sat Mar 28 07:20:51 UTC 2026
DB=ycsb
Key=user1000385178204227360
----------------------------------------
                                                         QUERY PLAN                                                         
----------------------------------------------------------------------------------------------------------------------------
 Index Scan using usertable_pkey on usertable  (cost=0.28..8.29 rows=1 width=203) (actual time=0.015..0.016 rows=1 loops=1)
   Index Cond: (ycsb_key = 'user1000385178204227360'::text)
   Buffers: shared hit=3
 Planning:
   Buffers: shared hit=124 read=1
 Planning Time: 0.336 ms
 Execution Time: 0.047 ms
(7 rows)


========================================
Epoch=8 Run=1 Phase=run Time=Sat Mar 28 07:23:04 UTC 2026
DB=ycsb
Key=user1000385178204227360
----------------------------------------
                                                         QUERY PLAN                                                         
----------------------------------------------------------------------------------------------------------------------------
 Index Scan using usertable_pkey on usertable  (cost=0.28..8.29 rows=1 width=203) (actual time=0.018..0.019 rows=1 loops=1)
   Index Cond: (ycsb_key = 'user1000385178204227360'::text)
   Buffers: shared hit=3
 Planning:
   Buffers: shared hit=124 read=1
 Planning Time: 0.323 ms
 Execution Time: 0.052 ms
(7 rows)


========================================
Epoch=8 Run=2 Phase=run Time=Sat Mar 28 07:25:21 UTC 2026
DB=ycsb
Key=user1000385178204227360
----------------------------------------
                                                         QUERY PLAN                                                         
----------------------------------------------------------------------------------------------------------------------------
 Index Scan using usertable_pkey on usertable  (cost=0.28..8.29 rows=1 width=203) (actual time=0.016..0.017 rows=1 loops=1)
   Index Cond: (ycsb_key = 'user1000385178204227360'::text)
   Buffers: shared hit=3
 Planning:
   Buffers: shared hit=124 read=1
 Planning Time: 0.338 ms
 Execution Time: 0.051 ms
(7 rows)


========================================
Epoch=8 Run=3 Phase=run Time=Sat Mar 28 07:27:39 UTC 2026
DB=ycsb
Key=user1000385178204227360
----------------------------------------
                                                         QUERY PLAN                                                         
----------------------------------------------------------------------------------------------------------------------------
 Index Scan using usertable_pkey on usertable  (cost=0.28..8.29 rows=1 width=203) (actual time=0.012..0.013 rows=1 loops=1)
   Index Cond: (ycsb_key = 'user1000385178204227360'::text)
   Buffers: shared hit=3
 Planning:
   Buffers: shared hit=124 read=1
 Planning Time: 0.345 ms
 Execution Time: 0.041 ms
(7 rows)


========================================
Epoch=8 Run=4 Phase=run Time=Sat Mar 28 07:29:56 UTC 2026
DB=ycsb
Key=user1000385178204227360
----------------------------------------
                                                         QUERY PLAN                                                         
----------------------------------------------------------------------------------------------------------------------------
 Index Scan using usertable_pkey on usertable  (cost=0.28..8.29 rows=1 width=203) (actual time=0.013..0.013 rows=1 loops=1)
   Index Cond: (ycsb_key = 'user1000385178204227360'::text)
   Buffers: shared hit=3
 Planning:
   Buffers: shared hit=124 read=1
 Planning Time: 0.315 ms
 Execution Time: 0.043 ms
(7 rows)


========================================
Epoch=8 Run=5 Phase=run Time=Sat Mar 28 07:32:18 UTC 2026
DB=ycsb
Key=user1000385178204227360
----------------------------------------
                                                         QUERY PLAN                                                         
----------------------------------------------------------------------------------------------------------------------------
 Index Scan using usertable_pkey on usertable  (cost=0.28..8.29 rows=1 width=203) (actual time=0.017..0.018 rows=1 loops=1)
   Index Cond: (ycsb_key = 'user1000385178204227360'::text)
   Buffers: shared hit=3
 Planning:
   Buffers: shared hit=124 read=1
 Planning Time: 0.331 ms
 Execution Time: 0.049 ms
(7 rows)


========================================
Epoch=8 Run=6 Phase=run Time=Sat Mar 28 07:34:39 UTC 2026
DB=ycsb
Key=user1000385178204227360
----------------------------------------
                                                         QUERY PLAN                                                         
----------------------------------------------------------------------------------------------------------------------------
 Index Scan using usertable_pkey on usertable  (cost=0.28..8.29 rows=1 width=203) (actual time=0.015..0.015 rows=1 loops=1)
   Index Cond: (ycsb_key = 'user1000385178204227360'::text)
   Buffers: shared hit=3
 Planning:
   Buffers: shared hit=124 read=1
 Planning Time: 0.333 ms
 Execution Time: 0.045 ms
(7 rows)


========================================
Epoch=8 Run=7 Phase=run Time=Sat Mar 28 07:37:03 UTC 2026
DB=ycsb
Key=user1000385178204227360
----------------------------------------
                                                         QUERY PLAN                                                         
----------------------------------------------------------------------------------------------------------------------------
 Index Scan using usertable_pkey on usertable  (cost=0.28..8.29 rows=1 width=203) (actual time=0.018..0.018 rows=1 loops=1)
   Index Cond: (ycsb_key = 'user1000385178204227360'::text)
   Buffers: shared hit=3
 Planning:
   Buffers: shared hit=124 read=1
 Planning Time: 0.324 ms
 Execution Time: 0.051 ms
(7 rows)


========================================
Epoch=8 Run=8 Phase=run Time=Sat Mar 28 07:39:27 UTC 2026
DB=ycsb
Key=user1000385178204227360
----------------------------------------
                                                         QUERY PLAN                                                         
----------------------------------------------------------------------------------------------------------------------------
 Index Scan using usertable_pkey on usertable  (cost=0.28..8.29 rows=1 width=203) (actual time=0.016..0.016 rows=1 loops=1)
   Index Cond: (ycsb_key = 'user1000385178204227360'::text)
   Buffers: shared hit=3
 Planning:
   Buffers: shared hit=124 read=1
 Planning Time: 0.289 ms
 Execution Time: 0.047 ms
(7 rows)


========================================
Epoch=8 Run=9 Phase=run Time=Sat Mar 28 07:41:51 UTC 2026
DB=ycsb
Key=user1000385178204227360
----------------------------------------
                                                         QUERY PLAN                                                         
----------------------------------------------------------------------------------------------------------------------------
 Index Scan using usertable_pkey on usertable  (cost=0.28..8.29 rows=1 width=203) (actual time=0.014..0.014 rows=1 loops=1)
   Index Cond: (ycsb_key = 'user1000385178204227360'::text)
   Buffers: shared hit=3
 Planning:
   Buffers: shared hit=124 read=1
 Planning Time: 0.297 ms
 Execution Time: 0.045 ms
(7 rows)


========================================
Epoch=8 Run=10 Phase=run Time=Sat Mar 28 07:44:22 UTC 2026
DB=ycsb
Key=user1000385178204227360
----------------------------------------
                                                         QUERY PLAN                                                         
----------------------------------------------------------------------------------------------------------------------------
 Index Scan using usertable_pkey on usertable  (cost=0.28..8.29 rows=1 width=203) (actual time=0.017..0.018 rows=1 loops=1)
   Index Cond: (ycsb_key = 'user1000385178204227360'::text)
   Buffers: shared hit=3
 Planning:
   Buffers: shared hit=124 read=1
 Planning Time: 0.295 ms
 Execution Time: 0.048 ms
(7 rows)


========================================
Epoch=9 Run=1 Phase=run Time=Sat Mar 28 07:46:56 UTC 2026
DB=ycsb
Key=user1000385178204227360
----------------------------------------
                                                         QUERY PLAN                                                         
----------------------------------------------------------------------------------------------------------------------------
 Index Scan using usertable_pkey on usertable  (cost=0.28..8.29 rows=1 width=203) (actual time=0.020..0.020 rows=1 loops=1)
   Index Cond: (ycsb_key = 'user1000385178204227360'::text)
   Buffers: shared hit=3
 Planning:
   Buffers: shared hit=124 read=1
 Planning Time: 0.269 ms
 Execution Time: 0.047 ms
(7 rows)


========================================
Epoch=9 Run=2 Phase=run Time=Sat Mar 28 07:49:29 UTC 2026
DB=ycsb
Key=user1000385178204227360
----------------------------------------
                                                         QUERY PLAN                                                         
----------------------------------------------------------------------------------------------------------------------------
 Index Scan using usertable_pkey on usertable  (cost=0.28..8.29 rows=1 width=203) (actual time=0.015..0.016 rows=1 loops=1)
   Index Cond: (ycsb_key = 'user1000385178204227360'::text)
   Buffers: shared hit=3
 Planning:
   Buffers: shared hit=124 read=1
 Planning Time: 0.300 ms
 Execution Time: 0.044 ms
(7 rows)


========================================
Epoch=9 Run=3 Phase=run Time=Sat Mar 28 07:52:04 UTC 2026
DB=ycsb
Key=user1000385178204227360
----------------------------------------
                                                         QUERY PLAN                                                         
----------------------------------------------------------------------------------------------------------------------------
 Index Scan using usertable_pkey on usertable  (cost=0.28..8.29 rows=1 width=203) (actual time=0.019..0.020 rows=1 loops=1)
   Index Cond: (ycsb_key = 'user1000385178204227360'::text)
   Buffers: shared hit=3
 Planning:
   Buffers: shared hit=124 read=1
 Planning Time: 0.308 ms
 Execution Time: 0.050 ms
(7 rows)


========================================
Epoch=9 Run=4 Phase=run Time=Sat Mar 28 07:54:41 UTC 2026
DB=ycsb
Key=user1000385178204227360
----------------------------------------
                                                         QUERY PLAN                                                         
----------------------------------------------------------------------------------------------------------------------------
 Index Scan using usertable_pkey on usertable  (cost=0.28..8.29 rows=1 width=203) (actual time=0.019..0.019 rows=1 loops=1)
   Index Cond: (ycsb_key = 'user1000385178204227360'::text)
   Buffers: shared hit=3
 Planning:
   Buffers: shared hit=124 read=1
 Planning Time: 0.334 ms
 Execution Time: 0.051 ms
(7 rows)


========================================
Epoch=9 Run=5 Phase=run Time=Sat Mar 28 07:57:20 UTC 2026
DB=ycsb
Key=user1000385178204227360
----------------------------------------
                                                         QUERY PLAN                                                         
----------------------------------------------------------------------------------------------------------------------------
 Index Scan using usertable_pkey on usertable  (cost=0.28..8.29 rows=1 width=203) (actual time=0.013..0.014 rows=1 loops=1)
   Index Cond: (ycsb_key = 'user1000385178204227360'::text)
   Buffers: shared hit=3
 Planning:
   Buffers: shared hit=124 read=1
 Planning Time: 0.261 ms
 Execution Time: 0.041 ms
(7 rows)


========================================
Epoch=9 Run=6 Phase=run Time=Sat Mar 28 08:00:00 UTC 2026
DB=ycsb
Key=user1000385178204227360
----------------------------------------
                                                         QUERY PLAN                                                         
----------------------------------------------------------------------------------------------------------------------------
 Index Scan using usertable_pkey on usertable  (cost=0.28..8.29 rows=1 width=203) (actual time=0.015..0.016 rows=1 loops=1)
   Index Cond: (ycsb_key = 'user1000385178204227360'::text)
   Buffers: shared hit=3
 Planning:
   Buffers: shared hit=124 read=1
 Planning Time: 0.275 ms
 Execution Time: 0.049 ms
(7 rows)


========================================
Epoch=9 Run=7 Phase=run Time=Sat Mar 28 08:02:41 UTC 2026
DB=ycsb
Key=user1000385178204227360
----------------------------------------
                                                         QUERY PLAN                                                         
----------------------------------------------------------------------------------------------------------------------------
 Index Scan using usertable_pkey on usertable  (cost=0.28..8.29 rows=1 width=203) (actual time=0.018..0.018 rows=1 loops=1)
   Index Cond: (ycsb_key = 'user1000385178204227360'::text)
   Buffers: shared hit=3
 Planning:
   Buffers: shared hit=124 read=1
 Planning Time: 0.315 ms
 Execution Time: 0.050 ms
(7 rows)


========================================
Epoch=9 Run=8 Phase=run Time=Sat Mar 28 08:05:25 UTC 2026
DB=ycsb
Key=user1000385178204227360
----------------------------------------
                                                         QUERY PLAN                                                         
----------------------------------------------------------------------------------------------------------------------------
 Index Scan using usertable_pkey on usertable  (cost=0.28..8.29 rows=1 width=203) (actual time=0.010..0.011 rows=1 loops=1)
   Index Cond: (ycsb_key = 'user1000385178204227360'::text)
   Buffers: shared hit=3
 Planning:
   Buffers: shared hit=124 read=1
 Planning Time: 0.268 ms
 Execution Time: 0.039 ms
(7 rows)


========================================
Epoch=9 Run=9 Phase=run Time=Sat Mar 28 08:08:09 UTC 2026
DB=ycsb
Key=user1000385178204227360
----------------------------------------
                                                         QUERY PLAN                                                         
----------------------------------------------------------------------------------------------------------------------------
 Index Scan using usertable_pkey on usertable  (cost=0.28..8.29 rows=1 width=203) (actual time=0.020..0.021 rows=1 loops=1)
   Index Cond: (ycsb_key = 'user1000385178204227360'::text)
   Buffers: shared hit=3
 Planning:
   Buffers: shared hit=124 read=1
 Planning Time: 0.317 ms
 Execution Time: 0.052 ms
(7 rows)


========================================
Epoch=9 Run=10 Phase=run Time=Sat Mar 28 08:10:52 UTC 2026
DB=ycsb
Key=user1000385178204227360
----------------------------------------
                                                         QUERY PLAN                                                         
----------------------------------------------------------------------------------------------------------------------------
 Index Scan using usertable_pkey on usertable  (cost=0.28..8.29 rows=1 width=203) (actual time=0.020..0.021 rows=1 loops=1)
   Index Cond: (ycsb_key = 'user1000385178204227360'::text)
   Buffers: shared hit=3
 Planning:
   Buffers: shared hit=124 read=1
 Planning Time: 0.312 ms
 Execution Time: 0.052 ms
(7 rows)


========================================
Epoch=10 Run=1 Phase=run Time=Sat Mar 28 08:13:39 UTC 2026
DB=ycsb
Key=user1000385178204227360
----------------------------------------
                                                         QUERY PLAN                                                         
----------------------------------------------------------------------------------------------------------------------------
 Index Scan using usertable_pkey on usertable  (cost=0.28..8.29 rows=1 width=203) (actual time=0.012..0.013 rows=1 loops=1)
   Index Cond: (ycsb_key = 'user1000385178204227360'::text)
   Buffers: shared hit=3
 Planning:
   Buffers: shared hit=124 read=1
 Planning Time: 0.276 ms
 Execution Time: 0.043 ms
(7 rows)


========================================
Epoch=10 Run=2 Phase=run Time=Sat Mar 28 08:16:28 UTC 2026
DB=ycsb
Key=user1000385178204227360
----------------------------------------
                                                         QUERY PLAN                                                         
----------------------------------------------------------------------------------------------------------------------------
 Index Scan using usertable_pkey on usertable  (cost=0.28..8.29 rows=1 width=203) (actual time=0.011..0.012 rows=1 loops=1)
   Index Cond: (ycsb_key = 'user1000385178204227360'::text)
   Buffers: shared hit=3
 Planning:
   Buffers: shared hit=124 read=1
 Planning Time: 0.255 ms
 Execution Time: 0.040 ms
(7 rows)


========================================
Epoch=10 Run=3 Phase=run Time=Sat Mar 28 08:19:17 UTC 2026
DB=ycsb
Key=user1000385178204227360
----------------------------------------
                                                         QUERY PLAN                                                         
----------------------------------------------------------------------------------------------------------------------------
 Index Scan using usertable_pkey on usertable  (cost=0.28..8.29 rows=1 width=203) (actual time=0.015..0.016 rows=1 loops=1)
   Index Cond: (ycsb_key = 'user1000385178204227360'::text)
   Buffers: shared hit=3
 Planning:
   Buffers: shared hit=124 read=1
 Planning Time: 0.266 ms
 Execution Time: 0.045 ms
(7 rows)


========================================
Epoch=10 Run=4 Phase=run Time=Sat Mar 28 08:22:08 UTC 2026
DB=ycsb
Key=user1000385178204227360
----------------------------------------
                                                         QUERY PLAN                                                         
----------------------------------------------------------------------------------------------------------------------------
 Index Scan using usertable_pkey on usertable  (cost=0.28..8.29 rows=1 width=203) (actual time=0.022..0.022 rows=1 loops=1)
   Index Cond: (ycsb_key = 'user1000385178204227360'::text)
   Buffers: shared hit=3
 Planning:
   Buffers: shared hit=124 read=1
 Planning Time: 0.379 ms
 Execution Time: 0.060 ms
(7 rows)


========================================
Epoch=10 Run=5 Phase=run Time=Sat Mar 28 08:25:01 UTC 2026
DB=ycsb
Key=user1000385178204227360
----------------------------------------
                                                         QUERY PLAN                                                         
----------------------------------------------------------------------------------------------------------------------------
 Index Scan using usertable_pkey on usertable  (cost=0.28..8.29 rows=1 width=203) (actual time=0.013..0.013 rows=1 loops=1)
   Index Cond: (ycsb_key = 'user1000385178204227360'::text)
   Buffers: shared hit=3
 Planning:
   Buffers: shared hit=124 read=1
 Planning Time: 0.281 ms
 Execution Time: 0.044 ms
(7 rows)


========================================
Epoch=10 Run=6 Phase=run Time=Sat Mar 28 08:27:56 UTC 2026
DB=ycsb
Key=user1000385178204227360
----------------------------------------
                                                         QUERY PLAN                                                         
----------------------------------------------------------------------------------------------------------------------------
 Index Scan using usertable_pkey on usertable  (cost=0.28..8.29 rows=1 width=203) (actual time=0.015..0.016 rows=1 loops=1)
   Index Cond: (ycsb_key = 'user1000385178204227360'::text)
   Buffers: shared hit=3
 Planning:
   Buffers: shared hit=124 read=1
 Planning Time: 0.315 ms
 Execution Time: 0.047 ms
(7 rows)


========================================
Epoch=10 Run=7 Phase=run Time=Sat Mar 28 08:30:50 UTC 2026
DB=ycsb
Key=user1000385178204227360
----------------------------------------
                                                         QUERY PLAN                                                         
----------------------------------------------------------------------------------------------------------------------------
 Index Scan using usertable_pkey on usertable  (cost=0.28..8.29 rows=1 width=203) (actual time=0.012..0.012 rows=1 loops=1)
   Index Cond: (ycsb_key = 'user1000385178204227360'::text)
   Buffers: shared hit=3
 Planning:
   Buffers: shared hit=124 read=1
 Planning Time: 0.309 ms
 Execution Time: 0.043 ms
(7 rows)


========================================
Epoch=10 Run=8 Phase=run Time=Sat Mar 28 08:33:47 UTC 2026
DB=ycsb
Key=user1000385178204227360
----------------------------------------
                                                         QUERY PLAN                                                         
----------------------------------------------------------------------------------------------------------------------------
 Index Scan using usertable_pkey on usertable  (cost=0.28..8.29 rows=1 width=203) (actual time=0.016..0.016 rows=1 loops=1)
   Index Cond: (ycsb_key = 'user1000385178204227360'::text)
   Buffers: shared hit=3
 Planning:
   Buffers: shared hit=124 read=1
 Planning Time: 0.279 ms
 Execution Time: 0.050 ms
(7 rows)


========================================
Epoch=10 Run=9 Phase=run Time=Sat Mar 28 08:36:44 UTC 2026
DB=ycsb
Key=user1000385178204227360
----------------------------------------
                                                         QUERY PLAN                                                         
----------------------------------------------------------------------------------------------------------------------------
 Index Scan using usertable_pkey on usertable  (cost=0.28..8.29 rows=1 width=203) (actual time=0.012..0.012 rows=1 loops=1)
   Index Cond: (ycsb_key = 'user1000385178204227360'::text)
   Buffers: shared hit=3
 Planning:
   Buffers: shared hit=124 read=1
 Planning Time: 0.277 ms
 Execution Time: 0.042 ms
(7 rows)


========================================
Epoch=10 Run=10 Phase=run Time=Sat Mar 28 08:39:44 UTC 2026
DB=ycsb
Key=user1000385178204227360
----------------------------------------
                                                         QUERY PLAN                                                         
----------------------------------------------------------------------------------------------------------------------------
 Index Scan using usertable_pkey on usertable  (cost=0.28..8.29 rows=1 width=203) (actual time=0.013..0.014 rows=1 loops=1)
   Index Cond: (ycsb_key = 'user1000385178204227360'::text)
   Buffers: shared hit=2 read=1
 Planning:
   Buffers: shared hit=124 read=1
 Planning Time: 0.267 ms
 Execution Time: 0.043 ms
(7 rows)


