========================================
Epoch=1 Run=1 Phase=run Time=Tue Mar 24 03:04:41 UTC 2026
DB=ycsb
Key=user1000385178204227360
----------------------------------------
                                                         QUERY PLAN                                                          
-----------------------------------------------------------------------------------------------------------------------------
 Index Scan using usertable_pkey on usertable  (cost=0.29..8.30 rows=1 width=1722) (actual time=0.012..0.012 rows=1 loops=1)
   Index Cond: (ycsb_key = 'user1000385178204227360'::text)
   Buffers: shared hit=3
 Planning:
   Buffers: shared hit=169
 Planning Time: 0.494 ms
 Execution Time: 0.042 ms
(7 rows)


========================================
Epoch=1 Run=2 Phase=run Time=Tue Mar 24 03:07:34 UTC 2026
DB=ycsb
Key=user1000385178204227360
----------------------------------------
                                                         QUERY PLAN                                                          
-----------------------------------------------------------------------------------------------------------------------------
 Index Scan using usertable_pkey on usertable  (cost=0.29..8.30 rows=1 width=1804) (actual time=0.020..0.021 rows=1 loops=1)
   Index Cond: (ycsb_key = 'user1000385178204227360'::text)
   Buffers: shared hit=2 read=1
 Planning:
   Buffers: shared hit=179
 Planning Time: 0.576 ms
 Execution Time: 0.046 ms
(7 rows)


========================================
Epoch=1 Run=3 Phase=run Time=Tue Mar 24 03:10:38 UTC 2026
DB=ycsb
Key=user1000385178204227360
----------------------------------------
                                                         QUERY PLAN                                                          
-----------------------------------------------------------------------------------------------------------------------------
 Index Scan using usertable_pkey on usertable  (cost=0.29..8.30 rows=1 width=1776) (actual time=0.018..0.018 rows=1 loops=1)
   Index Cond: (ycsb_key = 'user1000385178204227360'::text)
   Buffers: shared hit=2 read=1
 Planning:
   Buffers: shared hit=196 read=6
 Planning Time: 0.659 ms
 Execution Time: 0.052 ms
(7 rows)


========================================
Epoch=1 Run=4 Phase=run Time=Tue Mar 24 03:14:04 UTC 2026
DB=ycsb
Key=user1000385178204227360
----------------------------------------
                                                         QUERY PLAN                                                          
-----------------------------------------------------------------------------------------------------------------------------
 Index Scan using usertable_pkey on usertable  (cost=0.29..8.30 rows=1 width=1737) (actual time=0.019..0.019 rows=1 loops=1)
   Index Cond: (ycsb_key = 'user1000385178204227360'::text)
   Buffers: shared hit=2 read=1
 Planning:
   Buffers: shared hit=201 read=6
 Planning Time: 0.765 ms
 Execution Time: 0.056 ms
(7 rows)


========================================
Epoch=1 Run=5 Phase=run Time=Tue Mar 24 03:17:52 UTC 2026
DB=ycsb
Key=user1000385178204227360
----------------------------------------
                                                         QUERY PLAN                                                          
-----------------------------------------------------------------------------------------------------------------------------
 Index Scan using usertable_pkey on usertable  (cost=0.29..8.30 rows=1 width=1696) (actual time=0.017..0.017 rows=1 loops=1)
   Index Cond: (ycsb_key = 'user1000385178204227360'::text)
   Buffers: shared hit=2 read=1
 Planning:
   Buffers: shared hit=209 read=7
 Planning Time: 0.729 ms
 Execution Time: 0.051 ms
(7 rows)


========================================
Epoch=1 Run=6 Phase=run Time=Tue Mar 24 03:22:00 UTC 2026
DB=ycsb
Key=user1000385178204227360
----------------------------------------
                                                         QUERY PLAN                                                          
-----------------------------------------------------------------------------------------------------------------------------
 Index Scan using usertable_pkey on usertable  (cost=0.29..8.30 rows=1 width=1670) (actual time=0.011..0.012 rows=1 loops=1)
   Index Cond: (ycsb_key = 'user1000385178204227360'::text)
   Buffers: shared hit=2 read=1
 Planning:
   Buffers: shared hit=214 read=7
 Planning Time: 0.714 ms
 Execution Time: 0.044 ms
(7 rows)


========================================
Epoch=1 Run=7 Phase=run Time=Tue Mar 24 03:26:25 UTC 2026
DB=ycsb
Key=user1000385178204227360
----------------------------------------
                                                         QUERY PLAN                                                          
-----------------------------------------------------------------------------------------------------------------------------
 Index Scan using usertable_pkey on usertable  (cost=0.29..8.30 rows=1 width=1650) (actual time=0.018..0.018 rows=1 loops=1)
   Index Cond: (ycsb_key = 'user1000385178204227360'::text)
   Buffers: shared hit=2 read=1
 Planning:
   Buffers: shared hit=219 read=7
 Planning Time: 0.874 ms
 Execution Time: 0.057 ms
(7 rows)


========================================
Epoch=1 Run=8 Phase=run Time=Tue Mar 24 03:31:01 UTC 2026
DB=ycsb
Key=user1000385178204227360
----------------------------------------
                                                         QUERY PLAN                                                          
-----------------------------------------------------------------------------------------------------------------------------
 Index Scan using usertable_pkey on usertable  (cost=0.29..8.30 rows=1 width=1627) (actual time=0.012..0.012 rows=1 loops=1)
   Index Cond: (ycsb_key = 'user1000385178204227360'::text)
   Buffers: shared hit=2 read=1
 Planning:
   Buffers: shared hit=229 read=7
 Planning Time: 0.846 ms
 Execution Time: 0.051 ms
(7 rows)


========================================
Epoch=1 Run=9 Phase=run Time=Tue Mar 24 03:36:11 UTC 2026
DB=ycsb
Key=user1000385178204227360
----------------------------------------
                                                         QUERY PLAN                                                          
-----------------------------------------------------------------------------------------------------------------------------
 Index Scan using usertable_pkey on usertable  (cost=0.29..8.30 rows=1 width=1599) (actual time=0.015..0.015 rows=1 loops=1)
   Index Cond: (ycsb_key = 'user1000385178204227360'::text)
   Buffers: shared hit=2 read=1
 Planning:
   Buffers: shared hit=230 read=7
 Planning Time: 0.824 ms
 Execution Time: 0.053 ms
(7 rows)


========================================
Epoch=1 Run=10 Phase=run Time=Tue Mar 24 03:41:28 UTC 2026
DB=ycsb
Key=user1000385178204227360
----------------------------------------
                                                         QUERY PLAN                                                          
-----------------------------------------------------------------------------------------------------------------------------
 Index Scan using usertable_pkey on usertable  (cost=0.29..8.30 rows=1 width=1578) (actual time=0.015..0.016 rows=1 loops=1)
   Index Cond: (ycsb_key = 'user1000385178204227360'::text)
   Buffers: shared hit=2 read=1
 Planning:
   Buffers: shared hit=234 read=7
 Planning Time: 0.948 ms
 Execution Time: 0.055 ms
(7 rows)


========================================
Epoch=2 Run=1 Phase=run Time=Tue Mar 24 03:47:03 UTC 2026
DB=ycsb
Key=user1000385178204227360
----------------------------------------
                                                         QUERY PLAN                                                          
-----------------------------------------------------------------------------------------------------------------------------
 Index Scan using usertable_pkey on usertable  (cost=0.29..8.30 rows=1 width=1554) (actual time=0.022..0.022 rows=1 loops=1)
   Index Cond: (ycsb_key = 'user1000385178204227360'::text)
   Buffers: shared hit=2 read=1
 Planning:
   Buffers: shared hit=236 read=7
 Planning Time: 1.006 ms
 Execution Time: 0.065 ms
(7 rows)


========================================
Epoch=2 Run=2 Phase=run Time=Tue Mar 24 03:53:08 UTC 2026
DB=ycsb
Key=user1000385178204227360
----------------------------------------
                                                         QUERY PLAN                                                          
-----------------------------------------------------------------------------------------------------------------------------
 Index Scan using usertable_pkey on usertable  (cost=0.29..8.30 rows=1 width=1526) (actual time=0.017..0.018 rows=1 loops=1)
   Index Cond: (ycsb_key = 'user1000385178204227360'::text)
   Buffers: shared hit=2 read=1
 Planning:
   Buffers: shared hit=241 read=7
 Planning Time: 0.960 ms
 Execution Time: 0.053 ms
(7 rows)


========================================
Epoch=2 Run=3 Phase=run Time=Tue Mar 24 03:59:34 UTC 2026
DB=ycsb
Key=user1000385178204227360
----------------------------------------
                                                         QUERY PLAN                                                          
-----------------------------------------------------------------------------------------------------------------------------
 Index Scan using usertable_pkey on usertable  (cost=0.29..8.30 rows=1 width=1501) (actual time=0.012..0.012 rows=1 loops=1)
   Index Cond: (ycsb_key = 'user1000385178204227360'::text)
   Buffers: shared hit=2 read=1
 Planning:
   Buffers: shared hit=244 read=6
 Planning Time: 0.978 ms
 Execution Time: 0.047 ms
(7 rows)


========================================
Epoch=2 Run=4 Phase=run Time=Tue Mar 24 04:06:10 UTC 2026
DB=ycsb
Key=user1000385178204227360
----------------------------------------
                                                         QUERY PLAN                                                          
-----------------------------------------------------------------------------------------------------------------------------
 Index Scan using usertable_pkey on usertable  (cost=0.29..8.30 rows=1 width=1474) (actual time=0.014..0.014 rows=1 loops=1)
   Index Cond: (ycsb_key = 'user1000385178204227360'::text)
   Buffers: shared hit=2 read=1
 Planning:
   Buffers: shared hit=245 read=6
 Planning Time: 1.118 ms
 Execution Time: 0.058 ms
(7 rows)


========================================
Epoch=2 Run=5 Phase=run Time=Tue Mar 24 04:13:13 UTC 2026
DB=ycsb
Key=user1000385178204227360
----------------------------------------
                                                         QUERY PLAN                                                          
-----------------------------------------------------------------------------------------------------------------------------
 Index Scan using usertable_pkey on usertable  (cost=0.29..8.30 rows=1 width=1448) (actual time=0.016..0.016 rows=1 loops=1)
   Index Cond: (ycsb_key = 'user1000385178204227360'::text)
   Buffers: shared hit=2 read=1
 Planning:
   Buffers: shared hit=249 read=6
 Planning Time: 1.185 ms
 Execution Time: 0.058 ms
(7 rows)


========================================
Epoch=2 Run=6 Phase=run Time=Tue Mar 24 04:20:35 UTC 2026
DB=ycsb
Key=user1000385178204227360
----------------------------------------
                                                         QUERY PLAN                                                          
-----------------------------------------------------------------------------------------------------------------------------
 Index Scan using usertable_pkey on usertable  (cost=0.29..8.30 rows=1 width=1426) (actual time=0.024..0.024 rows=1 loops=1)
   Index Cond: (ycsb_key = 'user1000385178204227360'::text)
   Buffers: shared hit=2 read=1
 Planning:
   Buffers: shared hit=246 read=6
 Planning Time: 1.082 ms
 Execution Time: 0.064 ms
(7 rows)


========================================
Epoch=2 Run=7 Phase=run Time=Tue Mar 24 04:27:59 UTC 2026
DB=ycsb
Key=user1000385178204227360
----------------------------------------
                                                         QUERY PLAN                                                          
-----------------------------------------------------------------------------------------------------------------------------
 Index Scan using usertable_pkey on usertable  (cost=0.29..8.30 rows=1 width=1411) (actual time=0.013..0.014 rows=1 loops=1)
   Index Cond: (ycsb_key = 'user1000385178204227360'::text)
   Buffers: shared hit=2 read=1
 Planning:
   Buffers: shared hit=253 read=6
 Planning Time: 1.086 ms
 Execution Time: 0.053 ms
(7 rows)


========================================
Epoch=2 Run=8 Phase=run Time=Tue Mar 24 04:35:30 UTC 2026
DB=ycsb
Key=user1000385178204227360
----------------------------------------
                                                         QUERY PLAN                                                          
-----------------------------------------------------------------------------------------------------------------------------
 Index Scan using usertable_pkey on usertable  (cost=0.29..8.30 rows=1 width=1382) (actual time=0.015..0.015 rows=1 loops=1)
   Index Cond: (ycsb_key = 'user1000385178204227360'::text)
   Buffers: shared hit=2 read=1
 Planning:
   Buffers: shared hit=255 read=5
 Planning Time: 1.018 ms
 Execution Time: 0.046 ms
(7 rows)


========================================
Epoch=2 Run=9 Phase=run Time=Tue Mar 24 04:43:41 UTC 2026
DB=ycsb
Key=user1000385178204227360
----------------------------------------
                                                         QUERY PLAN                                                          
-----------------------------------------------------------------------------------------------------------------------------
 Index Scan using usertable_pkey on usertable  (cost=0.29..8.30 rows=1 width=1351) (actual time=0.016..0.017 rows=1 loops=1)
   Index Cond: (ycsb_key = 'user1000385178204227360'::text)
   Buffers: shared hit=2 read=1
 Planning:
   Buffers: shared hit=258 read=3
 Planning Time: 0.963 ms
 Execution Time: 0.046 ms
(7 rows)


========================================
Epoch=2 Run=10 Phase=run Time=Tue Mar 24 04:52:14 UTC 2026
DB=ycsb
Key=user1000385178204227360
----------------------------------------
                                                         QUERY PLAN                                                          
-----------------------------------------------------------------------------------------------------------------------------
 Index Scan using usertable_pkey on usertable  (cost=0.29..8.30 rows=1 width=1320) (actual time=0.018..0.019 rows=1 loops=1)
   Index Cond: (ycsb_key = 'user1000385178204227360'::text)
   Buffers: shared hit=2 read=1 written=1
 Planning:
   Buffers: shared hit=257 read=3 written=2
 Planning Time: 1.124 ms
 Execution Time: 0.051 ms
(7 rows)


========================================
Epoch=3 Run=1 Phase=run Time=Tue Mar 24 05:00:42 UTC 2026
DB=ycsb
Key=user1000385178204227360
----------------------------------------
                                                         QUERY PLAN                                                          
-----------------------------------------------------------------------------------------------------------------------------
 Index Scan using usertable_pkey on usertable  (cost=0.29..8.30 rows=1 width=1298) (actual time=0.021..0.021 rows=1 loops=1)
   Index Cond: (ycsb_key = 'user1000385178204227360'::text)
   Buffers: shared hit=2 read=1 written=1
 Planning:
   Buffers: shared hit=257 read=3 written=1
 Planning Time: 1.021 ms
 Execution Time: 0.051 ms
(7 rows)


========================================
Epoch=3 Run=2 Phase=run Time=Tue Mar 24 05:09:45 UTC 2026
DB=ycsb
Key=user1000385178204227360
----------------------------------------
                                                         QUERY PLAN                                                          
-----------------------------------------------------------------------------------------------------------------------------
 Index Scan using usertable_pkey on usertable  (cost=0.29..8.30 rows=1 width=1265) (actual time=0.019..0.019 rows=1 loops=1)
   Index Cond: (ycsb_key = 'user1000385178204227360'::text)
   Buffers: shared hit=2 read=1 written=1
 Planning:
   Buffers: shared hit=257 read=3 written=3
 Planning Time: 1.025 ms
 Execution Time: 0.049 ms
(7 rows)


========================================
Epoch=3 Run=3 Phase=run Time=Tue Mar 24 05:18:55 UTC 2026
DB=ycsb
Key=user1000385178204227360
----------------------------------------
                                                         QUERY PLAN                                                          
-----------------------------------------------------------------------------------------------------------------------------
 Index Scan using usertable_pkey on usertable  (cost=0.29..8.30 rows=1 width=1249) (actual time=0.019..0.019 rows=1 loops=1)
   Index Cond: (ycsb_key = 'user1000385178204227360'::text)
   Buffers: shared hit=2 read=1 written=1
 Planning:
   Buffers: shared hit=259 read=3 written=3
 Planning Time: 1.001 ms
 Execution Time: 0.046 ms
(7 rows)


========================================
Epoch=3 Run=4 Phase=run Time=Tue Mar 24 05:28:36 UTC 2026
DB=ycsb
Key=user1000385178204227360
----------------------------------------
                                                         QUERY PLAN                                                          
-----------------------------------------------------------------------------------------------------------------------------
 Index Scan using usertable_pkey on usertable  (cost=0.29..8.30 rows=1 width=1224) (actual time=0.018..0.018 rows=1 loops=1)
   Index Cond: (ycsb_key = 'user1000385178204227360'::text)
   Buffers: shared hit=2 read=1
 Planning:
   Buffers: shared hit=261 read=3
 Planning Time: 1.221 ms
 Execution Time: 0.047 ms
(7 rows)


========================================
Epoch=3 Run=5 Phase=run Time=Tue Mar 24 05:38:13 UTC 2026
DB=ycsb
Key=user1000385178204227360
----------------------------------------
                                                         QUERY PLAN                                                          
-----------------------------------------------------------------------------------------------------------------------------
 Index Scan using usertable_pkey on usertable  (cost=0.29..8.30 rows=1 width=1201) (actual time=0.020..0.021 rows=1 loops=1)
   Index Cond: (ycsb_key = 'user1000385178204227360'::text)
   Buffers: shared hit=2 read=1
 Planning:
   Buffers: shared hit=261 read=3
 Planning Time: 1.156 ms
 Execution Time: 0.049 ms
(7 rows)


========================================
Epoch=3 Run=6 Phase=run Time=Tue Mar 24 05:47:47 UTC 2026
DB=ycsb
Key=user1000385178204227360
----------------------------------------
                                                         QUERY PLAN                                                          
-----------------------------------------------------------------------------------------------------------------------------
 Index Scan using usertable_pkey on usertable  (cost=0.29..8.30 rows=1 width=1180) (actual time=0.018..0.019 rows=1 loops=1)
   Index Cond: (ycsb_key = 'user1000385178204227360'::text)
   Buffers: shared hit=2 read=1
 Planning:
   Buffers: shared hit=261 read=3
 Planning Time: 1.151 ms
 Execution Time: 0.047 ms
(7 rows)


========================================
Epoch=3 Run=7 Phase=run Time=Tue Mar 24 05:58:18 UTC 2026
DB=ycsb
Key=user1000385178204227360
----------------------------------------
                                                         QUERY PLAN                                                          
-----------------------------------------------------------------------------------------------------------------------------
 Index Scan using usertable_pkey on usertable  (cost=0.29..8.30 rows=1 width=1163) (actual time=0.021..0.022 rows=1 loops=1)
   Index Cond: (ycsb_key = 'user1000385178204227360'::text)
   Buffers: shared hit=2 read=1
 Planning:
   Buffers: shared hit=263 read=3
 Planning Time: 1.154 ms
 Execution Time: 0.051 ms
(7 rows)


========================================
Epoch=3 Run=8 Phase=run Time=Tue Mar 24 06:08:42 UTC 2026
DB=ycsb
Key=user1000385178204227360
----------------------------------------
                                                         QUERY PLAN                                                          
-----------------------------------------------------------------------------------------------------------------------------
 Index Scan using usertable_pkey on usertable  (cost=0.29..8.30 rows=1 width=1134) (actual time=0.019..0.020 rows=1 loops=1)
   Index Cond: (ycsb_key = 'user1000385178204227360'::text)
   Buffers: shared hit=2 read=1
 Planning:
   Buffers: shared hit=257 read=3
 Planning Time: 1.095 ms
 Execution Time: 0.051 ms
(7 rows)


========================================
Epoch=3 Run=9 Phase=run Time=Tue Mar 24 06:19:19 UTC 2026
DB=ycsb
Key=user1000385178204227360
----------------------------------------
                                                         QUERY PLAN                                                          
-----------------------------------------------------------------------------------------------------------------------------
 Index Scan using usertable_pkey on usertable  (cost=0.29..8.30 rows=1 width=1109) (actual time=0.016..0.016 rows=1 loops=1)
   Index Cond: (ycsb_key = 'user1000385178204227360'::text)
   Buffers: shared hit=2 read=1
 Planning:
   Buffers: shared hit=224 read=3
 Planning Time: 0.918 ms
 Execution Time: 0.047 ms
(7 rows)


========================================
Epoch=3 Run=10 Phase=run Time=Tue Mar 24 06:30:09 UTC 2026
DB=ycsb
Key=user1000385178204227360
----------------------------------------
                                                         QUERY PLAN                                                          
-----------------------------------------------------------------------------------------------------------------------------
 Index Scan using usertable_pkey on usertable  (cost=0.29..8.30 rows=1 width=1088) (actual time=0.021..0.022 rows=1 loops=1)
   Index Cond: (ycsb_key = 'user1000385178204227360'::text)
   Buffers: shared hit=2 read=1
 Planning:
   Buffers: shared hit=206 read=3
 Planning Time: 0.791 ms
 Execution Time: 0.074 ms
(7 rows)


========================================
Epoch=4 Run=1 Phase=run Time=Tue Mar 24 06:41:25 UTC 2026
DB=ycsb
Key=user1000385178204227360
----------------------------------------
                                                         QUERY PLAN                                                          
-----------------------------------------------------------------------------------------------------------------------------
 Index Scan using usertable_pkey on usertable  (cost=0.29..8.30 rows=1 width=1056) (actual time=0.016..0.017 rows=1 loops=1)
   Index Cond: (ycsb_key = 'user1000385178204227360'::text)
   Buffers: shared hit=2 read=1
 Planning:
   Buffers: shared hit=191 read=3
 Planning Time: 0.584 ms
 Execution Time: 0.040 ms
(7 rows)


========================================
Epoch=4 Run=2 Phase=run Time=Tue Mar 24 06:53:16 UTC 2026
DB=ycsb
Key=user1000385178204227360
----------------------------------------
                                                         QUERY PLAN                                                          
-----------------------------------------------------------------------------------------------------------------------------
 Index Scan using usertable_pkey on usertable  (cost=0.29..8.30 rows=1 width=1026) (actual time=0.015..0.016 rows=1 loops=1)
   Index Cond: (ycsb_key = 'user1000385178204227360'::text)
   Buffers: shared hit=2 read=1
 Planning:
   Buffers: shared hit=180 read=3
 Planning Time: 0.531 ms
 Execution Time: 0.041 ms
(7 rows)


========================================
Epoch=4 Run=3 Phase=run Time=Tue Mar 24 07:05:01 UTC 2026
DB=ycsb
Key=user1000385178204227360
----------------------------------------
                                                         QUERY PLAN                                                         
----------------------------------------------------------------------------------------------------------------------------
 Index Scan using usertable_pkey on usertable  (cost=0.29..8.30 rows=1 width=987) (actual time=0.012..0.013 rows=1 loops=1)
   Index Cond: (ycsb_key = 'user1000385178204227360'::text)
   Buffers: shared hit=2 read=1
 Planning:
   Buffers: shared hit=173 read=3
 Planning Time: 0.424 ms
 Execution Time: 0.037 ms
(7 rows)


========================================
Epoch=4 Run=4 Phase=run Time=Tue Mar 24 07:17:02 UTC 2026
DB=ycsb
Key=user1000385178204227360
----------------------------------------
                                                         QUERY PLAN                                                         
----------------------------------------------------------------------------------------------------------------------------
 Index Scan using usertable_pkey on usertable  (cost=0.29..8.30 rows=1 width=936) (actual time=0.017..0.017 rows=1 loops=1)
   Index Cond: (ycsb_key = 'user1000385178204227360'::text)
   Buffers: shared hit=2 read=1
 Planning:
   Buffers: shared hit=170 read=3
 Planning Time: 0.480 ms
 Execution Time: 0.041 ms
(7 rows)


========================================
Epoch=4 Run=5 Phase=run Time=Tue Mar 24 07:29:09 UTC 2026
DB=ycsb
Key=user1000385178204227360
----------------------------------------
                                                         QUERY PLAN                                                         
----------------------------------------------------------------------------------------------------------------------------
 Index Scan using usertable_pkey on usertable  (cost=0.29..8.30 rows=1 width=884) (actual time=0.013..0.013 rows=1 loops=1)
   Index Cond: (ycsb_key = 'user1000385178204227360'::text)
   Buffers: shared hit=2 read=1
 Planning:
   Buffers: shared hit=162 read=3
 Planning Time: 0.388 ms
 Execution Time: 0.040 ms
(7 rows)


========================================
Epoch=4 Run=6 Phase=run Time=Tue Mar 24 07:41:43 UTC 2026
DB=ycsb
Key=user1000385178204227360
----------------------------------------
                                                         QUERY PLAN                                                         
----------------------------------------------------------------------------------------------------------------------------
 Index Scan using usertable_pkey on usertable  (cost=0.29..8.30 rows=1 width=836) (actual time=0.015..0.015 rows=1 loops=1)
   Index Cond: (ycsb_key = 'user1000385178204227360'::text)
   Buffers: shared hit=2 read=1
 Planning:
   Buffers: shared hit=156 read=3
 Planning Time: 0.368 ms
 Execution Time: 0.043 ms
(7 rows)


========================================
Epoch=4 Run=7 Phase=run Time=Tue Mar 24 07:54:22 UTC 2026
DB=ycsb
Key=user1000385178204227360
----------------------------------------
                                                         QUERY PLAN                                                         
----------------------------------------------------------------------------------------------------------------------------
 Index Scan using usertable_pkey on usertable  (cost=0.29..8.30 rows=1 width=772) (actual time=0.013..0.014 rows=1 loops=1)
   Index Cond: (ycsb_key = 'user1000385178204227360'::text)
   Buffers: shared hit=2 read=1
 Planning:
   Buffers: shared hit=161 read=3
 Planning Time: 0.355 ms
 Execution Time: 0.040 ms
(7 rows)


========================================
Epoch=4 Run=8 Phase=run Time=Tue Mar 24 08:07:44 UTC 2026
DB=ycsb
Key=user1000385178204227360
----------------------------------------
                                                         QUERY PLAN                                                         
----------------------------------------------------------------------------------------------------------------------------
 Index Scan using usertable_pkey on usertable  (cost=0.29..8.30 rows=1 width=707) (actual time=0.015..0.016 rows=1 loops=1)
   Index Cond: (ycsb_key = 'user1000385178204227360'::text)
   Buffers: shared hit=2 read=1
 Planning:
   Buffers: shared hit=143 read=3
 Planning Time: 0.325 ms
 Execution Time: 0.044 ms
(7 rows)


========================================
Epoch=4 Run=9 Phase=run Time=Tue Mar 24 08:21:01 UTC 2026
DB=ycsb
Key=user1000385178204227360
----------------------------------------
                                                         QUERY PLAN                                                         
----------------------------------------------------------------------------------------------------------------------------
 Index Scan using usertable_pkey on usertable  (cost=0.29..8.30 rows=1 width=651) (actual time=0.012..0.012 rows=1 loops=1)
   Index Cond: (ycsb_key = 'user1000385178204227360'::text)
   Buffers: shared hit=2 read=1
 Planning:
   Buffers: shared hit=135 read=3
 Planning Time: 0.313 ms
 Execution Time: 0.040 ms
(7 rows)


========================================
Epoch=4 Run=10 Phase=run Time=Tue Mar 24 08:34:30 UTC 2026
DB=ycsb
Key=user1000385178204227360
----------------------------------------
                                                         QUERY PLAN                                                         
----------------------------------------------------------------------------------------------------------------------------
 Index Scan using usertable_pkey on usertable  (cost=0.29..8.30 rows=1 width=594) (actual time=0.014..0.014 rows=1 loops=1)
   Index Cond: (ycsb_key = 'user1000385178204227360'::text)
   Buffers: shared hit=2 read=1
 Planning:
   Buffers: shared hit=125 read=3
 Planning Time: 0.320 ms
 Execution Time: 0.043 ms
(7 rows)


========================================
Epoch=5 Run=1 Phase=run Time=Tue Mar 24 08:48:40 UTC 2026
DB=ycsb
Key=user1000385178204227360
----------------------------------------
                                                         QUERY PLAN                                                         
----------------------------------------------------------------------------------------------------------------------------
 Index Scan using usertable_pkey on usertable  (cost=0.29..8.30 rows=1 width=539) (actual time=0.012..0.013 rows=1 loops=1)
   Index Cond: (ycsb_key = 'user1000385178204227360'::text)
   Buffers: shared hit=2 read=1
 Planning:
   Buffers: shared hit=122 read=3
 Planning Time: 0.302 ms
 Execution Time: 0.042 ms
(7 rows)


========================================
Epoch=5 Run=2 Phase=run Time=Tue Mar 24 09:03:14 UTC 2026
DB=ycsb
Key=user1000385178204227360
----------------------------------------
                                                         QUERY PLAN                                                         
----------------------------------------------------------------------------------------------------------------------------
 Index Scan using usertable_pkey on usertable  (cost=0.29..8.30 rows=1 width=485) (actual time=0.018..0.019 rows=1 loops=1)
   Index Cond: (ycsb_key = 'user1000385178204227360'::text)
   Buffers: shared hit=2 read=1
 Planning:
   Buffers: shared hit=122 read=3
 Planning Time: 0.304 ms
 Execution Time: 0.071 ms
(7 rows)


========================================
Epoch=5 Run=3 Phase=run Time=Tue Mar 24 09:17:42 UTC 2026
DB=ycsb
Key=user1000385178204227360
----------------------------------------
                                                         QUERY PLAN                                                         
----------------------------------------------------------------------------------------------------------------------------
 Index Scan using usertable_pkey on usertable  (cost=0.29..8.30 rows=1 width=436) (actual time=0.016..0.016 rows=1 loops=1)
   Index Cond: (ycsb_key = 'user1000385178204227360'::text)
   Buffers: shared hit=2 read=1
 Planning:
   Buffers: shared hit=122 read=3
 Planning Time: 0.281 ms
 Execution Time: 0.046 ms
(7 rows)


========================================
Epoch=5 Run=4 Phase=run Time=Tue Mar 24 09:32:14 UTC 2026
DB=ycsb
Key=user1000385178204227360
----------------------------------------
                                                         QUERY PLAN                                                         
----------------------------------------------------------------------------------------------------------------------------
 Index Scan using usertable_pkey on usertable  (cost=0.29..8.30 rows=1 width=396) (actual time=0.012..0.013 rows=1 loops=1)
   Index Cond: (ycsb_key = 'user1000385178204227360'::text)
   Buffers: shared hit=2 read=1
 Planning:
   Buffers: shared hit=122 read=3
 Planning Time: 0.281 ms
 Execution Time: 0.040 ms
(7 rows)


========================================
Epoch=5 Run=5 Phase=run Time=Tue Mar 24 09:48:08 UTC 2026
DB=ycsb
Key=user1000385178204227360
----------------------------------------
                                                         QUERY PLAN                                                         
----------------------------------------------------------------------------------------------------------------------------
 Index Scan using usertable_pkey on usertable  (cost=0.29..8.30 rows=1 width=360) (actual time=0.012..0.013 rows=1 loops=1)
   Index Cond: (ycsb_key = 'user1000385178204227360'::text)
   Buffers: shared hit=2 read=1
 Planning:
   Buffers: shared hit=122 read=3
 Planning Time: 0.302 ms
 Execution Time: 0.041 ms
(7 rows)


========================================
Epoch=5 Run=6 Phase=run Time=Tue Mar 24 10:03:45 UTC 2026
DB=ycsb
Key=user1000385178204227360
----------------------------------------
                                                         QUERY PLAN                                                         
----------------------------------------------------------------------------------------------------------------------------
 Index Scan using usertable_pkey on usertable  (cost=0.29..8.30 rows=1 width=330) (actual time=0.013..0.013 rows=1 loops=1)
   Index Cond: (ycsb_key = 'user1000385178204227360'::text)
   Buffers: shared hit=2 read=1
 Planning:
   Buffers: shared hit=122 read=3
 Planning Time: 0.271 ms
 Execution Time: 0.041 ms
(7 rows)


========================================
Epoch=5 Run=7 Phase=run Time=Tue Mar 24 10:19:44 UTC 2026
DB=ycsb
Key=user1000385178204227360
----------------------------------------
                                                         QUERY PLAN                                                         
----------------------------------------------------------------------------------------------------------------------------
 Index Scan using usertable_pkey on usertable  (cost=0.29..8.30 rows=1 width=303) (actual time=0.013..0.013 rows=1 loops=1)
   Index Cond: (ycsb_key = 'user1000385178204227360'::text)
   Buffers: shared hit=2 read=1
 Planning:
   Buffers: shared hit=122 read=3
 Planning Time: 0.282 ms
 Execution Time: 0.040 ms
(7 rows)


========================================
Epoch=5 Run=8 Phase=run Time=Tue Mar 24 10:35:45 UTC 2026
DB=ycsb
Key=user1000385178204227360
----------------------------------------
                                                         QUERY PLAN                                                         
----------------------------------------------------------------------------------------------------------------------------
 Index Scan using usertable_pkey on usertable  (cost=0.29..8.30 rows=1 width=278) (actual time=0.014..0.015 rows=1 loops=1)
   Index Cond: (ycsb_key = 'user1000385178204227360'::text)
   Buffers: shared hit=2 read=1
 Planning:
   Buffers: shared hit=122 read=3
 Planning Time: 0.314 ms
 Execution Time: 0.043 ms
(7 rows)


========================================
Epoch=5 Run=9 Phase=run Time=Tue Mar 24 10:53:01 UTC 2026
DB=ycsb
Key=user1000385178204227360
----------------------------------------
                                                         QUERY PLAN                                                         
----------------------------------------------------------------------------------------------------------------------------
 Index Scan using usertable_pkey on usertable  (cost=0.29..8.30 rows=1 width=263) (actual time=0.015..0.016 rows=1 loops=1)
   Index Cond: (ycsb_key = 'user1000385178204227360'::text)
   Buffers: shared hit=2 read=1
 Planning:
   Buffers: shared hit=122 read=3
 Planning Time: 0.766 ms
 Execution Time: 0.051 ms
(7 rows)


========================================
Epoch=5 Run=10 Phase=run Time=Tue Mar 24 11:11:11 UTC 2026
DB=ycsb
Key=user1000385178204227360
----------------------------------------
                                                         QUERY PLAN                                                         
----------------------------------------------------------------------------------------------------------------------------
 Index Scan using usertable_pkey on usertable  (cost=0.29..8.30 rows=1 width=248) (actual time=0.013..0.013 rows=1 loops=1)
   Index Cond: (ycsb_key = 'user1000385178204227360'::text)
   Buffers: shared hit=2 read=1
 Planning:
   Buffers: shared hit=122 read=3
 Planning Time: 0.307 ms
 Execution Time: 0.041 ms
(7 rows)


========================================
Epoch=6 Run=1 Phase=run Time=Tue Mar 24 11:30:15 UTC 2026
DB=ycsb
Key=user1000385178204227360
----------------------------------------
                                                         QUERY PLAN                                                         
----------------------------------------------------------------------------------------------------------------------------
 Index Scan using usertable_pkey on usertable  (cost=0.29..8.30 rows=1 width=237) (actual time=0.013..0.013 rows=1 loops=1)
   Index Cond: (ycsb_key = 'user1000385178204227360'::text)
   Buffers: shared hit=2 read=1
 Planning:
   Buffers: shared hit=122 read=3
 Planning Time: 1.070 ms
 Execution Time: 0.039 ms
(7 rows)


========================================
Epoch=6 Run=2 Phase=run Time=Tue Mar 24 11:48:18 UTC 2026
DB=ycsb
Key=user1000385178204227360
----------------------------------------
                                                         QUERY PLAN                                                         
----------------------------------------------------------------------------------------------------------------------------
 Index Scan using usertable_pkey on usertable  (cost=0.29..8.30 rows=1 width=225) (actual time=0.016..0.016 rows=1 loops=1)
   Index Cond: (ycsb_key = 'user1000385178204227360'::text)
   Buffers: shared hit=2 read=1
 Planning:
   Buffers: shared hit=122 read=3
 Planning Time: 1.557 ms
 Execution Time: 0.047 ms
(7 rows)


========================================
Epoch=6 Run=3 Phase=run Time=Tue Mar 24 12:06:26 UTC 2026
DB=ycsb
Key=user1000385178204227360
----------------------------------------
                                                         QUERY PLAN                                                         
----------------------------------------------------------------------------------------------------------------------------
 Index Scan using usertable_pkey on usertable  (cost=0.29..8.30 rows=1 width=217) (actual time=0.014..0.014 rows=1 loops=1)
   Index Cond: (ycsb_key = 'user1000385178204227360'::text)
   Buffers: shared hit=2 read=1
 Planning:
   Buffers: shared hit=122 read=3
 Planning Time: 1.052 ms
 Execution Time: 0.044 ms
(7 rows)


========================================
Epoch=6 Run=4 Phase=run Time=Tue Mar 24 12:25:46 UTC 2026
DB=ycsb
Key=user1000385178204227360
----------------------------------------
                                                         QUERY PLAN                                                         
----------------------------------------------------------------------------------------------------------------------------
 Index Scan using usertable_pkey on usertable  (cost=0.29..8.30 rows=1 width=215) (actual time=0.015..0.015 rows=1 loops=1)
   Index Cond: (ycsb_key = 'user1000385178204227360'::text)
   Buffers: shared hit=2 read=1
 Planning:
   Buffers: shared hit=122 read=3
 Planning Time: 1.828 ms
 Execution Time: 0.059 ms
(7 rows)


========================================
Epoch=6 Run=5 Phase=run Time=Tue Mar 24 12:45:24 UTC 2026
DB=ycsb
Key=user1000385178204227360
----------------------------------------
                                                         QUERY PLAN                                                         
----------------------------------------------------------------------------------------------------------------------------
 Index Scan using usertable_pkey on usertable  (cost=0.29..8.30 rows=1 width=209) (actual time=0.014..0.015 rows=1 loops=1)
   Index Cond: (ycsb_key = 'user1000385178204227360'::text)
   Buffers: shared hit=2 read=1
 Planning:
   Buffers: shared hit=122 read=3
 Planning Time: 2.067 ms
 Execution Time: 0.048 ms
(7 rows)


========================================
Epoch=6 Run=6 Phase=run Time=Tue Mar 24 13:04:41 UTC 2026
DB=ycsb
Key=user1000385178204227360
----------------------------------------
                                                         QUERY PLAN                                                         
----------------------------------------------------------------------------------------------------------------------------
 Index Scan using usertable_pkey on usertable  (cost=0.29..8.30 rows=1 width=207) (actual time=0.017..0.017 rows=1 loops=1)
   Index Cond: (ycsb_key = 'user1000385178204227360'::text)
   Buffers: shared hit=2 read=1
 Planning:
   Buffers: shared hit=122 read=3
 Planning Time: 1.868 ms
 Execution Time: 0.051 ms
(7 rows)


========================================
Epoch=6 Run=7 Phase=run Time=Tue Mar 24 13:25:20 UTC 2026
DB=ycsb
Key=user1000385178204227360
----------------------------------------
                                                         QUERY PLAN                                                         
----------------------------------------------------------------------------------------------------------------------------
 Index Scan using usertable_pkey on usertable  (cost=0.29..8.30 rows=1 width=206) (actual time=0.017..0.017 rows=1 loops=1)
   Index Cond: (ycsb_key = 'user1000385178204227360'::text)
   Buffers: shared hit=2 read=1
 Planning:
   Buffers: shared hit=122 read=3
 Planning Time: 1.456 ms
 Execution Time: 0.048 ms
(7 rows)


========================================
Epoch=6 Run=8 Phase=run Time=Tue Mar 24 13:46:08 UTC 2026
DB=ycsb
Key=user1000385178204227360
----------------------------------------
                                                         QUERY PLAN                                                         
----------------------------------------------------------------------------------------------------------------------------
 Index Scan using usertable_pkey on usertable  (cost=0.29..8.30 rows=1 width=203) (actual time=0.015..0.015 rows=1 loops=1)
   Index Cond: (ycsb_key = 'user1000385178204227360'::text)
   Buffers: shared hit=2 read=1
 Planning:
   Buffers: shared hit=122 read=3
 Planning Time: 1.102 ms
 Execution Time: 0.047 ms
(7 rows)


========================================
Epoch=6 Run=9 Phase=run Time=Tue Mar 24 14:07:08 UTC 2026
DB=ycsb
Key=user1000385178204227360
----------------------------------------
                                                         QUERY PLAN                                                         
----------------------------------------------------------------------------------------------------------------------------
 Index Scan using usertable_pkey on usertable  (cost=0.29..8.30 rows=1 width=203) (actual time=0.015..0.015 rows=1 loops=1)
   Index Cond: (ycsb_key = 'user1000385178204227360'::text)
   Buffers: shared hit=2 read=1
 Planning:
   Buffers: shared hit=122 read=3
 Planning Time: 1.475 ms
 Execution Time: 0.042 ms
(7 rows)


========================================
Epoch=6 Run=10 Phase=run Time=Tue Mar 24 14:29:11 UTC 2026
DB=ycsb
Key=user1000385178204227360
----------------------------------------
                                                         QUERY PLAN                                                         
----------------------------------------------------------------------------------------------------------------------------
 Index Scan using usertable_pkey on usertable  (cost=0.29..8.30 rows=1 width=203) (actual time=0.014..0.014 rows=1 loops=1)
   Index Cond: (ycsb_key = 'user1000385178204227360'::text)
   Buffers: shared hit=2 read=1
 Planning:
   Buffers: shared hit=122 read=3
 Planning Time: 1.623 ms
 Execution Time: 0.045 ms
(7 rows)


========================================
Epoch=7 Run=1 Phase=run Time=Tue Mar 24 14:51:44 UTC 2026
DB=ycsb
Key=user1000385178204227360
----------------------------------------
                                                         QUERY PLAN                                                         
----------------------------------------------------------------------------------------------------------------------------
 Index Scan using usertable_pkey on usertable  (cost=0.29..8.30 rows=1 width=203) (actual time=0.015..0.015 rows=1 loops=1)
   Index Cond: (ycsb_key = 'user1000385178204227360'::text)
   Buffers: shared hit=2 read=1
 Planning:
   Buffers: shared hit=122 read=3
 Planning Time: 1.454 ms
 Execution Time: 0.045 ms
(7 rows)


========================================
Epoch=7 Run=2 Phase=run Time=Tue Mar 24 15:15:04 UTC 2026
DB=ycsb
Key=user1000385178204227360
----------------------------------------
                                                         QUERY PLAN                                                         
----------------------------------------------------------------------------------------------------------------------------
 Index Scan using usertable_pkey on usertable  (cost=0.29..8.30 rows=1 width=203) (actual time=0.015..0.016 rows=1 loops=1)
   Index Cond: (ycsb_key = 'user1000385178204227360'::text)
   Buffers: shared hit=2 read=1
 Planning:
   Buffers: shared hit=122 read=3
 Planning Time: 0.915 ms
 Execution Time: 0.049 ms
(7 rows)


========================================
Epoch=7 Run=3 Phase=run Time=Tue Mar 24 15:38:11 UTC 2026
DB=ycsb
Key=user1000385178204227360
----------------------------------------
                                                         QUERY PLAN                                                         
----------------------------------------------------------------------------------------------------------------------------
 Index Scan using usertable_pkey on usertable  (cost=0.29..8.30 rows=1 width=203) (actual time=0.017..0.017 rows=1 loops=1)
   Index Cond: (ycsb_key = 'user1000385178204227360'::text)
   Buffers: shared hit=2 read=1
 Planning:
   Buffers: shared hit=122 read=3
 Planning Time: 1.440 ms
 Execution Time: 0.044 ms
(7 rows)


========================================
Epoch=7 Run=4 Phase=run Time=Tue Mar 24 16:01:09 UTC 2026
DB=ycsb
Key=user1000385178204227360
----------------------------------------
                                                         QUERY PLAN                                                         
----------------------------------------------------------------------------------------------------------------------------
 Index Scan using usertable_pkey on usertable  (cost=0.29..8.30 rows=1 width=203) (actual time=0.012..0.013 rows=1 loops=1)
   Index Cond: (ycsb_key = 'user1000385178204227360'::text)
   Buffers: shared hit=2 read=1
 Planning:
   Buffers: shared hit=122 read=3
 Planning Time: 1.583 ms
 Execution Time: 0.044 ms
(7 rows)


========================================
Epoch=7 Run=5 Phase=run Time=Tue Mar 24 16:25:18 UTC 2026
DB=ycsb
Key=user1000385178204227360
----------------------------------------
                                                         QUERY PLAN                                                         
----------------------------------------------------------------------------------------------------------------------------
 Index Scan using usertable_pkey on usertable  (cost=0.29..8.30 rows=1 width=203) (actual time=0.014..0.014 rows=1 loops=1)
   Index Cond: (ycsb_key = 'user1000385178204227360'::text)
   Buffers: shared hit=2 read=1
 Planning:
   Buffers: shared hit=122 read=3
 Planning Time: 1.872 ms
 Execution Time: 0.046 ms
(7 rows)


========================================
Epoch=7 Run=6 Phase=run Time=Tue Mar 24 16:51:20 UTC 2026
DB=ycsb
Key=user1000385178204227360
----------------------------------------
                                                         QUERY PLAN                                                         
----------------------------------------------------------------------------------------------------------------------------
 Index Scan using usertable_pkey on usertable  (cost=0.29..8.30 rows=1 width=203) (actual time=0.013..0.013 rows=1 loops=1)
   Index Cond: (ycsb_key = 'user1000385178204227360'::text)
   Buffers: shared hit=2 read=1
 Planning:
   Buffers: shared hit=122 read=3
 Planning Time: 1.418 ms
 Execution Time: 0.040 ms
(7 rows)


========================================
Epoch=7 Run=7 Phase=run Time=Tue Mar 24 17:18:03 UTC 2026
DB=ycsb
Key=user1000385178204227360
----------------------------------------
                                                         QUERY PLAN                                                         
----------------------------------------------------------------------------------------------------------------------------
 Index Scan using usertable_pkey on usertable  (cost=0.29..8.30 rows=1 width=203) (actual time=0.021..0.021 rows=1 loops=1)
   Index Cond: (ycsb_key = 'user1000385178204227360'::text)
   Buffers: shared hit=2 read=1
 Planning:
   Buffers: shared hit=122 read=3
 Planning Time: 24.811 ms
 Execution Time: 0.071 ms
(7 rows)


========================================
Epoch=7 Run=8 Phase=run Time=Tue Mar 24 17:46:03 UTC 2026
DB=ycsb
Key=user1000385178204227360
----------------------------------------
                                                         QUERY PLAN                                                         
----------------------------------------------------------------------------------------------------------------------------
 Index Scan using usertable_pkey on usertable  (cost=0.29..8.30 rows=1 width=203) (actual time=0.015..0.015 rows=1 loops=1)
   Index Cond: (ycsb_key = 'user1000385178204227360'::text)
   Buffers: shared hit=2 read=1
 Planning:
   Buffers: shared hit=122 read=3
 Planning Time: 1.453 ms
 Execution Time: 0.045 ms
(7 rows)


========================================
Epoch=7 Run=9 Phase=run Time=Tue Mar 24 18:14:06 UTC 2026
DB=ycsb
Key=user1000385178204227360
----------------------------------------
                                                         QUERY PLAN                                                         
----------------------------------------------------------------------------------------------------------------------------
 Index Scan using usertable_pkey on usertable  (cost=0.29..8.30 rows=1 width=203) (actual time=0.014..0.014 rows=1 loops=1)
   Index Cond: (ycsb_key = 'user1000385178204227360'::text)
   Buffers: shared hit=2 read=1
 Planning:
   Buffers: shared hit=122 read=3
 Planning Time: 2.051 ms
 Execution Time: 0.046 ms
(7 rows)


========================================
Epoch=7 Run=10 Phase=run Time=Tue Mar 24 18:42:53 UTC 2026
DB=ycsb
Key=user1000385178204227360
----------------------------------------
                                                         QUERY PLAN                                                         
----------------------------------------------------------------------------------------------------------------------------
 Index Scan using usertable_pkey on usertable  (cost=0.29..8.30 rows=1 width=203) (actual time=0.017..0.017 rows=1 loops=1)
   Index Cond: (ycsb_key = 'user1000385178204227360'::text)
   Buffers: shared hit=2 read=1
 Planning:
   Buffers: shared hit=122 read=3
 Planning Time: 2.844 ms
 Execution Time: 0.054 ms
(7 rows)


========================================
Epoch=8 Run=1 Phase=run Time=Tue Mar 24 19:11:20 UTC 2026
DB=ycsb
Key=user1000385178204227360
----------------------------------------
                                                         QUERY PLAN                                                         
----------------------------------------------------------------------------------------------------------------------------
 Index Scan using usertable_pkey on usertable  (cost=0.29..8.30 rows=1 width=203) (actual time=0.017..0.017 rows=1 loops=1)
   Index Cond: (ycsb_key = 'user1000385178204227360'::text)
   Buffers: shared hit=2 read=1
 Planning:
   Buffers: shared hit=122 read=3
 Planning Time: 0.809 ms
 Execution Time: 0.045 ms
(7 rows)


========================================
Epoch=8 Run=2 Phase=run Time=Tue Mar 24 19:39:45 UTC 2026
DB=ycsb
Key=user1000385178204227360
----------------------------------------
                                                         QUERY PLAN                                                         
----------------------------------------------------------------------------------------------------------------------------
 Index Scan using usertable_pkey on usertable  (cost=0.29..8.30 rows=1 width=203) (actual time=0.016..0.017 rows=1 loops=1)
   Index Cond: (ycsb_key = 'user1000385178204227360'::text)
   Buffers: shared hit=2 read=1
 Planning:
   Buffers: shared hit=122 read=3
 Planning Time: 2.049 ms
 Execution Time: 0.046 ms
(7 rows)


========================================
Epoch=8 Run=3 Phase=run Time=Tue Mar 24 20:08:18 UTC 2026
DB=ycsb
Key=user1000385178204227360
----------------------------------------
                                                         QUERY PLAN                                                         
----------------------------------------------------------------------------------------------------------------------------
 Index Scan using usertable_pkey on usertable  (cost=0.29..8.30 rows=1 width=203) (actual time=0.017..0.018 rows=1 loops=1)
   Index Cond: (ycsb_key = 'user1000385178204227360'::text)
   Buffers: shared hit=2 read=1
 Planning:
   Buffers: shared hit=122 read=3
 Planning Time: 0.810 ms
 Execution Time: 0.045 ms
(7 rows)


========================================
Epoch=8 Run=4 Phase=run Time=Tue Mar 24 20:36:46 UTC 2026
DB=ycsb
Key=user1000385178204227360
----------------------------------------
                                                         QUERY PLAN                                                         
----------------------------------------------------------------------------------------------------------------------------
 Index Scan using usertable_pkey on usertable  (cost=0.29..8.30 rows=1 width=203) (actual time=0.015..0.015 rows=1 loops=1)
   Index Cond: (ycsb_key = 'user1000385178204227360'::text)
   Buffers: shared hit=2 read=1
 Planning:
   Buffers: shared hit=122 read=3
 Planning Time: 1.954 ms
 Execution Time: 0.047 ms
(7 rows)


========================================
Epoch=8 Run=5 Phase=run Time=Tue Mar 24 21:05:08 UTC 2026
DB=ycsb
Key=user1000385178204227360
----------------------------------------
                                                         QUERY PLAN                                                         
----------------------------------------------------------------------------------------------------------------------------
 Index Scan using usertable_pkey on usertable  (cost=0.29..8.30 rows=1 width=203) (actual time=0.023..0.024 rows=1 loops=1)
   Index Cond: (ycsb_key = 'user1000385178204227360'::text)
   Buffers: shared hit=2 read=1
 Planning:
   Buffers: shared hit=122 read=3
 Planning Time: 27.259 ms
 Execution Time: 0.070 ms
(7 rows)


========================================
Epoch=8 Run=6 Phase=run Time=Tue Mar 24 21:37:15 UTC 2026
DB=ycsb
Key=user1000385178204227360
----------------------------------------
                                                         QUERY PLAN                                                         
----------------------------------------------------------------------------------------------------------------------------
 Index Scan using usertable_pkey on usertable  (cost=0.29..8.30 rows=1 width=203) (actual time=0.017..0.018 rows=1 loops=1)
   Index Cond: (ycsb_key = 'user1000385178204227360'::text)
   Buffers: shared hit=2 read=1
 Planning:
   Buffers: shared hit=122 read=3
 Planning Time: 1.254 ms
 Execution Time: 0.047 ms
(7 rows)


========================================
Epoch=8 Run=7 Phase=run Time=Tue Mar 24 22:07:00 UTC 2026
DB=ycsb
Key=user1000385178204227360
----------------------------------------
                                                         QUERY PLAN                                                         
----------------------------------------------------------------------------------------------------------------------------
 Index Scan using usertable_pkey on usertable  (cost=0.29..8.30 rows=1 width=203) (actual time=0.015..0.015 rows=1 loops=1)
   Index Cond: (ycsb_key = 'user1000385178204227360'::text)
   Buffers: shared hit=2 read=1
 Planning:
   Buffers: shared hit=122 read=3
 Planning Time: 1.659 ms
 Execution Time: 0.044 ms
(7 rows)


========================================
Epoch=8 Run=8 Phase=run Time=Tue Mar 24 22:38:10 UTC 2026
DB=ycsb
Key=user1000385178204227360
----------------------------------------
                                                         QUERY PLAN                                                         
----------------------------------------------------------------------------------------------------------------------------
 Index Scan using usertable_pkey on usertable  (cost=0.29..8.30 rows=1 width=203) (actual time=0.022..0.022 rows=1 loops=1)
   Index Cond: (ycsb_key = 'user1000385178204227360'::text)
   Buffers: shared hit=2 read=1
 Planning:
   Buffers: shared hit=122 read=3
 Planning Time: 1.857 ms
 Execution Time: 0.459 ms
(7 rows)


========================================
Epoch=8 Run=9 Phase=run Time=Tue Mar 24 23:08:50 UTC 2026
DB=ycsb
Key=user1000385178204227360
----------------------------------------
                                                         QUERY PLAN                                                         
----------------------------------------------------------------------------------------------------------------------------
 Index Scan using usertable_pkey on usertable  (cost=0.29..8.30 rows=1 width=203) (actual time=0.022..0.023 rows=1 loops=1)
   Index Cond: (ycsb_key = 'user1000385178204227360'::text)
   Buffers: shared hit=2 read=1
 Planning:
   Buffers: shared hit=122 read=3
 Planning Time: 0.935 ms
 Execution Time: 0.058 ms
(7 rows)


========================================
Epoch=8 Run=10 Phase=run Time=Tue Mar 24 23:41:10 UTC 2026
DB=ycsb
Key=user1000385178204227360
----------------------------------------
                                                         QUERY PLAN                                                         
----------------------------------------------------------------------------------------------------------------------------
 Index Scan using usertable_pkey on usertable  (cost=0.29..8.30 rows=1 width=203) (actual time=0.015..0.016 rows=1 loops=1)
   Index Cond: (ycsb_key = 'user1000385178204227360'::text)
   Buffers: shared hit=2 read=1
 Planning:
   Buffers: shared hit=122 read=3
 Planning Time: 2.050 ms
 Execution Time: 0.048 ms
(7 rows)


========================================
Epoch=9 Run=1 Phase=run Time=Wed Mar 25 00:14:56 UTC 2026
DB=ycsb
Key=user1000385178204227360
----------------------------------------
                                                         QUERY PLAN                                                         
----------------------------------------------------------------------------------------------------------------------------
 Index Scan using usertable_pkey on usertable  (cost=0.29..8.30 rows=1 width=203) (actual time=0.020..0.021 rows=1 loops=1)
   Index Cond: (ycsb_key = 'user1000385178204227360'::text)
   Buffers: shared hit=2 read=1
 Planning:
   Buffers: shared hit=122 read=3
 Planning Time: 0.940 ms
 Execution Time: 0.054 ms
(7 rows)


========================================
Epoch=9 Run=2 Phase=run Time=Wed Mar 25 00:46:45 UTC 2026
DB=ycsb
Key=user1000385178204227360
----------------------------------------
                                                         QUERY PLAN                                                         
----------------------------------------------------------------------------------------------------------------------------
 Index Scan using usertable_pkey on usertable  (cost=0.29..8.30 rows=1 width=203) (actual time=0.014..0.014 rows=1 loops=1)
   Index Cond: (ycsb_key = 'user1000385178204227360'::text)
   Buffers: shared hit=2 read=1
 Planning:
   Buffers: shared hit=122 read=3
 Planning Time: 2.102 ms
 Execution Time: 0.047 ms
(7 rows)


========================================
Epoch=9 Run=3 Phase=run Time=Wed Mar 25 01:21:40 UTC 2026
DB=ycsb
Key=user1000385178204227360
----------------------------------------
                                                         QUERY PLAN                                                         
----------------------------------------------------------------------------------------------------------------------------
 Index Scan using usertable_pkey on usertable  (cost=0.29..8.30 rows=1 width=203) (actual time=0.019..0.019 rows=1 loops=1)
   Index Cond: (ycsb_key = 'user1000385178204227360'::text)
   Buffers: shared hit=2 read=1
 Planning:
   Buffers: shared hit=122 read=3
 Planning Time: 1.817 ms
 Execution Time: 0.052 ms
(7 rows)


========================================
Epoch=9 Run=4 Phase=run Time=Wed Mar 25 01:52:49 UTC 2026
DB=ycsb
Key=user1000385178204227360
----------------------------------------
                                                         QUERY PLAN                                                         
----------------------------------------------------------------------------------------------------------------------------
 Index Scan using usertable_pkey on usertable  (cost=0.29..8.30 rows=1 width=203) (actual time=0.015..0.016 rows=1 loops=1)
   Index Cond: (ycsb_key = 'user1000385178204227360'::text)
   Buffers: shared hit=2 read=1
 Planning:
   Buffers: shared hit=122 read=3
 Planning Time: 2.136 ms
 Execution Time: 0.051 ms
(7 rows)


========================================
Epoch=9 Run=5 Phase=run Time=Wed Mar 25 02:27:04 UTC 2026
DB=ycsb
Key=user1000385178204227360
----------------------------------------
                                                         QUERY PLAN                                                         
----------------------------------------------------------------------------------------------------------------------------
 Index Scan using usertable_pkey on usertable  (cost=0.29..8.30 rows=1 width=203) (actual time=0.022..0.022 rows=1 loops=1)
   Index Cond: (ycsb_key = 'user1000385178204227360'::text)
   Buffers: shared hit=2 read=1
 Planning:
   Buffers: shared hit=122 read=3
 Planning Time: 2.080 ms
 Execution Time: 0.052 ms
(7 rows)


========================================
Epoch=9 Run=6 Phase=run Time=Wed Mar 25 02:59:44 UTC 2026
DB=ycsb
Key=user1000385178204227360
----------------------------------------
                                                         QUERY PLAN                                                         
----------------------------------------------------------------------------------------------------------------------------
 Index Scan using usertable_pkey on usertable  (cost=0.29..8.30 rows=1 width=203) (actual time=0.017..0.018 rows=1 loops=1)
   Index Cond: (ycsb_key = 'user1000385178204227360'::text)
   Buffers: shared hit=2 read=1
 Planning:
   Buffers: shared hit=122 read=3
 Planning Time: 2.052 ms
 Execution Time: 0.050 ms
(7 rows)


========================================
Epoch=9 Run=7 Phase=run Time=Wed Mar 25 03:35:10 UTC 2026
DB=ycsb
Key=user1000385178204227360
----------------------------------------
                                                         QUERY PLAN                                                         
----------------------------------------------------------------------------------------------------------------------------
 Index Scan using usertable_pkey on usertable  (cost=0.29..8.30 rows=1 width=203) (actual time=0.018..0.019 rows=1 loops=1)
   Index Cond: (ycsb_key = 'user1000385178204227360'::text)
   Buffers: shared hit=2 read=1
 Planning:
   Buffers: shared hit=122 read=3
 Planning Time: 1.520 ms
 Execution Time: 0.064 ms
(7 rows)


========================================
Epoch=9 Run=8 Phase=run Time=Wed Mar 25 04:09:29 UTC 2026
DB=ycsb
Key=user1000385178204227360
----------------------------------------
                                                         QUERY PLAN                                                         
----------------------------------------------------------------------------------------------------------------------------
 Index Scan using usertable_pkey on usertable  (cost=0.29..8.30 rows=1 width=203) (actual time=0.014..0.014 rows=1 loops=1)
   Index Cond: (ycsb_key = 'user1000385178204227360'::text)
   Buffers: shared hit=2 read=1
 Planning:
   Buffers: shared hit=122 read=3
 Planning Time: 1.610 ms
 Execution Time: 0.041 ms
(7 rows)


========================================
Epoch=9 Run=9 Phase=run Time=Wed Mar 25 04:42:46 UTC 2026
DB=ycsb
Key=user1000385178204227360
----------------------------------------
                                                         QUERY PLAN                                                         
----------------------------------------------------------------------------------------------------------------------------
 Index Scan using usertable_pkey on usertable  (cost=0.29..8.30 rows=1 width=203) (actual time=0.026..0.026 rows=1 loops=1)
   Index Cond: (ycsb_key = 'user1000385178204227360'::text)
   Buffers: shared hit=2 read=1
 Planning:
   Buffers: shared hit=122 read=3
 Planning Time: 0.951 ms
 Execution Time: 0.058 ms
(7 rows)


========================================
Epoch=9 Run=10 Phase=run Time=Wed Mar 25 05:16:44 UTC 2026
DB=ycsb
Key=user1000385178204227360
----------------------------------------
                                                         QUERY PLAN                                                         
----------------------------------------------------------------------------------------------------------------------------
 Index Scan using usertable_pkey on usertable  (cost=0.29..8.30 rows=1 width=203) (actual time=0.021..0.021 rows=1 loops=1)
   Index Cond: (ycsb_key = 'user1000385178204227360'::text)
   Buffers: shared hit=2 read=1
 Planning:
   Buffers: shared hit=122 read=3
 Planning Time: 2.068 ms
 Execution Time: 0.052 ms
(7 rows)


========================================
Epoch=10 Run=1 Phase=run Time=Wed Mar 25 05:51:39 UTC 2026
DB=ycsb
Key=user1000385178204227360
----------------------------------------
                                                         QUERY PLAN                                                         
----------------------------------------------------------------------------------------------------------------------------
 Index Scan using usertable_pkey on usertable  (cost=0.29..8.30 rows=1 width=203) (actual time=0.022..0.022 rows=1 loops=1)
   Index Cond: (ycsb_key = 'user1000385178204227360'::text)
   Buffers: shared hit=2 read=1
 Planning:
   Buffers: shared hit=122 read=3
 Planning Time: 3.253 ms
 Execution Time: 0.060 ms
(7 rows)


========================================
Epoch=10 Run=2 Phase=run Time=Wed Mar 25 06:26:13 UTC 2026
DB=ycsb
Key=user1000385178204227360
----------------------------------------
                                                         QUERY PLAN                                                         
----------------------------------------------------------------------------------------------------------------------------
 Index Scan using usertable_pkey on usertable  (cost=0.29..8.30 rows=1 width=203) (actual time=0.018..0.018 rows=1 loops=1)
   Index Cond: (ycsb_key = 'user1000385178204227360'::text)
   Buffers: shared hit=2 read=1
 Planning:
   Buffers: shared hit=122 read=3
 Planning Time: 1.461 ms
 Execution Time: 0.048 ms
(7 rows)


========================================
Epoch=10 Run=3 Phase=run Time=Wed Mar 25 07:02:43 UTC 2026
DB=ycsb
Key=user1000385178204227360
----------------------------------------
                                                         QUERY PLAN                                                         
----------------------------------------------------------------------------------------------------------------------------
 Index Scan using usertable_pkey on usertable  (cost=0.29..8.30 rows=1 width=203) (actual time=0.023..0.023 rows=1 loops=1)
   Index Cond: (ycsb_key = 'user1000385178204227360'::text)
   Buffers: shared hit=2 read=1
 Planning:
   Buffers: shared hit=122 read=3
 Planning Time: 2.172 ms
 Execution Time: 0.061 ms
(7 rows)


========================================
Epoch=10 Run=4 Phase=run Time=Wed Mar 25 07:40:33 UTC 2026
DB=ycsb
Key=user1000385178204227360
----------------------------------------
                                                         QUERY PLAN                                                         
----------------------------------------------------------------------------------------------------------------------------
 Index Scan using usertable_pkey on usertable  (cost=0.29..8.30 rows=1 width=203) (actual time=0.012..0.012 rows=1 loops=1)
   Index Cond: (ycsb_key = 'user1000385178204227360'::text)
   Buffers: shared hit=2 read=1
 Planning:
   Buffers: shared hit=122 read=3
 Planning Time: 2.078 ms
 Execution Time: 0.039 ms
(7 rows)


========================================
Epoch=10 Run=5 Phase=run Time=Wed Mar 25 08:17:29 UTC 2026
DB=ycsb
Key=user1000385178204227360
----------------------------------------
                                                         QUERY PLAN                                                         
----------------------------------------------------------------------------------------------------------------------------
 Index Scan using usertable_pkey on usertable  (cost=0.29..8.30 rows=1 width=203) (actual time=0.018..0.019 rows=1 loops=1)
   Index Cond: (ycsb_key = 'user1000385178204227360'::text)
   Buffers: shared hit=2 read=1
 Planning:
   Buffers: shared hit=122 read=3
 Planning Time: 2.124 ms
 Execution Time: 0.052 ms
(7 rows)


========================================
Epoch=10 Run=6 Phase=run Time=Wed Mar 25 08:54:45 UTC 2026
DB=ycsb
Key=user1000385178204227360
----------------------------------------
                                                         QUERY PLAN                                                         
----------------------------------------------------------------------------------------------------------------------------
 Index Scan using usertable_pkey on usertable  (cost=0.29..8.30 rows=1 width=203) (actual time=0.016..0.016 rows=1 loops=1)
   Index Cond: (ycsb_key = 'user1000385178204227360'::text)
   Buffers: shared hit=2 read=1
 Planning:
   Buffers: shared hit=122 read=3
 Planning Time: 2.030 ms
 Execution Time: 0.046 ms
(7 rows)


========================================
Epoch=10 Run=7 Phase=run Time=Wed Mar 25 09:32:48 UTC 2026
DB=ycsb
Key=user1000385178204227360
----------------------------------------
                                                         QUERY PLAN                                                         
----------------------------------------------------------------------------------------------------------------------------
 Index Scan using usertable_pkey on usertable  (cost=0.29..8.30 rows=1 width=203) (actual time=0.019..0.020 rows=1 loops=1)
   Index Cond: (ycsb_key = 'user1000385178204227360'::text)
   Buffers: shared hit=2 read=1
 Planning:
   Buffers: shared hit=122 read=3
 Planning Time: 2.087 ms
 Execution Time: 0.053 ms
(7 rows)


========================================
Epoch=10 Run=8 Phase=run Time=Wed Mar 25 10:11:08 UTC 2026
DB=ycsb
Key=user1000385178204227360
----------------------------------------
                                                         QUERY PLAN                                                         
----------------------------------------------------------------------------------------------------------------------------
 Index Scan using usertable_pkey on usertable  (cost=0.29..8.30 rows=1 width=203) (actual time=0.014..0.014 rows=1 loops=1)
   Index Cond: (ycsb_key = 'user1000385178204227360'::text)
   Buffers: shared hit=2 read=1
 Planning:
   Buffers: shared hit=122 read=3
 Planning Time: 0.887 ms
 Execution Time: 0.042 ms
(7 rows)


========================================
Epoch=10 Run=9 Phase=run Time=Wed Mar 25 10:51:57 UTC 2026
DB=ycsb
Key=user1000385178204227360
----------------------------------------
                                                         QUERY PLAN                                                         
----------------------------------------------------------------------------------------------------------------------------
 Index Scan using usertable_pkey on usertable  (cost=0.29..8.30 rows=1 width=203) (actual time=0.024..0.025 rows=1 loops=1)
   Index Cond: (ycsb_key = 'user1000385178204227360'::text)
   Buffers: shared hit=2 read=1
 Planning:
   Buffers: shared hit=122 read=3
 Planning Time: 13.917 ms
 Execution Time: 0.063 ms
(7 rows)


========================================
Epoch=10 Run=10 Phase=run Time=Wed Mar 25 11:30:36 UTC 2026
DB=ycsb
Key=user1000385178204227360
----------------------------------------
                                                         QUERY PLAN                                                         
----------------------------------------------------------------------------------------------------------------------------
 Index Scan using usertable_pkey on usertable  (cost=0.29..8.30 rows=1 width=203) (actual time=0.014..0.015 rows=1 loops=1)
   Index Cond: (ycsb_key = 'user1000385178204227360'::text)
   Buffers: shared hit=2 read=1
 Planning:
   Buffers: shared hit=122 read=3
 Planning Time: 2.048 ms
 Execution Time: 0.046 ms
(7 rows)


