=== QUERY PLAN 2026-02-07T23:07:43+11:00 | epoch=1 run=1 phase=run instance=ycsb uri=bolt://localhost:7687 ===
+---+
| n |
+---+
+---+

+-------------------------------------------------------------------------------------------------+
| Plan      | Statement   | Version | Planner | Runtime   | Time | DbHits | Rows | Memory (Bytes) |
+-------------------------------------------------------------------------------------------------+
| "PROFILE" | "READ_ONLY" | ""      | "COST"  | "SLOTTED" | 42   | 1      | 0    | 64             |
+-------------------------------------------------------------------------------------------------+


Planner COST

Runtime SLOTTED

Runtime version 5.19

+----------------------+----+-------------------------------------------------+----------------+------+---------+----------------+------------------------+
| Operator             | Id | Details                                         | Estimated Rows | Rows | DB Hits | Memory (Bytes) | Page Cache Hits/Misses |
+----------------------+----+-------------------------------------------------+----------------+------+---------+----------------+------------------------+
| +ProduceResults      |  0 | n                                               |              1 |    0 |       0 |              0 |                    0/0 |
| |                    +----+-------------------------------------------------+----------------+------+---------+----------------+------------------------+
| +Limit               |  1 | 1                                               |              1 |    0 |       0 |                |                    0/0 |
| |                    +----+-------------------------------------------------+----------------+------+---------+----------------+------------------------+
| +NodeUniqueIndexSeek |  2 | UNIQUE n:usertable(id) WHERE id = $autostring_0 |              1 |    0 |       1 |                |                    0/0 |
+----------------------+----+-------------------------------------------------+----------------+------+---------+----------------+------------------------+

Total database accesses: 1, total allocated memory: 64

0 rows
ready to start consuming query after 34 ms, results consumed after another 8 ms

=== QUERY PLAN 2026-02-07T23:08:37+11:00 | epoch=1 run=1 phase=clean-run instance=ycsb-backup uri=bolt://localhost:7787 ===
+---+
| n |
+---+
+---+

+-------------------------------------------------------------------------------------------------+
| Plan      | Statement   | Version | Planner | Runtime   | Time | DbHits | Rows | Memory (Bytes) |
+-------------------------------------------------------------------------------------------------+
| "PROFILE" | "READ_ONLY" | ""      | "COST"  | "SLOTTED" | 26   | 1      | 0    | 64             |
+-------------------------------------------------------------------------------------------------+


Planner COST

Runtime SLOTTED

Runtime version 5.19

+----------------------+----+-------------------------------------------------+----------------+------+---------+----------------+------------------------+
| Operator             | Id | Details                                         | Estimated Rows | Rows | DB Hits | Memory (Bytes) | Page Cache Hits/Misses |
+----------------------+----+-------------------------------------------------+----------------+------+---------+----------------+------------------------+
| +ProduceResults      |  0 | n                                               |              0 |    0 |       0 |              0 |                    0/0 |
| |                    +----+-------------------------------------------------+----------------+------+---------+----------------+------------------------+
| +Limit               |  1 | 1                                               |              0 |    0 |       0 |                |                    0/0 |
| |                    +----+-------------------------------------------------+----------------+------+---------+----------------+------------------------+
| +NodeUniqueIndexSeek |  2 | UNIQUE n:usertable(id) WHERE id = $autostring_0 |              0 |    0 |       1 |                |                    0/0 |
+----------------------+----+-------------------------------------------------+----------------+------+---------+----------------+------------------------+

Total database accesses: 1, total allocated memory: 64

0 rows
ready to start consuming query after 22 ms, results consumed after another 4 ms

=== QUERY PLAN 2026-02-07T23:09:13+11:00 | epoch=1 run=1 phase=avg-run instance=ycsb-backup uri=bolt://localhost:7787 ===
+---+
| n |
+---+
+---+

+-------------------------------------------------------------------------------------------------+
| Plan      | Statement   | Version | Planner | Runtime   | Time | DbHits | Rows | Memory (Bytes) |
+-------------------------------------------------------------------------------------------------+
| "PROFILE" | "READ_ONLY" | ""      | "COST"  | "SLOTTED" | 93   | 1      | 0    | 64             |
+-------------------------------------------------------------------------------------------------+


Planner COST

Runtime SLOTTED

Runtime version 5.19

+----------------------+----+-------------------------------------------------+----------------+------+---------+----------------+------------------------+
| Operator             | Id | Details                                         | Estimated Rows | Rows | DB Hits | Memory (Bytes) | Page Cache Hits/Misses |
+----------------------+----+-------------------------------------------------+----------------+------+---------+----------------+------------------------+
| +ProduceResults      |  0 | n                                               |              0 |    0 |       0 |              0 |                    0/0 |
| |                    +----+-------------------------------------------------+----------------+------+---------+----------------+------------------------+
| +Limit               |  1 | 1                                               |              0 |    0 |       0 |                |                    0/0 |
| |                    +----+-------------------------------------------------+----------------+------+---------+----------------+------------------------+
| +NodeUniqueIndexSeek |  2 | UNIQUE n:usertable(id) WHERE id = $autostring_0 |              0 |    0 |       1 |                |                    0/0 |
+----------------------+----+-------------------------------------------------+----------------+------+---------+----------------+------------------------+

Total database accesses: 1, total allocated memory: 64

0 rows
ready to start consuming query after 89 ms, results consumed after another 4 ms

