========================================
Epoch=1 Run=1 Phase=run Time=Fri Mar 27 03:01:11 UTC 2026
DB=ycsb
Key=user1000385178204227360
----------------------------------------
                                                         QUERY PLAN                                                          
-----------------------------------------------------------------------------------------------------------------------------
 Index Scan using usertable_pkey on usertable  (cost=0.28..8.29 rows=1 width=1752) (actual time=0.025..0.025 rows=1 loops=1)
   Index Cond: (ycsb_key = 'user1000385178204227360'::text)
   Buffers: shared hit=3
 Planning:
   Buffers: shared hit=171
 Planning Time: 0.859 ms
 Execution Time: 0.061 ms
(7 rows)


========================================
Epoch=1 Run=2 Phase=run Time=Fri Mar 27 03:06:44 UTC 2026
DB=ycsb
Key=user1000385178204227360
----------------------------------------
                                                         QUERY PLAN                                                          
-----------------------------------------------------------------------------------------------------------------------------
 Index Scan using usertable_pkey on usertable  (cost=0.28..8.29 rows=1 width=1808) (actual time=0.025..0.026 rows=1 loops=1)
   Index Cond: (ycsb_key = 'user1000385178204227360'::text)
   Buffers: shared hit=3
 Planning:
   Buffers: shared hit=189
 Planning Time: 0.998 ms
 Execution Time: 0.061 ms
(7 rows)


========================================
Epoch=1 Run=3 Phase=run Time=Fri Mar 27 03:12:21 UTC 2026
DB=ycsb
Key=user1000385178204227360
----------------------------------------
                                                         QUERY PLAN                                                          
-----------------------------------------------------------------------------------------------------------------------------
 Index Scan using usertable_pkey on usertable  (cost=0.28..8.29 rows=1 width=1760) (actual time=0.023..0.024 rows=1 loops=1)
   Index Cond: (ycsb_key = 'user1000385178204227360'::text)
   Buffers: shared hit=3
 Planning:
   Buffers: shared hit=217
 Planning Time: 1.190 ms
 Execution Time: 0.056 ms
(7 rows)


========================================
Epoch=1 Run=4 Phase=run Time=Fri Mar 27 03:18:07 UTC 2026
DB=ycsb
Key=user1000385178204227360
----------------------------------------
                                                         QUERY PLAN                                                          
-----------------------------------------------------------------------------------------------------------------------------
 Index Scan using usertable_pkey on usertable  (cost=0.28..8.29 rows=1 width=1772) (actual time=0.026..0.026 rows=1 loops=1)
   Index Cond: (ycsb_key = 'user1000385178204227360'::text)
   Buffers: shared hit=3
 Planning:
   Buffers: shared hit=234
 Planning Time: 1.453 ms
 Execution Time: 0.063 ms
(7 rows)


========================================
Epoch=1 Run=5 Phase=run Time=Fri Mar 27 03:23:47 UTC 2026
DB=ycsb
Key=user1000385178204227360
----------------------------------------
                                                         QUERY PLAN                                                          
-----------------------------------------------------------------------------------------------------------------------------
 Index Scan using usertable_pkey on usertable  (cost=0.28..8.29 rows=1 width=1581) (actual time=0.026..0.027 rows=1 loops=1)
   Index Cond: (ycsb_key = 'user1000385178204227360'::text)
   Buffers: shared hit=3
 Planning:
   Buffers: shared hit=247
 Planning Time: 1.678 ms
 Execution Time: 0.064 ms
(7 rows)


========================================
Epoch=1 Run=6 Phase=run Time=Fri Mar 27 03:29:19 UTC 2026
DB=ycsb
Key=user1000385178204227360
----------------------------------------
                                                         QUERY PLAN                                                          
-----------------------------------------------------------------------------------------------------------------------------
 Index Scan using usertable_pkey on usertable  (cost=0.28..8.29 rows=1 width=1752) (actual time=0.039..0.040 rows=1 loops=1)
   Index Cond: (ycsb_key = 'user1000385178204227360'::text)
   Buffers: shared hit=3
 Planning:
   Buffers: shared hit=270
 Planning Time: 1.745 ms
 Execution Time: 0.080 ms
(7 rows)


========================================
Epoch=1 Run=7 Phase=run Time=Fri Mar 27 03:34:51 UTC 2026
DB=ycsb
Key=user1000385178204227360
----------------------------------------
                                                         QUERY PLAN                                                          
-----------------------------------------------------------------------------------------------------------------------------
 Index Scan using usertable_pkey on usertable  (cost=0.28..8.29 rows=1 width=1256) (actual time=0.023..0.023 rows=1 loops=1)
   Index Cond: (ycsb_key = 'user1000385178204227360'::text)
   Buffers: shared hit=3
 Planning:
   Buffers: shared hit=282
 Planning Time: 1.824 ms
 Execution Time: 0.059 ms
(7 rows)


========================================
Epoch=1 Run=8 Phase=run Time=Fri Mar 27 03:40:21 UTC 2026
DB=ycsb
Key=user1000385178204227360
----------------------------------------
                                                         QUERY PLAN                                                          
-----------------------------------------------------------------------------------------------------------------------------
 Index Scan using usertable_pkey on usertable  (cost=0.28..8.30 rows=1 width=1348) (actual time=0.030..0.030 rows=1 loops=1)
   Index Cond: (ycsb_key = 'user1000385178204227360'::text)
   Buffers: shared hit=3
 Planning:
   Buffers: shared hit=164
 Planning Time: 0.742 ms
 Execution Time: 0.069 ms
(7 rows)


========================================
Epoch=1 Run=9 Phase=run Time=Fri Mar 27 03:45:33 UTC 2026
DB=ycsb
Key=user1000385178204227360
----------------------------------------
                                                         QUERY PLAN                                                          
-----------------------------------------------------------------------------------------------------------------------------
 Index Scan using usertable_pkey on usertable  (cost=0.28..8.29 rows=1 width=1483) (actual time=0.025..0.025 rows=1 loops=1)
   Index Cond: (ycsb_key = 'user1000385178204227360'::text)
   Buffers: shared hit=3
 Planning:
   Buffers: shared hit=125
 Planning Time: 0.477 ms
 Execution Time: 0.060 ms
(7 rows)


========================================
Epoch=1 Run=10 Phase=run Time=Fri Mar 27 03:50:46 UTC 2026
DB=ycsb
Key=user1000385178204227360
----------------------------------------
                                                         QUERY PLAN                                                          
-----------------------------------------------------------------------------------------------------------------------------
 Index Scan using usertable_pkey on usertable  (cost=0.28..8.29 rows=1 width=1637) (actual time=0.027..0.028 rows=1 loops=1)
   Index Cond: (ycsb_key = 'user1000385178204227360'::text)
   Buffers: shared hit=3
 Planning:
   Buffers: shared hit=127
 Planning Time: 0.466 ms
 Execution Time: 0.060 ms
(7 rows)


========================================
Epoch=2 Run=1 Phase=run Time=Fri Mar 27 03:55:52 UTC 2026
DB=ycsb
Key=user1000385178204227360
----------------------------------------
                                                         QUERY PLAN                                                          
-----------------------------------------------------------------------------------------------------------------------------
 Index Scan using usertable_pkey on usertable  (cost=0.28..8.29 rows=1 width=1741) (actual time=0.027..0.028 rows=1 loops=1)
   Index Cond: (ycsb_key = 'user1000385178204227360'::text)
   Buffers: shared hit=3
 Planning:
   Buffers: shared hit=125
 Planning Time: 0.557 ms
 Execution Time: 0.066 ms
(7 rows)


========================================
Epoch=2 Run=2 Phase=run Time=Fri Mar 27 04:01:07 UTC 2026
DB=ycsb
Key=user1000385178204227360
----------------------------------------
                                                         QUERY PLAN                                                          
-----------------------------------------------------------------------------------------------------------------------------
 Index Scan using usertable_pkey on usertable  (cost=0.28..8.30 rows=1 width=1706) (actual time=0.028..0.028 rows=1 loops=1)
   Index Cond: (ycsb_key = 'user1000385178204227360'::text)
   Buffers: shared hit=3
 Planning:
   Buffers: shared hit=125
 Planning Time: 0.543 ms
 Execution Time: 0.065 ms
(7 rows)


========================================
Epoch=2 Run=3 Phase=run Time=Fri Mar 27 04:06:19 UTC 2026
DB=ycsb
Key=user1000385178204227360
----------------------------------------
                                                         QUERY PLAN                                                         
----------------------------------------------------------------------------------------------------------------------------
 Index Scan using usertable_pkey on usertable  (cost=0.28..8.29 rows=1 width=819) (actual time=0.025..0.026 rows=1 loops=1)
   Index Cond: (ycsb_key = 'user1000385178204227360'::text)
   Buffers: shared hit=3
 Planning:
   Buffers: shared hit=125
 Planning Time: 0.542 ms
 Execution Time: 0.062 ms
(7 rows)


========================================
Epoch=2 Run=4 Phase=run Time=Fri Mar 27 04:11:48 UTC 2026
DB=ycsb
Key=user1000385178204227360
----------------------------------------
                                                         QUERY PLAN                                                         
----------------------------------------------------------------------------------------------------------------------------
 Index Scan using usertable_pkey on usertable  (cost=0.28..8.29 rows=1 width=233) (actual time=0.028..0.028 rows=1 loops=1)
   Index Cond: (ycsb_key = 'user1000385178204227360'::text)
   Buffers: shared hit=3
 Planning:
   Buffers: shared hit=125
 Planning Time: 0.561 ms
 Execution Time: 0.063 ms
(7 rows)


========================================
Epoch=2 Run=5 Phase=run Time=Fri Mar 27 04:16:59 UTC 2026
DB=ycsb
Key=user1000385178204227360
----------------------------------------
                                                         QUERY PLAN                                                         
----------------------------------------------------------------------------------------------------------------------------
 Index Scan using usertable_pkey on usertable  (cost=0.28..8.29 rows=1 width=203) (actual time=0.026..0.027 rows=1 loops=1)
   Index Cond: (ycsb_key = 'user1000385178204227360'::text)
   Buffers: shared hit=3
 Planning:
   Buffers: shared hit=129
 Planning Time: 0.564 ms
 Execution Time: 0.065 ms
(7 rows)


========================================
Epoch=2 Run=6 Phase=run Time=Fri Mar 27 04:22:12 UTC 2026
DB=ycsb
Key=user1000385178204227360
----------------------------------------
                                                         QUERY PLAN                                                         
----------------------------------------------------------------------------------------------------------------------------
 Index Scan using usertable_pkey on usertable  (cost=0.28..8.29 rows=1 width=203) (actual time=0.024..0.024 rows=1 loops=1)
   Index Cond: (ycsb_key = 'user1000385178204227360'::text)
   Buffers: shared hit=3
 Planning:
   Buffers: shared hit=125
 Planning Time: 0.521 ms
 Execution Time: 0.062 ms
(7 rows)


========================================
Epoch=2 Run=7 Phase=run Time=Fri Mar 27 04:27:18 UTC 2026
DB=ycsb
Key=user1000385178204227360
----------------------------------------
                                                         QUERY PLAN                                                         
----------------------------------------------------------------------------------------------------------------------------
 Index Scan using usertable_pkey on usertable  (cost=0.28..8.29 rows=1 width=204) (actual time=0.024..0.024 rows=1 loops=1)
   Index Cond: (ycsb_key = 'user1000385178204227360'::text)
   Buffers: shared hit=3
 Planning:
   Buffers: shared hit=125
 Planning Time: 0.526 ms
 Execution Time: 0.059 ms
(7 rows)


========================================
Epoch=2 Run=8 Phase=run Time=Fri Mar 27 04:32:35 UTC 2026
DB=ycsb
Key=user1000385178204227360
----------------------------------------
                                                         QUERY PLAN                                                         
----------------------------------------------------------------------------------------------------------------------------
 Index Scan using usertable_pkey on usertable  (cost=0.28..8.29 rows=1 width=203) (actual time=0.024..0.025 rows=1 loops=1)
   Index Cond: (ycsb_key = 'user1000385178204227360'::text)
   Buffers: shared hit=3
 Planning:
   Buffers: shared hit=125
 Planning Time: 0.494 ms
 Execution Time: 0.089 ms
(7 rows)


========================================
Epoch=2 Run=9 Phase=run Time=Fri Mar 27 04:38:05 UTC 2026
DB=ycsb
Key=user1000385178204227360
----------------------------------------
                                                         QUERY PLAN                                                         
----------------------------------------------------------------------------------------------------------------------------
 Index Scan using usertable_pkey on usertable  (cost=0.28..8.29 rows=1 width=203) (actual time=0.028..0.028 rows=1 loops=1)
   Index Cond: (ycsb_key = 'user1000385178204227360'::text)
   Buffers: shared hit=3
 Planning:
   Buffers: shared hit=125
 Planning Time: 0.540 ms
 Execution Time: 0.066 ms
(7 rows)


========================================
Epoch=2 Run=10 Phase=run Time=Fri Mar 27 04:43:27 UTC 2026
DB=ycsb
Key=user1000385178204227360
----------------------------------------
                                                         QUERY PLAN                                                         
----------------------------------------------------------------------------------------------------------------------------
 Index Scan using usertable_pkey on usertable  (cost=0.28..8.29 rows=1 width=203) (actual time=0.026..0.027 rows=1 loops=1)
   Index Cond: (ycsb_key = 'user1000385178204227360'::text)
   Buffers: shared hit=3
 Planning:
   Buffers: shared hit=125
 Planning Time: 0.550 ms
 Execution Time: 0.062 ms
(7 rows)


========================================
Epoch=3 Run=1 Phase=run Time=Fri Mar 27 04:48:49 UTC 2026
DB=ycsb
Key=user1000385178204227360
----------------------------------------
                                                         QUERY PLAN                                                         
----------------------------------------------------------------------------------------------------------------------------
 Index Scan using usertable_pkey on usertable  (cost=0.28..8.29 rows=1 width=203) (actual time=0.027..0.028 rows=1 loops=1)
   Index Cond: (ycsb_key = 'user1000385178204227360'::text)
   Buffers: shared hit=3
 Planning:
   Buffers: shared hit=125
 Planning Time: 0.558 ms
 Execution Time: 0.066 ms
(7 rows)


========================================
Epoch=3 Run=2 Phase=run Time=Fri Mar 27 04:54:08 UTC 2026
DB=ycsb
Key=user1000385178204227360
----------------------------------------
                                                         QUERY PLAN                                                         
----------------------------------------------------------------------------------------------------------------------------
 Index Scan using usertable_pkey on usertable  (cost=0.28..8.29 rows=1 width=203) (actual time=0.024..0.025 rows=1 loops=1)
   Index Cond: (ycsb_key = 'user1000385178204227360'::text)
   Buffers: shared hit=3
 Planning:
   Buffers: shared hit=125
 Planning Time: 0.542 ms
 Execution Time: 0.061 ms
(7 rows)


========================================
Epoch=3 Run=3 Phase=run Time=Fri Mar 27 04:59:33 UTC 2026
DB=ycsb
Key=user1000385178204227360
----------------------------------------
                                                         QUERY PLAN                                                         
----------------------------------------------------------------------------------------------------------------------------
 Index Scan using usertable_pkey on usertable  (cost=0.28..8.29 rows=1 width=203) (actual time=0.026..0.026 rows=1 loops=1)
   Index Cond: (ycsb_key = 'user1000385178204227360'::text)
   Buffers: shared hit=3
 Planning:
   Buffers: shared hit=125
 Planning Time: 0.597 ms
 Execution Time: 0.064 ms
(7 rows)


========================================
Epoch=3 Run=4 Phase=run Time=Fri Mar 27 05:04:58 UTC 2026
DB=ycsb
Key=user1000385178204227360
----------------------------------------
                                                         QUERY PLAN                                                         
----------------------------------------------------------------------------------------------------------------------------
 Index Scan using usertable_pkey on usertable  (cost=0.28..8.29 rows=1 width=203) (actual time=0.021..0.022 rows=1 loops=1)
   Index Cond: (ycsb_key = 'user1000385178204227360'::text)
   Buffers: shared hit=3
 Planning:
   Buffers: shared hit=125
 Planning Time: 0.516 ms
 Execution Time: 0.059 ms
(7 rows)


========================================
Epoch=3 Run=5 Phase=run Time=Fri Mar 27 05:10:31 UTC 2026
DB=ycsb
Key=user1000385178204227360
----------------------------------------
                                                         QUERY PLAN                                                         
----------------------------------------------------------------------------------------------------------------------------
 Index Scan using usertable_pkey on usertable  (cost=0.28..8.29 rows=1 width=203) (actual time=0.028..0.028 rows=1 loops=1)
   Index Cond: (ycsb_key = 'user1000385178204227360'::text)
   Buffers: shared hit=3
 Planning:
   Buffers: shared hit=125
 Planning Time: 0.565 ms
 Execution Time: 0.066 ms
(7 rows)


========================================
Epoch=3 Run=6 Phase=run Time=Fri Mar 27 05:16:03 UTC 2026
DB=ycsb
Key=user1000385178204227360
----------------------------------------
                                                         QUERY PLAN                                                         
----------------------------------------------------------------------------------------------------------------------------
 Index Scan using usertable_pkey on usertable  (cost=0.28..8.29 rows=1 width=203) (actual time=0.026..0.026 rows=1 loops=1)
   Index Cond: (ycsb_key = 'user1000385178204227360'::text)
   Buffers: shared hit=3
 Planning:
   Buffers: shared hit=125
 Planning Time: 0.555 ms
 Execution Time: 0.062 ms
(7 rows)


========================================
Epoch=3 Run=7 Phase=run Time=Fri Mar 27 05:21:36 UTC 2026
DB=ycsb
Key=user1000385178204227360
----------------------------------------
                                                         QUERY PLAN                                                         
----------------------------------------------------------------------------------------------------------------------------
 Index Scan using usertable_pkey on usertable  (cost=0.28..8.29 rows=1 width=203) (actual time=0.026..0.026 rows=1 loops=1)
   Index Cond: (ycsb_key = 'user1000385178204227360'::text)
   Buffers: shared hit=3
 Planning:
   Buffers: shared hit=125
 Planning Time: 0.513 ms
 Execution Time: 0.061 ms
(7 rows)


========================================
Epoch=3 Run=8 Phase=run Time=Fri Mar 27 05:27:14 UTC 2026
DB=ycsb
Key=user1000385178204227360
----------------------------------------
                                                         QUERY PLAN                                                         
----------------------------------------------------------------------------------------------------------------------------
 Index Scan using usertable_pkey on usertable  (cost=0.28..8.29 rows=1 width=203) (actual time=0.027..0.027 rows=1 loops=1)
   Index Cond: (ycsb_key = 'user1000385178204227360'::text)
   Buffers: shared hit=3
 Planning:
   Buffers: shared hit=125
 Planning Time: 0.540 ms
 Execution Time: 0.066 ms
(7 rows)


========================================
Epoch=3 Run=9 Phase=run Time=Fri Mar 27 05:33:01 UTC 2026
DB=ycsb
Key=user1000385178204227360
----------------------------------------
                                                         QUERY PLAN                                                         
----------------------------------------------------------------------------------------------------------------------------
 Index Scan using usertable_pkey on usertable  (cost=0.28..8.29 rows=1 width=204) (actual time=0.026..0.027 rows=1 loops=1)
   Index Cond: (ycsb_key = 'user1000385178204227360'::text)
   Buffers: shared hit=3
 Planning:
   Buffers: shared hit=125
 Planning Time: 0.590 ms
 Execution Time: 0.065 ms
(7 rows)


========================================
Epoch=3 Run=10 Phase=run Time=Fri Mar 27 05:38:49 UTC 2026
DB=ycsb
Key=user1000385178204227360
----------------------------------------
                                                         QUERY PLAN                                                         
----------------------------------------------------------------------------------------------------------------------------
 Index Scan using usertable_pkey on usertable  (cost=0.28..8.29 rows=1 width=203) (actual time=0.028..0.029 rows=1 loops=1)
   Index Cond: (ycsb_key = 'user1000385178204227360'::text)
   Buffers: shared hit=3
 Planning:
   Buffers: shared hit=125
 Planning Time: 0.594 ms
 Execution Time: 0.067 ms
(7 rows)


========================================
Epoch=4 Run=1 Phase=run Time=Fri Mar 27 05:44:39 UTC 2026
DB=ycsb
Key=user1000385178204227360
----------------------------------------
                                                         QUERY PLAN                                                         
----------------------------------------------------------------------------------------------------------------------------
 Index Scan using usertable_pkey on usertable  (cost=0.28..8.29 rows=1 width=203) (actual time=0.025..0.026 rows=1 loops=1)
   Index Cond: (ycsb_key = 'user1000385178204227360'::text)
   Buffers: shared hit=3
 Planning:
   Buffers: shared hit=125
 Planning Time: 0.530 ms
 Execution Time: 0.061 ms
(7 rows)


========================================
Epoch=4 Run=2 Phase=run Time=Fri Mar 27 05:50:28 UTC 2026
DB=ycsb
Key=user1000385178204227360
----------------------------------------
                                                         QUERY PLAN                                                         
----------------------------------------------------------------------------------------------------------------------------
 Index Scan using usertable_pkey on usertable  (cost=0.28..8.29 rows=1 width=203) (actual time=0.022..0.022 rows=1 loops=1)
   Index Cond: (ycsb_key = 'user1000385178204227360'::text)
   Buffers: shared hit=3
 Planning:
   Buffers: shared hit=125
 Planning Time: 0.486 ms
 Execution Time: 0.055 ms
(7 rows)


========================================
Epoch=4 Run=3 Phase=run Time=Fri Mar 27 05:56:22 UTC 2026
DB=ycsb
Key=user1000385178204227360
----------------------------------------
                                                         QUERY PLAN                                                         
----------------------------------------------------------------------------------------------------------------------------
 Index Scan using usertable_pkey on usertable  (cost=0.28..8.29 rows=1 width=203) (actual time=0.026..0.027 rows=1 loops=1)
   Index Cond: (ycsb_key = 'user1000385178204227360'::text)
   Buffers: shared hit=3
 Planning:
   Buffers: shared hit=125
 Planning Time: 0.592 ms
 Execution Time: 0.064 ms
(7 rows)


========================================
Epoch=4 Run=4 Phase=run Time=Fri Mar 27 06:02:18 UTC 2026
DB=ycsb
Key=user1000385178204227360
----------------------------------------
                                                         QUERY PLAN                                                         
----------------------------------------------------------------------------------------------------------------------------
 Index Scan using usertable_pkey on usertable  (cost=0.28..8.29 rows=1 width=203) (actual time=0.025..0.026 rows=1 loops=1)
   Index Cond: (ycsb_key = 'user1000385178204227360'::text)
   Buffers: shared hit=3
 Planning:
   Buffers: shared hit=125
 Planning Time: 0.519 ms
 Execution Time: 0.061 ms
(7 rows)


========================================
Epoch=4 Run=5 Phase=run Time=Fri Mar 27 06:08:18 UTC 2026
DB=ycsb
Key=user1000385178204227360
----------------------------------------
                                                         QUERY PLAN                                                         
----------------------------------------------------------------------------------------------------------------------------
 Index Scan using usertable_pkey on usertable  (cost=0.28..8.29 rows=1 width=203) (actual time=0.025..0.025 rows=1 loops=1)
   Index Cond: (ycsb_key = 'user1000385178204227360'::text)
   Buffers: shared hit=3
 Planning:
   Buffers: shared hit=125
 Planning Time: 0.519 ms
 Execution Time: 0.062 ms
(7 rows)


========================================
Epoch=4 Run=6 Phase=run Time=Fri Mar 27 06:14:04 UTC 2026
DB=ycsb
Key=user1000385178204227360
----------------------------------------
                                                         QUERY PLAN                                                         
----------------------------------------------------------------------------------------------------------------------------
 Index Scan using usertable_pkey on usertable  (cost=0.28..8.29 rows=1 width=203) (actual time=0.025..0.025 rows=1 loops=1)
   Index Cond: (ycsb_key = 'user1000385178204227360'::text)
   Buffers: shared hit=3
 Planning:
   Buffers: shared hit=125
 Planning Time: 0.555 ms
 Execution Time: 0.060 ms
(7 rows)


========================================
Epoch=4 Run=7 Phase=run Time=Fri Mar 27 06:19:56 UTC 2026
DB=ycsb
Key=user1000385178204227360
----------------------------------------
                                                         QUERY PLAN                                                         
----------------------------------------------------------------------------------------------------------------------------
 Index Scan using usertable_pkey on usertable  (cost=0.28..8.29 rows=1 width=203) (actual time=0.022..0.023 rows=1 loops=1)
   Index Cond: (ycsb_key = 'user1000385178204227360'::text)
   Buffers: shared hit=3
 Planning:
   Buffers: shared hit=125
 Planning Time: 0.497 ms
 Execution Time: 0.056 ms
(7 rows)


========================================
Epoch=4 Run=8 Phase=run Time=Fri Mar 27 06:25:55 UTC 2026
DB=ycsb
Key=user1000385178204227360
----------------------------------------
                                                         QUERY PLAN                                                         
----------------------------------------------------------------------------------------------------------------------------
 Index Scan using usertable_pkey on usertable  (cost=0.28..8.29 rows=1 width=204) (actual time=0.027..0.028 rows=1 loops=1)
   Index Cond: (ycsb_key = 'user1000385178204227360'::text)
   Buffers: shared hit=3
 Planning:
   Buffers: shared hit=125
 Planning Time: 0.579 ms
 Execution Time: 0.065 ms
(7 rows)


========================================
Epoch=4 Run=9 Phase=run Time=Fri Mar 27 06:31:52 UTC 2026
DB=ycsb
Key=user1000385178204227360
----------------------------------------
                                                         QUERY PLAN                                                         
----------------------------------------------------------------------------------------------------------------------------
 Index Scan using usertable_pkey on usertable  (cost=0.28..8.29 rows=1 width=203) (actual time=0.025..0.025 rows=1 loops=1)
   Index Cond: (ycsb_key = 'user1000385178204227360'::text)
   Buffers: shared hit=3
 Planning:
   Buffers: shared hit=125
 Planning Time: 0.532 ms
 Execution Time: 0.061 ms
(7 rows)


========================================
Epoch=4 Run=10 Phase=run Time=Fri Mar 27 06:37:49 UTC 2026
DB=ycsb
Key=user1000385178204227360
----------------------------------------
                                                         QUERY PLAN                                                         
----------------------------------------------------------------------------------------------------------------------------
 Index Scan using usertable_pkey on usertable  (cost=0.28..8.29 rows=1 width=203) (actual time=0.025..0.026 rows=1 loops=1)
   Index Cond: (ycsb_key = 'user1000385178204227360'::text)
   Buffers: shared hit=3
 Planning:
   Buffers: shared hit=125
 Planning Time: 0.583 ms
 Execution Time: 0.064 ms
(7 rows)


========================================
Epoch=5 Run=1 Phase=run Time=Fri Mar 27 06:44:00 UTC 2026
DB=ycsb
Key=user1000385178204227360
----------------------------------------
                                                         QUERY PLAN                                                         
----------------------------------------------------------------------------------------------------------------------------
 Index Scan using usertable_pkey on usertable  (cost=0.28..8.29 rows=1 width=203) (actual time=0.025..0.025 rows=1 loops=1)
   Index Cond: (ycsb_key = 'user1000385178204227360'::text)
   Buffers: shared hit=3
 Planning:
   Buffers: shared hit=125
 Planning Time: 0.560 ms
 Execution Time: 0.063 ms
(7 rows)


========================================
Epoch=5 Run=2 Phase=run Time=Fri Mar 27 06:50:06 UTC 2026
DB=ycsb
Key=user1000385178204227360
----------------------------------------
                                                         QUERY PLAN                                                         
----------------------------------------------------------------------------------------------------------------------------
 Index Scan using usertable_pkey on usertable  (cost=0.28..8.29 rows=1 width=203) (actual time=0.027..0.027 rows=1 loops=1)
   Index Cond: (ycsb_key = 'user1000385178204227360'::text)
   Buffers: shared hit=3
 Planning:
   Buffers: shared hit=125
 Planning Time: 0.568 ms
 Execution Time: 0.064 ms
(7 rows)


========================================
Epoch=5 Run=3 Phase=run Time=Fri Mar 27 06:56:14 UTC 2026
DB=ycsb
Key=user1000385178204227360
----------------------------------------
                                                         QUERY PLAN                                                         
----------------------------------------------------------------------------------------------------------------------------
 Index Scan using usertable_pkey on usertable  (cost=0.28..8.29 rows=1 width=203) (actual time=0.025..0.025 rows=1 loops=1)
   Index Cond: (ycsb_key = 'user1000385178204227360'::text)
   Buffers: shared hit=3
 Planning:
   Buffers: shared hit=125
 Planning Time: 0.494 ms
 Execution Time: 0.060 ms
(7 rows)


========================================
Epoch=5 Run=4 Phase=run Time=Fri Mar 27 07:02:32 UTC 2026
DB=ycsb
Key=user1000385178204227360
----------------------------------------
                                                         QUERY PLAN                                                         
----------------------------------------------------------------------------------------------------------------------------
 Index Scan using usertable_pkey on usertable  (cost=0.28..8.29 rows=1 width=204) (actual time=0.026..0.027 rows=1 loops=1)
   Index Cond: (ycsb_key = 'user1000385178204227360'::text)
   Buffers: shared hit=3
 Planning:
   Buffers: shared hit=125
 Planning Time: 0.515 ms
 Execution Time: 0.062 ms
(7 rows)


========================================
Epoch=5 Run=5 Phase=run Time=Fri Mar 27 07:08:51 UTC 2026
DB=ycsb
Key=user1000385178204227360
----------------------------------------
                                                         QUERY PLAN                                                         
----------------------------------------------------------------------------------------------------------------------------
 Index Scan using usertable_pkey on usertable  (cost=0.28..8.29 rows=1 width=203) (actual time=0.028..0.029 rows=1 loops=1)
   Index Cond: (ycsb_key = 'user1000385178204227360'::text)
   Buffers: shared hit=3
 Planning:
   Buffers: shared hit=125
 Planning Time: 0.547 ms
 Execution Time: 0.066 ms
(7 rows)


========================================
Epoch=5 Run=6 Phase=run Time=Fri Mar 27 07:15:14 UTC 2026
DB=ycsb
Key=user1000385178204227360
----------------------------------------
                                                         QUERY PLAN                                                         
----------------------------------------------------------------------------------------------------------------------------
 Index Scan using usertable_pkey on usertable  (cost=0.28..8.29 rows=1 width=203) (actual time=0.025..0.026 rows=1 loops=1)
   Index Cond: (ycsb_key = 'user1000385178204227360'::text)
   Buffers: shared hit=3
 Planning:
   Buffers: shared hit=125
 Planning Time: 0.534 ms
 Execution Time: 0.063 ms
(7 rows)


========================================
Epoch=5 Run=7 Phase=run Time=Fri Mar 27 07:21:40 UTC 2026
DB=ycsb
Key=user1000385178204227360
----------------------------------------
                                                         QUERY PLAN                                                         
----------------------------------------------------------------------------------------------------------------------------
 Index Scan using usertable_pkey on usertable  (cost=0.28..8.29 rows=1 width=203) (actual time=0.023..0.024 rows=1 loops=1)
   Index Cond: (ycsb_key = 'user1000385178204227360'::text)
   Buffers: shared hit=3
 Planning:
   Buffers: shared hit=125
 Planning Time: 0.560 ms
 Execution Time: 0.058 ms
(7 rows)


========================================
Epoch=5 Run=8 Phase=run Time=Fri Mar 27 07:27:56 UTC 2026
DB=ycsb
Key=user1000385178204227360
----------------------------------------
                                                         QUERY PLAN                                                         
----------------------------------------------------------------------------------------------------------------------------
 Index Scan using usertable_pkey on usertable  (cost=0.28..8.29 rows=1 width=203) (actual time=0.023..0.023 rows=1 loops=1)
   Index Cond: (ycsb_key = 'user1000385178204227360'::text)
   Buffers: shared hit=3
 Planning:
   Buffers: shared hit=125
 Planning Time: 0.541 ms
 Execution Time: 0.075 ms
(7 rows)


========================================
Epoch=5 Run=9 Phase=run Time=Fri Mar 27 07:34:16 UTC 2026
DB=ycsb
Key=user1000385178204227360
----------------------------------------
                                                         QUERY PLAN                                                         
----------------------------------------------------------------------------------------------------------------------------
 Index Scan using usertable_pkey on usertable  (cost=0.28..8.29 rows=1 width=203) (actual time=0.028..0.028 rows=1 loops=1)
   Index Cond: (ycsb_key = 'user1000385178204227360'::text)
   Buffers: shared hit=3
 Planning:
   Buffers: shared hit=125
 Planning Time: 0.619 ms
 Execution Time: 0.067 ms
(7 rows)


========================================
Epoch=5 Run=10 Phase=run Time=Fri Mar 27 07:40:35 UTC 2026
DB=ycsb
Key=user1000385178204227360
----------------------------------------
                                                         QUERY PLAN                                                         
----------------------------------------------------------------------------------------------------------------------------
 Index Scan using usertable_pkey on usertable  (cost=0.28..8.29 rows=1 width=204) (actual time=0.026..0.027 rows=1 loops=1)
   Index Cond: (ycsb_key = 'user1000385178204227360'::text)
   Buffers: shared hit=3
 Planning:
   Buffers: shared hit=125
 Planning Time: 0.603 ms
 Execution Time: 0.064 ms
(7 rows)


========================================
Epoch=6 Run=1 Phase=run Time=Fri Mar 27 07:46:56 UTC 2026
DB=ycsb
Key=user1000385178204227360
----------------------------------------
                                                         QUERY PLAN                                                         
----------------------------------------------------------------------------------------------------------------------------
 Index Scan using usertable_pkey on usertable  (cost=0.28..8.29 rows=1 width=203) (actual time=0.025..0.026 rows=1 loops=1)
   Index Cond: (ycsb_key = 'user1000385178204227360'::text)
   Buffers: shared hit=3
 Planning:
   Buffers: shared hit=125
 Planning Time: 0.521 ms
 Execution Time: 0.061 ms
(7 rows)


========================================
Epoch=6 Run=2 Phase=run Time=Fri Mar 27 07:53:15 UTC 2026
DB=ycsb
Key=user1000385178204227360
----------------------------------------
                                                         QUERY PLAN                                                         
----------------------------------------------------------------------------------------------------------------------------
 Index Scan using usertable_pkey on usertable  (cost=0.28..8.29 rows=1 width=203) (actual time=0.023..0.023 rows=1 loops=1)
   Index Cond: (ycsb_key = 'user1000385178204227360'::text)
   Buffers: shared hit=3
 Planning:
   Buffers: shared hit=125
 Planning Time: 0.567 ms
 Execution Time: 0.059 ms
(7 rows)


========================================
Epoch=6 Run=3 Phase=run Time=Fri Mar 27 07:59:40 UTC 2026
DB=ycsb
Key=user1000385178204227360
----------------------------------------
                                                         QUERY PLAN                                                         
----------------------------------------------------------------------------------------------------------------------------
 Index Scan using usertable_pkey on usertable  (cost=0.28..8.29 rows=1 width=203) (actual time=0.027..0.027 rows=1 loops=1)
   Index Cond: (ycsb_key = 'user1000385178204227360'::text)
   Buffers: shared hit=3
 Planning:
   Buffers: shared hit=125
 Planning Time: 0.555 ms
 Execution Time: 0.063 ms
(7 rows)


========================================
Epoch=6 Run=4 Phase=run Time=Fri Mar 27 08:06:10 UTC 2026
DB=ycsb
Key=user1000385178204227360
----------------------------------------
                                                         QUERY PLAN                                                         
----------------------------------------------------------------------------------------------------------------------------
 Index Scan using usertable_pkey on usertable  (cost=0.28..8.29 rows=1 width=203) (actual time=0.025..0.025 rows=1 loops=1)
   Index Cond: (ycsb_key = 'user1000385178204227360'::text)
   Buffers: shared hit=3
 Planning:
   Buffers: shared hit=125
 Planning Time: 0.553 ms
 Execution Time: 0.059 ms
(7 rows)


========================================
Epoch=6 Run=5 Phase=run Time=Fri Mar 27 08:12:47 UTC 2026
DB=ycsb
Key=user1000385178204227360
----------------------------------------
                                                         QUERY PLAN                                                         
----------------------------------------------------------------------------------------------------------------------------
 Index Scan using usertable_pkey on usertable  (cost=0.28..8.29 rows=1 width=203) (actual time=0.025..0.025 rows=1 loops=1)
   Index Cond: (ycsb_key = 'user1000385178204227360'::text)
   Buffers: shared hit=3
 Planning:
   Buffers: shared hit=125
 Planning Time: 0.555 ms
 Execution Time: 0.060 ms
(7 rows)


========================================
Epoch=6 Run=6 Phase=run Time=Fri Mar 27 08:19:24 UTC 2026
DB=ycsb
Key=user1000385178204227360
----------------------------------------
                                                         QUERY PLAN                                                         
----------------------------------------------------------------------------------------------------------------------------
 Index Scan using usertable_pkey on usertable  (cost=0.28..8.29 rows=1 width=203) (actual time=0.025..0.025 rows=1 loops=1)
   Index Cond: (ycsb_key = 'user1000385178204227360'::text)
   Buffers: shared hit=3
 Planning:
   Buffers: shared hit=125
 Planning Time: 0.582 ms
 Execution Time: 0.060 ms
(7 rows)


========================================
Epoch=6 Run=7 Phase=run Time=Fri Mar 27 08:26:11 UTC 2026
DB=ycsb
Key=user1000385178204227360
----------------------------------------
                                                         QUERY PLAN                                                         
----------------------------------------------------------------------------------------------------------------------------
 Index Scan using usertable_pkey on usertable  (cost=0.28..8.29 rows=1 width=203) (actual time=0.027..0.028 rows=1 loops=1)
   Index Cond: (ycsb_key = 'user1000385178204227360'::text)
   Buffers: shared hit=3
 Planning:
   Buffers: shared hit=125
 Planning Time: 0.568 ms
 Execution Time: 0.066 ms
(7 rows)


========================================
Epoch=6 Run=8 Phase=run Time=Fri Mar 27 08:32:55 UTC 2026
DB=ycsb
Key=user1000385178204227360
----------------------------------------
                                                         QUERY PLAN                                                         
----------------------------------------------------------------------------------------------------------------------------
 Index Scan using usertable_pkey on usertable  (cost=0.28..8.29 rows=1 width=203) (actual time=0.025..0.026 rows=1 loops=1)
   Index Cond: (ycsb_key = 'user1000385178204227360'::text)
   Buffers: shared hit=3
 Planning:
   Buffers: shared hit=125
 Planning Time: 0.545 ms
 Execution Time: 0.064 ms
(7 rows)


========================================
Epoch=6 Run=9 Phase=run Time=Fri Mar 27 08:39:40 UTC 2026
DB=ycsb
Key=user1000385178204227360
----------------------------------------
                                                         QUERY PLAN                                                         
----------------------------------------------------------------------------------------------------------------------------
 Index Scan using usertable_pkey on usertable  (cost=0.28..8.29 rows=1 width=203) (actual time=0.031..0.032 rows=1 loops=1)
   Index Cond: (ycsb_key = 'user1000385178204227360'::text)
   Buffers: shared hit=3
 Planning:
   Buffers: shared hit=125
 Planning Time: 0.582 ms
 Execution Time: 0.069 ms
(7 rows)


========================================
Epoch=6 Run=10 Phase=run Time=Fri Mar 27 08:46:28 UTC 2026
DB=ycsb
Key=user1000385178204227360
----------------------------------------
                                                         QUERY PLAN                                                         
----------------------------------------------------------------------------------------------------------------------------
 Index Scan using usertable_pkey on usertable  (cost=0.28..8.29 rows=1 width=203) (actual time=0.024..0.025 rows=1 loops=1)
   Index Cond: (ycsb_key = 'user1000385178204227360'::text)
   Buffers: shared hit=3
 Planning:
   Buffers: shared hit=125
 Planning Time: 0.494 ms
 Execution Time: 0.059 ms
(7 rows)


========================================
Epoch=7 Run=1 Phase=run Time=Fri Mar 27 08:53:20 UTC 2026
DB=ycsb
Key=user1000385178204227360
----------------------------------------
                                                         QUERY PLAN                                                         
----------------------------------------------------------------------------------------------------------------------------
 Index Scan using usertable_pkey on usertable  (cost=0.28..8.29 rows=1 width=203) (actual time=0.025..0.026 rows=1 loops=1)
   Index Cond: (ycsb_key = 'user1000385178204227360'::text)
   Buffers: shared hit=3
 Planning:
   Buffers: shared hit=125
 Planning Time: 0.528 ms
 Execution Time: 0.059 ms
(7 rows)


========================================
Epoch=7 Run=2 Phase=run Time=Fri Mar 27 09:00:18 UTC 2026
DB=ycsb
Key=user1000385178204227360
----------------------------------------
                                                         QUERY PLAN                                                         
----------------------------------------------------------------------------------------------------------------------------
 Index Scan using usertable_pkey on usertable  (cost=0.28..8.29 rows=1 width=203) (actual time=0.026..0.026 rows=1 loops=1)
   Index Cond: (ycsb_key = 'user1000385178204227360'::text)
   Buffers: shared hit=3
 Planning:
   Buffers: shared hit=125
 Planning Time: 0.591 ms
 Execution Time: 0.079 ms
(7 rows)


========================================
Epoch=7 Run=3 Phase=run Time=Fri Mar 27 09:07:16 UTC 2026
DB=ycsb
Key=user1000385178204227360
----------------------------------------
                                                         QUERY PLAN                                                         
----------------------------------------------------------------------------------------------------------------------------
 Index Scan using usertable_pkey on usertable  (cost=0.28..8.29 rows=1 width=203) (actual time=0.032..0.033 rows=1 loops=1)
   Index Cond: (ycsb_key = 'user1000385178204227360'::text)
   Buffers: shared hit=3
 Planning:
   Buffers: shared hit=125
 Planning Time: 0.702 ms
 Execution Time: 0.072 ms
(7 rows)


========================================
Epoch=7 Run=4 Phase=run Time=Fri Mar 27 09:14:12 UTC 2026
DB=ycsb
Key=user1000385178204227360
----------------------------------------
                                                         QUERY PLAN                                                         
----------------------------------------------------------------------------------------------------------------------------
 Index Scan using usertable_pkey on usertable  (cost=0.28..8.29 rows=1 width=203) (actual time=0.027..0.027 rows=1 loops=1)
   Index Cond: (ycsb_key = 'user1000385178204227360'::text)
   Buffers: shared hit=3
 Planning:
   Buffers: shared hit=125
 Planning Time: 0.565 ms
 Execution Time: 0.064 ms
(7 rows)


========================================
Epoch=7 Run=5 Phase=run Time=Fri Mar 27 09:21:04 UTC 2026
DB=ycsb
Key=user1000385178204227360
----------------------------------------
                                                         QUERY PLAN                                                         
----------------------------------------------------------------------------------------------------------------------------
 Index Scan using usertable_pkey on usertable  (cost=0.28..8.29 rows=1 width=203) (actual time=0.025..0.025 rows=1 loops=1)
   Index Cond: (ycsb_key = 'user1000385178204227360'::text)
   Buffers: shared hit=3
 Planning:
   Buffers: shared hit=125
 Planning Time: 0.532 ms
 Execution Time: 0.060 ms
(7 rows)


========================================
Epoch=7 Run=6 Phase=run Time=Fri Mar 27 09:28:01 UTC 2026
DB=ycsb
Key=user1000385178204227360
----------------------------------------
                                                         QUERY PLAN                                                         
----------------------------------------------------------------------------------------------------------------------------
 Index Scan using usertable_pkey on usertable  (cost=0.28..8.29 rows=1 width=203) (actual time=0.028..0.028 rows=1 loops=1)
   Index Cond: (ycsb_key = 'user1000385178204227360'::text)
   Buffers: shared hit=3
 Planning:
   Buffers: shared hit=125
 Planning Time: 0.551 ms
 Execution Time: 0.064 ms
(7 rows)


========================================
Epoch=7 Run=7 Phase=run Time=Fri Mar 27 09:35:00 UTC 2026
DB=ycsb
Key=user1000385178204227360
----------------------------------------
                                                         QUERY PLAN                                                         
----------------------------------------------------------------------------------------------------------------------------
 Index Scan using usertable_pkey on usertable  (cost=0.28..8.29 rows=1 width=203) (actual time=0.024..0.024 rows=1 loops=1)
   Index Cond: (ycsb_key = 'user1000385178204227360'::text)
   Buffers: shared hit=3
 Planning:
   Buffers: shared hit=125
 Planning Time: 0.514 ms
 Execution Time: 0.075 ms
(7 rows)


========================================
Epoch=7 Run=8 Phase=run Time=Fri Mar 27 09:42:00 UTC 2026
DB=ycsb
Key=user1000385178204227360
----------------------------------------
                                                         QUERY PLAN                                                         
----------------------------------------------------------------------------------------------------------------------------
 Index Scan using usertable_pkey on usertable  (cost=0.28..8.29 rows=1 width=203) (actual time=0.025..0.026 rows=1 loops=1)
   Index Cond: (ycsb_key = 'user1000385178204227360'::text)
   Buffers: shared hit=3
 Planning:
   Buffers: shared hit=125
 Planning Time: 0.555 ms
 Execution Time: 0.061 ms
(7 rows)


========================================
Epoch=7 Run=9 Phase=run Time=Fri Mar 27 09:49:09 UTC 2026
DB=ycsb
Key=user1000385178204227360
----------------------------------------
                                                         QUERY PLAN                                                         
----------------------------------------------------------------------------------------------------------------------------
 Index Scan using usertable_pkey on usertable  (cost=0.28..8.29 rows=1 width=203) (actual time=0.021..0.022 rows=1 loops=1)
   Index Cond: (ycsb_key = 'user1000385178204227360'::text)
   Buffers: shared hit=3
 Planning:
   Buffers: shared hit=125
 Planning Time: 0.538 ms
 Execution Time: 0.058 ms
(7 rows)


========================================
Epoch=7 Run=10 Phase=run Time=Fri Mar 27 09:56:21 UTC 2026
DB=ycsb
Key=user1000385178204227360
----------------------------------------
                                                         QUERY PLAN                                                         
----------------------------------------------------------------------------------------------------------------------------
 Index Scan using usertable_pkey on usertable  (cost=0.28..8.29 rows=1 width=203) (actual time=0.026..0.027 rows=1 loops=1)
   Index Cond: (ycsb_key = 'user1000385178204227360'::text)
   Buffers: shared hit=3
 Planning:
   Buffers: shared hit=125
 Planning Time: 0.538 ms
 Execution Time: 0.063 ms
(7 rows)


========================================
Epoch=8 Run=1 Phase=run Time=Fri Mar 27 10:03:31 UTC 2026
DB=ycsb
Key=user1000385178204227360
----------------------------------------
                                                         QUERY PLAN                                                         
----------------------------------------------------------------------------------------------------------------------------
 Index Scan using usertable_pkey on usertable  (cost=0.28..8.29 rows=1 width=203) (actual time=0.027..0.027 rows=1 loops=1)
   Index Cond: (ycsb_key = 'user1000385178204227360'::text)
   Buffers: shared hit=3
 Planning:
   Buffers: shared hit=125
 Planning Time: 0.555 ms
 Execution Time: 0.065 ms
(7 rows)


========================================
Epoch=8 Run=2 Phase=run Time=Fri Mar 27 10:10:34 UTC 2026
DB=ycsb
Key=user1000385178204227360
----------------------------------------
                                                         QUERY PLAN                                                         
----------------------------------------------------------------------------------------------------------------------------
 Index Scan using usertable_pkey on usertable  (cost=0.28..8.29 rows=1 width=203) (actual time=0.026..0.026 rows=1 loops=1)
   Index Cond: (ycsb_key = 'user1000385178204227360'::text)
   Buffers: shared hit=3
 Planning:
   Buffers: shared hit=125
 Planning Time: 0.549 ms
 Execution Time: 0.062 ms
(7 rows)


========================================
Epoch=8 Run=3 Phase=run Time=Fri Mar 27 10:17:42 UTC 2026
DB=ycsb
Key=user1000385178204227360
----------------------------------------
                                                         QUERY PLAN                                                         
----------------------------------------------------------------------------------------------------------------------------
 Index Scan using usertable_pkey on usertable  (cost=0.28..8.29 rows=1 width=203) (actual time=0.023..0.023 rows=1 loops=1)
   Index Cond: (ycsb_key = 'user1000385178204227360'::text)
   Buffers: shared hit=3
 Planning:
   Buffers: shared hit=125
 Planning Time: 0.537 ms
 Execution Time: 0.058 ms
(7 rows)


========================================
Epoch=8 Run=4 Phase=run Time=Fri Mar 27 10:24:49 UTC 2026
DB=ycsb
Key=user1000385178204227360
----------------------------------------
                                                         QUERY PLAN                                                         
----------------------------------------------------------------------------------------------------------------------------
 Index Scan using usertable_pkey on usertable  (cost=0.28..8.29 rows=1 width=203) (actual time=0.025..0.025 rows=1 loops=1)
   Index Cond: (ycsb_key = 'user1000385178204227360'::text)
   Buffers: shared hit=3
 Planning:
   Buffers: shared hit=125
 Planning Time: 0.520 ms
 Execution Time: 0.062 ms
(7 rows)


========================================
Epoch=8 Run=5 Phase=run Time=Fri Mar 27 10:32:03 UTC 2026
DB=ycsb
Key=user1000385178204227360
----------------------------------------
                                                         QUERY PLAN                                                         
----------------------------------------------------------------------------------------------------------------------------
 Index Scan using usertable_pkey on usertable  (cost=0.28..8.29 rows=1 width=204) (actual time=0.025..0.026 rows=1 loops=1)
   Index Cond: (ycsb_key = 'user1000385178204227360'::text)
   Buffers: shared hit=3
 Planning:
   Buffers: shared hit=125
 Planning Time: 0.546 ms
 Execution Time: 0.061 ms
(7 rows)


========================================
Epoch=8 Run=6 Phase=run Time=Fri Mar 27 10:39:19 UTC 2026
DB=ycsb
Key=user1000385178204227360
----------------------------------------
                                                         QUERY PLAN                                                         
----------------------------------------------------------------------------------------------------------------------------
 Index Scan using usertable_pkey on usertable  (cost=0.28..8.29 rows=1 width=203) (actual time=0.029..0.029 rows=1 loops=1)
   Index Cond: (ycsb_key = 'user1000385178204227360'::text)
   Buffers: shared hit=3
 Planning:
   Buffers: shared hit=125
 Planning Time: 0.615 ms
 Execution Time: 0.069 ms
(7 rows)


========================================
Epoch=8 Run=7 Phase=run Time=Fri Mar 27 10:46:27 UTC 2026
DB=ycsb
Key=user1000385178204227360
----------------------------------------
                                                         QUERY PLAN                                                         
----------------------------------------------------------------------------------------------------------------------------
 Index Scan using usertable_pkey on usertable  (cost=0.28..8.29 rows=1 width=203) (actual time=0.025..0.026 rows=1 loops=1)
   Index Cond: (ycsb_key = 'user1000385178204227360'::text)
   Buffers: shared hit=3
 Planning:
   Buffers: shared hit=125
 Planning Time: 0.526 ms
 Execution Time: 0.062 ms
(7 rows)


========================================
Epoch=8 Run=8 Phase=run Time=Fri Mar 27 10:53:44 UTC 2026
DB=ycsb
Key=user1000385178204227360
----------------------------------------
                                                         QUERY PLAN                                                         
----------------------------------------------------------------------------------------------------------------------------
 Index Scan using usertable_pkey on usertable  (cost=0.28..8.29 rows=1 width=203) (actual time=0.027..0.027 rows=1 loops=1)
   Index Cond: (ycsb_key = 'user1000385178204227360'::text)
   Buffers: shared hit=3
 Planning:
   Buffers: shared hit=125
 Planning Time: 0.572 ms
 Execution Time: 0.066 ms
(7 rows)


========================================
Epoch=8 Run=9 Phase=run Time=Fri Mar 27 11:01:05 UTC 2026
DB=ycsb
Key=user1000385178204227360
----------------------------------------
                                                         QUERY PLAN                                                         
----------------------------------------------------------------------------------------------------------------------------
 Index Scan using usertable_pkey on usertable  (cost=0.28..8.29 rows=1 width=203) (actual time=0.027..0.028 rows=1 loops=1)
   Index Cond: (ycsb_key = 'user1000385178204227360'::text)
   Buffers: shared hit=3
 Planning:
   Buffers: shared hit=125
 Planning Time: 0.569 ms
 Execution Time: 0.065 ms
(7 rows)


========================================
Epoch=8 Run=10 Phase=run Time=Fri Mar 27 11:08:29 UTC 2026
DB=ycsb
Key=user1000385178204227360
----------------------------------------
                                                         QUERY PLAN                                                         
----------------------------------------------------------------------------------------------------------------------------
 Index Scan using usertable_pkey on usertable  (cost=0.28..8.29 rows=1 width=203) (actual time=0.025..0.026 rows=1 loops=1)
   Index Cond: (ycsb_key = 'user1000385178204227360'::text)
   Buffers: shared hit=3
 Planning:
   Buffers: shared hit=125
 Planning Time: 0.531 ms
 Execution Time: 0.061 ms
(7 rows)


========================================
Epoch=9 Run=1 Phase=run Time=Fri Mar 27 11:15:53 UTC 2026
DB=ycsb
Key=user1000385178204227360
----------------------------------------
                                                         QUERY PLAN                                                         
----------------------------------------------------------------------------------------------------------------------------
 Index Scan using usertable_pkey on usertable  (cost=0.28..8.29 rows=1 width=203) (actual time=0.025..0.026 rows=1 loops=1)
   Index Cond: (ycsb_key = 'user1000385178204227360'::text)
   Buffers: shared hit=3
 Planning:
   Buffers: shared hit=125
 Planning Time: 0.547 ms
 Execution Time: 0.060 ms
(7 rows)


========================================
Epoch=9 Run=2 Phase=run Time=Fri Mar 27 11:23:19 UTC 2026
DB=ycsb
Key=user1000385178204227360
----------------------------------------
                                                         QUERY PLAN                                                         
----------------------------------------------------------------------------------------------------------------------------
 Index Scan using usertable_pkey on usertable  (cost=0.28..8.29 rows=1 width=203) (actual time=0.023..0.024 rows=1 loops=1)
   Index Cond: (ycsb_key = 'user1000385178204227360'::text)
   Buffers: shared hit=3
 Planning:
   Buffers: shared hit=125
 Planning Time: 0.506 ms
 Execution Time: 0.057 ms
(7 rows)


========================================
Epoch=9 Run=3 Phase=run Time=Fri Mar 27 11:30:48 UTC 2026
DB=ycsb
Key=user1000385178204227360
----------------------------------------
                                                         QUERY PLAN                                                         
----------------------------------------------------------------------------------------------------------------------------
 Index Scan using usertable_pkey on usertable  (cost=0.28..8.29 rows=1 width=203) (actual time=0.026..0.027 rows=1 loops=1)
   Index Cond: (ycsb_key = 'user1000385178204227360'::text)
   Buffers: shared hit=3
 Planning:
   Buffers: shared hit=125
 Planning Time: 0.565 ms
 Execution Time: 0.063 ms
(7 rows)


========================================
Epoch=9 Run=4 Phase=run Time=Fri Mar 27 11:38:13 UTC 2026
DB=ycsb
Key=user1000385178204227360
----------------------------------------
                                                         QUERY PLAN                                                         
----------------------------------------------------------------------------------------------------------------------------
 Index Scan using usertable_pkey on usertable  (cost=0.28..8.29 rows=1 width=203) (actual time=0.027..0.027 rows=1 loops=1)
   Index Cond: (ycsb_key = 'user1000385178204227360'::text)
   Buffers: shared hit=3
 Planning:
   Buffers: shared hit=125
 Planning Time: 0.573 ms
 Execution Time: 0.063 ms
(7 rows)


========================================
Epoch=9 Run=5 Phase=run Time=Fri Mar 27 11:45:44 UTC 2026
DB=ycsb
Key=user1000385178204227360
----------------------------------------
                                                         QUERY PLAN                                                         
----------------------------------------------------------------------------------------------------------------------------
 Index Scan using usertable_pkey on usertable  (cost=0.28..8.29 rows=1 width=203) (actual time=0.025..0.026 rows=1 loops=1)
   Index Cond: (ycsb_key = 'user1000385178204227360'::text)
   Buffers: shared hit=3
 Planning:
   Buffers: shared hit=125
 Planning Time: 0.506 ms
 Execution Time: 0.062 ms
(7 rows)


========================================
Epoch=9 Run=6 Phase=run Time=Fri Mar 27 11:53:23 UTC 2026
DB=ycsb
Key=user1000385178204227360
----------------------------------------
                                                         QUERY PLAN                                                         
----------------------------------------------------------------------------------------------------------------------------
 Index Scan using usertable_pkey on usertable  (cost=0.28..8.29 rows=1 width=203) (actual time=0.024..0.024 rows=1 loops=1)
   Index Cond: (ycsb_key = 'user1000385178204227360'::text)
   Buffers: shared hit=3
 Planning:
   Buffers: shared hit=125
 Planning Time: 0.525 ms
 Execution Time: 0.060 ms
(7 rows)


========================================
Epoch=9 Run=7 Phase=run Time=Fri Mar 27 12:00:57 UTC 2026
DB=ycsb
Key=user1000385178204227360
----------------------------------------
                                                         QUERY PLAN                                                         
----------------------------------------------------------------------------------------------------------------------------
 Index Scan using usertable_pkey on usertable  (cost=0.28..8.29 rows=1 width=203) (actual time=0.025..0.026 rows=1 loops=1)
   Index Cond: (ycsb_key = 'user1000385178204227360'::text)
   Buffers: shared hit=3
 Planning:
   Buffers: shared hit=125
 Planning Time: 0.554 ms
 Execution Time: 0.063 ms
(7 rows)


========================================
Epoch=9 Run=8 Phase=run Time=Fri Mar 27 12:08:32 UTC 2026
DB=ycsb
Key=user1000385178204227360
----------------------------------------
                                                         QUERY PLAN                                                         
----------------------------------------------------------------------------------------------------------------------------
 Index Scan using usertable_pkey on usertable  (cost=0.28..8.29 rows=1 width=203) (actual time=0.022..0.023 rows=1 loops=1)
   Index Cond: (ycsb_key = 'user1000385178204227360'::text)
   Buffers: shared hit=3
 Planning:
   Buffers: shared hit=125
 Planning Time: 0.474 ms
 Execution Time: 0.058 ms
(7 rows)


========================================
Epoch=9 Run=9 Phase=run Time=Fri Mar 27 12:16:17 UTC 2026
DB=ycsb
Key=user1000385178204227360
----------------------------------------
                                                         QUERY PLAN                                                         
----------------------------------------------------------------------------------------------------------------------------
 Index Scan using usertable_pkey on usertable  (cost=0.28..8.29 rows=1 width=203) (actual time=0.023..0.023 rows=1 loops=1)
   Index Cond: (ycsb_key = 'user1000385178204227360'::text)
   Buffers: shared hit=3
 Planning:
   Buffers: shared hit=125
 Planning Time: 0.492 ms
 Execution Time: 0.056 ms
(7 rows)


========================================
Epoch=9 Run=10 Phase=run Time=Fri Mar 27 12:24:05 UTC 2026
DB=ycsb
Key=user1000385178204227360
----------------------------------------
                                                         QUERY PLAN                                                         
----------------------------------------------------------------------------------------------------------------------------
 Index Scan using usertable_pkey on usertable  (cost=0.28..8.29 rows=1 width=203) (actual time=0.024..0.025 rows=1 loops=1)
   Index Cond: (ycsb_key = 'user1000385178204227360'::text)
   Buffers: shared hit=3
 Planning:
   Buffers: shared hit=125
 Planning Time: 0.495 ms
 Execution Time: 0.060 ms
(7 rows)


========================================
Epoch=10 Run=1 Phase=run Time=Fri Mar 27 12:31:52 UTC 2026
DB=ycsb
Key=user1000385178204227360
----------------------------------------
                                                         QUERY PLAN                                                         
----------------------------------------------------------------------------------------------------------------------------
 Index Scan using usertable_pkey on usertable  (cost=0.28..8.29 rows=1 width=203) (actual time=0.028..0.028 rows=1 loops=1)
   Index Cond: (ycsb_key = 'user1000385178204227360'::text)
   Buffers: shared hit=3
 Planning:
   Buffers: shared hit=125
 Planning Time: 0.608 ms
 Execution Time: 0.069 ms
(7 rows)


========================================
Epoch=10 Run=2 Phase=run Time=Fri Mar 27 12:39:38 UTC 2026
DB=ycsb
Key=user1000385178204227360
----------------------------------------
                                                         QUERY PLAN                                                         
----------------------------------------------------------------------------------------------------------------------------
 Index Scan using usertable_pkey on usertable  (cost=0.28..8.29 rows=1 width=203) (actual time=0.024..0.024 rows=1 loops=1)
   Index Cond: (ycsb_key = 'user1000385178204227360'::text)
   Buffers: shared hit=3
 Planning:
   Buffers: shared hit=125
 Planning Time: 0.520 ms
 Execution Time: 0.060 ms
(7 rows)


========================================
Epoch=10 Run=3 Phase=run Time=Fri Mar 27 12:47:38 UTC 2026
DB=ycsb
Key=user1000385178204227360
----------------------------------------
                                                         QUERY PLAN                                                         
----------------------------------------------------------------------------------------------------------------------------
 Index Scan using usertable_pkey on usertable  (cost=0.28..8.29 rows=1 width=203) (actual time=0.027..0.027 rows=1 loops=1)
   Index Cond: (ycsb_key = 'user1000385178204227360'::text)
   Buffers: shared hit=3
 Planning:
   Buffers: shared hit=125
 Planning Time: 0.564 ms
 Execution Time: 0.064 ms
(7 rows)


========================================
Epoch=10 Run=4 Phase=run Time=Fri Mar 27 12:55:34 UTC 2026
DB=ycsb
Key=user1000385178204227360
----------------------------------------
                                                         QUERY PLAN                                                         
----------------------------------------------------------------------------------------------------------------------------
 Index Scan using usertable_pkey on usertable  (cost=0.28..8.29 rows=1 width=203) (actual time=0.024..0.024 rows=1 loops=1)
   Index Cond: (ycsb_key = 'user1000385178204227360'::text)
   Buffers: shared hit=3
 Planning:
   Buffers: shared hit=125
 Planning Time: 0.492 ms
 Execution Time: 0.058 ms
(7 rows)


========================================
Epoch=10 Run=5 Phase=run Time=Fri Mar 27 13:03:33 UTC 2026
DB=ycsb
Key=user1000385178204227360
----------------------------------------
                                                         QUERY PLAN                                                         
----------------------------------------------------------------------------------------------------------------------------
 Index Scan using usertable_pkey on usertable  (cost=0.28..8.29 rows=1 width=203) (actual time=0.025..0.025 rows=1 loops=1)
   Index Cond: (ycsb_key = 'user1000385178204227360'::text)
   Buffers: shared hit=3
 Planning:
   Buffers: shared hit=125
 Planning Time: 0.501 ms
 Execution Time: 0.069 ms
(7 rows)


========================================
Epoch=10 Run=6 Phase=run Time=Fri Mar 27 13:11:25 UTC 2026
DB=ycsb
Key=user1000385178204227360
----------------------------------------
                                                         QUERY PLAN                                                         
----------------------------------------------------------------------------------------------------------------------------
 Index Scan using usertable_pkey on usertable  (cost=0.28..8.29 rows=1 width=203) (actual time=0.025..0.025 rows=1 loops=1)
   Index Cond: (ycsb_key = 'user1000385178204227360'::text)
   Buffers: shared hit=3
 Planning:
   Buffers: shared hit=125
 Planning Time: 0.548 ms
 Execution Time: 0.061 ms
(7 rows)


========================================
Epoch=10 Run=7 Phase=run Time=Fri Mar 27 13:19:21 UTC 2026
DB=ycsb
Key=user1000385178204227360
----------------------------------------
                                                         QUERY PLAN                                                         
----------------------------------------------------------------------------------------------------------------------------
 Index Scan using usertable_pkey on usertable  (cost=0.28..8.29 rows=1 width=203) (actual time=0.028..0.028 rows=1 loops=1)
   Index Cond: (ycsb_key = 'user1000385178204227360'::text)
   Buffers: shared hit=3
 Planning:
   Buffers: shared hit=125
 Planning Time: 0.565 ms
 Execution Time: 0.065 ms
(7 rows)


========================================
Epoch=10 Run=8 Phase=run Time=Fri Mar 27 13:27:23 UTC 2026
DB=ycsb
Key=user1000385178204227360
----------------------------------------
                                                         QUERY PLAN                                                         
----------------------------------------------------------------------------------------------------------------------------
 Index Scan using usertable_pkey on usertable  (cost=0.28..8.29 rows=1 width=203) (actual time=0.023..0.024 rows=1 loops=1)
   Index Cond: (ycsb_key = 'user1000385178204227360'::text)
   Buffers: shared hit=3
 Planning:
   Buffers: shared hit=125
 Planning Time: 0.525 ms
 Execution Time: 0.060 ms
(7 rows)


========================================
Epoch=10 Run=9 Phase=run Time=Fri Mar 27 13:35:23 UTC 2026
DB=ycsb
Key=user1000385178204227360
----------------------------------------
                                                         QUERY PLAN                                                         
----------------------------------------------------------------------------------------------------------------------------
 Index Scan using usertable_pkey on usertable  (cost=0.28..8.29 rows=1 width=203) (actual time=0.027..0.027 rows=1 loops=1)
   Index Cond: (ycsb_key = 'user1000385178204227360'::text)
   Buffers: shared hit=3
 Planning:
   Buffers: shared hit=125
 Planning Time: 0.570 ms
 Execution Time: 0.064 ms
(7 rows)


========================================
Epoch=10 Run=10 Phase=run Time=Fri Mar 27 13:43:24 UTC 2026
DB=ycsb
Key=user1000385178204227360
----------------------------------------
                                                         QUERY PLAN                                                         
----------------------------------------------------------------------------------------------------------------------------
 Index Scan using usertable_pkey on usertable  (cost=0.28..8.29 rows=1 width=204) (actual time=0.023..0.024 rows=1 loops=1)
   Index Cond: (ycsb_key = 'user1000385178204227360'::text)
   Buffers: shared hit=3
 Planning:
   Buffers: shared hit=127
 Planning Time: 0.521 ms
 Execution Time: 0.076 ms
(7 rows)


