========================================
Epoch=1 Run=1 Phase=run Time=Sat Mar 28 05:43:45 UTC 2026
DB=ycsb
Key=user1000385178204227360
----------------------------------------
                                                         QUERY PLAN                                                          
-----------------------------------------------------------------------------------------------------------------------------
 Index Scan using usertable_pkey on usertable  (cost=0.28..8.29 rows=1 width=1757) (actual time=0.032..0.032 rows=1 loops=1)
   Index Cond: (ycsb_key = 'user1000385178204227360'::text)
   Buffers: shared hit=3
 Planning:
   Buffers: shared hit=171
 Planning Time: 0.793 ms
 Execution Time: 0.061 ms
(7 rows)


========================================
Epoch=1 Run=2 Phase=run Time=Sat Mar 28 05:44:22 UTC 2026
DB=ycsb
Key=user1000385178204227360
----------------------------------------
                                                         QUERY PLAN                                                          
-----------------------------------------------------------------------------------------------------------------------------
 Index Scan using usertable_pkey on usertable  (cost=0.28..8.29 rows=1 width=1798) (actual time=0.031..0.032 rows=1 loops=1)
   Index Cond: (ycsb_key = 'user1000385178204227360'::text)
   Buffers: shared hit=3
 Planning:
   Buffers: shared hit=180
 Planning Time: 0.867 ms
 Execution Time: 0.065 ms
(7 rows)


========================================
Epoch=1 Run=3 Phase=run Time=Sat Mar 28 05:45:02 UTC 2026
DB=ycsb
Key=user1000385178204227360
----------------------------------------
                                                         QUERY PLAN                                                          
-----------------------------------------------------------------------------------------------------------------------------
 Index Scan using usertable_pkey on usertable  (cost=0.28..8.29 rows=1 width=1755) (actual time=0.030..0.030 rows=1 loops=1)
   Index Cond: (ycsb_key = 'user1000385178204227360'::text)
   Buffers: shared hit=3
 Planning:
   Buffers: shared hit=192
 Planning Time: 0.967 ms
 Execution Time: 0.078 ms
(7 rows)


========================================
Epoch=1 Run=4 Phase=run Time=Sat Mar 28 05:45:44 UTC 2026
DB=ycsb
Key=user1000385178204227360
----------------------------------------
                                                         QUERY PLAN                                                          
-----------------------------------------------------------------------------------------------------------------------------
 Index Scan using usertable_pkey on usertable  (cost=0.28..8.29 rows=1 width=1715) (actual time=0.034..0.034 rows=1 loops=1)
   Index Cond: (ycsb_key = 'user1000385178204227360'::text)
   Buffers: shared hit=3
 Planning:
   Buffers: shared hit=211
 Planning Time: 1.095 ms
 Execution Time: 0.068 ms
(7 rows)


========================================
Epoch=1 Run=5 Phase=run Time=Sat Mar 28 05:46:28 UTC 2026
DB=ycsb
Key=user1000385178204227360
----------------------------------------
                                                         QUERY PLAN                                                          
-----------------------------------------------------------------------------------------------------------------------------
 Index Scan using usertable_pkey on usertable  (cost=0.28..8.29 rows=1 width=1676) (actual time=0.035..0.036 rows=1 loops=1)
   Index Cond: (ycsb_key = 'user1000385178204227360'::text)
   Buffers: shared hit=3
 Planning:
   Buffers: shared hit=221
 Planning Time: 1.143 ms
 Execution Time: 0.067 ms
(7 rows)


========================================
Epoch=1 Run=6 Phase=run Time=Sat Mar 28 05:47:15 UTC 2026
DB=ycsb
Key=user1000385178204227360
----------------------------------------
                                                         QUERY PLAN                                                          
-----------------------------------------------------------------------------------------------------------------------------
 Index Scan using usertable_pkey on usertable  (cost=0.28..8.29 rows=1 width=1653) (actual time=0.029..0.030 rows=1 loops=1)
   Index Cond: (ycsb_key = 'user1000385178204227360'::text)
   Buffers: shared hit=3
 Planning:
   Buffers: shared hit=229
 Planning Time: 1.208 ms
 Execution Time: 0.062 ms
(7 rows)


========================================
Epoch=1 Run=7 Phase=run Time=Sat Mar 28 05:48:03 UTC 2026
DB=ycsb
Key=user1000385178204227360
----------------------------------------
                                                         QUERY PLAN                                                          
-----------------------------------------------------------------------------------------------------------------------------
 Index Scan using usertable_pkey on usertable  (cost=0.28..8.29 rows=1 width=1624) (actual time=0.034..0.034 rows=1 loops=1)
   Index Cond: (ycsb_key = 'user1000385178204227360'::text)
   Buffers: shared hit=3
 Planning:
   Buffers: shared hit=236
 Planning Time: 1.244 ms
 Execution Time: 0.066 ms
(7 rows)


========================================
Epoch=1 Run=8 Phase=run Time=Sat Mar 28 05:48:55 UTC 2026
DB=ycsb
Key=user1000385178204227360
----------------------------------------
                                                         QUERY PLAN                                                          
-----------------------------------------------------------------------------------------------------------------------------
 Index Scan using usertable_pkey on usertable  (cost=0.28..8.29 rows=1 width=1600) (actual time=0.034..0.035 rows=1 loops=1)
   Index Cond: (ycsb_key = 'user1000385178204227360'::text)
   Buffers: shared hit=3
 Planning:
   Buffers: shared hit=239
 Planning Time: 1.341 ms
 Execution Time: 0.070 ms
(7 rows)


========================================
Epoch=1 Run=9 Phase=run Time=Sat Mar 28 05:49:56 UTC 2026
DB=ycsb
Key=user1000385178204227360
----------------------------------------
                                                         QUERY PLAN                                                          
-----------------------------------------------------------------------------------------------------------------------------
 Index Scan using usertable_pkey on usertable  (cost=0.28..8.29 rows=1 width=1565) (actual time=0.035..0.035 rows=1 loops=1)
   Index Cond: (ycsb_key = 'user1000385178204227360'::text)
   Buffers: shared hit=3
 Planning:
   Buffers: shared hit=247
 Planning Time: 1.551 ms
 Execution Time: 0.071 ms
(7 rows)


========================================
Epoch=1 Run=10 Phase=run Time=Sat Mar 28 05:50:53 UTC 2026
DB=ycsb
Key=user1000385178204227360
----------------------------------------
                                                         QUERY PLAN                                                          
-----------------------------------------------------------------------------------------------------------------------------
 Index Scan using usertable_pkey on usertable  (cost=0.28..8.29 rows=1 width=1537) (actual time=0.030..0.030 rows=1 loops=1)
   Index Cond: (ycsb_key = 'user1000385178204227360'::text)
   Buffers: shared hit=3
 Planning:
   Buffers: shared hit=246
 Planning Time: 1.494 ms
 Execution Time: 0.066 ms
(7 rows)


========================================
Epoch=2 Run=1 Phase=run Time=Sat Mar 28 05:51:50 UTC 2026
DB=ycsb
Key=user1000385178204227360
----------------------------------------
                                                         QUERY PLAN                                                          
-----------------------------------------------------------------------------------------------------------------------------
 Index Scan using usertable_pkey on usertable  (cost=0.28..8.29 rows=1 width=1524) (actual time=0.030..0.030 rows=1 loops=1)
   Index Cond: (ycsb_key = 'user1000385178204227360'::text)
   Buffers: shared hit=3
 Planning:
   Buffers: shared hit=248
 Planning Time: 1.405 ms
 Execution Time: 0.064 ms
(7 rows)


========================================
Epoch=2 Run=2 Phase=run Time=Sat Mar 28 05:52:57 UTC 2026
DB=ycsb
Key=user1000385178204227360
----------------------------------------
                                                         QUERY PLAN                                                          
-----------------------------------------------------------------------------------------------------------------------------
 Index Scan using usertable_pkey on usertable  (cost=0.28..8.29 rows=1 width=1487) (actual time=0.024..0.025 rows=1 loops=1)
   Index Cond: (ycsb_key = 'user1000385178204227360'::text)
   Buffers: shared hit=3
 Planning:
   Buffers: shared hit=250
 Planning Time: 1.429 ms
 Execution Time: 0.059 ms
(7 rows)


========================================
Epoch=2 Run=3 Phase=run Time=Sat Mar 28 05:54:11 UTC 2026
DB=ycsb
Key=user1000385178204227360
----------------------------------------
                                                         QUERY PLAN                                                          
-----------------------------------------------------------------------------------------------------------------------------
 Index Scan using usertable_pkey on usertable  (cost=0.28..8.29 rows=1 width=1462) (actual time=0.027..0.028 rows=1 loops=1)
   Index Cond: (ycsb_key = 'user1000385178204227360'::text)
   Buffers: shared hit=3
 Planning:
   Buffers: shared hit=250
 Planning Time: 1.550 ms
 Execution Time: 0.063 ms
(7 rows)


========================================
Epoch=2 Run=4 Phase=run Time=Sat Mar 28 05:55:22 UTC 2026
DB=ycsb
Key=user1000385178204227360
----------------------------------------
                                                         QUERY PLAN                                                          
-----------------------------------------------------------------------------------------------------------------------------
 Index Scan using usertable_pkey on usertable  (cost=0.28..8.29 rows=1 width=1433) (actual time=0.025..0.026 rows=1 loops=1)
   Index Cond: (ycsb_key = 'user1000385178204227360'::text)
   Buffers: shared hit=3
 Planning:
   Buffers: shared hit=256
 Planning Time: 1.420 ms
 Execution Time: 0.078 ms
(7 rows)


========================================
Epoch=2 Run=5 Phase=run Time=Sat Mar 28 05:56:35 UTC 2026
DB=ycsb
Key=user1000385178204227360
----------------------------------------
                                                         QUERY PLAN                                                          
-----------------------------------------------------------------------------------------------------------------------------
 Index Scan using usertable_pkey on usertable  (cost=0.28..8.29 rows=1 width=1408) (actual time=0.050..0.051 rows=1 loops=1)
   Index Cond: (ycsb_key = 'user1000385178204227360'::text)
   Buffers: shared hit=3
 Planning:
   Buffers: shared hit=256
 Planning Time: 1.497 ms
 Execution Time: 0.087 ms
(7 rows)


========================================
Epoch=2 Run=6 Phase=run Time=Sat Mar 28 05:57:51 UTC 2026
DB=ycsb
Key=user1000385178204227360
----------------------------------------
                                                         QUERY PLAN                                                          
-----------------------------------------------------------------------------------------------------------------------------
 Index Scan using usertable_pkey on usertable  (cost=0.28..8.29 rows=1 width=1370) (actual time=0.022..0.022 rows=1 loops=1)
   Index Cond: (ycsb_key = 'user1000385178204227360'::text)
   Buffers: shared hit=3
 Planning:
   Buffers: shared hit=259
 Planning Time: 1.473 ms
 Execution Time: 0.056 ms
(7 rows)


========================================
Epoch=2 Run=7 Phase=run Time=Sat Mar 28 05:59:07 UTC 2026
DB=ycsb
Key=user1000385178204227360
----------------------------------------
                                                         QUERY PLAN                                                          
-----------------------------------------------------------------------------------------------------------------------------
 Index Scan using usertable_pkey on usertable  (cost=0.28..8.29 rows=1 width=1343) (actual time=0.021..0.021 rows=1 loops=1)
   Index Cond: (ycsb_key = 'user1000385178204227360'::text)
   Buffers: shared hit=3
 Planning:
   Buffers: shared hit=258
 Planning Time: 1.590 ms
 Execution Time: 0.058 ms
(7 rows)


========================================
Epoch=2 Run=8 Phase=run Time=Sat Mar 28 06:00:26 UTC 2026
DB=ycsb
Key=user1000385178204227360
----------------------------------------
                                                         QUERY PLAN                                                          
-----------------------------------------------------------------------------------------------------------------------------
 Index Scan using usertable_pkey on usertable  (cost=0.28..8.29 rows=1 width=1298) (actual time=0.026..0.026 rows=1 loops=1)
   Index Cond: (ycsb_key = 'user1000385178204227360'::text)
   Buffers: shared hit=3
 Planning:
   Buffers: shared hit=246
 Planning Time: 1.459 ms
 Execution Time: 0.063 ms
(7 rows)


========================================
Epoch=2 Run=9 Phase=run Time=Sat Mar 28 06:01:54 UTC 2026
DB=ycsb
Key=user1000385178204227360
----------------------------------------
                                                         QUERY PLAN                                                          
-----------------------------------------------------------------------------------------------------------------------------
 Index Scan using usertable_pkey on usertable  (cost=0.28..8.29 rows=1 width=1270) (actual time=0.035..0.036 rows=1 loops=1)
   Index Cond: (ycsb_key = 'user1000385178204227360'::text)
   Buffers: shared hit=3
 Planning:
   Buffers: shared hit=222
 Planning Time: 1.273 ms
 Execution Time: 0.073 ms
(7 rows)


========================================
Epoch=2 Run=10 Phase=run Time=Sat Mar 28 06:03:16 UTC 2026
DB=ycsb
Key=user1000385178204227360
----------------------------------------
                                                         QUERY PLAN                                                          
-----------------------------------------------------------------------------------------------------------------------------
 Index Scan using usertable_pkey on usertable  (cost=0.28..8.29 rows=1 width=1254) (actual time=0.032..0.033 rows=1 loops=1)
   Index Cond: (ycsb_key = 'user1000385178204227360'::text)
   Buffers: shared hit=3
 Planning:
   Buffers: shared hit=207
 Planning Time: 1.097 ms
 Execution Time: 0.068 ms
(7 rows)


========================================
Epoch=3 Run=1 Phase=run Time=Sat Mar 28 06:04:41 UTC 2026
DB=ycsb
Key=user1000385178204227360
----------------------------------------
                                                         QUERY PLAN                                                          
-----------------------------------------------------------------------------------------------------------------------------
 Index Scan using usertable_pkey on usertable  (cost=0.28..8.29 rows=1 width=1241) (actual time=0.024..0.024 rows=1 loops=1)
   Index Cond: (ycsb_key = 'user1000385178204227360'::text)
   Buffers: shared hit=3
 Planning:
   Buffers: shared hit=191
 Planning Time: 0.970 ms
 Execution Time: 0.057 ms
(7 rows)


========================================
Epoch=3 Run=2 Phase=run Time=Sat Mar 28 06:06:13 UTC 2026
DB=ycsb
Key=user1000385178204227360
----------------------------------------
                                                         QUERY PLAN                                                          
-----------------------------------------------------------------------------------------------------------------------------
 Index Scan using usertable_pkey on usertable  (cost=0.28..8.29 rows=1 width=1253) (actual time=0.029..0.029 rows=1 loops=1)
   Index Cond: (ycsb_key = 'user1000385178204227360'::text)
   Buffers: shared hit=3
 Planning:
   Buffers: shared hit=181
 Planning Time: 0.781 ms
 Execution Time: 0.063 ms
(7 rows)


========================================
Epoch=3 Run=3 Phase=run Time=Sat Mar 28 06:07:42 UTC 2026
DB=ycsb
Key=user1000385178204227360
----------------------------------------
                                                         QUERY PLAN                                                          
-----------------------------------------------------------------------------------------------------------------------------
 Index Scan using usertable_pkey on usertable  (cost=0.28..8.29 rows=1 width=1229) (actual time=0.031..0.032 rows=1 loops=1)
   Index Cond: (ycsb_key = 'user1000385178204227360'::text)
   Buffers: shared hit=3
 Planning:
   Buffers: shared hit=171
 Planning Time: 0.783 ms
 Execution Time: 0.064 ms
(7 rows)


========================================
Epoch=3 Run=4 Phase=run Time=Sat Mar 28 06:09:18 UTC 2026
DB=ycsb
Key=user1000385178204227360
----------------------------------------
                                                         QUERY PLAN                                                          
-----------------------------------------------------------------------------------------------------------------------------
 Index Scan using usertable_pkey on usertable  (cost=0.28..8.29 rows=1 width=1195) (actual time=0.035..0.035 rows=1 loops=1)
   Index Cond: (ycsb_key = 'user1000385178204227360'::text)
   Buffers: shared hit=3
 Planning:
   Buffers: shared hit=169
 Planning Time: 0.703 ms
 Execution Time: 0.071 ms
(7 rows)


========================================
Epoch=3 Run=5 Phase=run Time=Sat Mar 28 06:10:53 UTC 2026
DB=ycsb
Key=user1000385178204227360
----------------------------------------
                                                         QUERY PLAN                                                          
-----------------------------------------------------------------------------------------------------------------------------
 Index Scan using usertable_pkey on usertable  (cost=0.28..8.29 rows=1 width=1160) (actual time=0.032..0.032 rows=1 loops=1)
   Index Cond: (ycsb_key = 'user1000385178204227360'::text)
   Buffers: shared hit=3
 Planning:
   Buffers: shared hit=160
 Planning Time: 0.577 ms
 Execution Time: 0.067 ms
(7 rows)


========================================
Epoch=3 Run=6 Phase=run Time=Sat Mar 28 06:12:26 UTC 2026
DB=ycsb
Key=user1000385178204227360
----------------------------------------
                                                         QUERY PLAN                                                          
-----------------------------------------------------------------------------------------------------------------------------
 Index Scan using usertable_pkey on usertable  (cost=0.28..8.29 rows=1 width=1107) (actual time=0.037..0.037 rows=1 loops=1)
   Index Cond: (ycsb_key = 'user1000385178204227360'::text)
   Buffers: shared hit=3
 Planning:
   Buffers: shared hit=157
 Planning Time: 0.605 ms
 Execution Time: 0.072 ms
(7 rows)


========================================
Epoch=3 Run=7 Phase=run Time=Sat Mar 28 06:14:07 UTC 2026
DB=ycsb
Key=user1000385178204227360
----------------------------------------
                                                         QUERY PLAN                                                          
-----------------------------------------------------------------------------------------------------------------------------
 Index Scan using usertable_pkey on usertable  (cost=0.28..8.29 rows=1 width=1071) (actual time=0.032..0.032 rows=1 loops=1)
   Index Cond: (ycsb_key = 'user1000385178204227360'::text)
   Buffers: shared hit=3
 Planning:
   Buffers: shared hit=151
 Planning Time: 0.608 ms
 Execution Time: 0.066 ms
(7 rows)


========================================
Epoch=3 Run=8 Phase=run Time=Sat Mar 28 06:15:42 UTC 2026
DB=ycsb
Key=user1000385178204227360
----------------------------------------
                                                         QUERY PLAN                                                          
-----------------------------------------------------------------------------------------------------------------------------
 Index Scan using usertable_pkey on usertable  (cost=0.28..8.29 rows=1 width=1017) (actual time=0.026..0.027 rows=1 loops=1)
   Index Cond: (ycsb_key = 'user1000385178204227360'::text)
   Buffers: shared hit=3
 Planning:
   Buffers: shared hit=142
 Planning Time: 0.581 ms
 Execution Time: 0.063 ms
(7 rows)


========================================
Epoch=3 Run=9 Phase=run Time=Sat Mar 28 06:17:23 UTC 2026
DB=ycsb
Key=user1000385178204227360
----------------------------------------
                                                         QUERY PLAN                                                         
----------------------------------------------------------------------------------------------------------------------------
 Index Scan using usertable_pkey on usertable  (cost=0.28..8.29 rows=1 width=966) (actual time=0.030..0.030 rows=1 loops=1)
   Index Cond: (ycsb_key = 'user1000385178204227360'::text)
   Buffers: shared hit=3
 Planning:
   Buffers: shared hit=134
 Planning Time: 0.623 ms
 Execution Time: 0.065 ms
(7 rows)


========================================
Epoch=3 Run=10 Phase=run Time=Sat Mar 28 06:18:59 UTC 2026
DB=ycsb
Key=user1000385178204227360
----------------------------------------
                                                         QUERY PLAN                                                         
----------------------------------------------------------------------------------------------------------------------------
 Index Scan using usertable_pkey on usertable  (cost=0.28..8.29 rows=1 width=898) (actual time=0.028..0.028 rows=1 loops=1)
   Index Cond: (ycsb_key = 'user1000385178204227360'::text)
   Buffers: shared hit=3
 Planning:
   Buffers: shared hit=131
 Planning Time: 0.595 ms
 Execution Time: 0.064 ms
(7 rows)


========================================
Epoch=4 Run=1 Phase=run Time=Sat Mar 28 06:20:40 UTC 2026
DB=ycsb
Key=user1000385178204227360
----------------------------------------
                                                         QUERY PLAN                                                         
----------------------------------------------------------------------------------------------------------------------------
 Index Scan using usertable_pkey on usertable  (cost=0.28..8.29 rows=1 width=826) (actual time=0.029..0.030 rows=1 loops=1)
   Index Cond: (ycsb_key = 'user1000385178204227360'::text)
   Buffers: shared hit=3
 Planning:
   Buffers: shared hit=134
 Planning Time: 0.603 ms
 Execution Time: 0.068 ms
(7 rows)


========================================
Epoch=4 Run=2 Phase=run Time=Sat Mar 28 06:22:23 UTC 2026
DB=ycsb
Key=user1000385178204227360
----------------------------------------
                                                         QUERY PLAN                                                         
----------------------------------------------------------------------------------------------------------------------------
 Index Scan using usertable_pkey on usertable  (cost=0.28..8.29 rows=1 width=749) (actual time=0.028..0.028 rows=1 loops=1)
   Index Cond: (ycsb_key = 'user1000385178204227360'::text)
   Buffers: shared hit=3
 Planning:
   Buffers: shared hit=130
 Planning Time: 0.559 ms
 Execution Time: 0.064 ms
(7 rows)


========================================
Epoch=4 Run=3 Phase=run Time=Sat Mar 28 06:24:15 UTC 2026
DB=ycsb
Key=user1000385178204227360
----------------------------------------
                                                         QUERY PLAN                                                         
----------------------------------------------------------------------------------------------------------------------------
 Index Scan using usertable_pkey on usertable  (cost=0.28..8.29 rows=1 width=682) (actual time=0.026..0.026 rows=1 loops=1)
   Index Cond: (ycsb_key = 'user1000385178204227360'::text)
   Buffers: shared hit=3
 Planning:
   Buffers: shared hit=125
 Planning Time: 0.541 ms
 Execution Time: 0.087 ms
(7 rows)


========================================
Epoch=4 Run=4 Phase=run Time=Sat Mar 28 06:26:08 UTC 2026
DB=ycsb
Key=user1000385178204227360
----------------------------------------
                                                         QUERY PLAN                                                         
----------------------------------------------------------------------------------------------------------------------------
 Index Scan using usertable_pkey on usertable  (cost=0.28..8.29 rows=1 width=619) (actual time=0.024..0.024 rows=1 loops=1)
   Index Cond: (ycsb_key = 'user1000385178204227360'::text)
   Buffers: shared hit=3
 Planning:
   Buffers: shared hit=128
 Planning Time: 0.543 ms
 Execution Time: 0.062 ms
(7 rows)


========================================
Epoch=4 Run=5 Phase=run Time=Sat Mar 28 06:27:56 UTC 2026
DB=ycsb
Key=user1000385178204227360
----------------------------------------
                                                         QUERY PLAN                                                         
----------------------------------------------------------------------------------------------------------------------------
 Index Scan using usertable_pkey on usertable  (cost=0.28..8.29 rows=1 width=547) (actual time=0.023..0.024 rows=1 loops=1)
   Index Cond: (ycsb_key = 'user1000385178204227360'::text)
   Buffers: shared hit=3
 Planning:
   Buffers: shared hit=128
 Planning Time: 0.504 ms
 Execution Time: 0.059 ms
(7 rows)


========================================
Epoch=4 Run=6 Phase=run Time=Sat Mar 28 06:29:47 UTC 2026
DB=ycsb
Key=user1000385178204227360
----------------------------------------
                                                         QUERY PLAN                                                         
----------------------------------------------------------------------------------------------------------------------------
 Index Scan using usertable_pkey on usertable  (cost=0.28..8.29 rows=1 width=511) (actual time=0.023..0.023 rows=1 loops=1)
   Index Cond: (ycsb_key = 'user1000385178204227360'::text)
   Buffers: shared hit=3
 Planning:
   Buffers: shared hit=125
 Planning Time: 0.507 ms
 Execution Time: 0.059 ms
(7 rows)


========================================
Epoch=4 Run=7 Phase=run Time=Sat Mar 28 06:31:40 UTC 2026
DB=ycsb
Key=user1000385178204227360
----------------------------------------
                                                         QUERY PLAN                                                         
----------------------------------------------------------------------------------------------------------------------------
 Index Scan using usertable_pkey on usertable  (cost=0.28..8.29 rows=1 width=476) (actual time=0.028..0.028 rows=1 loops=1)
   Index Cond: (ycsb_key = 'user1000385178204227360'::text)
   Buffers: shared hit=3
 Planning:
   Buffers: shared hit=125
 Planning Time: 0.591 ms
 Execution Time: 0.068 ms
(7 rows)


========================================
Epoch=4 Run=8 Phase=run Time=Sat Mar 28 06:33:38 UTC 2026
DB=ycsb
Key=user1000385178204227360
----------------------------------------
                                                         QUERY PLAN                                                         
----------------------------------------------------------------------------------------------------------------------------
 Index Scan using usertable_pkey on usertable  (cost=0.28..8.29 rows=1 width=432) (actual time=0.025..0.025 rows=1 loops=1)
   Index Cond: (ycsb_key = 'user1000385178204227360'::text)
   Buffers: shared hit=3
 Planning:
   Buffers: shared hit=125
 Planning Time: 0.526 ms
 Execution Time: 0.063 ms
(7 rows)


========================================
Epoch=4 Run=9 Phase=run Time=Sat Mar 28 06:35:41 UTC 2026
DB=ycsb
Key=user1000385178204227360
----------------------------------------
                                                         QUERY PLAN                                                         
----------------------------------------------------------------------------------------------------------------------------
 Index Scan using usertable_pkey on usertable  (cost=0.28..8.29 rows=1 width=395) (actual time=0.026..0.027 rows=1 loops=1)
   Index Cond: (ycsb_key = 'user1000385178204227360'::text)
   Buffers: shared hit=3
 Planning:
   Buffers: shared hit=125
 Planning Time: 0.550 ms
 Execution Time: 0.064 ms
(7 rows)


========================================
Epoch=4 Run=10 Phase=run Time=Sat Mar 28 06:37:44 UTC 2026
DB=ycsb
Key=user1000385178204227360
----------------------------------------
                                                         QUERY PLAN                                                         
----------------------------------------------------------------------------------------------------------------------------
 Index Scan using usertable_pkey on usertable  (cost=0.28..8.29 rows=1 width=365) (actual time=0.023..0.023 rows=1 loops=1)
   Index Cond: (ycsb_key = 'user1000385178204227360'::text)
   Buffers: shared hit=3
 Planning:
   Buffers: shared hit=125
 Planning Time: 0.487 ms
 Execution Time: 0.057 ms
(7 rows)


========================================
Epoch=5 Run=1 Phase=run Time=Sat Mar 28 06:39:47 UTC 2026
DB=ycsb
Key=user1000385178204227360
----------------------------------------
                                                         QUERY PLAN                                                         
----------------------------------------------------------------------------------------------------------------------------
 Index Scan using usertable_pkey on usertable  (cost=0.28..8.29 rows=1 width=323) (actual time=0.022..0.023 rows=1 loops=1)
   Index Cond: (ycsb_key = 'user1000385178204227360'::text)
   Buffers: shared hit=3
 Planning:
   Buffers: shared hit=125
 Planning Time: 0.516 ms
 Execution Time: 0.059 ms
(7 rows)


========================================
Epoch=5 Run=2 Phase=run Time=Sat Mar 28 06:41:51 UTC 2026
DB=ycsb
Key=user1000385178204227360
----------------------------------------
                                                         QUERY PLAN                                                         
----------------------------------------------------------------------------------------------------------------------------
 Index Scan using usertable_pkey on usertable  (cost=0.28..8.29 rows=1 width=299) (actual time=0.024..0.025 rows=1 loops=1)
   Index Cond: (ycsb_key = 'user1000385178204227360'::text)
   Buffers: shared hit=3
 Planning:
   Buffers: shared hit=125
 Planning Time: 0.484 ms
 Execution Time: 0.058 ms
(7 rows)


========================================
Epoch=5 Run=3 Phase=run Time=Sat Mar 28 06:43:57 UTC 2026
DB=ycsb
Key=user1000385178204227360
----------------------------------------
                                                         QUERY PLAN                                                         
----------------------------------------------------------------------------------------------------------------------------
 Index Scan using usertable_pkey on usertable  (cost=0.28..8.29 rows=1 width=281) (actual time=0.027..0.028 rows=1 loops=1)
   Index Cond: (ycsb_key = 'user1000385178204227360'::text)
   Buffers: shared hit=3
 Planning:
   Buffers: shared hit=125
 Planning Time: 0.585 ms
 Execution Time: 0.064 ms
(7 rows)


========================================
Epoch=5 Run=4 Phase=run Time=Sat Mar 28 06:46:06 UTC 2026
DB=ycsb
Key=user1000385178204227360
----------------------------------------
                                                         QUERY PLAN                                                         
----------------------------------------------------------------------------------------------------------------------------
 Index Scan using usertable_pkey on usertable  (cost=0.28..8.29 rows=1 width=265) (actual time=0.027..0.028 rows=1 loops=1)
   Index Cond: (ycsb_key = 'user1000385178204227360'::text)
   Buffers: shared hit=3
 Planning:
   Buffers: shared hit=125
 Planning Time: 0.550 ms
 Execution Time: 0.063 ms
(7 rows)


========================================
Epoch=5 Run=5 Phase=run Time=Sat Mar 28 06:48:13 UTC 2026
DB=ycsb
Key=user1000385178204227360
----------------------------------------
                                                         QUERY PLAN                                                         
----------------------------------------------------------------------------------------------------------------------------
 Index Scan using usertable_pkey on usertable  (cost=0.28..8.29 rows=1 width=242) (actual time=0.023..0.023 rows=1 loops=1)
   Index Cond: (ycsb_key = 'user1000385178204227360'::text)
   Buffers: shared hit=3
 Planning:
   Buffers: shared hit=125
 Planning Time: 0.488 ms
 Execution Time: 0.058 ms
(7 rows)


========================================
Epoch=5 Run=6 Phase=run Time=Sat Mar 28 06:50:21 UTC 2026
DB=ycsb
Key=user1000385178204227360
----------------------------------------
                                                         QUERY PLAN                                                         
----------------------------------------------------------------------------------------------------------------------------
 Index Scan using usertable_pkey on usertable  (cost=0.28..8.29 rows=1 width=226) (actual time=0.021..0.021 rows=1 loops=1)
   Index Cond: (ycsb_key = 'user1000385178204227360'::text)
   Buffers: shared hit=3
 Planning:
   Buffers: shared hit=125
 Planning Time: 0.469 ms
 Execution Time: 0.054 ms
(7 rows)


========================================
Epoch=5 Run=7 Phase=run Time=Sat Mar 28 06:52:32 UTC 2026
DB=ycsb
Key=user1000385178204227360
----------------------------------------
                                                         QUERY PLAN                                                         
----------------------------------------------------------------------------------------------------------------------------
 Index Scan using usertable_pkey on usertable  (cost=0.28..8.29 rows=1 width=220) (actual time=0.023..0.024 rows=1 loops=1)
   Index Cond: (ycsb_key = 'user1000385178204227360'::text)
   Buffers: shared hit=3
 Planning:
   Buffers: shared hit=125
 Planning Time: 0.540 ms
 Execution Time: 0.058 ms
(7 rows)


========================================
Epoch=5 Run=8 Phase=run Time=Sat Mar 28 06:54:44 UTC 2026
DB=ycsb
Key=user1000385178204227360
----------------------------------------
                                                         QUERY PLAN                                                         
----------------------------------------------------------------------------------------------------------------------------
 Index Scan using usertable_pkey on usertable  (cost=0.28..8.29 rows=1 width=212) (actual time=0.023..0.024 rows=1 loops=1)
   Index Cond: (ycsb_key = 'user1000385178204227360'::text)
   Buffers: shared hit=3
 Planning:
   Buffers: shared hit=125
 Planning Time: 0.530 ms
 Execution Time: 0.059 ms
(7 rows)


========================================
Epoch=5 Run=9 Phase=run Time=Sat Mar 28 06:56:58 UTC 2026
DB=ycsb
Key=user1000385178204227360
----------------------------------------
                                                         QUERY PLAN                                                         
----------------------------------------------------------------------------------------------------------------------------
 Index Scan using usertable_pkey on usertable  (cost=0.28..8.29 rows=1 width=208) (actual time=0.023..0.024 rows=1 loops=1)
   Index Cond: (ycsb_key = 'user1000385178204227360'::text)
   Buffers: shared hit=3
 Planning:
   Buffers: shared hit=125
 Planning Time: 0.511 ms
 Execution Time: 0.059 ms
(7 rows)


========================================
Epoch=5 Run=10 Phase=run Time=Sat Mar 28 06:59:18 UTC 2026
DB=ycsb
Key=user1000385178204227360
----------------------------------------
                                                         QUERY PLAN                                                         
----------------------------------------------------------------------------------------------------------------------------
 Index Scan using usertable_pkey on usertable  (cost=0.28..8.29 rows=1 width=208) (actual time=0.023..0.023 rows=1 loops=1)
   Index Cond: (ycsb_key = 'user1000385178204227360'::text)
   Buffers: shared hit=3
 Planning:
   Buffers: shared hit=125
 Planning Time: 0.474 ms
 Execution Time: 0.058 ms
(7 rows)


========================================
Epoch=6 Run=1 Phase=run Time=Sat Mar 28 07:01:37 UTC 2026
DB=ycsb
Key=user1000385178204227360
----------------------------------------
                                                         QUERY PLAN                                                         
----------------------------------------------------------------------------------------------------------------------------
 Index Scan using usertable_pkey on usertable  (cost=0.28..8.29 rows=1 width=208) (actual time=0.023..0.024 rows=1 loops=1)
   Index Cond: (ycsb_key = 'user1000385178204227360'::text)
   Buffers: shared hit=3
 Planning:
   Buffers: shared hit=125
 Planning Time: 0.501 ms
 Execution Time: 0.057 ms
(7 rows)


========================================
Epoch=6 Run=2 Phase=run Time=Sat Mar 28 07:04:05 UTC 2026
DB=ycsb
Key=user1000385178204227360
----------------------------------------
                                                         QUERY PLAN                                                         
----------------------------------------------------------------------------------------------------------------------------
 Index Scan using usertable_pkey on usertable  (cost=0.28..8.29 rows=1 width=204) (actual time=0.024..0.024 rows=1 loops=1)
   Index Cond: (ycsb_key = 'user1000385178204227360'::text)
   Buffers: shared hit=3
 Planning:
   Buffers: shared hit=125
 Planning Time: 0.607 ms
 Execution Time: 0.063 ms
(7 rows)


========================================
Epoch=6 Run=3 Phase=run Time=Sat Mar 28 07:06:35 UTC 2026
DB=ycsb
Key=user1000385178204227360
----------------------------------------
                                                         QUERY PLAN                                                         
----------------------------------------------------------------------------------------------------------------------------
 Index Scan using usertable_pkey on usertable  (cost=0.28..8.29 rows=1 width=203) (actual time=0.023..0.024 rows=1 loops=1)
   Index Cond: (ycsb_key = 'user1000385178204227360'::text)
   Buffers: shared hit=3
 Planning:
   Buffers: shared hit=125
 Planning Time: 0.497 ms
 Execution Time: 0.058 ms
(7 rows)


========================================
Epoch=6 Run=4 Phase=run Time=Sat Mar 28 07:09:01 UTC 2026
DB=ycsb
Key=user1000385178204227360
----------------------------------------
                                                         QUERY PLAN                                                         
----------------------------------------------------------------------------------------------------------------------------
 Index Scan using usertable_pkey on usertable  (cost=0.28..8.29 rows=1 width=203) (actual time=0.022..0.023 rows=1 loops=1)
   Index Cond: (ycsb_key = 'user1000385178204227360'::text)
   Buffers: shared hit=3
 Planning:
   Buffers: shared hit=125
 Planning Time: 0.480 ms
 Execution Time: 0.060 ms
(7 rows)


========================================
Epoch=6 Run=5 Phase=run Time=Sat Mar 28 07:11:25 UTC 2026
DB=ycsb
Key=user1000385178204227360
----------------------------------------
                                                         QUERY PLAN                                                         
----------------------------------------------------------------------------------------------------------------------------
 Index Scan using usertable_pkey on usertable  (cost=0.28..8.29 rows=1 width=203) (actual time=0.037..0.038 rows=1 loops=1)
   Index Cond: (ycsb_key = 'user1000385178204227360'::text)
   Buffers: shared hit=3
 Planning:
   Buffers: shared hit=125
 Planning Time: 0.458 ms
 Execution Time: 0.071 ms
(7 rows)


========================================
Epoch=6 Run=6 Phase=run Time=Sat Mar 28 07:13:55 UTC 2026
DB=ycsb
Key=user1000385178204227360
----------------------------------------
                                                         QUERY PLAN                                                         
----------------------------------------------------------------------------------------------------------------------------
 Index Scan using usertable_pkey on usertable  (cost=0.28..8.29 rows=1 width=203) (actual time=0.025..0.026 rows=1 loops=1)
   Index Cond: (ycsb_key = 'user1000385178204227360'::text)
   Buffers: shared hit=3
 Planning:
   Buffers: shared hit=125
 Planning Time: 0.563 ms
 Execution Time: 0.062 ms
(7 rows)


========================================
Epoch=6 Run=7 Phase=run Time=Sat Mar 28 07:16:32 UTC 2026
DB=ycsb
Key=user1000385178204227360
----------------------------------------
                                                         QUERY PLAN                                                         
----------------------------------------------------------------------------------------------------------------------------
 Index Scan using usertable_pkey on usertable  (cost=0.28..8.29 rows=1 width=203) (actual time=0.024..0.024 rows=1 loops=1)
   Index Cond: (ycsb_key = 'user1000385178204227360'::text)
   Buffers: shared hit=3
 Planning:
   Buffers: shared hit=125
 Planning Time: 0.550 ms
 Execution Time: 0.060 ms
(7 rows)


========================================
Epoch=6 Run=8 Phase=run Time=Sat Mar 28 07:19:05 UTC 2026
DB=ycsb
Key=user1000385178204227360
----------------------------------------
                                                         QUERY PLAN                                                         
----------------------------------------------------------------------------------------------------------------------------
 Index Scan using usertable_pkey on usertable  (cost=0.28..8.29 rows=1 width=203) (actual time=0.025..0.026 rows=1 loops=1)
   Index Cond: (ycsb_key = 'user1000385178204227360'::text)
   Buffers: shared hit=3
 Planning:
   Buffers: shared hit=125
 Planning Time: 0.537 ms
 Execution Time: 0.062 ms
(7 rows)


========================================
Epoch=6 Run=9 Phase=run Time=Sat Mar 28 07:21:37 UTC 2026
DB=ycsb
Key=user1000385178204227360
----------------------------------------
                                                         QUERY PLAN                                                         
----------------------------------------------------------------------------------------------------------------------------
 Index Scan using usertable_pkey on usertable  (cost=0.28..8.29 rows=1 width=203) (actual time=0.024..0.025 rows=1 loops=1)
   Index Cond: (ycsb_key = 'user1000385178204227360'::text)
   Buffers: shared hit=3
 Planning:
   Buffers: shared hit=125
 Planning Time: 0.526 ms
 Execution Time: 0.083 ms
(7 rows)


========================================
Epoch=6 Run=10 Phase=run Time=Sat Mar 28 07:24:09 UTC 2026
DB=ycsb
Key=user1000385178204227360
----------------------------------------
                                                         QUERY PLAN                                                         
----------------------------------------------------------------------------------------------------------------------------
 Index Scan using usertable_pkey on usertable  (cost=0.28..8.29 rows=1 width=203) (actual time=0.025..0.026 rows=1 loops=1)
   Index Cond: (ycsb_key = 'user1000385178204227360'::text)
   Buffers: shared hit=3
 Planning:
   Buffers: shared hit=125
 Planning Time: 0.511 ms
 Execution Time: 0.059 ms
(7 rows)


========================================
Epoch=7 Run=1 Phase=run Time=Sat Mar 28 07:26:43 UTC 2026
DB=ycsb
Key=user1000385178204227360
----------------------------------------
                                                         QUERY PLAN                                                         
----------------------------------------------------------------------------------------------------------------------------
 Index Scan using usertable_pkey on usertable  (cost=0.28..8.29 rows=1 width=203) (actual time=0.023..0.024 rows=1 loops=1)
   Index Cond: (ycsb_key = 'user1000385178204227360'::text)
   Buffers: shared hit=3
 Planning:
   Buffers: shared hit=125
 Planning Time: 0.455 ms
 Execution Time: 0.056 ms
(7 rows)


========================================
Epoch=7 Run=2 Phase=run Time=Sat Mar 28 07:29:21 UTC 2026
DB=ycsb
Key=user1000385178204227360
----------------------------------------
                                                         QUERY PLAN                                                         
----------------------------------------------------------------------------------------------------------------------------
 Index Scan using usertable_pkey on usertable  (cost=0.28..8.29 rows=1 width=203) (actual time=0.025..0.025 rows=1 loops=1)
   Index Cond: (ycsb_key = 'user1000385178204227360'::text)
   Buffers: shared hit=3
 Planning:
   Buffers: shared hit=125
 Planning Time: 0.511 ms
 Execution Time: 0.060 ms
(7 rows)


========================================
Epoch=7 Run=3 Phase=run Time=Sat Mar 28 07:31:59 UTC 2026
DB=ycsb
Key=user1000385178204227360
----------------------------------------
                                                         QUERY PLAN                                                         
----------------------------------------------------------------------------------------------------------------------------
 Index Scan using usertable_pkey on usertable  (cost=0.28..8.29 rows=1 width=203) (actual time=0.033..0.033 rows=1 loops=1)
   Index Cond: (ycsb_key = 'user1000385178204227360'::text)
   Buffers: shared hit=3
 Planning:
   Buffers: shared hit=125
 Planning Time: 0.541 ms
 Execution Time: 0.090 ms
(7 rows)


========================================
Epoch=7 Run=4 Phase=run Time=Sat Mar 28 07:34:45 UTC 2026
DB=ycsb
Key=user1000385178204227360
----------------------------------------
                                                         QUERY PLAN                                                         
----------------------------------------------------------------------------------------------------------------------------
 Index Scan using usertable_pkey on usertable  (cost=0.28..8.29 rows=1 width=203) (actual time=0.027..0.028 rows=1 loops=1)
   Index Cond: (ycsb_key = 'user1000385178204227360'::text)
   Buffers: shared hit=3
 Planning:
   Buffers: shared hit=125
 Planning Time: 0.526 ms
 Execution Time: 0.065 ms
(7 rows)


========================================
Epoch=7 Run=5 Phase=run Time=Sat Mar 28 07:37:29 UTC 2026
DB=ycsb
Key=user1000385178204227360
----------------------------------------
                                                         QUERY PLAN                                                         
----------------------------------------------------------------------------------------------------------------------------
 Index Scan using usertable_pkey on usertable  (cost=0.28..8.29 rows=1 width=203) (actual time=0.027..0.028 rows=1 loops=1)
   Index Cond: (ycsb_key = 'user1000385178204227360'::text)
   Buffers: shared hit=3
 Planning:
   Buffers: shared hit=125
 Planning Time: 0.533 ms
 Execution Time: 0.083 ms
(7 rows)


========================================
Epoch=7 Run=6 Phase=run Time=Sat Mar 28 07:40:16 UTC 2026
DB=ycsb
Key=user1000385178204227360
----------------------------------------
                                                         QUERY PLAN                                                         
----------------------------------------------------------------------------------------------------------------------------
 Index Scan using usertable_pkey on usertable  (cost=0.28..8.29 rows=1 width=203) (actual time=0.024..0.025 rows=1 loops=1)
   Index Cond: (ycsb_key = 'user1000385178204227360'::text)
   Buffers: shared hit=3
 Planning:
   Buffers: shared hit=125
 Planning Time: 0.453 ms
 Execution Time: 0.060 ms
(7 rows)


========================================
Epoch=7 Run=7 Phase=run Time=Sat Mar 28 07:43:01 UTC 2026
DB=ycsb
Key=user1000385178204227360
----------------------------------------
                                                         QUERY PLAN                                                         
----------------------------------------------------------------------------------------------------------------------------
 Index Scan using usertable_pkey on usertable  (cost=0.28..8.29 rows=1 width=203) (actual time=0.026..0.027 rows=1 loops=1)
   Index Cond: (ycsb_key = 'user1000385178204227360'::text)
   Buffers: shared hit=3
 Planning:
   Buffers: shared hit=125
 Planning Time: 0.509 ms
 Execution Time: 0.061 ms
(7 rows)


========================================
Epoch=7 Run=8 Phase=run Time=Sat Mar 28 07:45:53 UTC 2026
DB=ycsb
Key=user1000385178204227360
----------------------------------------
                                                         QUERY PLAN                                                         
----------------------------------------------------------------------------------------------------------------------------
 Index Scan using usertable_pkey on usertable  (cost=0.28..8.29 rows=1 width=203) (actual time=0.026..0.027 rows=1 loops=1)
   Index Cond: (ycsb_key = 'user1000385178204227360'::text)
   Buffers: shared hit=3
 Planning:
   Buffers: shared hit=125
 Planning Time: 0.513 ms
 Execution Time: 0.061 ms
(7 rows)


========================================
Epoch=7 Run=9 Phase=run Time=Sat Mar 28 07:48:49 UTC 2026
DB=ycsb
Key=user1000385178204227360
----------------------------------------
                                                         QUERY PLAN                                                         
----------------------------------------------------------------------------------------------------------------------------
 Index Scan using usertable_pkey on usertable  (cost=0.28..8.29 rows=1 width=203) (actual time=0.028..0.028 rows=1 loops=1)
   Index Cond: (ycsb_key = 'user1000385178204227360'::text)
   Buffers: shared hit=3
 Planning:
   Buffers: shared hit=125
 Planning Time: 0.545 ms
 Execution Time: 0.064 ms
(7 rows)


========================================
Epoch=7 Run=10 Phase=run Time=Sat Mar 28 07:51:43 UTC 2026
DB=ycsb
Key=user1000385178204227360
----------------------------------------
                                                         QUERY PLAN                                                         
----------------------------------------------------------------------------------------------------------------------------
 Index Scan using usertable_pkey on usertable  (cost=0.28..8.29 rows=1 width=203) (actual time=0.027..0.028 rows=1 loops=1)
   Index Cond: (ycsb_key = 'user1000385178204227360'::text)
   Buffers: shared hit=3
 Planning:
   Buffers: shared hit=125
 Planning Time: 0.514 ms
 Execution Time: 0.062 ms
(7 rows)


========================================
Epoch=8 Run=1 Phase=run Time=Sat Mar 28 07:54:36 UTC 2026
DB=ycsb
Key=user1000385178204227360
----------------------------------------
                                                         QUERY PLAN                                                         
----------------------------------------------------------------------------------------------------------------------------
 Index Scan using usertable_pkey on usertable  (cost=0.28..8.29 rows=1 width=203) (actual time=0.029..0.030 rows=1 loops=1)
   Index Cond: (ycsb_key = 'user1000385178204227360'::text)
   Buffers: shared hit=3
 Planning:
   Buffers: shared hit=125
 Planning Time: 0.543 ms
 Execution Time: 0.066 ms
(7 rows)


========================================
Epoch=8 Run=2 Phase=run Time=Sat Mar 28 07:57:26 UTC 2026
DB=ycsb
Key=user1000385178204227360
----------------------------------------
                                                         QUERY PLAN                                                         
----------------------------------------------------------------------------------------------------------------------------
 Index Scan using usertable_pkey on usertable  (cost=0.28..8.29 rows=1 width=203) (actual time=0.025..0.026 rows=1 loops=1)
   Index Cond: (ycsb_key = 'user1000385178204227360'::text)
   Buffers: shared hit=3
 Planning:
   Buffers: shared hit=125
 Planning Time: 0.539 ms
 Execution Time: 0.061 ms
(7 rows)


========================================
Epoch=8 Run=3 Phase=run Time=Sat Mar 28 08:00:21 UTC 2026
DB=ycsb
Key=user1000385178204227360
----------------------------------------
                                                         QUERY PLAN                                                         
----------------------------------------------------------------------------------------------------------------------------
 Index Scan using usertable_pkey on usertable  (cost=0.28..8.29 rows=1 width=203) (actual time=0.028..0.029 rows=1 loops=1)
   Index Cond: (ycsb_key = 'user1000385178204227360'::text)
   Buffers: shared hit=3
 Planning:
   Buffers: shared hit=125
 Planning Time: 0.550 ms
 Execution Time: 0.066 ms
(7 rows)


========================================
Epoch=8 Run=4 Phase=run Time=Sat Mar 28 08:03:19 UTC 2026
DB=ycsb
Key=user1000385178204227360
----------------------------------------
                                                         QUERY PLAN                                                         
----------------------------------------------------------------------------------------------------------------------------
 Index Scan using usertable_pkey on usertable  (cost=0.28..8.29 rows=1 width=203) (actual time=0.028..0.029 rows=1 loops=1)
   Index Cond: (ycsb_key = 'user1000385178204227360'::text)
   Buffers: shared hit=3
 Planning:
   Buffers: shared hit=125
 Planning Time: 0.553 ms
 Execution Time: 0.065 ms
(7 rows)


========================================
Epoch=8 Run=5 Phase=run Time=Sat Mar 28 08:06:14 UTC 2026
DB=ycsb
Key=user1000385178204227360
----------------------------------------
                                                         QUERY PLAN                                                         
----------------------------------------------------------------------------------------------------------------------------
 Index Scan using usertable_pkey on usertable  (cost=0.28..8.29 rows=1 width=203) (actual time=0.025..0.025 rows=1 loops=1)
   Index Cond: (ycsb_key = 'user1000385178204227360'::text)
   Buffers: shared hit=3
 Planning:
   Buffers: shared hit=125
 Planning Time: 0.522 ms
 Execution Time: 0.061 ms
(7 rows)


========================================
Epoch=8 Run=6 Phase=run Time=Sat Mar 28 08:09:09 UTC 2026
DB=ycsb
Key=user1000385178204227360
----------------------------------------
                                                         QUERY PLAN                                                         
----------------------------------------------------------------------------------------------------------------------------
 Index Scan using usertable_pkey on usertable  (cost=0.28..8.29 rows=1 width=203) (actual time=0.029..0.030 rows=1 loops=1)
   Index Cond: (ycsb_key = 'user1000385178204227360'::text)
   Buffers: shared hit=3
 Planning:
   Buffers: shared hit=125
 Planning Time: 0.556 ms
 Execution Time: 0.066 ms
(7 rows)


========================================
Epoch=8 Run=7 Phase=run Time=Sat Mar 28 08:12:11 UTC 2026
DB=ycsb
Key=user1000385178204227360
----------------------------------------
                                                         QUERY PLAN                                                         
----------------------------------------------------------------------------------------------------------------------------
 Index Scan using usertable_pkey on usertable  (cost=0.28..8.29 rows=1 width=203) (actual time=0.029..0.030 rows=1 loops=1)
   Index Cond: (ycsb_key = 'user1000385178204227360'::text)
   Buffers: shared hit=3
 Planning:
   Buffers: shared hit=125
 Planning Time: 0.551 ms
 Execution Time: 0.067 ms
(7 rows)


========================================
Epoch=8 Run=8 Phase=run Time=Sat Mar 28 08:15:18 UTC 2026
DB=ycsb
Key=user1000385178204227360
----------------------------------------
                                                         QUERY PLAN                                                         
----------------------------------------------------------------------------------------------------------------------------
 Index Scan using usertable_pkey on usertable  (cost=0.28..8.29 rows=1 width=203) (actual time=0.026..0.027 rows=1 loops=1)
   Index Cond: (ycsb_key = 'user1000385178204227360'::text)
   Buffers: shared hit=3
 Planning:
   Buffers: shared hit=125
 Planning Time: 0.485 ms
 Execution Time: 0.061 ms
(7 rows)


========================================
Epoch=8 Run=9 Phase=run Time=Sat Mar 28 08:18:27 UTC 2026
DB=ycsb
Key=user1000385178204227360
----------------------------------------
                                                         QUERY PLAN                                                         
----------------------------------------------------------------------------------------------------------------------------
 Index Scan using usertable_pkey on usertable  (cost=0.28..8.29 rows=1 width=203) (actual time=0.029..0.030 rows=1 loops=1)
   Index Cond: (ycsb_key = 'user1000385178204227360'::text)
   Buffers: shared hit=3
 Planning:
   Buffers: shared hit=125
 Planning Time: 0.618 ms
 Execution Time: 0.068 ms
(7 rows)


========================================
Epoch=8 Run=10 Phase=run Time=Sat Mar 28 08:21:39 UTC 2026
DB=ycsb
Key=user1000385178204227360
----------------------------------------
                                                         QUERY PLAN                                                         
----------------------------------------------------------------------------------------------------------------------------
 Index Scan using usertable_pkey on usertable  (cost=0.28..8.29 rows=1 width=203) (actual time=0.029..0.029 rows=1 loops=1)
   Index Cond: (ycsb_key = 'user1000385178204227360'::text)
   Buffers: shared hit=3
 Planning:
   Buffers: shared hit=125
 Planning Time: 0.585 ms
 Execution Time: 0.067 ms
(7 rows)


========================================
Epoch=9 Run=1 Phase=run Time=Sat Mar 28 08:24:54 UTC 2026
DB=ycsb
Key=user1000385178204227360
----------------------------------------
                                                         QUERY PLAN                                                         
----------------------------------------------------------------------------------------------------------------------------
 Index Scan using usertable_pkey on usertable  (cost=0.28..8.29 rows=1 width=203) (actual time=0.026..0.026 rows=1 loops=1)
   Index Cond: (ycsb_key = 'user1000385178204227360'::text)
   Buffers: shared hit=3
 Planning:
   Buffers: shared hit=125
 Planning Time: 0.506 ms
 Execution Time: 0.062 ms
(7 rows)


========================================
Epoch=9 Run=2 Phase=run Time=Sat Mar 28 08:28:13 UTC 2026
DB=ycsb
Key=user1000385178204227360
----------------------------------------
                                                         QUERY PLAN                                                         
----------------------------------------------------------------------------------------------------------------------------
 Index Scan using usertable_pkey on usertable  (cost=0.28..8.29 rows=1 width=203) (actual time=0.024..0.024 rows=1 loops=1)
   Index Cond: (ycsb_key = 'user1000385178204227360'::text)
   Buffers: shared hit=3
 Planning:
   Buffers: shared hit=125
 Planning Time: 0.481 ms
 Execution Time: 0.067 ms
(7 rows)


========================================
Epoch=9 Run=3 Phase=run Time=Sat Mar 28 08:31:30 UTC 2026
DB=ycsb
Key=user1000385178204227360
----------------------------------------
                                                         QUERY PLAN                                                         
----------------------------------------------------------------------------------------------------------------------------
 Index Scan using usertable_pkey on usertable  (cost=0.28..8.29 rows=1 width=203) (actual time=0.027..0.028 rows=1 loops=1)
   Index Cond: (ycsb_key = 'user1000385178204227360'::text)
   Buffers: shared hit=3
 Planning:
   Buffers: shared hit=125
 Planning Time: 0.530 ms
 Execution Time: 0.062 ms
(7 rows)


========================================
Epoch=9 Run=4 Phase=run Time=Sat Mar 28 08:34:52 UTC 2026
DB=ycsb
Key=user1000385178204227360
----------------------------------------
                                                         QUERY PLAN                                                         
----------------------------------------------------------------------------------------------------------------------------
 Index Scan using usertable_pkey on usertable  (cost=0.28..8.29 rows=1 width=203) (actual time=0.030..0.030 rows=1 loops=1)
   Index Cond: (ycsb_key = 'user1000385178204227360'::text)
   Buffers: shared hit=3
 Planning:
   Buffers: shared hit=125
 Planning Time: 0.563 ms
 Execution Time: 0.069 ms
(7 rows)


========================================
Epoch=9 Run=5 Phase=run Time=Sat Mar 28 08:38:12 UTC 2026
DB=ycsb
Key=user1000385178204227360
----------------------------------------
                                                         QUERY PLAN                                                         
----------------------------------------------------------------------------------------------------------------------------
 Index Scan using usertable_pkey on usertable  (cost=0.28..8.29 rows=1 width=203) (actual time=0.028..0.029 rows=1 loops=1)
   Index Cond: (ycsb_key = 'user1000385178204227360'::text)
   Buffers: shared hit=3
 Planning:
   Buffers: shared hit=125
 Planning Time: 0.549 ms
 Execution Time: 0.065 ms
(7 rows)


========================================
Epoch=9 Run=6 Phase=run Time=Sat Mar 28 08:41:33 UTC 2026
DB=ycsb
Key=user1000385178204227360
----------------------------------------
                                                         QUERY PLAN                                                         
----------------------------------------------------------------------------------------------------------------------------
 Index Scan using usertable_pkey on usertable  (cost=0.28..8.29 rows=1 width=203) (actual time=0.026..0.027 rows=1 loops=1)
   Index Cond: (ycsb_key = 'user1000385178204227360'::text)
   Buffers: shared hit=3
 Planning:
   Buffers: shared hit=125
 Planning Time: 0.493 ms
 Execution Time: 0.062 ms
(7 rows)


========================================
Epoch=9 Run=7 Phase=run Time=Sat Mar 28 08:45:00 UTC 2026
DB=ycsb
Key=user1000385178204227360
----------------------------------------
                                                         QUERY PLAN                                                         
----------------------------------------------------------------------------------------------------------------------------
 Index Scan using usertable_pkey on usertable  (cost=0.28..8.29 rows=1 width=203) (actual time=0.028..0.029 rows=1 loops=1)
   Index Cond: (ycsb_key = 'user1000385178204227360'::text)
   Buffers: shared hit=3
 Planning:
   Buffers: shared hit=125
 Planning Time: 0.549 ms
 Execution Time: 0.066 ms
(7 rows)


========================================
Epoch=9 Run=8 Phase=run Time=Sat Mar 28 08:48:26 UTC 2026
DB=ycsb
Key=user1000385178204227360
----------------------------------------
                                                         QUERY PLAN                                                         
----------------------------------------------------------------------------------------------------------------------------
 Index Scan using usertable_pkey on usertable  (cost=0.28..8.29 rows=1 width=203) (actual time=0.027..0.028 rows=1 loops=1)
   Index Cond: (ycsb_key = 'user1000385178204227360'::text)
   Buffers: shared hit=3
 Planning:
   Buffers: shared hit=125
 Planning Time: 0.520 ms
 Execution Time: 0.064 ms
(7 rows)


========================================
Epoch=9 Run=9 Phase=run Time=Sat Mar 28 08:51:54 UTC 2026
DB=ycsb
Key=user1000385178204227360
----------------------------------------
                                                         QUERY PLAN                                                         
----------------------------------------------------------------------------------------------------------------------------
 Index Scan using usertable_pkey on usertable  (cost=0.28..8.29 rows=1 width=203) (actual time=0.028..0.028 rows=1 loops=1)
   Index Cond: (ycsb_key = 'user1000385178204227360'::text)
   Buffers: shared hit=3
 Planning:
   Buffers: shared hit=125
 Planning Time: 0.517 ms
 Execution Time: 0.064 ms
(7 rows)


========================================
Epoch=9 Run=10 Phase=run Time=Sat Mar 28 08:55:21 UTC 2026
DB=ycsb
Key=user1000385178204227360
----------------------------------------
                                                         QUERY PLAN                                                         
----------------------------------------------------------------------------------------------------------------------------
 Index Scan using usertable_pkey on usertable  (cost=0.28..8.29 rows=1 width=203) (actual time=0.027..0.028 rows=1 loops=1)
   Index Cond: (ycsb_key = 'user1000385178204227360'::text)
   Buffers: shared hit=3
 Planning:
   Buffers: shared hit=125
 Planning Time: 0.536 ms
 Execution Time: 0.064 ms
(7 rows)


========================================
Epoch=10 Run=1 Phase=run Time=Sat Mar 28 08:58:49 UTC 2026
DB=ycsb
Key=user1000385178204227360
----------------------------------------
                                                         QUERY PLAN                                                         
----------------------------------------------------------------------------------------------------------------------------
 Index Scan using usertable_pkey on usertable  (cost=0.28..8.29 rows=1 width=203) (actual time=0.027..0.027 rows=1 loops=1)
   Index Cond: (ycsb_key = 'user1000385178204227360'::text)
   Buffers: shared hit=3
 Planning:
   Buffers: shared hit=125
 Planning Time: 0.485 ms
 Execution Time: 0.062 ms
(7 rows)


========================================
Epoch=10 Run=2 Phase=run Time=Sat Mar 28 09:02:17 UTC 2026
DB=ycsb
Key=user1000385178204227360
----------------------------------------
                                                         QUERY PLAN                                                         
----------------------------------------------------------------------------------------------------------------------------
 Index Scan using usertable_pkey on usertable  (cost=0.28..8.29 rows=1 width=203) (actual time=0.028..0.028 rows=1 loops=1)
   Index Cond: (ycsb_key = 'user1000385178204227360'::text)
   Buffers: shared hit=3
 Planning:
   Buffers: shared hit=125
 Planning Time: 0.551 ms
 Execution Time: 0.065 ms
(7 rows)


========================================
Epoch=10 Run=3 Phase=run Time=Sat Mar 28 09:05:52 UTC 2026
DB=ycsb
Key=user1000385178204227360
----------------------------------------
                                                         QUERY PLAN                                                         
----------------------------------------------------------------------------------------------------------------------------
 Index Scan using usertable_pkey on usertable  (cost=0.28..8.29 rows=1 width=203) (actual time=0.026..0.026 rows=1 loops=1)
   Index Cond: (ycsb_key = 'user1000385178204227360'::text)
   Buffers: shared hit=3
 Planning:
   Buffers: shared hit=125
 Planning Time: 0.468 ms
 Execution Time: 0.060 ms
(7 rows)


========================================
Epoch=10 Run=4 Phase=run Time=Sat Mar 28 09:09:25 UTC 2026
DB=ycsb
Key=user1000385178204227360
----------------------------------------
                                                         QUERY PLAN                                                         
----------------------------------------------------------------------------------------------------------------------------
 Index Scan using usertable_pkey on usertable  (cost=0.28..8.29 rows=1 width=203) (actual time=0.025..0.026 rows=1 loops=1)
   Index Cond: (ycsb_key = 'user1000385178204227360'::text)
   Buffers: shared hit=3
 Planning:
   Buffers: shared hit=125
 Planning Time: 0.493 ms
 Execution Time: 0.058 ms
(7 rows)


========================================
Epoch=10 Run=5 Phase=run Time=Sat Mar 28 09:13:05 UTC 2026
DB=ycsb
Key=user1000385178204227360
----------------------------------------
                                                         QUERY PLAN                                                         
----------------------------------------------------------------------------------------------------------------------------
 Index Scan using usertable_pkey on usertable  (cost=0.28..8.29 rows=1 width=203) (actual time=0.030..0.031 rows=1 loops=1)
   Index Cond: (ycsb_key = 'user1000385178204227360'::text)
   Buffers: shared hit=3
 Planning:
   Buffers: shared hit=125
 Planning Time: 0.631 ms
 Execution Time: 0.069 ms
(7 rows)


========================================
Epoch=10 Run=6 Phase=run Time=Sat Mar 28 09:16:47 UTC 2026
DB=ycsb
Key=user1000385178204227360
----------------------------------------
                                                         QUERY PLAN                                                         
----------------------------------------------------------------------------------------------------------------------------
 Index Scan using usertable_pkey on usertable  (cost=0.28..8.29 rows=1 width=203) (actual time=0.027..0.028 rows=1 loops=1)
   Index Cond: (ycsb_key = 'user1000385178204227360'::text)
   Buffers: shared hit=3
 Planning:
   Buffers: shared hit=125
 Planning Time: 0.520 ms
 Execution Time: 0.063 ms
(7 rows)


========================================
Epoch=10 Run=7 Phase=run Time=Sat Mar 28 09:20:31 UTC 2026
DB=ycsb
Key=user1000385178204227360
----------------------------------------
                                                         QUERY PLAN                                                         
----------------------------------------------------------------------------------------------------------------------------
 Index Scan using usertable_pkey on usertable  (cost=0.28..8.29 rows=1 width=203) (actual time=0.027..0.028 rows=1 loops=1)
   Index Cond: (ycsb_key = 'user1000385178204227360'::text)
   Buffers: shared hit=3
 Planning:
   Buffers: shared hit=125
 Planning Time: 0.550 ms
 Execution Time: 0.064 ms
(7 rows)


========================================
Epoch=10 Run=8 Phase=run Time=Sat Mar 28 09:24:09 UTC 2026
DB=ycsb
Key=user1000385178204227360
----------------------------------------
                                                         QUERY PLAN                                                         
----------------------------------------------------------------------------------------------------------------------------
 Index Scan using usertable_pkey on usertable  (cost=0.28..8.29 rows=1 width=203) (actual time=0.027..0.028 rows=1 loops=1)
   Index Cond: (ycsb_key = 'user1000385178204227360'::text)
   Buffers: shared hit=3
 Planning:
   Buffers: shared hit=125
 Planning Time: 0.531 ms
 Execution Time: 0.064 ms
(7 rows)


========================================
Epoch=10 Run=9 Phase=run Time=Sat Mar 28 09:27:57 UTC 2026
DB=ycsb
Key=user1000385178204227360
----------------------------------------
                                                         QUERY PLAN                                                         
----------------------------------------------------------------------------------------------------------------------------
 Index Scan using usertable_pkey on usertable  (cost=0.28..8.29 rows=1 width=203) (actual time=0.026..0.026 rows=1 loops=1)
   Index Cond: (ycsb_key = 'user1000385178204227360'::text)
   Buffers: shared hit=3
 Planning:
   Buffers: shared hit=125
 Planning Time: 0.522 ms
 Execution Time: 0.062 ms
(7 rows)


========================================
Epoch=10 Run=10 Phase=run Time=Sat Mar 28 09:31:47 UTC 2026
DB=ycsb
Key=user1000385178204227360
----------------------------------------
                                                         QUERY PLAN                                                         
----------------------------------------------------------------------------------------------------------------------------
 Index Scan using usertable_pkey on usertable  (cost=0.28..8.29 rows=1 width=203) (actual time=0.028..0.029 rows=1 loops=1)
   Index Cond: (ycsb_key = 'user1000385178204227360'::text)
   Buffers: shared hit=3
 Planning:
   Buffers: shared hit=125
 Planning Time: 0.588 ms
 Execution Time: 0.067 ms
(7 rows)


