========================================
Epoch=1 Run=1 Phase=run Time=Wed Mar 25 12:27:37 UTC 2026
DB=ycsb
Key=user1000385178204227360
----------------------------------------
                                                         QUERY PLAN                                                          
-----------------------------------------------------------------------------------------------------------------------------
 Index Scan using usertable_pkey on usertable  (cost=0.29..8.30 rows=1 width=1813) (actual time=0.014..0.015 rows=1 loops=1)
   Index Cond: (ycsb_key = 'user1000385178204227360'::text)
   Buffers: shared hit=3
 Planning:
   Buffers: shared hit=171
 Planning Time: 0.541 ms
 Execution Time: 0.039 ms
(7 rows)


========================================
Epoch=1 Run=2 Phase=run Time=Wed Mar 25 12:34:27 UTC 2026
DB=ycsb
Key=user1000385178204227360
----------------------------------------
                                                         QUERY PLAN                                                          
-----------------------------------------------------------------------------------------------------------------------------
 Index Scan using usertable_pkey on usertable  (cost=0.29..8.30 rows=1 width=1808) (actual time=0.019..0.020 rows=1 loops=1)
   Index Cond: (ycsb_key = 'user1000385178204227360'::text)
   Buffers: shared hit=3
 Planning:
   Buffers: shared hit=201
 Planning Time: 0.638 ms
 Execution Time: 0.047 ms
(7 rows)


========================================
Epoch=1 Run=3 Phase=run Time=Wed Mar 25 12:41:31 UTC 2026
DB=ycsb
Key=user1000385178204227360
----------------------------------------
                                                         QUERY PLAN                                                          
-----------------------------------------------------------------------------------------------------------------------------
 Index Scan using usertable_pkey on usertable  (cost=0.29..8.30 rows=1 width=1761) (actual time=0.016..0.016 rows=1 loops=1)
   Index Cond: (ycsb_key = 'user1000385178204227360'::text)
   Buffers: shared hit=3
 Planning:
   Buffers: shared hit=211
 Planning Time: 0.818 ms
 Execution Time: 0.067 ms
(7 rows)


========================================
Epoch=1 Run=4 Phase=run Time=Wed Mar 25 12:48:31 UTC 2026
DB=ycsb
Key=user1000385178204227360
----------------------------------------
                                                         QUERY PLAN                                                          
-----------------------------------------------------------------------------------------------------------------------------
 Index Scan using usertable_pkey on usertable  (cost=0.29..8.30 rows=1 width=1707) (actual time=0.018..0.018 rows=1 loops=1)
   Index Cond: (ycsb_key = 'user1000385178204227360'::text)
   Buffers: shared hit=3
 Planning:
   Buffers: shared hit=228
 Planning Time: 0.848 ms
 Execution Time: 0.047 ms
(7 rows)


========================================
Epoch=1 Run=5 Phase=run Time=Wed Mar 25 12:55:41 UTC 2026
DB=ycsb
Key=user1000385178204227360
----------------------------------------
                                                         QUERY PLAN                                                          
-----------------------------------------------------------------------------------------------------------------------------
 Index Scan using usertable_pkey on usertable  (cost=0.29..8.30 rows=1 width=1657) (actual time=0.028..0.029 rows=1 loops=1)
   Index Cond: (ycsb_key = 'user1000385178204227360'::text)
   Buffers: shared hit=2 read=1
 Planning:
   Buffers: shared hit=243
 Planning Time: 1.061 ms
 Execution Time: 0.058 ms
(7 rows)


========================================
Epoch=1 Run=6 Phase=run Time=Wed Mar 25 13:02:53 UTC 2026
DB=ycsb
Key=user1000385178204227360
----------------------------------------
                                                         QUERY PLAN                                                          
-----------------------------------------------------------------------------------------------------------------------------
 Index Scan using usertable_pkey on usertable  (cost=0.29..8.30 rows=1 width=1596) (actual time=0.012..0.012 rows=1 loops=1)
   Index Cond: (ycsb_key = 'user1000385178204227360'::text)
   Buffers: shared hit=3
 Planning:
   Buffers: shared hit=253 read=3 written=3
 Planning Time: 1.046 ms
 Execution Time: 0.040 ms
(7 rows)


========================================
Epoch=1 Run=7 Phase=run Time=Wed Mar 25 13:10:01 UTC 2026
DB=ycsb
Key=user1000385178204227360
----------------------------------------
                                                         QUERY PLAN                                                          
-----------------------------------------------------------------------------------------------------------------------------
 Index Scan using usertable_pkey on usertable  (cost=0.29..8.30 rows=1 width=1652) (actual time=0.034..0.035 rows=1 loops=1)
   Index Cond: (ycsb_key = 'user1000385178204227360'::text)
   Buffers: shared hit=2 read=1 written=1
 Planning:
   Buffers: shared hit=259 read=6 written=3
 Planning Time: 1.430 ms
 Execution Time: 0.078 ms
(7 rows)


========================================
Epoch=1 Run=8 Phase=run Time=Wed Mar 25 13:17:11 UTC 2026
DB=ycsb
Key=user1000385178204227360
----------------------------------------
                                                         QUERY PLAN                                                          
-----------------------------------------------------------------------------------------------------------------------------
 Index Scan using usertable_pkey on usertable  (cost=0.29..8.30 rows=1 width=1471) (actual time=0.023..0.024 rows=1 loops=1)
   Index Cond: (ycsb_key = 'user1000385178204227360'::text)
   Buffers: shared hit=2 read=1
 Planning:
   Buffers: shared hit=266 read=5 written=2
 Planning Time: 1.398 ms
 Execution Time: 0.059 ms
(7 rows)


========================================
Epoch=1 Run=9 Phase=run Time=Wed Mar 25 13:24:36 UTC 2026
DB=ycsb
Key=user1000385178204227360
----------------------------------------
                                                         QUERY PLAN                                                          
-----------------------------------------------------------------------------------------------------------------------------
 Index Scan using usertable_pkey on usertable  (cost=0.29..8.30 rows=1 width=1290) (actual time=0.015..0.016 rows=1 loops=1)
   Index Cond: (ycsb_key = 'user1000385178204227360'::text)
   Buffers: shared hit=2 read=1
 Planning:
   Buffers: shared hit=273 read=3 written=1
 Planning Time: 1.093 ms
 Execution Time: 0.040 ms
(7 rows)


========================================
Epoch=1 Run=10 Phase=run Time=Wed Mar 25 13:31:52 UTC 2026
DB=ycsb
Key=user1000385178204227360
----------------------------------------
                                                         QUERY PLAN                                                          
-----------------------------------------------------------------------------------------------------------------------------
 Index Scan using usertable_pkey on usertable  (cost=0.29..8.30 rows=1 width=1317) (actual time=0.035..0.036 rows=1 loops=1)
   Index Cond: (ycsb_key = 'user1000385178204227360'::text)
   Buffers: shared hit=2 read=1
 Planning:
   Buffers: shared hit=270 read=3
 Planning Time: 1.293 ms
 Execution Time: 0.067 ms
(7 rows)


========================================
Epoch=2 Run=1 Phase=run Time=Wed Mar 25 13:39:23 UTC 2026
DB=ycsb
Key=user1000385178204227360
----------------------------------------
                                                         QUERY PLAN                                                          
-----------------------------------------------------------------------------------------------------------------------------
 Index Scan using usertable_pkey on usertable  (cost=0.29..8.30 rows=1 width=1420) (actual time=0.016..0.017 rows=1 loops=1)
   Index Cond: (ycsb_key = 'user1000385178204227360'::text)
   Buffers: shared hit=2 read=1
 Planning:
   Buffers: shared hit=273 read=3
 Planning Time: 1.205 ms
 Execution Time: 0.052 ms
(7 rows)


========================================
Epoch=2 Run=2 Phase=run Time=Wed Mar 25 13:47:02 UTC 2026
DB=ycsb
Key=user1000385178204227360
----------------------------------------
                                                         QUERY PLAN                                                          
-----------------------------------------------------------------------------------------------------------------------------
 Index Scan using usertable_pkey on usertable  (cost=0.29..8.30 rows=1 width=1539) (actual time=0.023..0.023 rows=1 loops=1)
   Index Cond: (ycsb_key = 'user1000385178204227360'::text)
   Buffers: shared hit=2 read=1 written=1
 Planning:
   Buffers: shared hit=220 read=3 written=2
 Planning Time: 0.760 ms
 Execution Time: 0.049 ms
(7 rows)


========================================
Epoch=2 Run=3 Phase=run Time=Wed Mar 25 13:54:47 UTC 2026
DB=ycsb
Key=user1000385178204227360
----------------------------------------
                                                         QUERY PLAN                                                          
-----------------------------------------------------------------------------------------------------------------------------
 Index Scan using usertable_pkey on usertable  (cost=0.29..8.30 rows=1 width=1648) (actual time=0.014..0.015 rows=1 loops=1)
   Index Cond: (ycsb_key = 'user1000385178204227360'::text)
   Buffers: shared hit=2 read=1
 Planning:
   Buffers: shared hit=169 read=3
 Planning Time: 0.427 ms
 Execution Time: 0.039 ms
(7 rows)


========================================
Epoch=2 Run=4 Phase=run Time=Wed Mar 25 14:02:16 UTC 2026
DB=ycsb
Key=user1000385178204227360
----------------------------------------
                                                         QUERY PLAN                                                          
-----------------------------------------------------------------------------------------------------------------------------
 Index Scan using usertable_pkey on usertable  (cost=0.29..8.30 rows=1 width=1698) (actual time=0.012..0.012 rows=1 loops=1)
   Index Cond: (ycsb_key = 'user1000385178204227360'::text)
   Buffers: shared hit=3
 Planning:
   Buffers: shared hit=152 read=3
 Planning Time: 0.359 ms
 Execution Time: 0.041 ms
(7 rows)


========================================
Epoch=2 Run=5 Phase=run Time=Wed Mar 25 14:09:56 UTC 2026
DB=ycsb
Key=user1000385178204227360
----------------------------------------
                                                         QUERY PLAN                                                          
-----------------------------------------------------------------------------------------------------------------------------
 Index Scan using usertable_pkey on usertable  (cost=0.29..8.30 rows=1 width=1472) (actual time=0.014..0.014 rows=1 loops=1)
   Index Cond: (ycsb_key = 'user1000385178204227360'::text)
   Buffers: shared hit=2 read=1
 Planning:
   Buffers: shared hit=132 read=3
 Planning Time: 0.302 ms
 Execution Time: 0.039 ms
(7 rows)


========================================
Epoch=2 Run=6 Phase=run Time=Wed Mar 25 14:17:28 UTC 2026
DB=ycsb
Key=user1000385178204227360
----------------------------------------
                                                         QUERY PLAN                                                         
----------------------------------------------------------------------------------------------------------------------------
 Index Scan using usertable_pkey on usertable  (cost=0.29..8.30 rows=1 width=896) (actual time=0.016..0.017 rows=1 loops=1)
   Index Cond: (ycsb_key = 'user1000385178204227360'::text)
   Buffers: shared hit=2 read=1
 Planning:
   Buffers: shared hit=127 read=3
 Planning Time: 0.310 ms
 Execution Time: 0.044 ms
(7 rows)


========================================
Epoch=2 Run=7 Phase=run Time=Wed Mar 25 14:25:15 UTC 2026
DB=ycsb
Key=user1000385178204227360
----------------------------------------
                                                         QUERY PLAN                                                         
----------------------------------------------------------------------------------------------------------------------------
 Index Scan using usertable_pkey on usertable  (cost=0.29..8.30 rows=1 width=494) (actual time=0.017..0.017 rows=1 loops=1)
   Index Cond: (ycsb_key = 'user1000385178204227360'::text)
   Buffers: shared hit=2 read=1
 Planning:
   Buffers: shared hit=125 read=3
 Planning Time: 0.304 ms
 Execution Time: 0.044 ms
(7 rows)


========================================
Epoch=2 Run=8 Phase=run Time=Wed Mar 25 14:33:02 UTC 2026
DB=ycsb
Key=user1000385178204227360
----------------------------------------
                                                         QUERY PLAN                                                         
----------------------------------------------------------------------------------------------------------------------------
 Index Scan using usertable_pkey on usertable  (cost=0.29..8.30 rows=1 width=312) (actual time=0.016..0.017 rows=1 loops=1)
   Index Cond: (ycsb_key = 'user1000385178204227360'::text)
   Buffers: shared hit=2 read=1
 Planning:
   Buffers: shared hit=122 read=3
 Planning Time: 0.327 ms
 Execution Time: 0.047 ms
(7 rows)


========================================
Epoch=2 Run=9 Phase=run Time=Wed Mar 25 14:40:51 UTC 2026
DB=ycsb
Key=user1000385178204227360
----------------------------------------
                                                         QUERY PLAN                                                         
----------------------------------------------------------------------------------------------------------------------------
 Index Scan using usertable_pkey on usertable  (cost=0.29..8.30 rows=1 width=238) (actual time=0.013..0.013 rows=1 loops=1)
   Index Cond: (ycsb_key = 'user1000385178204227360'::text)
   Buffers: shared hit=2 read=1
 Planning:
   Buffers: shared hit=122 read=3
 Planning Time: 0.326 ms
 Execution Time: 0.047 ms
(7 rows)


========================================
Epoch=2 Run=10 Phase=run Time=Wed Mar 25 14:48:38 UTC 2026
DB=ycsb
Key=user1000385178204227360
----------------------------------------
                                                         QUERY PLAN                                                         
----------------------------------------------------------------------------------------------------------------------------
 Index Scan using usertable_pkey on usertable  (cost=0.29..8.30 rows=1 width=215) (actual time=0.015..0.015 rows=1 loops=1)
   Index Cond: (ycsb_key = 'user1000385178204227360'::text)
   Buffers: shared hit=2 read=1
 Planning:
   Buffers: shared hit=122 read=3
 Planning Time: 0.355 ms
 Execution Time: 0.046 ms
(7 rows)


========================================
Epoch=3 Run=1 Phase=run Time=Wed Mar 25 14:56:32 UTC 2026
DB=ycsb
Key=user1000385178204227360
----------------------------------------
                                                         QUERY PLAN                                                         
----------------------------------------------------------------------------------------------------------------------------
 Index Scan using usertable_pkey on usertable  (cost=0.29..8.30 rows=1 width=203) (actual time=0.018..0.018 rows=1 loops=1)
   Index Cond: (ycsb_key = 'user1000385178204227360'::text)
   Buffers: shared hit=2 read=1
 Planning:
   Buffers: shared hit=122 read=3
 Planning Time: 0.350 ms
 Execution Time: 0.048 ms
(7 rows)


========================================
Epoch=3 Run=2 Phase=run Time=Wed Mar 25 15:04:35 UTC 2026
DB=ycsb
Key=user1000385178204227360
----------------------------------------
                                                         QUERY PLAN                                                         
----------------------------------------------------------------------------------------------------------------------------
 Index Scan using usertable_pkey on usertable  (cost=0.29..8.30 rows=1 width=203) (actual time=0.014..0.014 rows=1 loops=1)
   Index Cond: (ycsb_key = 'user1000385178204227360'::text)
   Buffers: shared hit=2 read=1
 Planning:
   Buffers: shared hit=122 read=3
 Planning Time: 0.280 ms
 Execution Time: 0.041 ms
(7 rows)


========================================
Epoch=3 Run=3 Phase=run Time=Wed Mar 25 15:12:43 UTC 2026
DB=ycsb
Key=user1000385178204227360
----------------------------------------
                                                         QUERY PLAN                                                         
----------------------------------------------------------------------------------------------------------------------------
 Index Scan using usertable_pkey on usertable  (cost=0.29..8.30 rows=1 width=203) (actual time=0.015..0.016 rows=1 loops=1)
   Index Cond: (ycsb_key = 'user1000385178204227360'::text)
   Buffers: shared hit=2 read=1
 Planning:
   Buffers: shared hit=122 read=3
 Planning Time: 0.314 ms
 Execution Time: 0.043 ms
(7 rows)


========================================
Epoch=3 Run=4 Phase=run Time=Wed Mar 25 15:20:50 UTC 2026
DB=ycsb
Key=user1000385178204227360
----------------------------------------
                                                         QUERY PLAN                                                         
----------------------------------------------------------------------------------------------------------------------------
 Index Scan using usertable_pkey on usertable  (cost=0.29..8.30 rows=1 width=203) (actual time=0.015..0.015 rows=1 loops=1)
   Index Cond: (ycsb_key = 'user1000385178204227360'::text)
   Buffers: shared hit=2 read=1
 Planning:
   Buffers: shared hit=122 read=3
 Planning Time: 0.321 ms
 Execution Time: 0.049 ms
(7 rows)


========================================
Epoch=3 Run=5 Phase=run Time=Wed Mar 25 15:29:06 UTC 2026
DB=ycsb
Key=user1000385178204227360
----------------------------------------
                                                         QUERY PLAN                                                         
----------------------------------------------------------------------------------------------------------------------------
 Index Scan using usertable_pkey on usertable  (cost=0.29..8.30 rows=1 width=203) (actual time=0.015..0.016 rows=1 loops=1)
   Index Cond: (ycsb_key = 'user1000385178204227360'::text)
   Buffers: shared hit=2 read=1
 Planning:
   Buffers: shared hit=124 read=3
 Planning Time: 0.287 ms
 Execution Time: 0.048 ms
(7 rows)


========================================
Epoch=3 Run=6 Phase=run Time=Wed Mar 25 15:37:29 UTC 2026
DB=ycsb
Key=user1000385178204227360
----------------------------------------
                                                         QUERY PLAN                                                         
----------------------------------------------------------------------------------------------------------------------------
 Index Scan using usertable_pkey on usertable  (cost=0.29..8.30 rows=1 width=203) (actual time=0.013..0.013 rows=1 loops=1)
   Index Cond: (ycsb_key = 'user1000385178204227360'::text)
   Buffers: shared hit=2 read=1
 Planning:
   Buffers: shared hit=122 read=3
 Planning Time: 0.344 ms
 Execution Time: 0.045 ms
(7 rows)


========================================
Epoch=3 Run=7 Phase=run Time=Wed Mar 25 15:45:53 UTC 2026
DB=ycsb
Key=user1000385178204227360
----------------------------------------
                                                         QUERY PLAN                                                         
----------------------------------------------------------------------------------------------------------------------------
 Index Scan using usertable_pkey on usertable  (cost=0.29..8.30 rows=1 width=203) (actual time=0.014..0.014 rows=1 loops=1)
   Index Cond: (ycsb_key = 'user1000385178204227360'::text)
   Buffers: shared hit=2 read=1
 Planning:
   Buffers: shared hit=122 read=3
 Planning Time: 0.390 ms
 Execution Time: 0.050 ms
(7 rows)


========================================
Epoch=3 Run=8 Phase=run Time=Wed Mar 25 15:54:32 UTC 2026
DB=ycsb
Key=user1000385178204227360
----------------------------------------
                                                         QUERY PLAN                                                         
----------------------------------------------------------------------------------------------------------------------------
 Index Scan using usertable_pkey on usertable  (cost=0.29..8.30 rows=1 width=203) (actual time=0.014..0.015 rows=1 loops=1)
   Index Cond: (ycsb_key = 'user1000385178204227360'::text)
   Buffers: shared hit=2 read=1
 Planning:
   Buffers: shared hit=122 read=3
 Planning Time: 0.301 ms
 Execution Time: 0.041 ms
(7 rows)


========================================
Epoch=3 Run=9 Phase=run Time=Wed Mar 25 16:03:05 UTC 2026
DB=ycsb
Key=user1000385178204227360
----------------------------------------
                                                         QUERY PLAN                                                         
----------------------------------------------------------------------------------------------------------------------------
 Index Scan using usertable_pkey on usertable  (cost=0.29..8.30 rows=1 width=203) (actual time=0.014..0.014 rows=1 loops=1)
   Index Cond: (ycsb_key = 'user1000385178204227360'::text)
   Buffers: shared hit=2 read=1
 Planning:
   Buffers: shared hit=122 read=3
 Planning Time: 0.307 ms
 Execution Time: 0.069 ms
(7 rows)


========================================
Epoch=3 Run=10 Phase=run Time=Wed Mar 25 16:11:40 UTC 2026
DB=ycsb
Key=user1000385178204227360
----------------------------------------
                                                         QUERY PLAN                                                         
----------------------------------------------------------------------------------------------------------------------------
 Index Scan using usertable_pkey on usertable  (cost=0.29..8.30 rows=1 width=203) (actual time=0.014..0.014 rows=1 loops=1)
   Index Cond: (ycsb_key = 'user1000385178204227360'::text)
   Buffers: shared hit=2 read=1
 Planning:
   Buffers: shared hit=122 read=3
 Planning Time: 0.281 ms
 Execution Time: 0.040 ms
(7 rows)


========================================
Epoch=4 Run=1 Phase=run Time=Wed Mar 25 16:20:24 UTC 2026
DB=ycsb
Key=user1000385178204227360
----------------------------------------
                                                         QUERY PLAN                                                         
----------------------------------------------------------------------------------------------------------------------------
 Index Scan using usertable_pkey on usertable  (cost=0.29..8.30 rows=1 width=203) (actual time=0.017..0.017 rows=1 loops=1)
   Index Cond: (ycsb_key = 'user1000385178204227360'::text)
   Buffers: shared hit=2 read=1
 Planning:
   Buffers: shared hit=122 read=3
 Planning Time: 0.338 ms
 Execution Time: 0.047 ms
(7 rows)


========================================
Epoch=4 Run=2 Phase=run Time=Wed Mar 25 16:29:16 UTC 2026
DB=ycsb
Key=user1000385178204227360
----------------------------------------
                                                         QUERY PLAN                                                         
----------------------------------------------------------------------------------------------------------------------------
 Index Scan using usertable_pkey on usertable  (cost=0.29..8.30 rows=1 width=203) (actual time=0.013..0.014 rows=1 loops=1)
   Index Cond: (ycsb_key = 'user1000385178204227360'::text)
   Buffers: shared hit=2 read=1
 Planning:
   Buffers: shared hit=122 read=3
 Planning Time: 0.297 ms
 Execution Time: 0.043 ms
(7 rows)


========================================
Epoch=4 Run=3 Phase=run Time=Wed Mar 25 16:38:25 UTC 2026
DB=ycsb
Key=user1000385178204227360
----------------------------------------
                                                         QUERY PLAN                                                         
----------------------------------------------------------------------------------------------------------------------------
 Index Scan using usertable_pkey on usertable  (cost=0.29..8.30 rows=1 width=203) (actual time=0.018..0.018 rows=1 loops=1)
   Index Cond: (ycsb_key = 'user1000385178204227360'::text)
   Buffers: shared hit=2 read=1
 Planning:
   Buffers: shared hit=122 read=3
 Planning Time: 0.351 ms
 Execution Time: 0.046 ms
(7 rows)


========================================
Epoch=4 Run=4 Phase=run Time=Wed Mar 25 16:47:49 UTC 2026
DB=ycsb
Key=user1000385178204227360
----------------------------------------
                                                         QUERY PLAN                                                         
----------------------------------------------------------------------------------------------------------------------------
 Index Scan using usertable_pkey on usertable  (cost=0.29..8.30 rows=1 width=203) (actual time=0.014..0.015 rows=1 loops=1)
   Index Cond: (ycsb_key = 'user1000385178204227360'::text)
   Buffers: shared hit=2 read=1
 Planning:
   Buffers: shared hit=122 read=3
 Planning Time: 0.330 ms
 Execution Time: 0.046 ms
(7 rows)


========================================
Epoch=4 Run=5 Phase=run Time=Wed Mar 25 16:57:09 UTC 2026
DB=ycsb
Key=user1000385178204227360
----------------------------------------
                                                         QUERY PLAN                                                         
----------------------------------------------------------------------------------------------------------------------------
 Index Scan using usertable_pkey on usertable  (cost=0.29..8.30 rows=1 width=203) (actual time=0.014..0.014 rows=1 loops=1)
   Index Cond: (ycsb_key = 'user1000385178204227360'::text)
   Buffers: shared hit=2 read=1
 Planning:
   Buffers: shared hit=122 read=3
 Planning Time: 0.334 ms
 Execution Time: 0.045 ms
(7 rows)


========================================
Epoch=4 Run=6 Phase=run Time=Wed Mar 25 17:06:31 UTC 2026
DB=ycsb
Key=user1000385178204227360
----------------------------------------
                                                         QUERY PLAN                                                         
----------------------------------------------------------------------------------------------------------------------------
 Index Scan using usertable_pkey on usertable  (cost=0.29..8.30 rows=1 width=203) (actual time=0.014..0.015 rows=1 loops=1)
   Index Cond: (ycsb_key = 'user1000385178204227360'::text)
   Buffers: shared hit=2 read=1
 Planning:
   Buffers: shared hit=122 read=3
 Planning Time: 0.331 ms
 Execution Time: 0.042 ms
(7 rows)


========================================
Epoch=4 Run=7 Phase=run Time=Wed Mar 25 17:16:04 UTC 2026
DB=ycsb
Key=user1000385178204227360
----------------------------------------
                                                         QUERY PLAN                                                         
----------------------------------------------------------------------------------------------------------------------------
 Index Scan using usertable_pkey on usertable  (cost=0.29..8.30 rows=1 width=203) (actual time=0.015..0.015 rows=1 loops=1)
   Index Cond: (ycsb_key = 'user1000385178204227360'::text)
   Buffers: shared hit=2 read=1
 Planning:
   Buffers: shared hit=122 read=3
 Planning Time: 0.331 ms
 Execution Time: 0.045 ms
(7 rows)


========================================
Epoch=4 Run=8 Phase=run Time=Wed Mar 25 17:25:23 UTC 2026
DB=ycsb
Key=user1000385178204227360
----------------------------------------
                                                         QUERY PLAN                                                         
----------------------------------------------------------------------------------------------------------------------------
 Index Scan using usertable_pkey on usertable  (cost=0.29..8.30 rows=1 width=203) (actual time=0.016..0.017 rows=1 loops=1)
   Index Cond: (ycsb_key = 'user1000385178204227360'::text)
   Buffers: shared hit=2 read=1
 Planning:
   Buffers: shared hit=122 read=3
 Planning Time: 0.321 ms
 Execution Time: 0.044 ms
(7 rows)


========================================
Epoch=4 Run=9 Phase=run Time=Wed Mar 25 17:34:55 UTC 2026
DB=ycsb
Key=user1000385178204227360
----------------------------------------
                                                         QUERY PLAN                                                         
----------------------------------------------------------------------------------------------------------------------------
 Index Scan using usertable_pkey on usertable  (cost=0.29..8.30 rows=1 width=203) (actual time=0.011..0.012 rows=1 loops=1)
   Index Cond: (ycsb_key = 'user1000385178204227360'::text)
   Buffers: shared hit=2 read=1
 Planning:
   Buffers: shared hit=122 read=3
 Planning Time: 0.265 ms
 Execution Time: 0.039 ms
(7 rows)


========================================
Epoch=4 Run=10 Phase=run Time=Wed Mar 25 17:44:39 UTC 2026
DB=ycsb
Key=user1000385178204227360
----------------------------------------
                                                         QUERY PLAN                                                         
----------------------------------------------------------------------------------------------------------------------------
 Index Scan using usertable_pkey on usertable  (cost=0.29..8.30 rows=1 width=203) (actual time=0.015..0.016 rows=1 loops=1)
   Index Cond: (ycsb_key = 'user1000385178204227360'::text)
   Buffers: shared hit=2 read=1
 Planning:
   Buffers: shared hit=122 read=3
 Planning Time: 0.340 ms
 Execution Time: 0.047 ms
(7 rows)


========================================
Epoch=5 Run=1 Phase=run Time=Wed Mar 25 17:54:36 UTC 2026
DB=ycsb
Key=user1000385178204227360
----------------------------------------
                                                         QUERY PLAN                                                         
----------------------------------------------------------------------------------------------------------------------------
 Index Scan using usertable_pkey on usertable  (cost=0.29..8.30 rows=1 width=203) (actual time=0.015..0.016 rows=1 loops=1)
   Index Cond: (ycsb_key = 'user1000385178204227360'::text)
   Buffers: shared hit=2 read=1
 Planning:
   Buffers: shared hit=122 read=3
 Planning Time: 0.309 ms
 Execution Time: 0.047 ms
(7 rows)


========================================
Epoch=5 Run=2 Phase=run Time=Wed Mar 25 18:04:38 UTC 2026
DB=ycsb
Key=user1000385178204227360
----------------------------------------
                                                         QUERY PLAN                                                         
----------------------------------------------------------------------------------------------------------------------------
 Index Scan using usertable_pkey on usertable  (cost=0.29..8.30 rows=1 width=203) (actual time=0.016..0.017 rows=1 loops=1)
   Index Cond: (ycsb_key = 'user1000385178204227360'::text)
   Buffers: shared hit=2 read=1
 Planning:
   Buffers: shared hit=122 read=3
 Planning Time: 0.344 ms
 Execution Time: 0.049 ms
(7 rows)


========================================
Epoch=5 Run=3 Phase=run Time=Wed Mar 25 18:14:43 UTC 2026
DB=ycsb
Key=user1000385178204227360
----------------------------------------
                                                         QUERY PLAN                                                         
----------------------------------------------------------------------------------------------------------------------------
 Index Scan using usertable_pkey on usertable  (cost=0.29..8.30 rows=1 width=203) (actual time=0.015..0.015 rows=1 loops=1)
   Index Cond: (ycsb_key = 'user1000385178204227360'::text)
   Buffers: shared hit=2 read=1
 Planning:
   Buffers: shared hit=122 read=3
 Planning Time: 0.328 ms
 Execution Time: 0.046 ms
(7 rows)


========================================
Epoch=5 Run=4 Phase=run Time=Wed Mar 25 18:24:45 UTC 2026
DB=ycsb
Key=user1000385178204227360
----------------------------------------
                                                         QUERY PLAN                                                         
----------------------------------------------------------------------------------------------------------------------------
 Index Scan using usertable_pkey on usertable  (cost=0.29..8.30 rows=1 width=203) (actual time=0.014..0.014 rows=1 loops=1)
   Index Cond: (ycsb_key = 'user1000385178204227360'::text)
   Buffers: shared hit=2 read=1
 Planning:
   Buffers: shared hit=122 read=3
 Planning Time: 0.300 ms
 Execution Time: 0.043 ms
(7 rows)


========================================
Epoch=5 Run=5 Phase=run Time=Wed Mar 25 18:34:49 UTC 2026
DB=ycsb
Key=user1000385178204227360
----------------------------------------
                                                         QUERY PLAN                                                         
----------------------------------------------------------------------------------------------------------------------------
 Index Scan using usertable_pkey on usertable  (cost=0.29..8.30 rows=1 width=203) (actual time=0.016..0.017 rows=1 loops=1)
   Index Cond: (ycsb_key = 'user1000385178204227360'::text)
   Buffers: shared hit=2 read=1
 Planning:
   Buffers: shared hit=122 read=3
 Planning Time: 0.329 ms
 Execution Time: 0.045 ms
(7 rows)


========================================
Epoch=5 Run=6 Phase=run Time=Wed Mar 25 18:45:05 UTC 2026
DB=ycsb
Key=user1000385178204227360
----------------------------------------
                                                         QUERY PLAN                                                         
----------------------------------------------------------------------------------------------------------------------------
 Index Scan using usertable_pkey on usertable  (cost=0.29..8.30 rows=1 width=203) (actual time=0.015..0.016 rows=1 loops=1)
   Index Cond: (ycsb_key = 'user1000385178204227360'::text)
   Buffers: shared hit=2 read=1
 Planning:
   Buffers: shared hit=122 read=3
 Planning Time: 0.280 ms
 Execution Time: 0.041 ms
(7 rows)


========================================
Epoch=5 Run=7 Phase=run Time=Wed Mar 25 18:55:12 UTC 2026
DB=ycsb
Key=user1000385178204227360
----------------------------------------
                                                         QUERY PLAN                                                         
----------------------------------------------------------------------------------------------------------------------------
 Index Scan using usertable_pkey on usertable  (cost=0.29..8.30 rows=1 width=203) (actual time=0.014..0.015 rows=1 loops=1)
   Index Cond: (ycsb_key = 'user1000385178204227360'::text)
   Buffers: shared hit=2 read=1
 Planning:
   Buffers: shared hit=122 read=3
 Planning Time: 0.314 ms
 Execution Time: 0.045 ms
(7 rows)


========================================
Epoch=5 Run=8 Phase=run Time=Wed Mar 25 19:05:31 UTC 2026
DB=ycsb
Key=user1000385178204227360
----------------------------------------
                                                         QUERY PLAN                                                         
----------------------------------------------------------------------------------------------------------------------------
 Index Scan using usertable_pkey on usertable  (cost=0.29..8.30 rows=1 width=203) (actual time=0.015..0.015 rows=1 loops=1)
   Index Cond: (ycsb_key = 'user1000385178204227360'::text)
   Buffers: shared hit=2 read=1
 Planning:
   Buffers: shared hit=122 read=3
 Planning Time: 0.334 ms
 Execution Time: 0.044 ms
(7 rows)


========================================
Epoch=5 Run=9 Phase=run Time=Wed Mar 25 19:15:52 UTC 2026
DB=ycsb
Key=user1000385178204227360
----------------------------------------
                                                         QUERY PLAN                                                         
----------------------------------------------------------------------------------------------------------------------------
 Index Scan using usertable_pkey on usertable  (cost=0.29..8.30 rows=1 width=203) (actual time=0.013..0.014 rows=1 loops=1)
   Index Cond: (ycsb_key = 'user1000385178204227360'::text)
   Buffers: shared hit=2 read=1
 Planning:
   Buffers: shared hit=122 read=3
 Planning Time: 0.296 ms
 Execution Time: 0.040 ms
(7 rows)


========================================
Epoch=5 Run=10 Phase=run Time=Wed Mar 25 19:26:27 UTC 2026
DB=ycsb
Key=user1000385178204227360
----------------------------------------
                                                         QUERY PLAN                                                         
----------------------------------------------------------------------------------------------------------------------------
 Index Scan using usertable_pkey on usertable  (cost=0.29..8.30 rows=1 width=203) (actual time=0.013..0.013 rows=1 loops=1)
   Index Cond: (ycsb_key = 'user1000385178204227360'::text)
   Buffers: shared hit=2 read=1
 Planning:
   Buffers: shared hit=122 read=3
 Planning Time: 0.302 ms
 Execution Time: 0.040 ms
(7 rows)


========================================
Epoch=6 Run=1 Phase=run Time=Wed Mar 25 19:37:07 UTC 2026
DB=ycsb
Key=user1000385178204227360
----------------------------------------
                                                         QUERY PLAN                                                         
----------------------------------------------------------------------------------------------------------------------------
 Index Scan using usertable_pkey on usertable  (cost=0.29..8.30 rows=1 width=203) (actual time=0.035..0.035 rows=1 loops=1)
   Index Cond: (ycsb_key = 'user1000385178204227360'::text)
   Buffers: shared hit=2 read=1
 Planning:
   Buffers: shared hit=122 read=3
 Planning Time: 0.316 ms
 Execution Time: 0.065 ms
(7 rows)


========================================
Epoch=6 Run=2 Phase=run Time=Wed Mar 25 19:48:00 UTC 2026
DB=ycsb
Key=user1000385178204227360
----------------------------------------
                                                         QUERY PLAN                                                         
----------------------------------------------------------------------------------------------------------------------------
 Index Scan using usertable_pkey on usertable  (cost=0.29..8.30 rows=1 width=203) (actual time=0.029..0.030 rows=1 loops=1)
   Index Cond: (ycsb_key = 'user1000385178204227360'::text)
   Buffers: shared hit=2 read=1
 Planning:
   Buffers: shared hit=122 read=3
 Planning Time: 0.326 ms
 Execution Time: 0.060 ms
(7 rows)


========================================
Epoch=6 Run=3 Phase=run Time=Wed Mar 25 19:58:48 UTC 2026
DB=ycsb
Key=user1000385178204227360
----------------------------------------
                                                         QUERY PLAN                                                         
----------------------------------------------------------------------------------------------------------------------------
 Index Scan using usertable_pkey on usertable  (cost=0.29..8.30 rows=1 width=203) (actual time=0.013..0.013 rows=1 loops=1)
   Index Cond: (ycsb_key = 'user1000385178204227360'::text)
   Buffers: shared hit=2 read=1
 Planning:
   Buffers: shared hit=122 read=3
 Planning Time: 0.281 ms
 Execution Time: 0.042 ms
(7 rows)


========================================
Epoch=6 Run=4 Phase=run Time=Wed Mar 25 20:09:35 UTC 2026
DB=ycsb
Key=user1000385178204227360
----------------------------------------
                                                         QUERY PLAN                                                         
----------------------------------------------------------------------------------------------------------------------------
 Index Scan using usertable_pkey on usertable  (cost=0.29..8.30 rows=1 width=203) (actual time=0.012..0.012 rows=1 loops=1)
   Index Cond: (ycsb_key = 'user1000385178204227360'::text)
   Buffers: shared hit=2 read=1
 Planning:
   Buffers: shared hit=122 read=3
 Planning Time: 0.274 ms
 Execution Time: 0.040 ms
(7 rows)


========================================
Epoch=6 Run=5 Phase=run Time=Wed Mar 25 20:20:24 UTC 2026
DB=ycsb
Key=user1000385178204227360
----------------------------------------
                                                         QUERY PLAN                                                         
----------------------------------------------------------------------------------------------------------------------------
 Index Scan using usertable_pkey on usertable  (cost=0.29..8.30 rows=1 width=203) (actual time=0.016..0.017 rows=1 loops=1)
   Index Cond: (ycsb_key = 'user1000385178204227360'::text)
   Buffers: shared hit=2 read=1
 Planning:
   Buffers: shared hit=122 read=3
 Planning Time: 0.308 ms
 Execution Time: 0.049 ms
(7 rows)


========================================
Epoch=6 Run=6 Phase=run Time=Wed Mar 25 20:31:09 UTC 2026
DB=ycsb
Key=user1000385178204227360
----------------------------------------
                                                         QUERY PLAN                                                         
----------------------------------------------------------------------------------------------------------------------------
 Index Scan using usertable_pkey on usertable  (cost=0.29..8.30 rows=1 width=203) (actual time=0.012..0.013 rows=1 loops=1)
   Index Cond: (ycsb_key = 'user1000385178204227360'::text)
   Buffers: shared hit=2 read=1
 Planning:
   Buffers: shared hit=125 read=3
 Planning Time: 0.353 ms
 Execution Time: 0.046 ms
(7 rows)


========================================
Epoch=6 Run=7 Phase=run Time=Wed Mar 25 20:42:07 UTC 2026
DB=ycsb
Key=user1000385178204227360
----------------------------------------
                                                         QUERY PLAN                                                         
----------------------------------------------------------------------------------------------------------------------------
 Index Scan using usertable_pkey on usertable  (cost=0.29..8.30 rows=1 width=203) (actual time=0.014..0.015 rows=1 loops=1)
   Index Cond: (ycsb_key = 'user1000385178204227360'::text)
   Buffers: shared hit=2 read=1
 Planning:
   Buffers: shared hit=122 read=3
 Planning Time: 0.328 ms
 Execution Time: 0.045 ms
(7 rows)


========================================
Epoch=6 Run=8 Phase=run Time=Wed Mar 25 20:53:05 UTC 2026
DB=ycsb
Key=user1000385178204227360
----------------------------------------
                                                         QUERY PLAN                                                         
----------------------------------------------------------------------------------------------------------------------------
 Index Scan using usertable_pkey on usertable  (cost=0.29..8.30 rows=1 width=203) (actual time=0.011..0.011 rows=1 loops=1)
   Index Cond: (ycsb_key = 'user1000385178204227360'::text)
   Buffers: shared hit=2 read=1
 Planning:
   Buffers: shared hit=122 read=3
 Planning Time: 0.268 ms
 Execution Time: 0.036 ms
(7 rows)


========================================
Epoch=6 Run=9 Phase=run Time=Wed Mar 25 21:04:11 UTC 2026
DB=ycsb
Key=user1000385178204227360
----------------------------------------
                                                         QUERY PLAN                                                         
----------------------------------------------------------------------------------------------------------------------------
 Index Scan using usertable_pkey on usertable  (cost=0.29..8.30 rows=1 width=203) (actual time=0.013..0.013 rows=1 loops=1)
   Index Cond: (ycsb_key = 'user1000385178204227360'::text)
   Buffers: shared hit=2 read=1
 Planning:
   Buffers: shared hit=122 read=3
 Planning Time: 0.329 ms
 Execution Time: 0.045 ms
(7 rows)


========================================
Epoch=6 Run=10 Phase=run Time=Wed Mar 25 21:15:23 UTC 2026
DB=ycsb
Key=user1000385178204227360
----------------------------------------
                                                         QUERY PLAN                                                         
----------------------------------------------------------------------------------------------------------------------------
 Index Scan using usertable_pkey on usertable  (cost=0.29..8.30 rows=1 width=203) (actual time=0.011..0.011 rows=1 loops=1)
   Index Cond: (ycsb_key = 'user1000385178204227360'::text)
   Buffers: shared hit=2 read=1
 Planning:
   Buffers: shared hit=122 read=3
 Planning Time: 0.288 ms
 Execution Time: 0.037 ms
(7 rows)


========================================
Epoch=7 Run=1 Phase=run Time=Wed Mar 25 21:26:30 UTC 2026
DB=ycsb
Key=user1000385178204227360
----------------------------------------
                                                         QUERY PLAN                                                         
----------------------------------------------------------------------------------------------------------------------------
 Index Scan using usertable_pkey on usertable  (cost=0.29..8.30 rows=1 width=203) (actual time=0.016..0.016 rows=1 loops=1)
   Index Cond: (ycsb_key = 'user1000385178204227360'::text)
   Buffers: shared hit=2 read=1
 Planning:
   Buffers: shared hit=122 read=3
 Planning Time: 0.318 ms
 Execution Time: 0.047 ms
(7 rows)


========================================
Epoch=7 Run=2 Phase=run Time=Wed Mar 25 21:37:32 UTC 2026
DB=ycsb
Key=user1000385178204227360
----------------------------------------
                                                         QUERY PLAN                                                         
----------------------------------------------------------------------------------------------------------------------------
 Index Scan using usertable_pkey on usertable  (cost=0.29..8.30 rows=1 width=203) (actual time=0.018..0.019 rows=1 loops=1)
   Index Cond: (ycsb_key = 'user1000385178204227360'::text)
   Buffers: shared hit=2 read=1
 Planning:
   Buffers: shared hit=122 read=3
 Planning Time: 0.312 ms
 Execution Time: 0.049 ms
(7 rows)


========================================
Epoch=7 Run=3 Phase=run Time=Wed Mar 25 21:49:05 UTC 2026
DB=ycsb
Key=user1000385178204227360
----------------------------------------
                                                         QUERY PLAN                                                         
----------------------------------------------------------------------------------------------------------------------------
 Index Scan using usertable_pkey on usertable  (cost=0.29..8.30 rows=1 width=203) (actual time=0.011..0.012 rows=1 loops=1)
   Index Cond: (ycsb_key = 'user1000385178204227360'::text)
   Buffers: shared hit=2 read=1
 Planning:
   Buffers: shared hit=122 read=3
 Planning Time: 0.313 ms
 Execution Time: 0.038 ms
(7 rows)


========================================
Epoch=7 Run=4 Phase=run Time=Wed Mar 25 22:00:29 UTC 2026
DB=ycsb
Key=user1000385178204227360
----------------------------------------
                                                         QUERY PLAN                                                         
----------------------------------------------------------------------------------------------------------------------------
 Index Scan using usertable_pkey on usertable  (cost=0.29..8.30 rows=1 width=203) (actual time=0.014..0.015 rows=1 loops=1)
   Index Cond: (ycsb_key = 'user1000385178204227360'::text)
   Buffers: shared hit=2 read=1
 Planning:
   Buffers: shared hit=122 read=3
 Planning Time: 0.317 ms
 Execution Time: 0.046 ms
(7 rows)


========================================
Epoch=7 Run=5 Phase=run Time=Wed Mar 25 22:12:09 UTC 2026
DB=ycsb
Key=user1000385178204227360
----------------------------------------
                                                         QUERY PLAN                                                         
----------------------------------------------------------------------------------------------------------------------------
 Index Scan using usertable_pkey on usertable  (cost=0.29..8.30 rows=1 width=203) (actual time=0.013..0.014 rows=1 loops=1)
   Index Cond: (ycsb_key = 'user1000385178204227360'::text)
   Buffers: shared hit=2 read=1
 Planning:
   Buffers: shared hit=122 read=3
 Planning Time: 0.362 ms
 Execution Time: 0.043 ms
(7 rows)


========================================
Epoch=7 Run=6 Phase=run Time=Wed Mar 25 22:24:10 UTC 2026
DB=ycsb
Key=user1000385178204227360
----------------------------------------
                                                         QUERY PLAN                                                         
----------------------------------------------------------------------------------------------------------------------------
 Index Scan using usertable_pkey on usertable  (cost=0.29..8.30 rows=1 width=203) (actual time=0.013..0.014 rows=1 loops=1)
   Index Cond: (ycsb_key = 'user1000385178204227360'::text)
   Buffers: shared hit=2 read=1
 Planning:
   Buffers: shared hit=122 read=3
 Planning Time: 0.313 ms
 Execution Time: 0.044 ms
(7 rows)


========================================
Epoch=7 Run=7 Phase=run Time=Wed Mar 25 22:36:09 UTC 2026
DB=ycsb
Key=user1000385178204227360
----------------------------------------
                                                         QUERY PLAN                                                         
----------------------------------------------------------------------------------------------------------------------------
 Index Scan using usertable_pkey on usertable  (cost=0.29..8.30 rows=1 width=203) (actual time=0.013..0.014 rows=1 loops=1)
   Index Cond: (ycsb_key = 'user1000385178204227360'::text)
   Buffers: shared hit=2 read=1
 Planning:
   Buffers: shared hit=122 read=3
 Planning Time: 0.372 ms
 Execution Time: 0.046 ms
(7 rows)


========================================
Epoch=7 Run=8 Phase=run Time=Wed Mar 25 22:48:17 UTC 2026
DB=ycsb
Key=user1000385178204227360
----------------------------------------
                                                         QUERY PLAN                                                         
----------------------------------------------------------------------------------------------------------------------------
 Index Scan using usertable_pkey on usertable  (cost=0.29..8.30 rows=1 width=203) (actual time=0.010..0.011 rows=1 loops=1)
   Index Cond: (ycsb_key = 'user1000385178204227360'::text)
   Buffers: shared hit=2 read=1
 Planning:
   Buffers: shared hit=125 read=3
 Planning Time: 0.298 ms
 Execution Time: 0.035 ms
(7 rows)


========================================
Epoch=7 Run=9 Phase=run Time=Wed Mar 25 23:00:35 UTC 2026
DB=ycsb
Key=user1000385178204227360
----------------------------------------
                                                         QUERY PLAN                                                         
----------------------------------------------------------------------------------------------------------------------------
 Index Scan using usertable_pkey on usertable  (cost=0.29..8.30 rows=1 width=203) (actual time=0.012..0.012 rows=1 loops=1)
   Index Cond: (ycsb_key = 'user1000385178204227360'::text)
   Buffers: shared hit=2 read=1
 Planning:
   Buffers: shared hit=124 read=3
 Planning Time: 0.326 ms
 Execution Time: 0.043 ms
(7 rows)


========================================
Epoch=7 Run=10 Phase=run Time=Wed Mar 25 23:12:48 UTC 2026
DB=ycsb
Key=user1000385178204227360
----------------------------------------
                                                         QUERY PLAN                                                         
----------------------------------------------------------------------------------------------------------------------------
 Index Scan using usertable_pkey on usertable  (cost=0.29..8.30 rows=1 width=203) (actual time=0.014..0.014 rows=1 loops=1)
   Index Cond: (ycsb_key = 'user1000385178204227360'::text)
   Buffers: shared hit=2 read=1
 Planning:
   Buffers: shared hit=122 read=3
 Planning Time: 0.314 ms
 Execution Time: 0.041 ms
(7 rows)


========================================
Epoch=8 Run=1 Phase=run Time=Wed Mar 25 23:25:12 UTC 2026
DB=ycsb
Key=user1000385178204227360
----------------------------------------
                                                         QUERY PLAN                                                         
----------------------------------------------------------------------------------------------------------------------------
 Index Scan using usertable_pkey on usertable  (cost=0.29..8.30 rows=1 width=203) (actual time=0.017..0.017 rows=1 loops=1)
   Index Cond: (ycsb_key = 'user1000385178204227360'::text)
   Buffers: shared hit=2 read=1
 Planning:
   Buffers: shared hit=122 read=3
 Planning Time: 0.357 ms
 Execution Time: 0.049 ms
(7 rows)


========================================
Epoch=8 Run=2 Phase=run Time=Wed Mar 25 23:37:43 UTC 2026
DB=ycsb
Key=user1000385178204227360
----------------------------------------
                                                         QUERY PLAN                                                         
----------------------------------------------------------------------------------------------------------------------------
 Index Scan using usertable_pkey on usertable  (cost=0.29..8.30 rows=1 width=203) (actual time=0.015..0.015 rows=1 loops=1)
   Index Cond: (ycsb_key = 'user1000385178204227360'::text)
   Buffers: shared hit=2 read=1
 Planning:
   Buffers: shared hit=122 read=3
 Planning Time: 0.295 ms
 Execution Time: 0.046 ms
(7 rows)


========================================
Epoch=8 Run=3 Phase=run Time=Wed Mar 25 23:50:19 UTC 2026
DB=ycsb
Key=user1000385178204227360
----------------------------------------
                                                         QUERY PLAN                                                         
----------------------------------------------------------------------------------------------------------------------------
 Index Scan using usertable_pkey on usertable  (cost=0.29..8.30 rows=1 width=203) (actual time=0.014..0.015 rows=1 loops=1)
   Index Cond: (ycsb_key = 'user1000385178204227360'::text)
   Buffers: shared hit=2 read=1
 Planning:
   Buffers: shared hit=122 read=3
 Planning Time: 0.301 ms
 Execution Time: 0.042 ms
(7 rows)


========================================
Epoch=8 Run=4 Phase=run Time=Thu Mar 26 00:03:00 UTC 2026
DB=ycsb
Key=user1000385178204227360
----------------------------------------
                                                         QUERY PLAN                                                         
----------------------------------------------------------------------------------------------------------------------------
 Index Scan using usertable_pkey on usertable  (cost=0.29..8.30 rows=1 width=203) (actual time=0.014..0.014 rows=1 loops=1)
   Index Cond: (ycsb_key = 'user1000385178204227360'::text)
   Buffers: shared hit=2 read=1
 Planning:
   Buffers: shared hit=124 read=3
 Planning Time: 0.278 ms
 Execution Time: 0.041 ms
(7 rows)


========================================
Epoch=8 Run=5 Phase=run Time=Thu Mar 26 00:15:37 UTC 2026
DB=ycsb
Key=user1000385178204227360
----------------------------------------
                                                         QUERY PLAN                                                         
----------------------------------------------------------------------------------------------------------------------------
 Index Scan using usertable_pkey on usertable  (cost=0.29..8.30 rows=1 width=203) (actual time=0.015..0.016 rows=1 loops=1)
   Index Cond: (ycsb_key = 'user1000385178204227360'::text)
   Buffers: shared hit=2 read=1
 Planning:
   Buffers: shared hit=122 read=3
 Planning Time: 0.322 ms
 Execution Time: 0.046 ms
(7 rows)


========================================
Epoch=8 Run=6 Phase=run Time=Thu Mar 26 00:28:25 UTC 2026
DB=ycsb
Key=user1000385178204227360
----------------------------------------
                                                         QUERY PLAN                                                         
----------------------------------------------------------------------------------------------------------------------------
 Index Scan using usertable_pkey on usertable  (cost=0.29..8.30 rows=1 width=203) (actual time=0.012..0.013 rows=1 loops=1)
   Index Cond: (ycsb_key = 'user1000385178204227360'::text)
   Buffers: shared hit=2 read=1
 Planning:
   Buffers: shared hit=122 read=3
 Planning Time: 0.295 ms
 Execution Time: 0.040 ms
(7 rows)


========================================
Epoch=8 Run=7 Phase=run Time=Thu Mar 26 00:41:22 UTC 2026
DB=ycsb
Key=user1000385178204227360
----------------------------------------
                                                         QUERY PLAN                                                         
----------------------------------------------------------------------------------------------------------------------------
 Index Scan using usertable_pkey on usertable  (cost=0.29..8.30 rows=1 width=203) (actual time=0.013..0.014 rows=1 loops=1)
   Index Cond: (ycsb_key = 'user1000385178204227360'::text)
   Buffers: shared hit=2 read=1
 Planning:
   Buffers: shared hit=122 read=3
 Planning Time: 0.307 ms
 Execution Time: 0.044 ms
(7 rows)


========================================
Epoch=8 Run=8 Phase=run Time=Thu Mar 26 00:54:26 UTC 2026
DB=ycsb
Key=user1000385178204227360
----------------------------------------
                                                         QUERY PLAN                                                         
----------------------------------------------------------------------------------------------------------------------------
 Index Scan using usertable_pkey on usertable  (cost=0.29..8.30 rows=1 width=203) (actual time=0.014..0.015 rows=1 loops=1)
   Index Cond: (ycsb_key = 'user1000385178204227360'::text)
   Buffers: shared hit=2 read=1
 Planning:
   Buffers: shared hit=124 read=3
 Planning Time: 0.322 ms
 Execution Time: 0.043 ms
(7 rows)


========================================
Epoch=8 Run=9 Phase=run Time=Thu Mar 26 01:07:27 UTC 2026
DB=ycsb
Key=user1000385178204227360
----------------------------------------
                                                         QUERY PLAN                                                         
----------------------------------------------------------------------------------------------------------------------------
 Index Scan using usertable_pkey on usertable  (cost=0.29..8.30 rows=1 width=203) (actual time=0.014..0.014 rows=1 loops=1)
   Index Cond: (ycsb_key = 'user1000385178204227360'::text)
   Buffers: shared hit=2 read=1
 Planning:
   Buffers: shared hit=124 read=3
 Planning Time: 0.346 ms
 Execution Time: 0.042 ms
(7 rows)


========================================
Epoch=8 Run=10 Phase=run Time=Thu Mar 26 01:20:37 UTC 2026
DB=ycsb
Key=user1000385178204227360
----------------------------------------
                                                         QUERY PLAN                                                         
----------------------------------------------------------------------------------------------------------------------------
 Index Scan using usertable_pkey on usertable  (cost=0.29..8.30 rows=1 width=203) (actual time=0.014..0.015 rows=1 loops=1)
   Index Cond: (ycsb_key = 'user1000385178204227360'::text)
   Buffers: shared hit=2 read=1
 Planning:
   Buffers: shared hit=122 read=3
 Planning Time: 0.303 ms
 Execution Time: 0.042 ms
(7 rows)


========================================
Epoch=9 Run=1 Phase=run Time=Thu Mar 26 01:33:50 UTC 2026
DB=ycsb
Key=user1000385178204227360
----------------------------------------
                                                         QUERY PLAN                                                         
----------------------------------------------------------------------------------------------------------------------------
 Index Scan using usertable_pkey on usertable  (cost=0.29..8.30 rows=1 width=203) (actual time=0.013..0.013 rows=1 loops=1)
   Index Cond: (ycsb_key = 'user1000385178204227360'::text)
   Buffers: shared hit=2 read=1
 Planning:
   Buffers: shared hit=122 read=3
 Planning Time: 0.311 ms
 Execution Time: 0.043 ms
(7 rows)


========================================
Epoch=9 Run=2 Phase=run Time=Thu Mar 26 01:47:24 UTC 2026
DB=ycsb
Key=user1000385178204227360
----------------------------------------
                                                         QUERY PLAN                                                         
----------------------------------------------------------------------------------------------------------------------------
 Index Scan using usertable_pkey on usertable  (cost=0.29..8.30 rows=1 width=203) (actual time=0.012..0.013 rows=1 loops=1)
   Index Cond: (ycsb_key = 'user1000385178204227360'::text)
   Buffers: shared hit=2 read=1
 Planning:
   Buffers: shared hit=122 read=3
 Planning Time: 0.329 ms
 Execution Time: 0.041 ms
(7 rows)


========================================
Epoch=9 Run=3 Phase=run Time=Thu Mar 26 02:00:44 UTC 2026
DB=ycsb
Key=user1000385178204227360
----------------------------------------
                                                         QUERY PLAN                                                         
----------------------------------------------------------------------------------------------------------------------------
 Index Scan using usertable_pkey on usertable  (cost=0.29..8.30 rows=1 width=203) (actual time=0.012..0.012 rows=1 loops=1)
   Index Cond: (ycsb_key = 'user1000385178204227360'::text)
   Buffers: shared hit=2 read=1
 Planning:
   Buffers: shared hit=122 read=3
 Planning Time: 0.319 ms
 Execution Time: 0.041 ms
(7 rows)


========================================
Epoch=9 Run=4 Phase=run Time=Thu Mar 26 02:14:18 UTC 2026
DB=ycsb
Key=user1000385178204227360
----------------------------------------
                                                         QUERY PLAN                                                         
----------------------------------------------------------------------------------------------------------------------------
 Index Scan using usertable_pkey on usertable  (cost=0.29..8.30 rows=1 width=203) (actual time=0.014..0.015 rows=1 loops=1)
   Index Cond: (ycsb_key = 'user1000385178204227360'::text)
   Buffers: shared hit=2 read=1
 Planning:
   Buffers: shared hit=122 read=3
 Planning Time: 0.339 ms
 Execution Time: 0.043 ms
(7 rows)


========================================
Epoch=9 Run=5 Phase=run Time=Thu Mar 26 02:27:47 UTC 2026
DB=ycsb
Key=user1000385178204227360
----------------------------------------
                                                         QUERY PLAN                                                         
----------------------------------------------------------------------------------------------------------------------------
 Index Scan using usertable_pkey on usertable  (cost=0.29..8.30 rows=1 width=203) (actual time=0.011..0.011 rows=1 loops=1)
   Index Cond: (ycsb_key = 'user1000385178204227360'::text)
   Buffers: shared hit=2 read=1
 Planning:
   Buffers: shared hit=122 read=3
 Planning Time: 0.307 ms
 Execution Time: 0.039 ms
(7 rows)


========================================
Epoch=9 Run=6 Phase=run Time=Thu Mar 26 02:41:33 UTC 2026
DB=ycsb
Key=user1000385178204227360
----------------------------------------
                                                         QUERY PLAN                                                         
----------------------------------------------------------------------------------------------------------------------------
 Index Scan using usertable_pkey on usertable  (cost=0.29..8.30 rows=1 width=203) (actual time=0.012..0.013 rows=1 loops=1)
   Index Cond: (ycsb_key = 'user1000385178204227360'::text)
   Buffers: shared hit=2 read=1
 Planning:
   Buffers: shared hit=122 read=3
 Planning Time: 0.327 ms
 Execution Time: 0.044 ms
(7 rows)


========================================
Epoch=9 Run=7 Phase=run Time=Thu Mar 26 02:54:58 UTC 2026
DB=ycsb
Key=user1000385178204227360
----------------------------------------
                                                         QUERY PLAN                                                         
----------------------------------------------------------------------------------------------------------------------------
 Index Scan using usertable_pkey on usertable  (cost=0.29..8.30 rows=1 width=203) (actual time=0.013..0.014 rows=1 loops=1)
   Index Cond: (ycsb_key = 'user1000385178204227360'::text)
   Buffers: shared hit=2 read=1
 Planning:
   Buffers: shared hit=124 read=3
 Planning Time: 0.355 ms
 Execution Time: 0.048 ms
(7 rows)


========================================
Epoch=9 Run=8 Phase=run Time=Thu Mar 26 03:08:41 UTC 2026
DB=ycsb
Key=user1000385178204227360
----------------------------------------
                                                         QUERY PLAN                                                         
----------------------------------------------------------------------------------------------------------------------------
 Index Scan using usertable_pkey on usertable  (cost=0.29..8.30 rows=1 width=203) (actual time=0.012..0.012 rows=1 loops=1)
   Index Cond: (ycsb_key = 'user1000385178204227360'::text)
   Buffers: shared hit=2 read=1
 Planning:
   Buffers: shared hit=124 read=3
 Planning Time: 0.318 ms
 Execution Time: 0.039 ms
(7 rows)


========================================
Epoch=9 Run=9 Phase=run Time=Thu Mar 26 03:22:33 UTC 2026
DB=ycsb
Key=user1000385178204227360
----------------------------------------
                                                         QUERY PLAN                                                         
----------------------------------------------------------------------------------------------------------------------------
 Index Scan using usertable_pkey on usertable  (cost=0.29..8.30 rows=1 width=203) (actual time=0.012..0.013 rows=1 loops=1)
   Index Cond: (ycsb_key = 'user1000385178204227360'::text)
   Buffers: shared hit=2 read=1
 Planning:
   Buffers: shared hit=122 read=3
 Planning Time: 0.308 ms
 Execution Time: 0.040 ms
(7 rows)


========================================
Epoch=9 Run=10 Phase=run Time=Thu Mar 26 03:36:02 UTC 2026
DB=ycsb
Key=user1000385178204227360
----------------------------------------
                                                         QUERY PLAN                                                         
----------------------------------------------------------------------------------------------------------------------------
 Index Scan using usertable_pkey on usertable  (cost=0.29..8.30 rows=1 width=203) (actual time=0.011..0.011 rows=1 loops=1)
   Index Cond: (ycsb_key = 'user1000385178204227360'::text)
   Buffers: shared hit=2 read=1
 Planning:
   Buffers: shared hit=122 read=3
 Planning Time: 0.277 ms
 Execution Time: 0.039 ms
(7 rows)


========================================
Epoch=10 Run=1 Phase=run Time=Thu Mar 26 03:50:02 UTC 2026
DB=ycsb
Key=user1000385178204227360
----------------------------------------
                                                         QUERY PLAN                                                         
----------------------------------------------------------------------------------------------------------------------------
 Index Scan using usertable_pkey on usertable  (cost=0.29..8.30 rows=1 width=203) (actual time=0.012..0.012 rows=1 loops=1)
   Index Cond: (ycsb_key = 'user1000385178204227360'::text)
   Buffers: shared hit=2 read=1
 Planning:
   Buffers: shared hit=122 read=3
 Planning Time: 0.292 ms
 Execution Time: 0.042 ms
(7 rows)


========================================
Epoch=10 Run=2 Phase=run Time=Thu Mar 26 04:03:46 UTC 2026
DB=ycsb
Key=user1000385178204227360
----------------------------------------
                                                         QUERY PLAN                                                         
----------------------------------------------------------------------------------------------------------------------------
 Index Scan using usertable_pkey on usertable  (cost=0.29..8.30 rows=1 width=203) (actual time=0.013..0.014 rows=1 loops=1)
   Index Cond: (ycsb_key = 'user1000385178204227360'::text)
   Buffers: shared hit=2 read=1
 Planning:
   Buffers: shared hit=122 read=3
 Planning Time: 0.282 ms
 Execution Time: 0.040 ms
(7 rows)


========================================
Epoch=10 Run=3 Phase=run Time=Thu Mar 26 04:18:03 UTC 2026
DB=ycsb
Key=user1000385178204227360
----------------------------------------
                                                         QUERY PLAN                                                         
----------------------------------------------------------------------------------------------------------------------------
 Index Scan using usertable_pkey on usertable  (cost=0.29..8.30 rows=1 width=203) (actual time=0.013..0.014 rows=1 loops=1)
   Index Cond: (ycsb_key = 'user1000385178204227360'::text)
   Buffers: shared hit=2 read=1
 Planning:
   Buffers: shared hit=122 read=3
 Planning Time: 0.345 ms
 Execution Time: 0.047 ms
(7 rows)


========================================
Epoch=10 Run=4 Phase=run Time=Thu Mar 26 04:32:18 UTC 2026
DB=ycsb
Key=user1000385178204227360
----------------------------------------
                                                         QUERY PLAN                                                         
----------------------------------------------------------------------------------------------------------------------------
 Index Scan using usertable_pkey on usertable  (cost=0.29..8.30 rows=1 width=203) (actual time=0.013..0.013 rows=1 loops=1)
   Index Cond: (ycsb_key = 'user1000385178204227360'::text)
   Buffers: shared hit=2 read=1
 Planning:
   Buffers: shared hit=122 read=3
 Planning Time: 0.327 ms
 Execution Time: 0.045 ms
(7 rows)


========================================
Epoch=10 Run=5 Phase=run Time=Thu Mar 26 04:46:18 UTC 2026
DB=ycsb
Key=user1000385178204227360
----------------------------------------
                                                         QUERY PLAN                                                         
----------------------------------------------------------------------------------------------------------------------------
 Index Scan using usertable_pkey on usertable  (cost=0.29..8.30 rows=1 width=203) (actual time=0.012..0.013 rows=1 loops=1)
   Index Cond: (ycsb_key = 'user1000385178204227360'::text)
   Buffers: shared hit=2 read=1
 Planning:
   Buffers: shared hit=122 read=3
 Planning Time: 0.308 ms
 Execution Time: 0.041 ms
(7 rows)


========================================
Epoch=10 Run=6 Phase=run Time=Thu Mar 26 05:00:39 UTC 2026
DB=ycsb
Key=user1000385178204227360
----------------------------------------
                                                         QUERY PLAN                                                         
----------------------------------------------------------------------------------------------------------------------------
 Index Scan using usertable_pkey on usertable  (cost=0.29..8.30 rows=1 width=203) (actual time=0.013..0.014 rows=1 loops=1)
   Index Cond: (ycsb_key = 'user1000385178204227360'::text)
   Buffers: shared hit=2 read=1
 Planning:
   Buffers: shared hit=122 read=3
 Planning Time: 0.336 ms
 Execution Time: 0.047 ms
(7 rows)


========================================
Epoch=10 Run=7 Phase=run Time=Thu Mar 26 05:14:53 UTC 2026
DB=ycsb
Key=user1000385178204227360
----------------------------------------
                                                         QUERY PLAN                                                         
----------------------------------------------------------------------------------------------------------------------------
 Index Scan using usertable_pkey on usertable  (cost=0.29..8.30 rows=1 width=203) (actual time=0.013..0.014 rows=1 loops=1)
   Index Cond: (ycsb_key = 'user1000385178204227360'::text)
   Buffers: shared hit=2 read=1
 Planning:
   Buffers: shared hit=124 read=3
 Planning Time: 0.270 ms
 Execution Time: 0.042 ms
(7 rows)


========================================
Epoch=10 Run=8 Phase=run Time=Thu Mar 26 05:29:22 UTC 2026
DB=ycsb
Key=user1000385178204227360
----------------------------------------
                                                         QUERY PLAN                                                         
----------------------------------------------------------------------------------------------------------------------------
 Index Scan using usertable_pkey on usertable  (cost=0.29..8.30 rows=1 width=203) (actual time=0.014..0.015 rows=1 loops=1)
   Index Cond: (ycsb_key = 'user1000385178204227360'::text)
   Buffers: shared hit=2 read=1
 Planning:
   Buffers: shared hit=122 read=3
 Planning Time: 0.293 ms
 Execution Time: 0.045 ms
(7 rows)


========================================
Epoch=10 Run=9 Phase=run Time=Thu Mar 26 05:43:54 UTC 2026
DB=ycsb
Key=user1000385178204227360
----------------------------------------
                                                         QUERY PLAN                                                         
----------------------------------------------------------------------------------------------------------------------------
 Index Scan using usertable_pkey on usertable  (cost=0.29..8.30 rows=1 width=203) (actual time=0.015..0.016 rows=1 loops=1)
   Index Cond: (ycsb_key = 'user1000385178204227360'::text)
   Buffers: shared hit=2 read=1
 Planning:
   Buffers: shared hit=122 read=3
 Planning Time: 0.310 ms
 Execution Time: 0.042 ms
(7 rows)


========================================
Epoch=10 Run=10 Phase=run Time=Thu Mar 26 05:58:36 UTC 2026
DB=ycsb
Key=user1000385178204227360
----------------------------------------
                                                         QUERY PLAN                                                         
----------------------------------------------------------------------------------------------------------------------------
 Index Scan using usertable_pkey on usertable  (cost=0.29..8.30 rows=1 width=203) (actual time=0.014..0.014 rows=1 loops=1)
   Index Cond: (ycsb_key = 'user1000385178204227360'::text)
   Buffers: shared hit=2 read=1
 Planning:
   Buffers: shared hit=122 read=3
 Planning Time: 0.281 ms
 Execution Time: 0.042 ms
(7 rows)


