========================================
Epoch=1 Run=1 Phase=run Time=Mon Mar 23 11:46:48 UTC 2026
DB=ycsb
Key=user1000385178204227360
----------------------------------------
                                                         QUERY PLAN                                                          
-----------------------------------------------------------------------------------------------------------------------------
 Index Scan using usertable_pkey on usertable  (cost=0.29..8.30 rows=1 width=1810) (actual time=0.013..0.013 rows=1 loops=1)
   Index Cond: (ycsb_key = 'user1000385178204227360'::text)
   Buffers: shared hit=3
 Planning:
   Buffers: shared hit=174
 Planning Time: 0.508 ms
 Execution Time: 0.042 ms
(7 rows)


========================================
Epoch=1 Run=2 Phase=run Time=Mon Mar 23 11:49:39 UTC 2026
DB=ycsb
Key=user1000385178204227360
----------------------------------------
                                                         QUERY PLAN                                                          
-----------------------------------------------------------------------------------------------------------------------------
 Index Scan using usertable_pkey on usertable  (cost=0.29..8.30 rows=1 width=1807) (actual time=0.013..0.013 rows=1 loops=1)
   Index Cond: (ycsb_key = 'user1000385178204227360'::text)
   Buffers: shared hit=3
 Planning:
   Buffers: shared hit=187
 Planning Time: 0.645 ms
 Execution Time: 0.044 ms
(7 rows)


========================================
Epoch=1 Run=3 Phase=run Time=Mon Mar 23 11:52:31 UTC 2026
DB=ycsb
Key=user1000385178204227360
----------------------------------------
                                                         QUERY PLAN                                                          
-----------------------------------------------------------------------------------------------------------------------------
 Index Scan using usertable_pkey on usertable  (cost=0.29..8.30 rows=1 width=1734) (actual time=0.016..0.016 rows=1 loops=1)
   Index Cond: (ycsb_key = 'user1000385178204227360'::text)
   Buffers: shared hit=3
 Planning:
   Buffers: shared hit=208
 Planning Time: 0.702 ms
 Execution Time: 0.047 ms
(7 rows)


========================================
Epoch=1 Run=4 Phase=run Time=Mon Mar 23 11:55:30 UTC 2026
DB=ycsb
Key=user1000385178204227360
----------------------------------------
                                                         QUERY PLAN                                                          
-----------------------------------------------------------------------------------------------------------------------------
 Index Scan using usertable_pkey on usertable  (cost=0.29..8.30 rows=1 width=1700) (actual time=0.022..0.022 rows=1 loops=1)
   Index Cond: (ycsb_key = 'user1000385178204227360'::text)
   Buffers: shared hit=3
 Planning:
   Buffers: shared hit=221
 Planning Time: 0.844 ms
 Execution Time: 0.051 ms
(7 rows)


========================================
Epoch=1 Run=5 Phase=run Time=Mon Mar 23 11:58:25 UTC 2026
DB=ycsb
Key=user1000385178204227360
----------------------------------------
                                                         QUERY PLAN                                                          
-----------------------------------------------------------------------------------------------------------------------------
 Index Scan using usertable_pkey on usertable  (cost=0.29..8.30 rows=1 width=1673) (actual time=0.027..0.027 rows=1 loops=1)
   Index Cond: (ycsb_key = 'user1000385178204227360'::text)
   Buffers: shared hit=2 read=1 written=1
 Planning:
   Buffers: shared hit=230 read=1 written=1
 Planning Time: 0.990 ms
 Execution Time: 0.056 ms
(7 rows)


========================================
Epoch=1 Run=6 Phase=run Time=Mon Mar 23 12:01:27 UTC 2026
DB=ycsb
Key=user1000385178204227360
----------------------------------------
                                                         QUERY PLAN                                                          
-----------------------------------------------------------------------------------------------------------------------------
 Index Scan using usertable_pkey on usertable  (cost=0.29..8.30 rows=1 width=1650) (actual time=0.023..0.023 rows=1 loops=1)
   Index Cond: (ycsb_key = 'user1000385178204227360'::text)
   Buffers: shared hit=3
 Planning:
   Buffers: shared hit=240 read=1
 Planning Time: 1.038 ms
 Execution Time: 0.053 ms
(7 rows)


========================================
Epoch=1 Run=7 Phase=run Time=Mon Mar 23 12:04:29 UTC 2026
DB=ycsb
Key=user1000385178204227360
----------------------------------------
                                                         QUERY PLAN                                                          
-----------------------------------------------------------------------------------------------------------------------------
 Index Scan using usertable_pkey on usertable  (cost=0.29..8.30 rows=1 width=1615) (actual time=0.012..0.013 rows=1 loops=1)
   Index Cond: (ycsb_key = 'user1000385178204227360'::text)
   Buffers: shared hit=3
 Planning:
   Buffers: shared hit=243 read=3
 Planning Time: 1.162 ms
 Execution Time: 0.043 ms
(7 rows)


========================================
Epoch=1 Run=8 Phase=run Time=Mon Mar 23 12:07:43 UTC 2026
DB=ycsb
Key=user1000385178204227360
----------------------------------------
                                                         QUERY PLAN                                                          
-----------------------------------------------------------------------------------------------------------------------------
 Index Scan using usertable_pkey on usertable  (cost=0.29..8.30 rows=1 width=1587) (actual time=0.030..0.030 rows=1 loops=1)
   Index Cond: (ycsb_key = 'user1000385178204227360'::text)
   Buffers: shared hit=2 read=1 written=1
 Planning:
   Buffers: shared hit=248 read=3 written=3
 Planning Time: 1.273 ms
 Execution Time: 0.065 ms
(7 rows)


========================================
Epoch=1 Run=9 Phase=run Time=Mon Mar 23 12:10:58 UTC 2026
DB=ycsb
Key=user1000385178204227360
----------------------------------------
                                                         QUERY PLAN                                                          
-----------------------------------------------------------------------------------------------------------------------------
 Index Scan using usertable_pkey on usertable  (cost=0.29..8.30 rows=1 width=1579) (actual time=0.025..0.025 rows=1 loops=1)
   Index Cond: (ycsb_key = 'user1000385178204227360'::text)
   Buffers: shared hit=2 read=1
 Planning:
   Buffers: shared hit=255 read=3
 Planning Time: 1.267 ms
 Execution Time: 0.061 ms
(7 rows)


========================================
Epoch=1 Run=10 Phase=run Time=Mon Mar 23 12:14:12 UTC 2026
DB=ycsb
Key=user1000385178204227360
----------------------------------------
                                                         QUERY PLAN                                                          
-----------------------------------------------------------------------------------------------------------------------------
 Index Scan using usertable_pkey on usertable  (cost=0.29..8.30 rows=1 width=1560) (actual time=0.018..0.019 rows=1 loops=1)
   Index Cond: (ycsb_key = 'user1000385178204227360'::text)
   Buffers: shared hit=2 read=1
 Planning:
   Buffers: shared hit=253 read=3
 Planning Time: 1.284 ms
 Execution Time: 0.051 ms
(7 rows)


========================================
Epoch=2 Run=1 Phase=run Time=Mon Mar 23 12:17:31 UTC 2026
DB=ycsb
Key=user1000385178204227360
----------------------------------------
                                                         QUERY PLAN                                                          
-----------------------------------------------------------------------------------------------------------------------------
 Index Scan using usertable_pkey on usertable  (cost=0.29..8.30 rows=1 width=1505) (actual time=0.018..0.019 rows=1 loops=1)
   Index Cond: (ycsb_key = 'user1000385178204227360'::text)
   Buffers: shared hit=2 read=1
 Planning:
   Buffers: shared hit=258 read=3
 Planning Time: 1.257 ms
 Execution Time: 0.054 ms
(7 rows)


========================================
Epoch=2 Run=2 Phase=run Time=Mon Mar 23 12:20:48 UTC 2026
DB=ycsb
Key=user1000385178204227360
----------------------------------------
                                                         QUERY PLAN                                                          
-----------------------------------------------------------------------------------------------------------------------------
 Index Scan using usertable_pkey on usertable  (cost=0.29..8.30 rows=1 width=1413) (actual time=0.020..0.021 rows=1 loops=1)
   Index Cond: (ycsb_key = 'user1000385178204227360'::text)
   Buffers: shared hit=2 read=1
 Planning:
   Buffers: shared hit=257 read=3
 Planning Time: 1.139 ms
 Execution Time: 0.050 ms
(7 rows)


========================================
Epoch=2 Run=3 Phase=run Time=Mon Mar 23 12:24:13 UTC 2026
DB=ycsb
Key=user1000385178204227360
----------------------------------------
                                                         QUERY PLAN                                                          
-----------------------------------------------------------------------------------------------------------------------------
 Index Scan using usertable_pkey on usertable  (cost=0.29..8.30 rows=1 width=1341) (actual time=0.018..0.018 rows=1 loops=1)
   Index Cond: (ycsb_key = 'user1000385178204227360'::text)
   Buffers: shared hit=2 read=1
 Planning:
   Buffers: shared hit=258 read=3
 Planning Time: 1.301 ms
 Execution Time: 0.051 ms
(7 rows)


========================================
Epoch=2 Run=4 Phase=run Time=Mon Mar 23 12:27:40 UTC 2026
DB=ycsb
Key=user1000385178204227360
----------------------------------------
                                                         QUERY PLAN                                                          
-----------------------------------------------------------------------------------------------------------------------------
 Index Scan using usertable_pkey on usertable  (cost=0.29..8.30 rows=1 width=1318) (actual time=0.013..0.014 rows=1 loops=1)
   Index Cond: (ycsb_key = 'user1000385178204227360'::text)
   Buffers: shared hit=2 read=1
 Planning:
   Buffers: shared hit=260 read=3 written=2
 Planning Time: 1.068 ms
 Execution Time: 0.045 ms
(7 rows)


========================================
Epoch=2 Run=5 Phase=run Time=Mon Mar 23 12:31:10 UTC 2026
DB=ycsb
Key=user1000385178204227360
----------------------------------------
                                                         QUERY PLAN                                                          
-----------------------------------------------------------------------------------------------------------------------------
 Index Scan using usertable_pkey on usertable  (cost=0.29..8.30 rows=1 width=1344) (actual time=0.018..0.019 rows=1 loops=1)
   Index Cond: (ycsb_key = 'user1000385178204227360'::text)
   Buffers: shared hit=2 read=1
 Planning:
   Buffers: shared hit=263 read=3
 Planning Time: 1.199 ms
 Execution Time: 0.050 ms
(7 rows)


========================================
Epoch=2 Run=6 Phase=run Time=Mon Mar 23 12:34:44 UTC 2026
DB=ycsb
Key=user1000385178204227360
----------------------------------------
                                                         QUERY PLAN                                                          
-----------------------------------------------------------------------------------------------------------------------------
 Index Scan using usertable_pkey on usertable  (cost=0.29..8.30 rows=1 width=1396) (actual time=0.037..0.038 rows=1 loops=1)
   Index Cond: (ycsb_key = 'user1000385178204227360'::text)
   Buffers: shared hit=2 read=1
 Planning:
   Buffers: shared hit=263 read=3
 Planning Time: 1.220 ms
 Execution Time: 0.069 ms
(7 rows)


========================================
Epoch=2 Run=7 Phase=run Time=Mon Mar 23 12:38:17 UTC 2026
DB=ycsb
Key=user1000385178204227360
----------------------------------------
                                                         QUERY PLAN                                                          
-----------------------------------------------------------------------------------------------------------------------------
 Index Scan using usertable_pkey on usertable  (cost=0.29..8.30 rows=1 width=1459) (actual time=0.017..0.017 rows=1 loops=1)
   Index Cond: (ycsb_key = 'user1000385178204227360'::text)
   Buffers: shared hit=2 read=1
 Planning:
   Buffers: shared hit=262 read=3
 Planning Time: 1.150 ms
 Execution Time: 0.050 ms
(7 rows)


========================================
Epoch=2 Run=8 Phase=run Time=Mon Mar 23 12:42:01 UTC 2026
DB=ycsb
Key=user1000385178204227360
----------------------------------------
                                                         QUERY PLAN                                                          
-----------------------------------------------------------------------------------------------------------------------------
 Index Scan using usertable_pkey on usertable  (cost=0.29..8.30 rows=1 width=1500) (actual time=0.014..0.015 rows=1 loops=1)
   Index Cond: (ycsb_key = 'user1000385178204227360'::text)
   Buffers: shared hit=2 read=1
 Planning:
   Buffers: shared hit=228 read=3
 Planning Time: 0.921 ms
 Execution Time: 0.045 ms
(7 rows)


========================================
Epoch=2 Run=9 Phase=run Time=Mon Mar 23 12:45:42 UTC 2026
DB=ycsb
Key=user1000385178204227360
----------------------------------------
                                                         QUERY PLAN                                                          
-----------------------------------------------------------------------------------------------------------------------------
 Index Scan using usertable_pkey on usertable  (cost=0.29..8.30 rows=1 width=1512) (actual time=0.017..0.017 rows=1 loops=1)
   Index Cond: (ycsb_key = 'user1000385178204227360'::text)
   Buffers: shared hit=2 read=1
 Planning:
   Buffers: shared hit=190 read=3
 Planning Time: 0.669 ms
 Execution Time: 0.042 ms
(7 rows)


========================================
Epoch=2 Run=10 Phase=run Time=Mon Mar 23 12:49:32 UTC 2026
DB=ycsb
Key=user1000385178204227360
----------------------------------------
                                                         QUERY PLAN                                                          
-----------------------------------------------------------------------------------------------------------------------------
 Index Scan using usertable_pkey on usertable  (cost=0.29..8.30 rows=1 width=1474) (actual time=0.017..0.017 rows=1 loops=1)
   Index Cond: (ycsb_key = 'user1000385178204227360'::text)
   Buffers: shared hit=2 read=1
 Planning:
   Buffers: shared hit=169 read=3
 Planning Time: 0.507 ms
 Execution Time: 0.045 ms
(7 rows)


========================================
Epoch=3 Run=1 Phase=run Time=Mon Mar 23 12:53:29 UTC 2026
DB=ycsb
Key=user1000385178204227360
----------------------------------------
                                                         QUERY PLAN                                                          
-----------------------------------------------------------------------------------------------------------------------------
 Index Scan using usertable_pkey on usertable  (cost=0.29..8.30 rows=1 width=1366) (actual time=0.015..0.015 rows=1 loops=1)
   Index Cond: (ycsb_key = 'user1000385178204227360'::text)
   Buffers: shared hit=2 read=1
 Planning:
   Buffers: shared hit=163 read=3
 Planning Time: 0.487 ms
 Execution Time: 0.045 ms
(7 rows)


========================================
Epoch=3 Run=2 Phase=run Time=Mon Mar 23 12:57:26 UTC 2026
DB=ycsb
Key=user1000385178204227360
----------------------------------------
                                                         QUERY PLAN                                                          
-----------------------------------------------------------------------------------------------------------------------------
 Index Scan using usertable_pkey on usertable  (cost=0.29..8.30 rows=1 width=1216) (actual time=0.018..0.018 rows=1 loops=1)
   Index Cond: (ycsb_key = 'user1000385178204227360'::text)
   Buffers: shared hit=2 read=1
 Planning:
   Buffers: shared hit=162 read=3
 Planning Time: 0.414 ms
 Execution Time: 0.046 ms
(7 rows)


========================================
Epoch=3 Run=3 Phase=run Time=Mon Mar 23 13:01:27 UTC 2026
DB=ycsb
Key=user1000385178204227360
----------------------------------------
                                                         QUERY PLAN                                                          
-----------------------------------------------------------------------------------------------------------------------------
 Index Scan using usertable_pkey on usertable  (cost=0.29..8.30 rows=1 width=1046) (actual time=0.019..0.020 rows=1 loops=1)
   Index Cond: (ycsb_key = 'user1000385178204227360'::text)
   Buffers: shared hit=2 read=1
 Planning:
   Buffers: shared hit=144 read=3
 Planning Time: 0.488 ms
 Execution Time: 0.049 ms
(7 rows)


========================================
Epoch=3 Run=4 Phase=run Time=Mon Mar 23 13:05:36 UTC 2026
DB=ycsb
Key=user1000385178204227360
----------------------------------------
                                                         QUERY PLAN                                                         
----------------------------------------------------------------------------------------------------------------------------
 Index Scan using usertable_pkey on usertable  (cost=0.29..8.30 rows=1 width=851) (actual time=0.015..0.015 rows=1 loops=1)
   Index Cond: (ycsb_key = 'user1000385178204227360'::text)
   Buffers: shared hit=2 read=1
 Planning:
   Buffers: shared hit=125 read=3
 Planning Time: 0.307 ms
 Execution Time: 0.044 ms
(7 rows)


========================================
Epoch=3 Run=5 Phase=run Time=Mon Mar 23 13:09:45 UTC 2026
DB=ycsb
Key=user1000385178204227360
----------------------------------------
                                                         QUERY PLAN                                                         
----------------------------------------------------------------------------------------------------------------------------
 Index Scan using usertable_pkey on usertable  (cost=0.29..8.30 rows=1 width=685) (actual time=0.015..0.015 rows=1 loops=1)
   Index Cond: (ycsb_key = 'user1000385178204227360'::text)
   Buffers: shared hit=2 read=1
 Planning:
   Buffers: shared hit=125 read=3
 Planning Time: 0.323 ms
 Execution Time: 0.042 ms
(7 rows)


========================================
Epoch=3 Run=6 Phase=run Time=Mon Mar 23 13:13:51 UTC 2026
DB=ycsb
Key=user1000385178204227360
----------------------------------------
                                                         QUERY PLAN                                                         
----------------------------------------------------------------------------------------------------------------------------
 Index Scan using usertable_pkey on usertable  (cost=0.29..8.30 rows=1 width=546) (actual time=0.014..0.015 rows=1 loops=1)
   Index Cond: (ycsb_key = 'user1000385178204227360'::text)
   Buffers: shared hit=2 read=1
 Planning:
   Buffers: shared hit=125 read=3
 Planning Time: 0.346 ms
 Execution Time: 0.075 ms
(7 rows)


========================================
Epoch=3 Run=7 Phase=run Time=Mon Mar 23 13:17:57 UTC 2026
DB=ycsb
Key=user1000385178204227360
----------------------------------------
                                                         QUERY PLAN                                                         
----------------------------------------------------------------------------------------------------------------------------
 Index Scan using usertable_pkey on usertable  (cost=0.29..8.30 rows=1 width=431) (actual time=0.017..0.017 rows=1 loops=1)
   Index Cond: (ycsb_key = 'user1000385178204227360'::text)
   Buffers: shared hit=2 read=1
 Planning:
   Buffers: shared hit=122 read=3
 Planning Time: 0.320 ms
 Execution Time: 0.047 ms
(7 rows)


========================================
Epoch=3 Run=8 Phase=run Time=Mon Mar 23 13:22:16 UTC 2026
DB=ycsb
Key=user1000385178204227360
----------------------------------------
                                                         QUERY PLAN                                                         
----------------------------------------------------------------------------------------------------------------------------
 Index Scan using usertable_pkey on usertable  (cost=0.29..8.30 rows=1 width=352) (actual time=0.015..0.016 rows=1 loops=1)
   Index Cond: (ycsb_key = 'user1000385178204227360'::text)
   Buffers: shared hit=2 read=1
 Planning:
   Buffers: shared hit=122 read=3
 Planning Time: 0.293 ms
 Execution Time: 0.045 ms
(7 rows)


========================================
Epoch=3 Run=9 Phase=run Time=Mon Mar 23 13:26:34 UTC 2026
DB=ycsb
Key=user1000385178204227360
----------------------------------------
                                                         QUERY PLAN                                                         
----------------------------------------------------------------------------------------------------------------------------
 Index Scan using usertable_pkey on usertable  (cost=0.29..8.30 rows=1 width=295) (actual time=0.014..0.015 rows=1 loops=1)
   Index Cond: (ycsb_key = 'user1000385178204227360'::text)
   Buffers: shared hit=2 read=1
 Planning:
   Buffers: shared hit=122 read=3
 Planning Time: 0.294 ms
 Execution Time: 0.043 ms
(7 rows)


========================================
Epoch=3 Run=10 Phase=run Time=Mon Mar 23 13:31:00 UTC 2026
DB=ycsb
Key=user1000385178204227360
----------------------------------------
                                                         QUERY PLAN                                                         
----------------------------------------------------------------------------------------------------------------------------
 Index Scan using usertable_pkey on usertable  (cost=0.29..8.30 rows=1 width=255) (actual time=0.011..0.012 rows=1 loops=1)
   Index Cond: (ycsb_key = 'user1000385178204227360'::text)
   Buffers: shared hit=2 read=1
 Planning:
   Buffers: shared hit=122 read=3
 Planning Time: 0.330 ms
 Execution Time: 0.041 ms
(7 rows)


========================================
Epoch=4 Run=1 Phase=run Time=Mon Mar 23 13:35:31 UTC 2026
DB=ycsb
Key=user1000385178204227360
----------------------------------------
                                                         QUERY PLAN                                                         
----------------------------------------------------------------------------------------------------------------------------
 Index Scan using usertable_pkey on usertable  (cost=0.29..8.30 rows=1 width=235) (actual time=0.016..0.016 rows=1 loops=1)
   Index Cond: (ycsb_key = 'user1000385178204227360'::text)
   Buffers: shared hit=2 read=1
 Planning:
   Buffers: shared hit=122 read=3
 Planning Time: 0.350 ms
 Execution Time: 0.047 ms
(7 rows)


========================================
Epoch=4 Run=2 Phase=run Time=Mon Mar 23 13:40:04 UTC 2026
DB=ycsb
Key=user1000385178204227360
----------------------------------------
                                                         QUERY PLAN                                                         
----------------------------------------------------------------------------------------------------------------------------
 Index Scan using usertable_pkey on usertable  (cost=0.29..8.30 rows=1 width=219) (actual time=0.015..0.015 rows=1 loops=1)
   Index Cond: (ycsb_key = 'user1000385178204227360'::text)
   Buffers: shared hit=2 read=1
 Planning:
   Buffers: shared hit=122 read=3
 Planning Time: 0.326 ms
 Execution Time: 0.049 ms
(7 rows)


========================================
Epoch=4 Run=3 Phase=run Time=Mon Mar 23 13:44:41 UTC 2026
DB=ycsb
Key=user1000385178204227360
----------------------------------------
                                                         QUERY PLAN                                                         
----------------------------------------------------------------------------------------------------------------------------
 Index Scan using usertable_pkey on usertable  (cost=0.29..8.30 rows=1 width=211) (actual time=0.014..0.015 rows=1 loops=1)
   Index Cond: (ycsb_key = 'user1000385178204227360'::text)
   Buffers: shared hit=2 read=1
 Planning:
   Buffers: shared hit=122 read=3
 Planning Time: 0.342 ms
 Execution Time: 0.046 ms
(7 rows)


========================================
Epoch=4 Run=4 Phase=run Time=Mon Mar 23 13:49:19 UTC 2026
DB=ycsb
Key=user1000385178204227360
----------------------------------------
                                                         QUERY PLAN                                                         
----------------------------------------------------------------------------------------------------------------------------
 Index Scan using usertable_pkey on usertable  (cost=0.29..8.30 rows=1 width=204) (actual time=0.016..0.016 rows=1 loops=1)
   Index Cond: (ycsb_key = 'user1000385178204227360'::text)
   Buffers: shared hit=2 read=1
 Planning:
   Buffers: shared hit=122 read=3
 Planning Time: 0.362 ms
 Execution Time: 0.048 ms
(7 rows)


========================================
Epoch=4 Run=5 Phase=run Time=Mon Mar 23 13:54:04 UTC 2026
DB=ycsb
Key=user1000385178204227360
----------------------------------------
                                                         QUERY PLAN                                                         
----------------------------------------------------------------------------------------------------------------------------
 Index Scan using usertable_pkey on usertable  (cost=0.29..8.30 rows=1 width=203) (actual time=0.015..0.015 rows=1 loops=1)
   Index Cond: (ycsb_key = 'user1000385178204227360'::text)
   Buffers: shared hit=2 read=1
 Planning:
   Buffers: shared hit=122 read=3
 Planning Time: 0.315 ms
 Execution Time: 0.045 ms
(7 rows)


========================================
Epoch=4 Run=6 Phase=run Time=Mon Mar 23 13:58:44 UTC 2026
DB=ycsb
Key=user1000385178204227360
----------------------------------------
                                                         QUERY PLAN                                                         
----------------------------------------------------------------------------------------------------------------------------
 Index Scan using usertable_pkey on usertable  (cost=0.29..8.30 rows=1 width=203) (actual time=0.021..0.022 rows=1 loops=1)
   Index Cond: (ycsb_key = 'user1000385178204227360'::text)
   Buffers: shared hit=2 read=1
 Planning:
   Buffers: shared hit=122 read=3
 Planning Time: 0.365 ms
 Execution Time: 0.054 ms
(7 rows)


========================================
Epoch=4 Run=7 Phase=run Time=Mon Mar 23 14:03:30 UTC 2026
DB=ycsb
Key=user1000385178204227360
----------------------------------------
                                                         QUERY PLAN                                                         
----------------------------------------------------------------------------------------------------------------------------
 Index Scan using usertable_pkey on usertable  (cost=0.29..8.30 rows=1 width=203) (actual time=0.018..0.018 rows=1 loops=1)
   Index Cond: (ycsb_key = 'user1000385178204227360'::text)
   Buffers: shared hit=2 read=1
 Planning:
   Buffers: shared hit=122 read=3
 Planning Time: 0.353 ms
 Execution Time: 0.048 ms
(7 rows)


========================================
Epoch=4 Run=8 Phase=run Time=Mon Mar 23 14:08:21 UTC 2026
DB=ycsb
Key=user1000385178204227360
----------------------------------------
                                                         QUERY PLAN                                                         
----------------------------------------------------------------------------------------------------------------------------
 Index Scan using usertable_pkey on usertable  (cost=0.29..8.30 rows=1 width=203) (actual time=0.032..0.033 rows=1 loops=1)
   Index Cond: (ycsb_key = 'user1000385178204227360'::text)
   Buffers: shared hit=2 read=1
 Planning:
   Buffers: shared hit=122 read=3
 Planning Time: 0.300 ms
 Execution Time: 0.063 ms
(7 rows)


========================================
Epoch=4 Run=9 Phase=run Time=Mon Mar 23 14:13:17 UTC 2026
DB=ycsb
Key=user1000385178204227360
----------------------------------------
                                                         QUERY PLAN                                                         
----------------------------------------------------------------------------------------------------------------------------
 Index Scan using usertable_pkey on usertable  (cost=0.29..8.30 rows=1 width=203) (actual time=0.016..0.016 rows=1 loops=1)
   Index Cond: (ycsb_key = 'user1000385178204227360'::text)
   Buffers: shared hit=2 read=1
 Planning:
   Buffers: shared hit=122 read=3
 Planning Time: 0.321 ms
 Execution Time: 0.045 ms
(7 rows)


========================================
Epoch=4 Run=10 Phase=run Time=Mon Mar 23 14:18:15 UTC 2026
DB=ycsb
Key=user1000385178204227360
----------------------------------------
                                                         QUERY PLAN                                                         
----------------------------------------------------------------------------------------------------------------------------
 Index Scan using usertable_pkey on usertable  (cost=0.29..8.30 rows=1 width=203) (actual time=0.015..0.015 rows=1 loops=1)
   Index Cond: (ycsb_key = 'user1000385178204227360'::text)
   Buffers: shared hit=2 read=1
 Planning:
   Buffers: shared hit=122 read=3
 Planning Time: 0.298 ms
 Execution Time: 0.045 ms
(7 rows)


========================================
Epoch=5 Run=1 Phase=run Time=Mon Mar 23 14:23:23 UTC 2026
DB=ycsb
Key=user1000385178204227360
----------------------------------------
                                                         QUERY PLAN                                                         
----------------------------------------------------------------------------------------------------------------------------
 Index Scan using usertable_pkey on usertable  (cost=0.29..8.30 rows=1 width=203) (actual time=0.017..0.017 rows=1 loops=1)
   Index Cond: (ycsb_key = 'user1000385178204227360'::text)
   Buffers: shared hit=2 read=1
 Planning:
   Buffers: shared hit=122 read=3
 Planning Time: 0.323 ms
 Execution Time: 0.047 ms
(7 rows)


========================================
Epoch=5 Run=2 Phase=run Time=Mon Mar 23 14:28:40 UTC 2026
DB=ycsb
Key=user1000385178204227360
----------------------------------------
                                                         QUERY PLAN                                                         
----------------------------------------------------------------------------------------------------------------------------
 Index Scan using usertable_pkey on usertable  (cost=0.29..8.30 rows=1 width=203) (actual time=0.016..0.017 rows=1 loops=1)
   Index Cond: (ycsb_key = 'user1000385178204227360'::text)
   Buffers: shared hit=2 read=1
 Planning:
   Buffers: shared hit=122 read=3
 Planning Time: 0.326 ms
 Execution Time: 0.043 ms
(7 rows)


========================================
Epoch=5 Run=3 Phase=run Time=Mon Mar 23 14:33:35 UTC 2026
DB=ycsb
Key=user1000385178204227360
----------------------------------------
                                                         QUERY PLAN                                                         
----------------------------------------------------------------------------------------------------------------------------
 Index Scan using usertable_pkey on usertable  (cost=0.29..8.30 rows=1 width=203) (actual time=0.014..0.014 rows=1 loops=1)
   Index Cond: (ycsb_key = 'user1000385178204227360'::text)
   Buffers: shared hit=2 read=1
 Planning:
   Buffers: shared hit=122 read=3
 Planning Time: 0.325 ms
 Execution Time: 0.041 ms
(7 rows)


========================================
Epoch=5 Run=4 Phase=run Time=Mon Mar 23 14:38:46 UTC 2026
DB=ycsb
Key=user1000385178204227360
----------------------------------------
                                                         QUERY PLAN                                                         
----------------------------------------------------------------------------------------------------------------------------
 Index Scan using usertable_pkey on usertable  (cost=0.29..8.30 rows=1 width=203) (actual time=0.015..0.016 rows=1 loops=1)
   Index Cond: (ycsb_key = 'user1000385178204227360'::text)
   Buffers: shared hit=2 read=1
 Planning:
   Buffers: shared hit=122 read=3
 Planning Time: 0.287 ms
 Execution Time: 0.043 ms
(7 rows)


========================================
Epoch=5 Run=5 Phase=run Time=Mon Mar 23 14:44:04 UTC 2026
DB=ycsb
Key=user1000385178204227360
----------------------------------------
                                                         QUERY PLAN                                                         
----------------------------------------------------------------------------------------------------------------------------
 Index Scan using usertable_pkey on usertable  (cost=0.29..8.30 rows=1 width=203) (actual time=0.015..0.016 rows=1 loops=1)
   Index Cond: (ycsb_key = 'user1000385178204227360'::text)
   Buffers: shared hit=2 read=1
 Planning:
   Buffers: shared hit=122 read=3
 Planning Time: 0.370 ms
 Execution Time: 0.048 ms
(7 rows)


========================================
Epoch=5 Run=6 Phase=run Time=Mon Mar 23 14:49:28 UTC 2026
DB=ycsb
Key=user1000385178204227360
----------------------------------------
                                                         QUERY PLAN                                                         
----------------------------------------------------------------------------------------------------------------------------
 Index Scan using usertable_pkey on usertable  (cost=0.29..8.30 rows=1 width=203) (actual time=0.012..0.013 rows=1 loops=1)
   Index Cond: (ycsb_key = 'user1000385178204227360'::text)
   Buffers: shared hit=2 read=1
 Planning:
   Buffers: shared hit=122 read=3
 Planning Time: 0.290 ms
 Execution Time: 0.038 ms
(7 rows)


========================================
Epoch=5 Run=7 Phase=run Time=Mon Mar 23 14:54:54 UTC 2026
DB=ycsb
Key=user1000385178204227360
----------------------------------------
                                                         QUERY PLAN                                                         
----------------------------------------------------------------------------------------------------------------------------
 Index Scan using usertable_pkey on usertable  (cost=0.29..8.30 rows=1 width=203) (actual time=0.013..0.014 rows=1 loops=1)
   Index Cond: (ycsb_key = 'user1000385178204227360'::text)
   Buffers: shared hit=2 read=1
 Planning:
   Buffers: shared hit=122 read=3
 Planning Time: 0.273 ms
 Execution Time: 0.041 ms
(7 rows)


========================================
Epoch=5 Run=8 Phase=run Time=Mon Mar 23 15:00:29 UTC 2026
DB=ycsb
Key=user1000385178204227360
----------------------------------------
                                                         QUERY PLAN                                                         
----------------------------------------------------------------------------------------------------------------------------
 Index Scan using usertable_pkey on usertable  (cost=0.29..8.30 rows=1 width=203) (actual time=0.015..0.016 rows=1 loops=1)
   Index Cond: (ycsb_key = 'user1000385178204227360'::text)
   Buffers: shared hit=2 read=1
 Planning:
   Buffers: shared hit=122 read=3
 Planning Time: 0.368 ms
 Execution Time: 0.049 ms
(7 rows)


========================================
Epoch=5 Run=9 Phase=run Time=Mon Mar 23 15:05:41 UTC 2026
DB=ycsb
Key=user1000385178204227360
----------------------------------------
                                                         QUERY PLAN                                                         
----------------------------------------------------------------------------------------------------------------------------
 Index Scan using usertable_pkey on usertable  (cost=0.29..8.30 rows=1 width=203) (actual time=0.015..0.015 rows=1 loops=1)
   Index Cond: (ycsb_key = 'user1000385178204227360'::text)
   Buffers: shared hit=2 read=1
 Planning:
   Buffers: shared hit=122 read=3
 Planning Time: 0.329 ms
 Execution Time: 0.045 ms
(7 rows)


========================================
Epoch=5 Run=10 Phase=run Time=Mon Mar 23 15:11:01 UTC 2026
DB=ycsb
Key=user1000385178204227360
----------------------------------------
                                                         QUERY PLAN                                                         
----------------------------------------------------------------------------------------------------------------------------
 Index Scan using usertable_pkey on usertable  (cost=0.29..8.30 rows=1 width=203) (actual time=0.014..0.014 rows=1 loops=1)
   Index Cond: (ycsb_key = 'user1000385178204227360'::text)
   Buffers: shared hit=2 read=1
 Planning:
   Buffers: shared hit=122 read=3
 Planning Time: 0.282 ms
 Execution Time: 0.041 ms
(7 rows)


========================================
Epoch=6 Run=1 Phase=run Time=Mon Mar 23 15:16:20 UTC 2026
DB=ycsb
Key=user1000385178204227360
----------------------------------------
                                                         QUERY PLAN                                                         
----------------------------------------------------------------------------------------------------------------------------
 Index Scan using usertable_pkey on usertable  (cost=0.29..8.30 rows=1 width=203) (actual time=0.014..0.015 rows=1 loops=1)
   Index Cond: (ycsb_key = 'user1000385178204227360'::text)
   Buffers: shared hit=2 read=1
 Planning:
   Buffers: shared hit=122 read=3
 Planning Time: 0.298 ms
 Execution Time: 0.043 ms
(7 rows)


========================================
Epoch=6 Run=2 Phase=run Time=Mon Mar 23 15:21:51 UTC 2026
DB=ycsb
Key=user1000385178204227360
----------------------------------------
                                                         QUERY PLAN                                                         
----------------------------------------------------------------------------------------------------------------------------
 Index Scan using usertable_pkey on usertable  (cost=0.29..8.30 rows=1 width=203) (actual time=0.016..0.016 rows=1 loops=1)
   Index Cond: (ycsb_key = 'user1000385178204227360'::text)
   Buffers: shared hit=2 read=1
 Planning:
   Buffers: shared hit=122 read=3
 Planning Time: 0.340 ms
 Execution Time: 0.048 ms
(7 rows)


========================================
Epoch=6 Run=3 Phase=run Time=Mon Mar 23 15:27:23 UTC 2026
DB=ycsb
Key=user1000385178204227360
----------------------------------------
                                                         QUERY PLAN                                                         
----------------------------------------------------------------------------------------------------------------------------
 Index Scan using usertable_pkey on usertable  (cost=0.29..8.30 rows=1 width=203) (actual time=0.016..0.016 rows=1 loops=1)
   Index Cond: (ycsb_key = 'user1000385178204227360'::text)
   Buffers: shared hit=2 read=1
 Planning:
   Buffers: shared hit=122 read=3
 Planning Time: 0.316 ms
 Execution Time: 0.048 ms
(7 rows)


========================================
Epoch=6 Run=4 Phase=run Time=Mon Mar 23 15:32:59 UTC 2026
DB=ycsb
Key=user1000385178204227360
----------------------------------------
                                                         QUERY PLAN                                                         
----------------------------------------------------------------------------------------------------------------------------
 Index Scan using usertable_pkey on usertable  (cost=0.29..8.30 rows=1 width=203) (actual time=0.017..0.018 rows=1 loops=1)
   Index Cond: (ycsb_key = 'user1000385178204227360'::text)
   Buffers: shared hit=2 read=1
 Planning:
   Buffers: shared hit=122 read=3
 Planning Time: 0.357 ms
 Execution Time: 0.047 ms
(7 rows)


========================================
Epoch=6 Run=5 Phase=run Time=Mon Mar 23 15:38:31 UTC 2026
DB=ycsb
Key=user1000385178204227360
----------------------------------------
                                                         QUERY PLAN                                                         
----------------------------------------------------------------------------------------------------------------------------
 Index Scan using usertable_pkey on usertable  (cost=0.29..8.30 rows=1 width=203) (actual time=0.015..0.015 rows=1 loops=1)
   Index Cond: (ycsb_key = 'user1000385178204227360'::text)
   Buffers: shared hit=2 read=1
 Planning:
   Buffers: shared hit=122 read=3
 Planning Time: 0.327 ms
 Execution Time: 0.045 ms
(7 rows)


========================================
Epoch=6 Run=6 Phase=run Time=Mon Mar 23 15:44:14 UTC 2026
DB=ycsb
Key=user1000385178204227360
----------------------------------------
                                                         QUERY PLAN                                                         
----------------------------------------------------------------------------------------------------------------------------
 Index Scan using usertable_pkey on usertable  (cost=0.29..8.30 rows=1 width=203) (actual time=0.016..0.016 rows=1 loops=1)
   Index Cond: (ycsb_key = 'user1000385178204227360'::text)
   Buffers: shared hit=2 read=1
 Planning:
   Buffers: shared hit=122 read=3
 Planning Time: 0.314 ms
 Execution Time: 0.044 ms
(7 rows)


========================================
Epoch=6 Run=7 Phase=run Time=Mon Mar 23 15:49:55 UTC 2026
DB=ycsb
Key=user1000385178204227360
----------------------------------------
                                                         QUERY PLAN                                                         
----------------------------------------------------------------------------------------------------------------------------
 Index Scan using usertable_pkey on usertable  (cost=0.29..8.30 rows=1 width=203) (actual time=0.014..0.014 rows=1 loops=1)
   Index Cond: (ycsb_key = 'user1000385178204227360'::text)
   Buffers: shared hit=2 read=1
 Planning:
   Buffers: shared hit=122 read=3
 Planning Time: 0.293 ms
 Execution Time: 0.040 ms
(7 rows)


========================================
Epoch=6 Run=8 Phase=run Time=Mon Mar 23 15:55:41 UTC 2026
DB=ycsb
Key=user1000385178204227360
----------------------------------------
                                                         QUERY PLAN                                                         
----------------------------------------------------------------------------------------------------------------------------
 Index Scan using usertable_pkey on usertable  (cost=0.29..8.30 rows=1 width=203) (actual time=0.015..0.016 rows=1 loops=1)
   Index Cond: (ycsb_key = 'user1000385178204227360'::text)
   Buffers: shared hit=2 read=1
 Planning:
   Buffers: shared hit=122 read=3
 Planning Time: 0.290 ms
 Execution Time: 0.062 ms
(7 rows)


========================================
Epoch=6 Run=9 Phase=run Time=Mon Mar 23 16:01:41 UTC 2026
DB=ycsb
Key=user1000385178204227360
----------------------------------------
                                                         QUERY PLAN                                                         
----------------------------------------------------------------------------------------------------------------------------
 Index Scan using usertable_pkey on usertable  (cost=0.29..8.30 rows=1 width=203) (actual time=0.012..0.012 rows=1 loops=1)
   Index Cond: (ycsb_key = 'user1000385178204227360'::text)
   Buffers: shared hit=2 read=1
 Planning:
   Buffers: shared hit=122 read=3
 Planning Time: 0.298 ms
 Execution Time: 0.041 ms
(7 rows)


========================================
Epoch=6 Run=10 Phase=run Time=Mon Mar 23 16:07:41 UTC 2026
DB=ycsb
Key=user1000385178204227360
----------------------------------------
                                                         QUERY PLAN                                                         
----------------------------------------------------------------------------------------------------------------------------
 Index Scan using usertable_pkey on usertable  (cost=0.29..8.30 rows=1 width=203) (actual time=0.011..0.011 rows=1 loops=1)
   Index Cond: (ycsb_key = 'user1000385178204227360'::text)
   Buffers: shared hit=2 read=1
 Planning:
   Buffers: shared hit=122 read=3
 Planning Time: 0.274 ms
 Execution Time: 0.036 ms
(7 rows)


========================================
Epoch=7 Run=1 Phase=run Time=Mon Mar 23 16:13:48 UTC 2026
DB=ycsb
Key=user1000385178204227360
----------------------------------------
                                                         QUERY PLAN                                                         
----------------------------------------------------------------------------------------------------------------------------
 Index Scan using usertable_pkey on usertable  (cost=0.29..8.30 rows=1 width=203) (actual time=0.013..0.014 rows=1 loops=1)
   Index Cond: (ycsb_key = 'user1000385178204227360'::text)
   Buffers: shared hit=2 read=1
 Planning:
   Buffers: shared hit=122 read=3
 Planning Time: 0.298 ms
 Execution Time: 0.040 ms
(7 rows)


========================================
Epoch=7 Run=2 Phase=run Time=Mon Mar 23 16:20:01 UTC 2026
DB=ycsb
Key=user1000385178204227360
----------------------------------------
                                                         QUERY PLAN                                                         
----------------------------------------------------------------------------------------------------------------------------
 Index Scan using usertable_pkey on usertable  (cost=0.29..8.30 rows=1 width=203) (actual time=0.012..0.013 rows=1 loops=1)
   Index Cond: (ycsb_key = 'user1000385178204227360'::text)
   Buffers: shared hit=2 read=1
 Planning:
   Buffers: shared hit=122 read=3
 Planning Time: 0.311 ms
 Execution Time: 0.039 ms
(7 rows)


========================================
Epoch=7 Run=3 Phase=run Time=Mon Mar 23 16:26:12 UTC 2026
DB=ycsb
Key=user1000385178204227360
----------------------------------------
                                                         QUERY PLAN                                                         
----------------------------------------------------------------------------------------------------------------------------
 Index Scan using usertable_pkey on usertable  (cost=0.29..8.30 rows=1 width=203) (actual time=0.015..0.015 rows=1 loops=1)
   Index Cond: (ycsb_key = 'user1000385178204227360'::text)
   Buffers: shared hit=2 read=1
 Planning:
   Buffers: shared hit=122 read=3
 Planning Time: 0.330 ms
 Execution Time: 0.044 ms
(7 rows)


========================================
Epoch=7 Run=4 Phase=run Time=Mon Mar 23 16:32:28 UTC 2026
DB=ycsb
Key=user1000385178204227360
----------------------------------------
                                                         QUERY PLAN                                                         
----------------------------------------------------------------------------------------------------------------------------
 Index Scan using usertable_pkey on usertable  (cost=0.29..8.30 rows=1 width=203) (actual time=0.015..0.015 rows=1 loops=1)
   Index Cond: (ycsb_key = 'user1000385178204227360'::text)
   Buffers: shared hit=2 read=1
 Planning:
   Buffers: shared hit=122 read=3
 Planning Time: 0.343 ms
 Execution Time: 0.048 ms
(7 rows)


========================================
Epoch=7 Run=5 Phase=run Time=Mon Mar 23 16:38:49 UTC 2026
DB=ycsb
Key=user1000385178204227360
----------------------------------------
                                                         QUERY PLAN                                                         
----------------------------------------------------------------------------------------------------------------------------
 Index Scan using usertable_pkey on usertable  (cost=0.29..8.30 rows=1 width=203) (actual time=0.014..0.015 rows=1 loops=1)
   Index Cond: (ycsb_key = 'user1000385178204227360'::text)
   Buffers: shared hit=2 read=1
 Planning:
   Buffers: shared hit=122 read=3
 Planning Time: 0.327 ms
 Execution Time: 0.045 ms
(7 rows)


========================================
Epoch=7 Run=6 Phase=run Time=Mon Mar 23 16:45:14 UTC 2026
DB=ycsb
Key=user1000385178204227360
----------------------------------------
                                                         QUERY PLAN                                                         
----------------------------------------------------------------------------------------------------------------------------
 Index Scan using usertable_pkey on usertable  (cost=0.29..8.30 rows=1 width=203) (actual time=0.015..0.016 rows=1 loops=1)
   Index Cond: (ycsb_key = 'user1000385178204227360'::text)
   Buffers: shared hit=2 read=1
 Planning:
   Buffers: shared hit=122 read=3
 Planning Time: 0.342 ms
 Execution Time: 0.047 ms
(7 rows)


========================================
Epoch=7 Run=7 Phase=run Time=Mon Mar 23 16:51:52 UTC 2026
DB=ycsb
Key=user1000385178204227360
----------------------------------------
                                                         QUERY PLAN                                                         
----------------------------------------------------------------------------------------------------------------------------
 Index Scan using usertable_pkey on usertable  (cost=0.29..8.30 rows=1 width=203) (actual time=0.014..0.014 rows=1 loops=1)
   Index Cond: (ycsb_key = 'user1000385178204227360'::text)
   Buffers: shared hit=2 read=1
 Planning:
   Buffers: shared hit=122 read=3
 Planning Time: 0.313 ms
 Execution Time: 0.044 ms
(7 rows)


========================================
Epoch=7 Run=8 Phase=run Time=Mon Mar 23 16:58:28 UTC 2026
DB=ycsb
Key=user1000385178204227360
----------------------------------------
                                                         QUERY PLAN                                                         
----------------------------------------------------------------------------------------------------------------------------
 Index Scan using usertable_pkey on usertable  (cost=0.29..8.30 rows=1 width=203) (actual time=0.014..0.015 rows=1 loops=1)
   Index Cond: (ycsb_key = 'user1000385178204227360'::text)
   Buffers: shared hit=2 read=1
 Planning:
   Buffers: shared hit=122 read=3
 Planning Time: 0.338 ms
 Execution Time: 0.045 ms
(7 rows)


========================================
Epoch=7 Run=9 Phase=run Time=Mon Mar 23 17:04:56 UTC 2026
DB=ycsb
Key=user1000385178204227360
----------------------------------------
                                                         QUERY PLAN                                                         
----------------------------------------------------------------------------------------------------------------------------
 Index Scan using usertable_pkey on usertable  (cost=0.29..8.30 rows=1 width=203) (actual time=0.014..0.014 rows=1 loops=1)
   Index Cond: (ycsb_key = 'user1000385178204227360'::text)
   Buffers: shared hit=2 read=1
 Planning:
   Buffers: shared hit=122 read=3
 Planning Time: 0.315 ms
 Execution Time: 0.044 ms
(7 rows)


========================================
Epoch=7 Run=10 Phase=run Time=Mon Mar 23 17:11:49 UTC 2026
DB=ycsb
Key=user1000385178204227360
----------------------------------------
                                                         QUERY PLAN                                                         
----------------------------------------------------------------------------------------------------------------------------
 Index Scan using usertable_pkey on usertable  (cost=0.29..8.30 rows=1 width=203) (actual time=0.013..0.013 rows=1 loops=1)
   Index Cond: (ycsb_key = 'user1000385178204227360'::text)
   Buffers: shared hit=2 read=1
 Planning:
   Buffers: shared hit=122 read=3
 Planning Time: 0.348 ms
 Execution Time: 0.043 ms
(7 rows)


========================================
Epoch=8 Run=1 Phase=run Time=Mon Mar 23 17:18:34 UTC 2026
DB=ycsb
Key=user1000385178204227360
----------------------------------------
                                                         QUERY PLAN                                                         
----------------------------------------------------------------------------------------------------------------------------
 Index Scan using usertable_pkey on usertable  (cost=0.29..8.30 rows=1 width=203) (actual time=0.015..0.015 rows=1 loops=1)
   Index Cond: (ycsb_key = 'user1000385178204227360'::text)
   Buffers: shared hit=2 read=1
 Planning:
   Buffers: shared hit=122 read=3
 Planning Time: 0.267 ms
 Execution Time: 0.041 ms
(7 rows)


========================================
Epoch=8 Run=2 Phase=run Time=Mon Mar 23 17:25:17 UTC 2026
DB=ycsb
Key=user1000385178204227360
----------------------------------------
                                                         QUERY PLAN                                                         
----------------------------------------------------------------------------------------------------------------------------
 Index Scan using usertable_pkey on usertable  (cost=0.29..8.30 rows=1 width=203) (actual time=0.015..0.015 rows=1 loops=1)
   Index Cond: (ycsb_key = 'user1000385178204227360'::text)
   Buffers: shared hit=2 read=1
 Planning:
   Buffers: shared hit=122 read=3
 Planning Time: 0.324 ms
 Execution Time: 0.047 ms
(7 rows)


========================================
Epoch=8 Run=3 Phase=run Time=Mon Mar 23 17:32:20 UTC 2026
DB=ycsb
Key=user1000385178204227360
----------------------------------------
                                                         QUERY PLAN                                                         
----------------------------------------------------------------------------------------------------------------------------
 Index Scan using usertable_pkey on usertable  (cost=0.29..8.30 rows=1 width=203) (actual time=0.014..0.015 rows=1 loops=1)
   Index Cond: (ycsb_key = 'user1000385178204227360'::text)
   Buffers: shared hit=2 read=1
 Planning:
   Buffers: shared hit=122 read=3
 Planning Time: 0.328 ms
 Execution Time: 0.045 ms
(7 rows)


========================================
Epoch=8 Run=4 Phase=run Time=Mon Mar 23 17:39:08 UTC 2026
DB=ycsb
Key=user1000385178204227360
----------------------------------------
                                                         QUERY PLAN                                                         
----------------------------------------------------------------------------------------------------------------------------
 Index Scan using usertable_pkey on usertable  (cost=0.29..8.30 rows=1 width=203) (actual time=0.011..0.012 rows=1 loops=1)
   Index Cond: (ycsb_key = 'user1000385178204227360'::text)
   Buffers: shared hit=2 read=1
 Planning:
   Buffers: shared hit=122 read=3
 Planning Time: 0.293 ms
 Execution Time: 0.038 ms
(7 rows)


========================================
Epoch=8 Run=5 Phase=run Time=Mon Mar 23 17:46:05 UTC 2026
DB=ycsb
Key=user1000385178204227360
----------------------------------------
                                                         QUERY PLAN                                                         
----------------------------------------------------------------------------------------------------------------------------
 Index Scan using usertable_pkey on usertable  (cost=0.29..8.30 rows=1 width=203) (actual time=0.013..0.014 rows=1 loops=1)
   Index Cond: (ycsb_key = 'user1000385178204227360'::text)
   Buffers: shared hit=2 read=1
 Planning:
   Buffers: shared hit=122 read=3
 Planning Time: 0.280 ms
 Execution Time: 0.040 ms
(7 rows)


========================================
Epoch=8 Run=6 Phase=run Time=Mon Mar 23 17:53:16 UTC 2026
DB=ycsb
Key=user1000385178204227360
----------------------------------------
                                                         QUERY PLAN                                                         
----------------------------------------------------------------------------------------------------------------------------
 Index Scan using usertable_pkey on usertable  (cost=0.29..8.30 rows=1 width=203) (actual time=0.017..0.017 rows=1 loops=1)
   Index Cond: (ycsb_key = 'user1000385178204227360'::text)
   Buffers: shared hit=2 read=1
 Planning:
   Buffers: shared hit=122 read=3
 Planning Time: 0.313 ms
 Execution Time: 0.049 ms
(7 rows)


========================================
Epoch=8 Run=7 Phase=run Time=Mon Mar 23 18:00:29 UTC 2026
DB=ycsb
Key=user1000385178204227360
----------------------------------------
                                                         QUERY PLAN                                                         
----------------------------------------------------------------------------------------------------------------------------
 Index Scan using usertable_pkey on usertable  (cost=0.29..8.30 rows=1 width=203) (actual time=0.015..0.015 rows=1 loops=1)
   Index Cond: (ycsb_key = 'user1000385178204227360'::text)
   Buffers: shared hit=2 read=1
 Planning:
   Buffers: shared hit=122 read=3
 Planning Time: 0.306 ms
 Execution Time: 0.047 ms
(7 rows)


========================================
Epoch=8 Run=8 Phase=run Time=Mon Mar 23 18:07:43 UTC 2026
DB=ycsb
Key=user1000385178204227360
----------------------------------------
                                                         QUERY PLAN                                                         
----------------------------------------------------------------------------------------------------------------------------
 Index Scan using usertable_pkey on usertable  (cost=0.29..8.30 rows=1 width=203) (actual time=0.017..0.018 rows=1 loops=1)
   Index Cond: (ycsb_key = 'user1000385178204227360'::text)
   Buffers: shared hit=2 read=1
 Planning:
   Buffers: shared hit=122 read=3
 Planning Time: 0.333 ms
 Execution Time: 0.046 ms
(7 rows)


========================================
Epoch=8 Run=9 Phase=run Time=Mon Mar 23 18:15:06 UTC 2026
DB=ycsb
Key=user1000385178204227360
----------------------------------------
                                                         QUERY PLAN                                                         
----------------------------------------------------------------------------------------------------------------------------
 Index Scan using usertable_pkey on usertable  (cost=0.29..8.30 rows=1 width=203) (actual time=0.012..0.013 rows=1 loops=1)
   Index Cond: (ycsb_key = 'user1000385178204227360'::text)
   Buffers: shared hit=2 read=1
 Planning:
   Buffers: shared hit=122 read=3
 Planning Time: 0.327 ms
 Execution Time: 0.039 ms
(7 rows)


========================================
Epoch=8 Run=10 Phase=run Time=Mon Mar 23 18:22:29 UTC 2026
DB=ycsb
Key=user1000385178204227360
----------------------------------------
                                                         QUERY PLAN                                                         
----------------------------------------------------------------------------------------------------------------------------
 Index Scan using usertable_pkey on usertable  (cost=0.29..8.30 rows=1 width=203) (actual time=0.014..0.015 rows=1 loops=1)
   Index Cond: (ycsb_key = 'user1000385178204227360'::text)
   Buffers: shared hit=2 read=1
 Planning:
   Buffers: shared hit=122 read=3
 Planning Time: 0.353 ms
 Execution Time: 0.047 ms
(7 rows)


========================================
Epoch=9 Run=1 Phase=run Time=Mon Mar 23 18:29:57 UTC 2026
DB=ycsb
Key=user1000385178204227360
----------------------------------------
                                                         QUERY PLAN                                                         
----------------------------------------------------------------------------------------------------------------------------
 Index Scan using usertable_pkey on usertable  (cost=0.29..8.30 rows=1 width=203) (actual time=0.013..0.014 rows=1 loops=1)
   Index Cond: (ycsb_key = 'user1000385178204227360'::text)
   Buffers: shared hit=2 read=1
 Planning:
   Buffers: shared hit=122 read=3
 Planning Time: 0.345 ms
 Execution Time: 0.047 ms
(7 rows)


========================================
Epoch=9 Run=2 Phase=run Time=Mon Mar 23 18:37:17 UTC 2026
DB=ycsb
Key=user1000385178204227360
----------------------------------------
                                                         QUERY PLAN                                                         
----------------------------------------------------------------------------------------------------------------------------
 Index Scan using usertable_pkey on usertable  (cost=0.29..8.30 rows=1 width=203) (actual time=0.013..0.014 rows=1 loops=1)
   Index Cond: (ycsb_key = 'user1000385178204227360'::text)
   Buffers: shared hit=2 read=1
 Planning:
   Buffers: shared hit=122 read=3
 Planning Time: 0.330 ms
 Execution Time: 0.042 ms
(7 rows)


========================================
Epoch=9 Run=3 Phase=run Time=Mon Mar 23 18:44:45 UTC 2026
DB=ycsb
Key=user1000385178204227360
----------------------------------------
                                                         QUERY PLAN                                                         
----------------------------------------------------------------------------------------------------------------------------
 Index Scan using usertable_pkey on usertable  (cost=0.29..8.30 rows=1 width=203) (actual time=0.013..0.013 rows=1 loops=1)
   Index Cond: (ycsb_key = 'user1000385178204227360'::text)
   Buffers: shared hit=2 read=1
 Planning:
   Buffers: shared hit=122 read=3
 Planning Time: 0.288 ms
 Execution Time: 0.041 ms
(7 rows)


========================================
Epoch=9 Run=4 Phase=run Time=Mon Mar 23 18:52:16 UTC 2026
DB=ycsb
Key=user1000385178204227360
----------------------------------------
                                                         QUERY PLAN                                                         
----------------------------------------------------------------------------------------------------------------------------
 Index Scan using usertable_pkey on usertable  (cost=0.29..8.30 rows=1 width=203) (actual time=0.014..0.015 rows=1 loops=1)
   Index Cond: (ycsb_key = 'user1000385178204227360'::text)
   Buffers: shared hit=2 read=1
 Planning:
   Buffers: shared hit=122 read=3
 Planning Time: 0.294 ms
 Execution Time: 0.040 ms
(7 rows)


========================================
Epoch=9 Run=5 Phase=run Time=Mon Mar 23 18:59:39 UTC 2026
DB=ycsb
Key=user1000385178204227360
----------------------------------------
                                                         QUERY PLAN                                                         
----------------------------------------------------------------------------------------------------------------------------
 Index Scan using usertable_pkey on usertable  (cost=0.29..8.30 rows=1 width=203) (actual time=0.017..0.018 rows=1 loops=1)
   Index Cond: (ycsb_key = 'user1000385178204227360'::text)
   Buffers: shared hit=2 read=1
 Planning:
   Buffers: shared hit=122 read=3
 Planning Time: 0.330 ms
 Execution Time: 0.046 ms
(7 rows)


========================================
Epoch=9 Run=6 Phase=run Time=Mon Mar 23 19:06:51 UTC 2026
DB=ycsb
Key=user1000385178204227360
----------------------------------------
                                                         QUERY PLAN                                                         
----------------------------------------------------------------------------------------------------------------------------
 Index Scan using usertable_pkey on usertable  (cost=0.29..8.30 rows=1 width=203) (actual time=0.013..0.014 rows=1 loops=1)
   Index Cond: (ycsb_key = 'user1000385178204227360'::text)
   Buffers: shared hit=2 read=1
 Planning:
   Buffers: shared hit=122 read=3
 Planning Time: 0.322 ms
 Execution Time: 0.046 ms
(7 rows)


========================================
Epoch=9 Run=7 Phase=run Time=Mon Mar 23 19:14:35 UTC 2026
DB=ycsb
Key=user1000385178204227360
----------------------------------------
                                                         QUERY PLAN                                                         
----------------------------------------------------------------------------------------------------------------------------
 Index Scan using usertable_pkey on usertable  (cost=0.29..8.30 rows=1 width=203) (actual time=0.013..0.014 rows=1 loops=1)
   Index Cond: (ycsb_key = 'user1000385178204227360'::text)
   Buffers: shared hit=2 read=1
 Planning:
   Buffers: shared hit=122 read=3
 Planning Time: 0.280 ms
 Execution Time: 0.039 ms
(7 rows)


========================================
Epoch=9 Run=8 Phase=run Time=Mon Mar 23 19:22:07 UTC 2026
DB=ycsb
Key=user1000385178204227360
----------------------------------------
                                                         QUERY PLAN                                                         
----------------------------------------------------------------------------------------------------------------------------
 Index Scan using usertable_pkey on usertable  (cost=0.29..8.30 rows=1 width=203) (actual time=0.015..0.015 rows=1 loops=1)
   Index Cond: (ycsb_key = 'user1000385178204227360'::text)
   Buffers: shared hit=2 read=1
 Planning:
   Buffers: shared hit=122 read=3
 Planning Time: 0.344 ms
 Execution Time: 0.045 ms
(7 rows)


========================================
Epoch=9 Run=9 Phase=run Time=Mon Mar 23 19:29:54 UTC 2026
DB=ycsb
Key=user1000385178204227360
----------------------------------------
                                                         QUERY PLAN                                                         
----------------------------------------------------------------------------------------------------------------------------
 Index Scan using usertable_pkey on usertable  (cost=0.29..8.30 rows=1 width=203) (actual time=0.015..0.015 rows=1 loops=1)
   Index Cond: (ycsb_key = 'user1000385178204227360'::text)
   Buffers: shared hit=2 read=1
 Planning:
   Buffers: shared hit=122 read=3
 Planning Time: 0.289 ms
 Execution Time: 0.043 ms
(7 rows)


========================================
Epoch=9 Run=10 Phase=run Time=Mon Mar 23 19:37:45 UTC 2026
DB=ycsb
Key=user1000385178204227360
----------------------------------------
                                                         QUERY PLAN                                                         
----------------------------------------------------------------------------------------------------------------------------
 Index Scan using usertable_pkey on usertable  (cost=0.29..8.30 rows=1 width=203) (actual time=0.012..0.012 rows=1 loops=1)
   Index Cond: (ycsb_key = 'user1000385178204227360'::text)
   Buffers: shared hit=2 read=1
 Planning:
   Buffers: shared hit=122 read=3
 Planning Time: 0.295 ms
 Execution Time: 0.043 ms
(7 rows)


========================================
Epoch=10 Run=1 Phase=run Time=Mon Mar 23 19:45:36 UTC 2026
DB=ycsb
Key=user1000385178204227360
----------------------------------------
                                                         QUERY PLAN                                                         
----------------------------------------------------------------------------------------------------------------------------
 Index Scan using usertable_pkey on usertable  (cost=0.29..8.30 rows=1 width=203) (actual time=0.013..0.013 rows=1 loops=1)
   Index Cond: (ycsb_key = 'user1000385178204227360'::text)
   Buffers: shared hit=2 read=1
 Planning:
   Buffers: shared hit=122 read=3
 Planning Time: 0.303 ms
 Execution Time: 0.041 ms
(7 rows)


========================================
Epoch=10 Run=2 Phase=run Time=Mon Mar 23 19:53:30 UTC 2026
DB=ycsb
Key=user1000385178204227360
----------------------------------------
                                                         QUERY PLAN                                                         
----------------------------------------------------------------------------------------------------------------------------
 Index Scan using usertable_pkey on usertable  (cost=0.29..8.30 rows=1 width=203) (actual time=0.014..0.014 rows=1 loops=1)
   Index Cond: (ycsb_key = 'user1000385178204227360'::text)
   Buffers: shared hit=2 read=1
 Planning:
   Buffers: shared hit=122 read=3
 Planning Time: 0.360 ms
 Execution Time: 0.050 ms
(7 rows)


========================================
Epoch=10 Run=3 Phase=run Time=Mon Mar 23 20:01:28 UTC 2026
DB=ycsb
Key=user1000385178204227360
----------------------------------------
                                                         QUERY PLAN                                                         
----------------------------------------------------------------------------------------------------------------------------
 Index Scan using usertable_pkey on usertable  (cost=0.29..8.30 rows=1 width=203) (actual time=0.015..0.015 rows=1 loops=1)
   Index Cond: (ycsb_key = 'user1000385178204227360'::text)
   Buffers: shared hit=2 read=1
 Planning:
   Buffers: shared hit=122 read=3
 Planning Time: 0.295 ms
 Execution Time: 0.041 ms
(7 rows)


========================================
Epoch=10 Run=4 Phase=run Time=Mon Mar 23 20:09:27 UTC 2026
DB=ycsb
Key=user1000385178204227360
----------------------------------------
                                                         QUERY PLAN                                                         
----------------------------------------------------------------------------------------------------------------------------
 Index Scan using usertable_pkey on usertable  (cost=0.29..8.30 rows=1 width=203) (actual time=0.015..0.016 rows=1 loops=1)
   Index Cond: (ycsb_key = 'user1000385178204227360'::text)
   Buffers: shared hit=2 read=1
 Planning:
   Buffers: shared hit=122 read=3
 Planning Time: 0.334 ms
 Execution Time: 0.063 ms
(7 rows)


========================================
Epoch=10 Run=5 Phase=run Time=Mon Mar 23 20:17:36 UTC 2026
DB=ycsb
Key=user1000385178204227360
----------------------------------------
                                                         QUERY PLAN                                                         
----------------------------------------------------------------------------------------------------------------------------
 Index Scan using usertable_pkey on usertable  (cost=0.29..8.30 rows=1 width=203) (actual time=0.013..0.014 rows=1 loops=1)
   Index Cond: (ycsb_key = 'user1000385178204227360'::text)
   Buffers: shared hit=2 read=1
 Planning:
   Buffers: shared hit=122 read=3
 Planning Time: 0.346 ms
 Execution Time: 0.046 ms
(7 rows)


========================================
Epoch=10 Run=6 Phase=run Time=Mon Mar 23 20:25:48 UTC 2026
DB=ycsb
Key=user1000385178204227360
----------------------------------------
                                                         QUERY PLAN                                                         
----------------------------------------------------------------------------------------------------------------------------
 Index Scan using usertable_pkey on usertable  (cost=0.29..8.30 rows=1 width=203) (actual time=0.015..0.015 rows=1 loops=1)
   Index Cond: (ycsb_key = 'user1000385178204227360'::text)
   Buffers: shared hit=2 read=1
 Planning:
   Buffers: shared hit=122 read=3
 Planning Time: 0.307 ms
 Execution Time: 0.046 ms
(7 rows)


========================================
Epoch=10 Run=7 Phase=run Time=Mon Mar 23 20:33:57 UTC 2026
DB=ycsb
Key=user1000385178204227360
----------------------------------------
                                                         QUERY PLAN                                                         
----------------------------------------------------------------------------------------------------------------------------
 Index Scan using usertable_pkey on usertable  (cost=0.29..8.30 rows=1 width=203) (actual time=0.014..0.014 rows=1 loops=1)
   Index Cond: (ycsb_key = 'user1000385178204227360'::text)
   Buffers: shared hit=2 read=1
 Planning:
   Buffers: shared hit=122 read=3
 Planning Time: 0.314 ms
 Execution Time: 0.043 ms
(7 rows)


========================================
Epoch=10 Run=8 Phase=run Time=Mon Mar 23 20:42:01 UTC 2026
DB=ycsb
Key=user1000385178204227360
----------------------------------------
                                                         QUERY PLAN                                                         
----------------------------------------------------------------------------------------------------------------------------
 Index Scan using usertable_pkey on usertable  (cost=0.29..8.30 rows=1 width=203) (actual time=0.013..0.014 rows=1 loops=1)
   Index Cond: (ycsb_key = 'user1000385178204227360'::text)
   Buffers: shared hit=2 read=1
 Planning:
   Buffers: shared hit=122 read=3
 Planning Time: 0.300 ms
 Execution Time: 0.042 ms
(7 rows)


========================================
Epoch=10 Run=9 Phase=run Time=Mon Mar 23 20:50:31 UTC 2026
DB=ycsb
Key=user1000385178204227360
----------------------------------------
                                                         QUERY PLAN                                                         
----------------------------------------------------------------------------------------------------------------------------
 Index Scan using usertable_pkey on usertable  (cost=0.29..8.30 rows=1 width=203) (actual time=0.015..0.015 rows=1 loops=1)
   Index Cond: (ycsb_key = 'user1000385178204227360'::text)
   Buffers: shared hit=2 read=1
 Planning:
   Buffers: shared hit=122 read=3
 Planning Time: 0.340 ms
 Execution Time: 0.046 ms
(7 rows)


========================================
Epoch=10 Run=10 Phase=run Time=Mon Mar 23 20:59:15 UTC 2026
DB=ycsb
Key=user1000385178204227360
----------------------------------------
                                                         QUERY PLAN                                                         
----------------------------------------------------------------------------------------------------------------------------
 Index Scan using usertable_pkey on usertable  (cost=0.29..8.30 rows=1 width=203) (actual time=0.011..0.012 rows=1 loops=1)
   Index Cond: (ycsb_key = 'user1000385178204227360'::text)
   Buffers: shared hit=2 read=1
 Planning:
   Buffers: shared hit=122 read=3
 Planning Time: 0.284 ms
 Execution Time: 0.040 ms
(7 rows)


