========================================
Epoch=1 Run=1 Phase=run Time=Sat Mar 28 01:47:33 UTC 2026
DB=ycsb
Key=user1000385178204227360
----------------------------------------
                                                         QUERY PLAN                                                          
-----------------------------------------------------------------------------------------------------------------------------
 Index Scan using usertable_pkey on usertable  (cost=0.28..8.29 rows=1 width=1810) (actual time=0.011..0.012 rows=1 loops=1)
   Index Cond: (ycsb_key = 'user1000385178204227360'::text)
   Buffers: shared hit=3
 Planning:
   Buffers: shared hit=171
 Planning Time: 0.510 ms
 Execution Time: 0.033 ms
(7 rows)


========================================
Epoch=1 Run=2 Phase=run Time=Sat Mar 28 01:48:09 UTC 2026
DB=ycsb
Key=user1000385178204227360
----------------------------------------
                                                         QUERY PLAN                                                          
-----------------------------------------------------------------------------------------------------------------------------
 Index Scan using usertable_pkey on usertable  (cost=0.28..8.29 rows=1 width=1802) (actual time=0.016..0.017 rows=1 loops=1)
   Index Cond: (ycsb_key = 'user1000385178204227360'::text)
   Buffers: shared hit=3
 Planning:
   Buffers: shared hit=181
 Planning Time: 0.675 ms
 Execution Time: 0.047 ms
(7 rows)


========================================
Epoch=1 Run=3 Phase=run Time=Sat Mar 28 01:48:47 UTC 2026
DB=ycsb
Key=user1000385178204227360
----------------------------------------
                                                         QUERY PLAN                                                          
-----------------------------------------------------------------------------------------------------------------------------
 Index Scan using usertable_pkey on usertable  (cost=0.28..8.29 rows=1 width=1732) (actual time=0.011..0.012 rows=1 loops=1)
   Index Cond: (ycsb_key = 'user1000385178204227360'::text)
   Buffers: shared hit=3
 Planning:
   Buffers: shared hit=198
 Planning Time: 0.715 ms
 Execution Time: 0.036 ms
(7 rows)


========================================
Epoch=1 Run=4 Phase=run Time=Sat Mar 28 01:49:28 UTC 2026
DB=ycsb
Key=user1000385178204227360
----------------------------------------
                                                         QUERY PLAN                                                          
-----------------------------------------------------------------------------------------------------------------------------
 Index Scan using usertable_pkey on usertable  (cost=0.28..8.29 rows=1 width=1690) (actual time=0.012..0.012 rows=1 loops=1)
   Index Cond: (ycsb_key = 'user1000385178204227360'::text)
   Buffers: shared hit=3
 Planning:
   Buffers: shared hit=218
 Planning Time: 0.750 ms
 Execution Time: 0.038 ms
(7 rows)


========================================
Epoch=1 Run=5 Phase=run Time=Sat Mar 28 01:50:10 UTC 2026
DB=ycsb
Key=user1000385178204227360
----------------------------------------
                                                         QUERY PLAN                                                          
-----------------------------------------------------------------------------------------------------------------------------
 Index Scan using usertable_pkey on usertable  (cost=0.28..8.29 rows=1 width=1671) (actual time=0.013..0.014 rows=1 loops=1)
   Index Cond: (ycsb_key = 'user1000385178204227360'::text)
   Buffers: shared hit=3
 Planning:
   Buffers: shared hit=231
 Planning Time: 0.920 ms
 Execution Time: 0.044 ms
(7 rows)


========================================
Epoch=1 Run=6 Phase=run Time=Sat Mar 28 01:50:55 UTC 2026
DB=ycsb
Key=user1000385178204227360
----------------------------------------
                                                         QUERY PLAN                                                          
-----------------------------------------------------------------------------------------------------------------------------
 Index Scan using usertable_pkey on usertable  (cost=0.28..8.29 rows=1 width=1649) (actual time=0.011..0.011 rows=1 loops=1)
   Index Cond: (ycsb_key = 'user1000385178204227360'::text)
   Buffers: shared hit=3
 Planning:
   Buffers: shared hit=242
 Planning Time: 0.837 ms
 Execution Time: 0.036 ms
(7 rows)


========================================
Epoch=1 Run=7 Phase=run Time=Sat Mar 28 01:51:40 UTC 2026
DB=ycsb
Key=user1000385178204227360
----------------------------------------
                                                         QUERY PLAN                                                          
-----------------------------------------------------------------------------------------------------------------------------
 Index Scan using usertable_pkey on usertable  (cost=0.28..8.29 rows=1 width=1628) (actual time=0.015..0.015 rows=1 loops=1)
   Index Cond: (ycsb_key = 'user1000385178204227360'::text)
   Buffers: shared hit=3
 Planning:
   Buffers: shared hit=244
 Planning Time: 0.959 ms
 Execution Time: 0.042 ms
(7 rows)


========================================
Epoch=1 Run=8 Phase=run Time=Sat Mar 28 01:52:27 UTC 2026
DB=ycsb
Key=user1000385178204227360
----------------------------------------
                                                         QUERY PLAN                                                          
-----------------------------------------------------------------------------------------------------------------------------
 Index Scan using usertable_pkey on usertable  (cost=0.28..8.29 rows=1 width=1582) (actual time=0.013..0.013 rows=1 loops=1)
   Index Cond: (ycsb_key = 'user1000385178204227360'::text)
   Buffers: shared hit=3
 Planning:
   Buffers: shared hit=246
 Planning Time: 0.888 ms
 Execution Time: 0.039 ms
(7 rows)


========================================
Epoch=1 Run=9 Phase=run Time=Sat Mar 28 01:53:14 UTC 2026
DB=ycsb
Key=user1000385178204227360
----------------------------------------
                                                         QUERY PLAN                                                          
-----------------------------------------------------------------------------------------------------------------------------
 Index Scan using usertable_pkey on usertable  (cost=0.28..8.29 rows=1 width=1574) (actual time=0.011..0.012 rows=1 loops=1)
   Index Cond: (ycsb_key = 'user1000385178204227360'::text)
   Buffers: shared hit=3
 Planning:
   Buffers: shared hit=254
 Planning Time: 0.932 ms
 Execution Time: 0.037 ms
(7 rows)


========================================
Epoch=1 Run=10 Phase=run Time=Sat Mar 28 01:54:04 UTC 2026
DB=ycsb
Key=user1000385178204227360
----------------------------------------
                                                         QUERY PLAN                                                          
-----------------------------------------------------------------------------------------------------------------------------
 Index Scan using usertable_pkey on usertable  (cost=0.28..8.29 rows=1 width=1555) (actual time=0.012..0.013 rows=1 loops=1)
   Index Cond: (ycsb_key = 'user1000385178204227360'::text)
   Buffers: shared hit=3
 Planning:
   Buffers: shared hit=256
 Planning Time: 0.972 ms
 Execution Time: 0.039 ms
(7 rows)


========================================
Epoch=2 Run=1 Phase=run Time=Sat Mar 28 01:54:54 UTC 2026
DB=ycsb
Key=user1000385178204227360
----------------------------------------
                                                         QUERY PLAN                                                          
-----------------------------------------------------------------------------------------------------------------------------
 Index Scan using usertable_pkey on usertable  (cost=0.28..8.29 rows=1 width=1497) (actual time=0.011..0.011 rows=1 loops=1)
   Index Cond: (ycsb_key = 'user1000385178204227360'::text)
   Buffers: shared hit=3
 Planning:
   Buffers: shared hit=260
 Planning Time: 1.089 ms
 Execution Time: 0.036 ms
(7 rows)


========================================
Epoch=2 Run=2 Phase=run Time=Sat Mar 28 01:55:47 UTC 2026
DB=ycsb
Key=user1000385178204227360
----------------------------------------
                                                         QUERY PLAN                                                          
-----------------------------------------------------------------------------------------------------------------------------
 Index Scan using usertable_pkey on usertable  (cost=0.28..8.29 rows=1 width=1430) (actual time=0.013..0.013 rows=1 loops=1)
   Index Cond: (ycsb_key = 'user1000385178204227360'::text)
   Buffers: shared hit=3
 Planning:
   Buffers: shared hit=258
 Planning Time: 1.022 ms
 Execution Time: 0.041 ms
(7 rows)


========================================
Epoch=2 Run=3 Phase=run Time=Sat Mar 28 01:56:41 UTC 2026
DB=ycsb
Key=user1000385178204227360
----------------------------------------
                                                         QUERY PLAN                                                          
-----------------------------------------------------------------------------------------------------------------------------
 Index Scan using usertable_pkey on usertable  (cost=0.28..8.29 rows=1 width=1346) (actual time=0.012..0.013 rows=1 loops=1)
   Index Cond: (ycsb_key = 'user1000385178204227360'::text)
   Buffers: shared hit=3
 Planning:
   Buffers: shared hit=255
 Planning Time: 1.112 ms
 Execution Time: 0.043 ms
(7 rows)


========================================
Epoch=2 Run=4 Phase=run Time=Sat Mar 28 01:57:37 UTC 2026
DB=ycsb
Key=user1000385178204227360
----------------------------------------
                                                         QUERY PLAN                                                          
-----------------------------------------------------------------------------------------------------------------------------
 Index Scan using usertable_pkey on usertable  (cost=0.28..8.29 rows=1 width=1333) (actual time=0.010..0.011 rows=1 loops=1)
   Index Cond: (ycsb_key = 'user1000385178204227360'::text)
   Buffers: shared hit=3
 Planning:
   Buffers: shared hit=225
 Planning Time: 0.765 ms
 Execution Time: 0.033 ms
(7 rows)


========================================
Epoch=2 Run=5 Phase=run Time=Sat Mar 28 01:58:33 UTC 2026
DB=ycsb
Key=user1000385178204227360
----------------------------------------
                                                         QUERY PLAN                                                          
-----------------------------------------------------------------------------------------------------------------------------
 Index Scan using usertable_pkey on usertable  (cost=0.28..8.29 rows=1 width=1356) (actual time=0.012..0.012 rows=1 loops=1)
   Index Cond: (ycsb_key = 'user1000385178204227360'::text)
   Buffers: shared hit=3
 Planning:
   Buffers: shared hit=197
 Planning Time: 0.579 ms
 Execution Time: 0.034 ms
(7 rows)


========================================
Epoch=2 Run=6 Phase=run Time=Sat Mar 28 01:59:34 UTC 2026
DB=ycsb
Key=user1000385178204227360
----------------------------------------
                                                         QUERY PLAN                                                          
-----------------------------------------------------------------------------------------------------------------------------
 Index Scan using usertable_pkey on usertable  (cost=0.28..8.29 rows=1 width=1401) (actual time=0.013..0.013 rows=1 loops=1)
   Index Cond: (ycsb_key = 'user1000385178204227360'::text)
   Buffers: shared hit=3
 Planning:
   Buffers: shared hit=180
 Planning Time: 0.497 ms
 Execution Time: 0.038 ms
(7 rows)


========================================
Epoch=2 Run=7 Phase=run Time=Sat Mar 28 02:00:36 UTC 2026
DB=ycsb
Key=user1000385178204227360
----------------------------------------
                                                         QUERY PLAN                                                          
-----------------------------------------------------------------------------------------------------------------------------
 Index Scan using usertable_pkey on usertable  (cost=0.28..8.29 rows=1 width=1457) (actual time=0.011..0.011 rows=1 loops=1)
   Index Cond: (ycsb_key = 'user1000385178204227360'::text)
   Buffers: shared hit=3
 Planning:
   Buffers: shared hit=168
 Planning Time: 0.410 ms
 Execution Time: 0.034 ms
(7 rows)


========================================
Epoch=2 Run=8 Phase=run Time=Sat Mar 28 02:01:38 UTC 2026
DB=ycsb
Key=user1000385178204227360
----------------------------------------
                                                         QUERY PLAN                                                          
-----------------------------------------------------------------------------------------------------------------------------
 Index Scan using usertable_pkey on usertable  (cost=0.28..8.29 rows=1 width=1511) (actual time=0.011..0.011 rows=1 loops=1)
   Index Cond: (ycsb_key = 'user1000385178204227360'::text)
   Buffers: shared hit=3
 Planning:
   Buffers: shared hit=160
 Planning Time: 0.380 ms
 Execution Time: 0.040 ms
(7 rows)


========================================
Epoch=2 Run=9 Phase=run Time=Sat Mar 28 02:02:44 UTC 2026
DB=ycsb
Key=user1000385178204227360
----------------------------------------
                                                         QUERY PLAN                                                          
-----------------------------------------------------------------------------------------------------------------------------
 Index Scan using usertable_pkey on usertable  (cost=0.28..8.29 rows=1 width=1515) (actual time=0.012..0.012 rows=1 loops=1)
   Index Cond: (ycsb_key = 'user1000385178204227360'::text)
   Buffers: shared hit=3
 Planning:
   Buffers: shared hit=158
 Planning Time: 0.359 ms
 Execution Time: 0.037 ms
(7 rows)


========================================
Epoch=2 Run=10 Phase=run Time=Sat Mar 28 02:03:54 UTC 2026
DB=ycsb
Key=user1000385178204227360
----------------------------------------
                                                         QUERY PLAN                                                          
-----------------------------------------------------------------------------------------------------------------------------
 Index Scan using usertable_pkey on usertable  (cost=0.28..8.29 rows=1 width=1470) (actual time=0.012..0.012 rows=1 loops=1)
   Index Cond: (ycsb_key = 'user1000385178204227360'::text)
   Buffers: shared hit=3
 Planning:
   Buffers: shared hit=149
 Planning Time: 0.388 ms
 Execution Time: 0.035 ms
(7 rows)


========================================
Epoch=3 Run=1 Phase=run Time=Sat Mar 28 02:05:04 UTC 2026
DB=ycsb
Key=user1000385178204227360
----------------------------------------
                                                         QUERY PLAN                                                          
-----------------------------------------------------------------------------------------------------------------------------
 Index Scan using usertable_pkey on usertable  (cost=0.28..8.29 rows=1 width=1355) (actual time=0.015..0.015 rows=1 loops=1)
   Index Cond: (ycsb_key = 'user1000385178204227360'::text)
   Buffers: shared hit=3
 Planning:
   Buffers: shared hit=141
 Planning Time: 0.364 ms
 Execution Time: 0.042 ms
(7 rows)


========================================
Epoch=3 Run=2 Phase=run Time=Sat Mar 28 02:06:18 UTC 2026
DB=ycsb
Key=user1000385178204227360
----------------------------------------
                                                         QUERY PLAN                                                          
-----------------------------------------------------------------------------------------------------------------------------
 Index Scan using usertable_pkey on usertable  (cost=0.28..8.29 rows=1 width=1223) (actual time=0.014..0.014 rows=1 loops=1)
   Index Cond: (ycsb_key = 'user1000385178204227360'::text)
   Buffers: shared hit=3
 Planning:
   Buffers: shared hit=131
 Planning Time: 0.345 ms
 Execution Time: 0.044 ms
(7 rows)


========================================
Epoch=3 Run=3 Phase=run Time=Sat Mar 28 02:07:26 UTC 2026
DB=ycsb
Key=user1000385178204227360
----------------------------------------
                                                         QUERY PLAN                                                          
-----------------------------------------------------------------------------------------------------------------------------
 Index Scan using usertable_pkey on usertable  (cost=0.28..8.29 rows=1 width=1053) (actual time=0.010..0.011 rows=1 loops=1)
   Index Cond: (ycsb_key = 'user1000385178204227360'::text)
   Buffers: shared hit=3
 Planning:
   Buffers: shared hit=128
 Planning Time: 0.326 ms
 Execution Time: 0.038 ms
(7 rows)


========================================
Epoch=3 Run=4 Phase=run Time=Sat Mar 28 02:08:37 UTC 2026
DB=ycsb
Key=user1000385178204227360
----------------------------------------
                                                         QUERY PLAN                                                         
----------------------------------------------------------------------------------------------------------------------------
 Index Scan using usertable_pkey on usertable  (cost=0.28..8.29 rows=1 width=844) (actual time=0.022..0.022 rows=1 loops=1)
   Index Cond: (ycsb_key = 'user1000385178204227360'::text)
   Buffers: shared hit=3
 Planning:
   Buffers: shared hit=125
 Planning Time: 0.398 ms
 Execution Time: 0.054 ms
(7 rows)


========================================
Epoch=3 Run=5 Phase=run Time=Sat Mar 28 02:09:48 UTC 2026
DB=ycsb
Key=user1000385178204227360
----------------------------------------
                                                         QUERY PLAN                                                         
----------------------------------------------------------------------------------------------------------------------------
 Index Scan using usertable_pkey on usertable  (cost=0.28..8.29 rows=1 width=686) (actual time=0.010..0.011 rows=1 loops=1)
   Index Cond: (ycsb_key = 'user1000385178204227360'::text)
   Buffers: shared hit=3
 Planning:
   Buffers: shared hit=125
 Planning Time: 0.295 ms
 Execution Time: 0.036 ms
(7 rows)


========================================
Epoch=3 Run=6 Phase=run Time=Sat Mar 28 02:11:00 UTC 2026
DB=ycsb
Key=user1000385178204227360
----------------------------------------
                                                         QUERY PLAN                                                         
----------------------------------------------------------------------------------------------------------------------------
 Index Scan using usertable_pkey on usertable  (cost=0.28..8.29 rows=1 width=541) (actual time=0.010..0.011 rows=1 loops=1)
   Index Cond: (ycsb_key = 'user1000385178204227360'::text)
   Buffers: shared hit=3
 Planning:
   Buffers: shared hit=125
 Planning Time: 0.339 ms
 Execution Time: 0.039 ms
(7 rows)


========================================
Epoch=3 Run=7 Phase=run Time=Sat Mar 28 02:12:12 UTC 2026
DB=ycsb
Key=user1000385178204227360
----------------------------------------
                                                         QUERY PLAN                                                         
----------------------------------------------------------------------------------------------------------------------------
 Index Scan using usertable_pkey on usertable  (cost=0.28..8.29 rows=1 width=443) (actual time=0.011..0.011 rows=1 loops=1)
   Index Cond: (ycsb_key = 'user1000385178204227360'::text)
   Buffers: shared hit=3
 Planning:
   Buffers: shared hit=125
 Planning Time: 0.340 ms
 Execution Time: 0.039 ms
(7 rows)


========================================
Epoch=3 Run=8 Phase=run Time=Sat Mar 28 02:13:26 UTC 2026
DB=ycsb
Key=user1000385178204227360
----------------------------------------
                                                         QUERY PLAN                                                         
----------------------------------------------------------------------------------------------------------------------------
 Index Scan using usertable_pkey on usertable  (cost=0.28..8.29 rows=1 width=362) (actual time=0.010..0.010 rows=1 loops=1)
   Index Cond: (ycsb_key = 'user1000385178204227360'::text)
   Buffers: shared hit=3
 Planning:
   Buffers: shared hit=125
 Planning Time: 0.319 ms
 Execution Time: 0.036 ms
(7 rows)


========================================
Epoch=3 Run=9 Phase=run Time=Sat Mar 28 02:14:43 UTC 2026
DB=ycsb
Key=user1000385178204227360
----------------------------------------
                                                         QUERY PLAN                                                         
----------------------------------------------------------------------------------------------------------------------------
 Index Scan using usertable_pkey on usertable  (cost=0.28..8.29 rows=1 width=300) (actual time=0.011..0.012 rows=1 loops=1)
   Index Cond: (ycsb_key = 'user1000385178204227360'::text)
   Buffers: shared hit=3
 Planning:
   Buffers: shared hit=125
 Planning Time: 0.351 ms
 Execution Time: 0.041 ms
(7 rows)


========================================
Epoch=3 Run=10 Phase=run Time=Sat Mar 28 02:16:01 UTC 2026
DB=ycsb
Key=user1000385178204227360
----------------------------------------
                                                         QUERY PLAN                                                         
----------------------------------------------------------------------------------------------------------------------------
 Index Scan using usertable_pkey on usertable  (cost=0.28..8.29 rows=1 width=275) (actual time=0.010..0.010 rows=1 loops=1)
   Index Cond: (ycsb_key = 'user1000385178204227360'::text)
   Buffers: shared hit=3
 Planning:
   Buffers: shared hit=125
 Planning Time: 0.339 ms
 Execution Time: 0.037 ms
(7 rows)


========================================
Epoch=4 Run=1 Phase=run Time=Sat Mar 28 02:17:22 UTC 2026
DB=ycsb
Key=user1000385178204227360
----------------------------------------
                                                         QUERY PLAN                                                         
----------------------------------------------------------------------------------------------------------------------------
 Index Scan using usertable_pkey on usertable  (cost=0.28..8.29 rows=1 width=244) (actual time=0.009..0.010 rows=1 loops=1)
   Index Cond: (ycsb_key = 'user1000385178204227360'::text)
   Buffers: shared hit=3
 Planning:
   Buffers: shared hit=125
 Planning Time: 0.313 ms
 Execution Time: 0.035 ms
(7 rows)


========================================
Epoch=4 Run=2 Phase=run Time=Sat Mar 28 02:18:44 UTC 2026
DB=ycsb
Key=user1000385178204227360
----------------------------------------
                                                         QUERY PLAN                                                         
----------------------------------------------------------------------------------------------------------------------------
 Index Scan using usertable_pkey on usertable  (cost=0.28..8.29 rows=1 width=223) (actual time=0.011..0.011 rows=1 loops=1)
   Index Cond: (ycsb_key = 'user1000385178204227360'::text)
   Buffers: shared hit=3
 Planning:
   Buffers: shared hit=125
 Planning Time: 0.339 ms
 Execution Time: 0.040 ms
(7 rows)


========================================
Epoch=4 Run=3 Phase=run Time=Sat Mar 28 02:20:08 UTC 2026
DB=ycsb
Key=user1000385178204227360
----------------------------------------
                                                         QUERY PLAN                                                         
----------------------------------------------------------------------------------------------------------------------------
 Index Scan using usertable_pkey on usertable  (cost=0.28..8.29 rows=1 width=217) (actual time=0.012..0.012 rows=1 loops=1)
   Index Cond: (ycsb_key = 'user1000385178204227360'::text)
   Buffers: shared hit=3
 Planning:
   Buffers: shared hit=125
 Planning Time: 0.329 ms
 Execution Time: 0.040 ms
(7 rows)


========================================
Epoch=4 Run=4 Phase=run Time=Sat Mar 28 02:21:34 UTC 2026
DB=ycsb
Key=user1000385178204227360
----------------------------------------
                                                         QUERY PLAN                                                         
----------------------------------------------------------------------------------------------------------------------------
 Index Scan using usertable_pkey on usertable  (cost=0.28..8.29 rows=1 width=212) (actual time=0.013..0.014 rows=1 loops=1)
   Index Cond: (ycsb_key = 'user1000385178204227360'::text)
   Buffers: shared hit=3
 Planning:
   Buffers: shared hit=125
 Planning Time: 0.326 ms
 Execution Time: 0.041 ms
(7 rows)


========================================
Epoch=4 Run=5 Phase=run Time=Sat Mar 28 02:23:01 UTC 2026
DB=ycsb
Key=user1000385178204227360
----------------------------------------
                                                         QUERY PLAN                                                         
----------------------------------------------------------------------------------------------------------------------------
 Index Scan using usertable_pkey on usertable  (cost=0.28..8.29 rows=1 width=206) (actual time=0.014..0.014 rows=1 loops=1)
   Index Cond: (ycsb_key = 'user1000385178204227360'::text)
   Buffers: shared hit=3
 Planning:
   Buffers: shared hit=125
 Planning Time: 0.289 ms
 Execution Time: 0.038 ms
(7 rows)


========================================
Epoch=4 Run=6 Phase=run Time=Sat Mar 28 02:24:30 UTC 2026
DB=ycsb
Key=user1000385178204227360
----------------------------------------
                                                         QUERY PLAN                                                         
----------------------------------------------------------------------------------------------------------------------------
 Index Scan using usertable_pkey on usertable  (cost=0.28..8.29 rows=1 width=205) (actual time=0.016..0.016 rows=1 loops=1)
   Index Cond: (ycsb_key = 'user1000385178204227360'::text)
   Buffers: shared hit=3
 Planning:
   Buffers: shared hit=125
 Planning Time: 0.329 ms
 Execution Time: 0.048 ms
(7 rows)


========================================
Epoch=4 Run=7 Phase=run Time=Sat Mar 28 02:26:01 UTC 2026
DB=ycsb
Key=user1000385178204227360
----------------------------------------
                                                         QUERY PLAN                                                         
----------------------------------------------------------------------------------------------------------------------------
 Index Scan using usertable_pkey on usertable  (cost=0.28..8.29 rows=1 width=205) (actual time=0.013..0.013 rows=1 loops=1)
   Index Cond: (ycsb_key = 'user1000385178204227360'::text)
   Buffers: shared hit=3
 Planning:
   Buffers: shared hit=125
 Planning Time: 0.306 ms
 Execution Time: 0.041 ms
(7 rows)


========================================
Epoch=4 Run=8 Phase=run Time=Sat Mar 28 02:27:32 UTC 2026
DB=ycsb
Key=user1000385178204227360
----------------------------------------
                                                         QUERY PLAN                                                         
----------------------------------------------------------------------------------------------------------------------------
 Index Scan using usertable_pkey on usertable  (cost=0.28..8.29 rows=1 width=204) (actual time=0.015..0.016 rows=1 loops=1)
   Index Cond: (ycsb_key = 'user1000385178204227360'::text)
   Buffers: shared hit=3
 Planning:
   Buffers: shared hit=125
 Planning Time: 0.347 ms
 Execution Time: 0.045 ms
(7 rows)


========================================
Epoch=4 Run=9 Phase=run Time=Sat Mar 28 02:29:05 UTC 2026
DB=ycsb
Key=user1000385178204227360
----------------------------------------
                                                         QUERY PLAN                                                         
----------------------------------------------------------------------------------------------------------------------------
 Index Scan using usertable_pkey on usertable  (cost=0.28..8.29 rows=1 width=204) (actual time=0.013..0.014 rows=1 loops=1)
   Index Cond: (ycsb_key = 'user1000385178204227360'::text)
   Buffers: shared hit=3
 Planning:
   Buffers: shared hit=125
 Planning Time: 0.333 ms
 Execution Time: 0.042 ms
(7 rows)


========================================
Epoch=4 Run=10 Phase=run Time=Sat Mar 28 02:30:42 UTC 2026
DB=ycsb
Key=user1000385178204227360
----------------------------------------
                                                         QUERY PLAN                                                         
----------------------------------------------------------------------------------------------------------------------------
 Index Scan using usertable_pkey on usertable  (cost=0.28..8.29 rows=1 width=204) (actual time=0.015..0.016 rows=1 loops=1)
   Index Cond: (ycsb_key = 'user1000385178204227360'::text)
   Buffers: shared hit=3
 Planning:
   Buffers: shared hit=125
 Planning Time: 0.281 ms
 Execution Time: 0.045 ms
(7 rows)


========================================
Epoch=5 Run=1 Phase=run Time=Sat Mar 28 02:32:22 UTC 2026
DB=ycsb
Key=user1000385178204227360
----------------------------------------
                                                         QUERY PLAN                                                         
----------------------------------------------------------------------------------------------------------------------------
 Index Scan using usertable_pkey on usertable  (cost=0.28..8.29 rows=1 width=203) (actual time=0.016..0.016 rows=1 loops=1)
   Index Cond: (ycsb_key = 'user1000385178204227360'::text)
   Buffers: shared hit=3
 Planning:
   Buffers: shared hit=125
 Planning Time: 0.290 ms
 Execution Time: 0.045 ms
(7 rows)


========================================
Epoch=5 Run=2 Phase=run Time=Sat Mar 28 02:34:01 UTC 2026
DB=ycsb
Key=user1000385178204227360
----------------------------------------
                                                         QUERY PLAN                                                         
----------------------------------------------------------------------------------------------------------------------------
 Index Scan using usertable_pkey on usertable  (cost=0.28..8.29 rows=1 width=203) (actual time=0.013..0.014 rows=1 loops=1)
   Index Cond: (ycsb_key = 'user1000385178204227360'::text)
   Buffers: shared hit=3
 Planning:
   Buffers: shared hit=125
 Planning Time: 0.291 ms
 Execution Time: 0.042 ms
(7 rows)


========================================
Epoch=5 Run=3 Phase=run Time=Sat Mar 28 02:35:43 UTC 2026
DB=ycsb
Key=user1000385178204227360
----------------------------------------
                                                         QUERY PLAN                                                         
----------------------------------------------------------------------------------------------------------------------------
 Index Scan using usertable_pkey on usertable  (cost=0.28..8.29 rows=1 width=203) (actual time=0.017..0.018 rows=1 loops=1)
   Index Cond: (ycsb_key = 'user1000385178204227360'::text)
   Buffers: shared hit=3
 Planning:
   Buffers: shared hit=125
 Planning Time: 0.309 ms
 Execution Time: 0.049 ms
(7 rows)


========================================
Epoch=5 Run=4 Phase=run Time=Sat Mar 28 02:37:26 UTC 2026
DB=ycsb
Key=user1000385178204227360
----------------------------------------
                                                         QUERY PLAN                                                         
----------------------------------------------------------------------------------------------------------------------------
 Index Scan using usertable_pkey on usertable  (cost=0.28..8.29 rows=1 width=203) (actual time=0.015..0.015 rows=1 loops=1)
   Index Cond: (ycsb_key = 'user1000385178204227360'::text)
   Buffers: shared hit=3
 Planning:
   Buffers: shared hit=125
 Planning Time: 0.272 ms
 Execution Time: 0.043 ms
(7 rows)


========================================
Epoch=5 Run=5 Phase=run Time=Sat Mar 28 02:39:12 UTC 2026
DB=ycsb
Key=user1000385178204227360
----------------------------------------
                                                         QUERY PLAN                                                         
----------------------------------------------------------------------------------------------------------------------------
 Index Scan using usertable_pkey on usertable  (cost=0.28..8.29 rows=1 width=203) (actual time=0.019..0.019 rows=1 loops=1)
   Index Cond: (ycsb_key = 'user1000385178204227360'::text)
   Buffers: shared hit=3
 Planning:
   Buffers: shared hit=125
 Planning Time: 0.281 ms
 Execution Time: 0.054 ms
(7 rows)


========================================
Epoch=5 Run=6 Phase=run Time=Sat Mar 28 02:40:58 UTC 2026
DB=ycsb
Key=user1000385178204227360
----------------------------------------
                                                         QUERY PLAN                                                         
----------------------------------------------------------------------------------------------------------------------------
 Index Scan using usertable_pkey on usertable  (cost=0.28..8.29 rows=1 width=203) (actual time=0.019..0.019 rows=1 loops=1)
   Index Cond: (ycsb_key = 'user1000385178204227360'::text)
   Buffers: shared hit=3
 Planning:
   Buffers: shared hit=125
 Planning Time: 0.284 ms
 Execution Time: 0.049 ms
(7 rows)


========================================
Epoch=5 Run=7 Phase=run Time=Sat Mar 28 02:42:45 UTC 2026
DB=ycsb
Key=user1000385178204227360
----------------------------------------
                                                         QUERY PLAN                                                         
----------------------------------------------------------------------------------------------------------------------------
 Index Scan using usertable_pkey on usertable  (cost=0.28..8.29 rows=1 width=203) (actual time=0.015..0.016 rows=1 loops=1)
   Index Cond: (ycsb_key = 'user1000385178204227360'::text)
   Buffers: shared hit=3
 Planning:
   Buffers: shared hit=125
 Planning Time: 0.256 ms
 Execution Time: 0.044 ms
(7 rows)


========================================
Epoch=5 Run=8 Phase=run Time=Sat Mar 28 02:44:33 UTC 2026
DB=ycsb
Key=user1000385178204227360
----------------------------------------
                                                         QUERY PLAN                                                         
----------------------------------------------------------------------------------------------------------------------------
 Index Scan using usertable_pkey on usertable  (cost=0.28..8.29 rows=1 width=203) (actual time=0.035..0.036 rows=1 loops=1)
   Index Cond: (ycsb_key = 'user1000385178204227360'::text)
   Buffers: shared hit=3
 Planning:
   Buffers: shared hit=125
 Planning Time: 0.253 ms
 Execution Time: 0.065 ms
(7 rows)


========================================
Epoch=5 Run=9 Phase=run Time=Sat Mar 28 02:46:23 UTC 2026
DB=ycsb
Key=user1000385178204227360
----------------------------------------
                                                         QUERY PLAN                                                         
----------------------------------------------------------------------------------------------------------------------------
 Index Scan using usertable_pkey on usertable  (cost=0.28..8.29 rows=1 width=203) (actual time=0.018..0.019 rows=1 loops=1)
   Index Cond: (ycsb_key = 'user1000385178204227360'::text)
   Buffers: shared hit=3
 Planning:
   Buffers: shared hit=125
 Planning Time: 0.310 ms
 Execution Time: 0.048 ms
(7 rows)


========================================
Epoch=5 Run=10 Phase=run Time=Sat Mar 28 02:48:09 UTC 2026
DB=ycsb
Key=user1000385178204227360
----------------------------------------
                                                         QUERY PLAN                                                         
----------------------------------------------------------------------------------------------------------------------------
 Index Scan using usertable_pkey on usertable  (cost=0.28..8.29 rows=1 width=203) (actual time=0.017..0.018 rows=1 loops=1)
   Index Cond: (ycsb_key = 'user1000385178204227360'::text)
   Buffers: shared hit=3
 Planning:
   Buffers: shared hit=125
 Planning Time: 0.320 ms
 Execution Time: 0.051 ms
(7 rows)


========================================
Epoch=6 Run=1 Phase=run Time=Sat Mar 28 02:49:49 UTC 2026
DB=ycsb
Key=user1000385178204227360
----------------------------------------
                                                         QUERY PLAN                                                         
----------------------------------------------------------------------------------------------------------------------------
 Index Scan using usertable_pkey on usertable  (cost=0.28..8.29 rows=1 width=203) (actual time=0.020..0.021 rows=1 loops=1)
   Index Cond: (ycsb_key = 'user1000385178204227360'::text)
   Buffers: shared hit=3
 Planning:
   Buffers: shared hit=125
 Planning Time: 0.318 ms
 Execution Time: 0.054 ms
(7 rows)


========================================
Epoch=6 Run=2 Phase=run Time=Sat Mar 28 02:51:31 UTC 2026
DB=ycsb
Key=user1000385178204227360
----------------------------------------
                                                         QUERY PLAN                                                         
----------------------------------------------------------------------------------------------------------------------------
 Index Scan using usertable_pkey on usertable  (cost=0.28..8.29 rows=1 width=203) (actual time=0.018..0.018 rows=1 loops=1)
   Index Cond: (ycsb_key = 'user1000385178204227360'::text)
   Buffers: shared hit=3
 Planning:
   Buffers: shared hit=125
 Planning Time: 0.272 ms
 Execution Time: 0.047 ms
(7 rows)


========================================
Epoch=6 Run=3 Phase=run Time=Sat Mar 28 02:53:15 UTC 2026
DB=ycsb
Key=user1000385178204227360
----------------------------------------
                                                         QUERY PLAN                                                         
----------------------------------------------------------------------------------------------------------------------------
 Index Scan using usertable_pkey on usertable  (cost=0.28..8.29 rows=1 width=203) (actual time=0.016..0.016 rows=1 loops=1)
   Index Cond: (ycsb_key = 'user1000385178204227360'::text)
   Buffers: shared hit=3
 Planning:
   Buffers: shared hit=125
 Planning Time: 0.272 ms
 Execution Time: 0.045 ms
(7 rows)


========================================
Epoch=6 Run=4 Phase=run Time=Sat Mar 28 02:55:00 UTC 2026
DB=ycsb
Key=user1000385178204227360
----------------------------------------
                                                         QUERY PLAN                                                         
----------------------------------------------------------------------------------------------------------------------------
 Index Scan using usertable_pkey on usertable  (cost=0.28..8.29 rows=1 width=203) (actual time=0.021..0.021 rows=1 loops=1)
   Index Cond: (ycsb_key = 'user1000385178204227360'::text)
   Buffers: shared hit=3
 Planning:
   Buffers: shared hit=125
 Planning Time: 0.291 ms
 Execution Time: 0.051 ms
(7 rows)


========================================
Epoch=6 Run=5 Phase=run Time=Sat Mar 28 02:56:47 UTC 2026
DB=ycsb
Key=user1000385178204227360
----------------------------------------
                                                         QUERY PLAN                                                         
----------------------------------------------------------------------------------------------------------------------------
 Index Scan using usertable_pkey on usertable  (cost=0.28..8.29 rows=1 width=203) (actual time=0.018..0.018 rows=1 loops=1)
   Index Cond: (ycsb_key = 'user1000385178204227360'::text)
   Buffers: shared hit=3
 Planning:
   Buffers: shared hit=124 read=1
 Planning Time: 0.282 ms
 Execution Time: 0.046 ms
(7 rows)


========================================
Epoch=6 Run=6 Phase=run Time=Sat Mar 28 02:58:37 UTC 2026
DB=ycsb
Key=user1000385178204227360
----------------------------------------
                                                         QUERY PLAN                                                         
----------------------------------------------------------------------------------------------------------------------------
 Index Scan using usertable_pkey on usertable  (cost=0.28..8.29 rows=1 width=203) (actual time=0.021..0.021 rows=1 loops=1)
   Index Cond: (ycsb_key = 'user1000385178204227360'::text)
   Buffers: shared hit=3
 Planning:
   Buffers: shared hit=124 read=1
 Planning Time: 0.280 ms
 Execution Time: 0.047 ms
(7 rows)


========================================
Epoch=6 Run=7 Phase=run Time=Sat Mar 28 03:00:29 UTC 2026
DB=ycsb
Key=user1000385178204227360
----------------------------------------
                                                         QUERY PLAN                                                         
----------------------------------------------------------------------------------------------------------------------------
 Index Scan using usertable_pkey on usertable  (cost=0.28..8.29 rows=1 width=203) (actual time=0.017..0.018 rows=1 loops=1)
   Index Cond: (ycsb_key = 'user1000385178204227360'::text)
   Buffers: shared hit=3
 Planning:
   Buffers: shared hit=124 read=1
 Planning Time: 0.333 ms
 Execution Time: 0.049 ms
(7 rows)


========================================
Epoch=6 Run=8 Phase=run Time=Sat Mar 28 03:02:23 UTC 2026
DB=ycsb
Key=user1000385178204227360
----------------------------------------
                                                         QUERY PLAN                                                         
----------------------------------------------------------------------------------------------------------------------------
 Index Scan using usertable_pkey on usertable  (cost=0.28..8.29 rows=1 width=203) (actual time=0.017..0.018 rows=1 loops=1)
   Index Cond: (ycsb_key = 'user1000385178204227360'::text)
   Buffers: shared hit=3
 Planning:
   Buffers: shared hit=124 read=1
 Planning Time: 0.268 ms
 Execution Time: 0.044 ms
(7 rows)


========================================
Epoch=6 Run=9 Phase=run Time=Sat Mar 28 03:04:22 UTC 2026
DB=ycsb
Key=user1000385178204227360
----------------------------------------
                                                         QUERY PLAN                                                         
----------------------------------------------------------------------------------------------------------------------------
 Index Scan using usertable_pkey on usertable  (cost=0.28..8.29 rows=1 width=203) (actual time=0.018..0.018 rows=1 loops=1)
   Index Cond: (ycsb_key = 'user1000385178204227360'::text)
   Buffers: shared hit=3
 Planning:
   Buffers: shared hit=124 read=1
 Planning Time: 0.297 ms
 Execution Time: 0.047 ms
(7 rows)


========================================
Epoch=6 Run=10 Phase=run Time=Sat Mar 28 03:06:21 UTC 2026
DB=ycsb
Key=user1000385178204227360
----------------------------------------
                                                         QUERY PLAN                                                         
----------------------------------------------------------------------------------------------------------------------------
 Index Scan using usertable_pkey on usertable  (cost=0.28..8.29 rows=1 width=203) (actual time=0.015..0.015 rows=1 loops=1)
   Index Cond: (ycsb_key = 'user1000385178204227360'::text)
   Buffers: shared hit=3
 Planning:
   Buffers: shared hit=124 read=1
 Planning Time: 0.290 ms
 Execution Time: 0.044 ms
(7 rows)


========================================
Epoch=7 Run=1 Phase=run Time=Sat Mar 28 03:08:28 UTC 2026
DB=ycsb
Key=user1000385178204227360
----------------------------------------
                                                         QUERY PLAN                                                         
----------------------------------------------------------------------------------------------------------------------------
 Index Scan using usertable_pkey on usertable  (cost=0.28..8.29 rows=1 width=203) (actual time=0.016..0.016 rows=1 loops=1)
   Index Cond: (ycsb_key = 'user1000385178204227360'::text)
   Buffers: shared hit=3
 Planning:
   Buffers: shared hit=124 read=1
 Planning Time: 0.319 ms
 Execution Time: 0.067 ms
(7 rows)


========================================
Epoch=7 Run=2 Phase=run Time=Sat Mar 28 03:10:34 UTC 2026
DB=ycsb
Key=user1000385178204227360
----------------------------------------
                                                         QUERY PLAN                                                         
----------------------------------------------------------------------------------------------------------------------------
 Index Scan using usertable_pkey on usertable  (cost=0.28..8.29 rows=1 width=203) (actual time=0.015..0.016 rows=1 loops=1)
   Index Cond: (ycsb_key = 'user1000385178204227360'::text)
   Buffers: shared hit=3
 Planning:
   Buffers: shared hit=124 read=1
 Planning Time: 0.317 ms
 Execution Time: 0.043 ms
(7 rows)


========================================
Epoch=7 Run=3 Phase=run Time=Sat Mar 28 03:12:45 UTC 2026
DB=ycsb
Key=user1000385178204227360
----------------------------------------
                                                         QUERY PLAN                                                         
----------------------------------------------------------------------------------------------------------------------------
 Index Scan using usertable_pkey on usertable  (cost=0.28..8.29 rows=1 width=203) (actual time=0.017..0.018 rows=1 loops=1)
   Index Cond: (ycsb_key = 'user1000385178204227360'::text)
   Buffers: shared hit=3
 Planning:
   Buffers: shared hit=124 read=1
 Planning Time: 0.303 ms
 Execution Time: 0.048 ms
(7 rows)


========================================
Epoch=7 Run=4 Phase=run Time=Sat Mar 28 03:15:01 UTC 2026
DB=ycsb
Key=user1000385178204227360
----------------------------------------
                                                         QUERY PLAN                                                         
----------------------------------------------------------------------------------------------------------------------------
 Index Scan using usertable_pkey on usertable  (cost=0.28..8.29 rows=1 width=203) (actual time=0.020..0.020 rows=1 loops=1)
   Index Cond: (ycsb_key = 'user1000385178204227360'::text)
   Buffers: shared hit=3
 Planning:
   Buffers: shared hit=124 read=1
 Planning Time: 0.361 ms
 Execution Time: 0.054 ms
(7 rows)


========================================
Epoch=7 Run=5 Phase=run Time=Sat Mar 28 03:17:17 UTC 2026
DB=ycsb
Key=user1000385178204227360
----------------------------------------
                                                         QUERY PLAN                                                         
----------------------------------------------------------------------------------------------------------------------------
 Index Scan using usertable_pkey on usertable  (cost=0.28..8.29 rows=1 width=203) (actual time=0.016..0.017 rows=1 loops=1)
   Index Cond: (ycsb_key = 'user1000385178204227360'::text)
   Buffers: shared hit=3
 Planning:
   Buffers: shared hit=124 read=1
 Planning Time: 0.351 ms
 Execution Time: 0.055 ms
(7 rows)


========================================
Epoch=7 Run=6 Phase=run Time=Sat Mar 28 03:19:35 UTC 2026
DB=ycsb
Key=user1000385178204227360
----------------------------------------
                                                         QUERY PLAN                                                         
----------------------------------------------------------------------------------------------------------------------------
 Index Scan using usertable_pkey on usertable  (cost=0.28..8.29 rows=1 width=203) (actual time=0.021..0.021 rows=1 loops=1)
   Index Cond: (ycsb_key = 'user1000385178204227360'::text)
   Buffers: shared hit=3
 Planning:
   Buffers: shared hit=124 read=1
 Planning Time: 0.314 ms
 Execution Time: 0.051 ms
(7 rows)


========================================
Epoch=7 Run=7 Phase=run Time=Sat Mar 28 03:21:55 UTC 2026
DB=ycsb
Key=user1000385178204227360
----------------------------------------
                                                         QUERY PLAN                                                         
----------------------------------------------------------------------------------------------------------------------------
 Index Scan using usertable_pkey on usertable  (cost=0.28..8.29 rows=1 width=203) (actual time=0.020..0.021 rows=1 loops=1)
   Index Cond: (ycsb_key = 'user1000385178204227360'::text)
   Buffers: shared hit=3
 Planning:
   Buffers: shared hit=124 read=1
 Planning Time: 0.318 ms
 Execution Time: 0.048 ms
(7 rows)


========================================
Epoch=7 Run=8 Phase=run Time=Sat Mar 28 03:24:19 UTC 2026
DB=ycsb
Key=user1000385178204227360
----------------------------------------
                                                         QUERY PLAN                                                         
----------------------------------------------------------------------------------------------------------------------------
 Index Scan using usertable_pkey on usertable  (cost=0.28..8.29 rows=1 width=203) (actual time=0.017..0.018 rows=1 loops=1)
   Index Cond: (ycsb_key = 'user1000385178204227360'::text)
   Buffers: shared hit=3
 Planning:
   Buffers: shared hit=124 read=1
 Planning Time: 0.308 ms
 Execution Time: 0.046 ms
(7 rows)


========================================
Epoch=7 Run=9 Phase=run Time=Sat Mar 28 03:26:41 UTC 2026
DB=ycsb
Key=user1000385178204227360
----------------------------------------
                                                         QUERY PLAN                                                         
----------------------------------------------------------------------------------------------------------------------------
 Index Scan using usertable_pkey on usertable  (cost=0.28..8.29 rows=1 width=203) (actual time=0.022..0.022 rows=1 loops=1)
   Index Cond: (ycsb_key = 'user1000385178204227360'::text)
   Buffers: shared hit=3
 Planning:
   Buffers: shared hit=124 read=1
 Planning Time: 0.326 ms
 Execution Time: 0.055 ms
(7 rows)


========================================
Epoch=7 Run=10 Phase=run Time=Sat Mar 28 03:29:07 UTC 2026
DB=ycsb
Key=user1000385178204227360
----------------------------------------
                                                         QUERY PLAN                                                         
----------------------------------------------------------------------------------------------------------------------------
 Index Scan using usertable_pkey on usertable  (cost=0.28..8.29 rows=1 width=203) (actual time=0.015..0.016 rows=1 loops=1)
   Index Cond: (ycsb_key = 'user1000385178204227360'::text)
   Buffers: shared hit=3
 Planning:
   Buffers: shared hit=124 read=1
 Planning Time: 0.302 ms
 Execution Time: 0.043 ms
(7 rows)


========================================
Epoch=8 Run=1 Phase=run Time=Sat Mar 28 03:31:32 UTC 2026
DB=ycsb
Key=user1000385178204227360
----------------------------------------
                                                         QUERY PLAN                                                         
----------------------------------------------------------------------------------------------------------------------------
 Index Scan using usertable_pkey on usertable  (cost=0.28..8.29 rows=1 width=203) (actual time=0.013..0.014 rows=1 loops=1)
   Index Cond: (ycsb_key = 'user1000385178204227360'::text)
   Buffers: shared hit=3
 Planning:
   Buffers: shared hit=125
 Planning Time: 0.290 ms
 Execution Time: 0.042 ms
(7 rows)


========================================
Epoch=8 Run=2 Phase=run Time=Sat Mar 28 03:34:01 UTC 2026
DB=ycsb
Key=user1000385178204227360
----------------------------------------
                                                         QUERY PLAN                                                         
----------------------------------------------------------------------------------------------------------------------------
 Index Scan using usertable_pkey on usertable  (cost=0.28..8.29 rows=1 width=203) (actual time=0.018..0.019 rows=1 loops=1)
   Index Cond: (ycsb_key = 'user1000385178204227360'::text)
   Buffers: shared hit=3
 Planning:
   Buffers: shared hit=124 read=1
 Planning Time: 0.317 ms
 Execution Time: 0.048 ms
(7 rows)


========================================
Epoch=8 Run=3 Phase=run Time=Sat Mar 28 03:36:31 UTC 2026
DB=ycsb
Key=user1000385178204227360
----------------------------------------
                                                         QUERY PLAN                                                         
----------------------------------------------------------------------------------------------------------------------------
 Index Scan using usertable_pkey on usertable  (cost=0.28..8.29 rows=1 width=203) (actual time=0.021..0.021 rows=1 loops=1)
   Index Cond: (ycsb_key = 'user1000385178204227360'::text)
   Buffers: shared hit=3
 Planning:
   Buffers: shared hit=124 read=1
 Planning Time: 0.352 ms
 Execution Time: 0.069 ms
(7 rows)


========================================
Epoch=8 Run=4 Phase=run Time=Sat Mar 28 03:39:03 UTC 2026
DB=ycsb
Key=user1000385178204227360
----------------------------------------
                                                         QUERY PLAN                                                         
----------------------------------------------------------------------------------------------------------------------------
 Index Scan using usertable_pkey on usertable  (cost=0.28..8.29 rows=1 width=203) (actual time=0.019..0.019 rows=1 loops=1)
   Index Cond: (ycsb_key = 'user1000385178204227360'::text)
   Buffers: shared hit=3
 Planning:
   Buffers: shared hit=124 read=1
 Planning Time: 0.360 ms
 Execution Time: 0.054 ms
(7 rows)


========================================
Epoch=8 Run=5 Phase=run Time=Sat Mar 28 03:41:35 UTC 2026
DB=ycsb
Key=user1000385178204227360
----------------------------------------
                                                         QUERY PLAN                                                         
----------------------------------------------------------------------------------------------------------------------------
 Index Scan using usertable_pkey on usertable  (cost=0.28..8.29 rows=1 width=203) (actual time=0.018..0.018 rows=1 loops=1)
   Index Cond: (ycsb_key = 'user1000385178204227360'::text)
   Buffers: shared hit=3
 Planning:
   Buffers: shared hit=124 read=1
 Planning Time: 0.323 ms
 Execution Time: 0.048 ms
(7 rows)


========================================
Epoch=8 Run=6 Phase=run Time=Sat Mar 28 03:44:10 UTC 2026
DB=ycsb
Key=user1000385178204227360
----------------------------------------
                                                         QUERY PLAN                                                         
----------------------------------------------------------------------------------------------------------------------------
 Index Scan using usertable_pkey on usertable  (cost=0.28..8.29 rows=1 width=203) (actual time=0.021..0.022 rows=1 loops=1)
   Index Cond: (ycsb_key = 'user1000385178204227360'::text)
   Buffers: shared hit=3
 Planning:
   Buffers: shared hit=124 read=1
 Planning Time: 0.378 ms
 Execution Time: 0.056 ms
(7 rows)


========================================
Epoch=8 Run=7 Phase=run Time=Sat Mar 28 03:46:46 UTC 2026
DB=ycsb
Key=user1000385178204227360
----------------------------------------
                                                         QUERY PLAN                                                         
----------------------------------------------------------------------------------------------------------------------------
 Index Scan using usertable_pkey on usertable  (cost=0.28..8.29 rows=1 width=203) (actual time=0.019..0.020 rows=1 loops=1)
   Index Cond: (ycsb_key = 'user1000385178204227360'::text)
   Buffers: shared hit=3
 Planning:
   Buffers: shared hit=124 read=1
 Planning Time: 0.274 ms
 Execution Time: 0.046 ms
(7 rows)


========================================
Epoch=8 Run=8 Phase=run Time=Sat Mar 28 03:49:23 UTC 2026
DB=ycsb
Key=user1000385178204227360
----------------------------------------
                                                         QUERY PLAN                                                         
----------------------------------------------------------------------------------------------------------------------------
 Index Scan using usertable_pkey on usertable  (cost=0.28..8.29 rows=1 width=203) (actual time=0.038..0.038 rows=1 loops=1)
   Index Cond: (ycsb_key = 'user1000385178204227360'::text)
   Buffers: shared hit=3
 Planning:
   Buffers: shared hit=124 read=1
 Planning Time: 0.311 ms
 Execution Time: 0.068 ms
(7 rows)


========================================
Epoch=8 Run=9 Phase=run Time=Sat Mar 28 03:52:01 UTC 2026
DB=ycsb
Key=user1000385178204227360
----------------------------------------
                                                         QUERY PLAN                                                         
----------------------------------------------------------------------------------------------------------------------------
 Index Scan using usertable_pkey on usertable  (cost=0.28..8.29 rows=1 width=203) (actual time=0.014..0.014 rows=1 loops=1)
   Index Cond: (ycsb_key = 'user1000385178204227360'::text)
   Buffers: shared hit=3
 Planning:
   Buffers: shared hit=124 read=1
 Planning Time: 0.321 ms
 Execution Time: 0.043 ms
(7 rows)


========================================
Epoch=8 Run=10 Phase=run Time=Sat Mar 28 03:54:46 UTC 2026
DB=ycsb
Key=user1000385178204227360
----------------------------------------
                                                         QUERY PLAN                                                         
----------------------------------------------------------------------------------------------------------------------------
 Index Scan using usertable_pkey on usertable  (cost=0.28..8.29 rows=1 width=203) (actual time=0.018..0.019 rows=1 loops=1)
   Index Cond: (ycsb_key = 'user1000385178204227360'::text)
   Buffers: shared hit=3
 Planning:
   Buffers: shared hit=124 read=1
 Planning Time: 0.309 ms
 Execution Time: 0.050 ms
(7 rows)


========================================
Epoch=9 Run=1 Phase=run Time=Sat Mar 28 03:57:32 UTC 2026
DB=ycsb
Key=user1000385178204227360
----------------------------------------
                                                         QUERY PLAN                                                         
----------------------------------------------------------------------------------------------------------------------------
 Index Scan using usertable_pkey on usertable  (cost=0.28..8.29 rows=1 width=203) (actual time=0.018..0.019 rows=1 loops=1)
   Index Cond: (ycsb_key = 'user1000385178204227360'::text)
   Buffers: shared hit=3
 Planning:
   Buffers: shared hit=124 read=1
 Planning Time: 0.295 ms
 Execution Time: 0.047 ms
(7 rows)


========================================
Epoch=9 Run=2 Phase=run Time=Sat Mar 28 04:00:19 UTC 2026
DB=ycsb
Key=user1000385178204227360
----------------------------------------
                                                         QUERY PLAN                                                         
----------------------------------------------------------------------------------------------------------------------------
 Index Scan using usertable_pkey on usertable  (cost=0.28..8.29 rows=1 width=203) (actual time=0.017..0.018 rows=1 loops=1)
   Index Cond: (ycsb_key = 'user1000385178204227360'::text)
   Buffers: shared hit=3
 Planning:
   Buffers: shared hit=125
 Planning Time: 0.283 ms
 Execution Time: 0.046 ms
(7 rows)


========================================
Epoch=9 Run=3 Phase=run Time=Sat Mar 28 04:03:08 UTC 2026
DB=ycsb
Key=user1000385178204227360
----------------------------------------
                                                         QUERY PLAN                                                         
----------------------------------------------------------------------------------------------------------------------------
 Index Scan using usertable_pkey on usertable  (cost=0.28..8.29 rows=1 width=203) (actual time=0.019..0.019 rows=1 loops=1)
   Index Cond: (ycsb_key = 'user1000385178204227360'::text)
   Buffers: shared hit=3
 Planning:
   Buffers: shared hit=124 read=1
 Planning Time: 0.306 ms
 Execution Time: 0.068 ms
(7 rows)


========================================
Epoch=9 Run=4 Phase=run Time=Sat Mar 28 04:05:58 UTC 2026
DB=ycsb
Key=user1000385178204227360
----------------------------------------
                                                         QUERY PLAN                                                         
----------------------------------------------------------------------------------------------------------------------------
 Index Scan using usertable_pkey on usertable  (cost=0.28..8.29 rows=1 width=203) (actual time=0.021..0.021 rows=1 loops=1)
   Index Cond: (ycsb_key = 'user1000385178204227360'::text)
   Buffers: shared hit=3
 Planning:
   Buffers: shared hit=124 read=1
 Planning Time: 0.346 ms
 Execution Time: 0.055 ms
(7 rows)


========================================
Epoch=9 Run=5 Phase=run Time=Sat Mar 28 04:08:50 UTC 2026
DB=ycsb
Key=user1000385178204227360
----------------------------------------
                                                         QUERY PLAN                                                         
----------------------------------------------------------------------------------------------------------------------------
 Index Scan using usertable_pkey on usertable  (cost=0.28..8.29 rows=1 width=203) (actual time=0.018..0.019 rows=1 loops=1)
   Index Cond: (ycsb_key = 'user1000385178204227360'::text)
   Buffers: shared hit=3
 Planning:
   Buffers: shared hit=124 read=1
 Planning Time: 0.391 ms
 Execution Time: 0.056 ms
(7 rows)


========================================
Epoch=9 Run=6 Phase=run Time=Sat Mar 28 04:11:43 UTC 2026
DB=ycsb
Key=user1000385178204227360
----------------------------------------
                                                         QUERY PLAN                                                         
----------------------------------------------------------------------------------------------------------------------------
 Index Scan using usertable_pkey on usertable  (cost=0.28..8.29 rows=1 width=203) (actual time=0.021..0.022 rows=1 loops=1)
   Index Cond: (ycsb_key = 'user1000385178204227360'::text)
   Buffers: shared hit=3
 Planning:
   Buffers: shared hit=124 read=1
 Planning Time: 0.334 ms
 Execution Time: 0.053 ms
(7 rows)


========================================
Epoch=9 Run=7 Phase=run Time=Sat Mar 28 04:14:36 UTC 2026
DB=ycsb
Key=user1000385178204227360
----------------------------------------
                                                         QUERY PLAN                                                         
----------------------------------------------------------------------------------------------------------------------------
 Index Scan using usertable_pkey on usertable  (cost=0.28..8.29 rows=1 width=203) (actual time=0.016..0.016 rows=1 loops=1)
   Index Cond: (ycsb_key = 'user1000385178204227360'::text)
   Buffers: shared hit=3
 Planning:
   Buffers: shared hit=124 read=1
 Planning Time: 0.359 ms
 Execution Time: 0.047 ms
(7 rows)


========================================
Epoch=9 Run=8 Phase=run Time=Sat Mar 28 04:17:33 UTC 2026
DB=ycsb
Key=user1000385178204227360
----------------------------------------
                                                         QUERY PLAN                                                         
----------------------------------------------------------------------------------------------------------------------------
 Index Scan using usertable_pkey on usertable  (cost=0.28..8.29 rows=1 width=203) (actual time=0.012..0.012 rows=1 loops=1)
   Index Cond: (ycsb_key = 'user1000385178204227360'::text)
   Buffers: shared hit=3
 Planning:
   Buffers: shared hit=124 read=1
 Planning Time: 0.328 ms
 Execution Time: 0.041 ms
(7 rows)


========================================
Epoch=9 Run=9 Phase=run Time=Sat Mar 28 04:20:31 UTC 2026
DB=ycsb
Key=user1000385178204227360
----------------------------------------
                                                         QUERY PLAN                                                         
----------------------------------------------------------------------------------------------------------------------------
 Index Scan using usertable_pkey on usertable  (cost=0.28..8.29 rows=1 width=203) (actual time=0.022..0.022 rows=1 loops=1)
   Index Cond: (ycsb_key = 'user1000385178204227360'::text)
   Buffers: shared hit=3
 Planning:
   Buffers: shared hit=124 read=1
 Planning Time: 0.298 ms
 Execution Time: 0.051 ms
(7 rows)


========================================
Epoch=9 Run=10 Phase=run Time=Sat Mar 28 04:23:30 UTC 2026
DB=ycsb
Key=user1000385178204227360
----------------------------------------
                                                         QUERY PLAN                                                         
----------------------------------------------------------------------------------------------------------------------------
 Index Scan using usertable_pkey on usertable  (cost=0.28..8.29 rows=1 width=203) (actual time=0.017..0.017 rows=1 loops=1)
   Index Cond: (ycsb_key = 'user1000385178204227360'::text)
   Buffers: shared hit=3
 Planning:
   Buffers: shared hit=124 read=1
 Planning Time: 0.368 ms
 Execution Time: 0.046 ms
(7 rows)


========================================
Epoch=10 Run=1 Phase=run Time=Sat Mar 28 04:26:32 UTC 2026
DB=ycsb
Key=user1000385178204227360
----------------------------------------
                                                         QUERY PLAN                                                         
----------------------------------------------------------------------------------------------------------------------------
 Index Scan using usertable_pkey on usertable  (cost=0.28..8.29 rows=1 width=203) (actual time=0.019..0.020 rows=1 loops=1)
   Index Cond: (ycsb_key = 'user1000385178204227360'::text)
   Buffers: shared hit=3
 Planning:
   Buffers: shared hit=124 read=1
 Planning Time: 0.320 ms
 Execution Time: 0.047 ms
(7 rows)


========================================
Epoch=10 Run=2 Phase=run Time=Sat Mar 28 04:29:35 UTC 2026
DB=ycsb
Key=user1000385178204227360
----------------------------------------
                                                         QUERY PLAN                                                         
----------------------------------------------------------------------------------------------------------------------------
 Index Scan using usertable_pkey on usertable  (cost=0.28..8.29 rows=1 width=203) (actual time=0.017..0.017 rows=1 loops=1)
   Index Cond: (ycsb_key = 'user1000385178204227360'::text)
   Buffers: shared hit=3
 Planning:
   Buffers: shared hit=124 read=1
 Planning Time: 0.305 ms
 Execution Time: 0.045 ms
(7 rows)


========================================
Epoch=10 Run=3 Phase=run Time=Sat Mar 28 04:32:39 UTC 2026
DB=ycsb
Key=user1000385178204227360
----------------------------------------
                                                         QUERY PLAN                                                         
----------------------------------------------------------------------------------------------------------------------------
 Index Scan using usertable_pkey on usertable  (cost=0.28..8.29 rows=1 width=203) (actual time=0.018..0.018 rows=1 loops=1)
   Index Cond: (ycsb_key = 'user1000385178204227360'::text)
   Buffers: shared hit=3
 Planning:
   Buffers: shared hit=124 read=1
 Planning Time: 0.340 ms
 Execution Time: 0.051 ms
(7 rows)


========================================
Epoch=10 Run=4 Phase=run Time=Sat Mar 28 04:35:45 UTC 2026
DB=ycsb
Key=user1000385178204227360
----------------------------------------
                                                         QUERY PLAN                                                         
----------------------------------------------------------------------------------------------------------------------------
 Index Scan using usertable_pkey on usertable  (cost=0.28..8.29 rows=1 width=203) (actual time=0.013..0.014 rows=1 loops=1)
   Index Cond: (ycsb_key = 'user1000385178204227360'::text)
   Buffers: shared hit=3
 Planning:
   Buffers: shared hit=124 read=1
 Planning Time: 0.303 ms
 Execution Time: 0.042 ms
(7 rows)


========================================
Epoch=10 Run=5 Phase=run Time=Sat Mar 28 04:38:53 UTC 2026
DB=ycsb
Key=user1000385178204227360
----------------------------------------
                                                         QUERY PLAN                                                         
----------------------------------------------------------------------------------------------------------------------------
 Index Scan using usertable_pkey on usertable  (cost=0.28..8.29 rows=1 width=203) (actual time=0.015..0.016 rows=1 loops=1)
   Index Cond: (ycsb_key = 'user1000385178204227360'::text)
   Buffers: shared hit=3
 Planning:
   Buffers: shared hit=124 read=1
 Planning Time: 0.287 ms
 Execution Time: 0.045 ms
(7 rows)


========================================
Epoch=10 Run=6 Phase=run Time=Sat Mar 28 04:42:00 UTC 2026
DB=ycsb
Key=user1000385178204227360
----------------------------------------
                                                         QUERY PLAN                                                         
----------------------------------------------------------------------------------------------------------------------------
 Index Scan using usertable_pkey on usertable  (cost=0.28..8.29 rows=1 width=203) (actual time=0.019..0.019 rows=1 loops=1)
   Index Cond: (ycsb_key = 'user1000385178204227360'::text)
   Buffers: shared hit=3
 Planning:
   Buffers: shared hit=124 read=1
 Planning Time: 0.332 ms
 Execution Time: 0.053 ms
(7 rows)


========================================
Epoch=10 Run=7 Phase=run Time=Sat Mar 28 04:45:09 UTC 2026
DB=ycsb
Key=user1000385178204227360
----------------------------------------
                                                         QUERY PLAN                                                         
----------------------------------------------------------------------------------------------------------------------------
 Index Scan using usertable_pkey on usertable  (cost=0.28..8.29 rows=1 width=203) (actual time=0.018..0.019 rows=1 loops=1)
   Index Cond: (ycsb_key = 'user1000385178204227360'::text)
   Buffers: shared hit=3
 Planning:
   Buffers: shared hit=124 read=1
 Planning Time: 0.348 ms
 Execution Time: 0.051 ms
(7 rows)


========================================
Epoch=10 Run=8 Phase=run Time=Sat Mar 28 04:48:23 UTC 2026
DB=ycsb
Key=user1000385178204227360
----------------------------------------
                                                         QUERY PLAN                                                         
----------------------------------------------------------------------------------------------------------------------------
 Index Scan using usertable_pkey on usertable  (cost=0.28..8.29 rows=1 width=203) (actual time=0.016..0.017 rows=1 loops=1)
   Index Cond: (ycsb_key = 'user1000385178204227360'::text)
   Buffers: shared hit=3
 Planning:
   Buffers: shared hit=124 read=1
 Planning Time: 0.282 ms
 Execution Time: 0.045 ms
(7 rows)


========================================
Epoch=10 Run=9 Phase=run Time=Sat Mar 28 04:51:33 UTC 2026
DB=ycsb
Key=user1000385178204227360
----------------------------------------
                                                         QUERY PLAN                                                         
----------------------------------------------------------------------------------------------------------------------------
 Index Scan using usertable_pkey on usertable  (cost=0.28..8.29 rows=1 width=203) (actual time=0.018..0.018 rows=1 loops=1)
   Index Cond: (ycsb_key = 'user1000385178204227360'::text)
   Buffers: shared hit=3
 Planning:
   Buffers: shared hit=124 read=1
 Planning Time: 0.276 ms
 Execution Time: 0.049 ms
(7 rows)


========================================
Epoch=10 Run=10 Phase=run Time=Sat Mar 28 04:54:47 UTC 2026
DB=ycsb
Key=user1000385178204227360
----------------------------------------
                                                         QUERY PLAN                                                         
----------------------------------------------------------------------------------------------------------------------------
 Index Scan using usertable_pkey on usertable  (cost=0.28..8.29 rows=1 width=203) (actual time=0.022..0.022 rows=1 loops=1)
   Index Cond: (ycsb_key = 'user1000385178204227360'::text)
   Buffers: shared hit=3
 Planning:
   Buffers: shared hit=124 read=1
 Planning Time: 0.330 ms
 Execution Time: 0.054 ms
(7 rows)


