run_name,epoch,phase,timestamp_unix_ms,probe_label,ycsb_key,size_bytes
postgresql_arrayjson_TOAST_HYPOTHESIS_run1_zipfian_heavy_pure,1,post-run,1777544365567,min,user1153891464619011562,1000
postgresql_arrayjson_TOAST_HYPOTHESIS_run1_zipfian_heavy_pure,1,post-run,1777544365663,p50,user5109678460971827302,1700
postgresql_arrayjson_TOAST_HYPOTHESIS_run1_zipfian_heavy_pure,1,post-run,1777544365759,p90,user5236612389435272294,2300
postgresql_arrayjson_TOAST_HYPOTHESIS_run1_zipfian_heavy_pure,1,post-run,1777544365855,p95,user2985540437094914375,2700
postgresql_arrayjson_TOAST_HYPOTHESIS_run1_zipfian_heavy_pure,1,post-run,1777544365951,p99,user6696718855951862396,4600
postgresql_arrayjson_TOAST_HYPOTHESIS_run1_zipfian_heavy_pure,1,post-run,1777544366046,max,user2029249960847121105,382800
postgresql_arrayjson_TOAST_HYPOTHESIS_run1_zipfian_heavy_pure,2,post-run,1777544521007,min,user1269773147507499848,1100
postgresql_arrayjson_TOAST_HYPOTHESIS_run1_zipfian_heavy_pure,2,post-run,1777544521105,p50,user5173533777155163863,2400
postgresql_arrayjson_TOAST_HYPOTHESIS_run1_zipfian_heavy_pure,2,post-run,1777544521202,p90,user7061895298355486082,3400
postgresql_arrayjson_TOAST_HYPOTHESIS_run1_zipfian_heavy_pure,2,post-run,1777544521299,p95,user1406639400521620650,4200
postgresql_arrayjson_TOAST_HYPOTHESIS_run1_zipfian_heavy_pure,2,post-run,1777544521397,p99,user2654753737047954800,7900
postgresql_arrayjson_TOAST_HYPOTHESIS_run1_zipfian_heavy_pure,2,post-run,1777544521496,max,user2029249960847121105,764400
postgresql_arrayjson_TOAST_HYPOTHESIS_run1_zipfian_heavy_pure,3,post-run,1777544691928,min,user1307729150859150744,1500
postgresql_arrayjson_TOAST_HYPOTHESIS_run1_zipfian_heavy_pure,3,post-run,1777544692025,p50,user4276743834896794453,3100
postgresql_arrayjson_TOAST_HYPOTHESIS_run1_zipfian_heavy_pure,3,post-run,1777544692121,p90,user2127371689310665095,4600
postgresql_arrayjson_TOAST_HYPOTHESIS_run1_zipfian_heavy_pure,3,post-run,1777544692217,p95,user4187652825177487260,5600
postgresql_arrayjson_TOAST_HYPOTHESIS_run1_zipfian_heavy_pure,3,post-run,1777544692313,p99,user7540040536479382717,11300
postgresql_arrayjson_TOAST_HYPOTHESIS_run1_zipfian_heavy_pure,3,post-run,1777544692409,max,user2029249960847121105,1134900
postgresql_arrayjson_TOAST_HYPOTHESIS_run1_zipfian_heavy_pure,4,post-run,1777544881690,min,user2294388378566809678,1700
postgresql_arrayjson_TOAST_HYPOTHESIS_run1_zipfian_heavy_pure,4,post-run,1777544881791,p50,user3283948676146986163,3800
postgresql_arrayjson_TOAST_HYPOTHESIS_run1_zipfian_heavy_pure,4,post-run,1777544881889,p90,user3008983164486950566,5700
postgresql_arrayjson_TOAST_HYPOTHESIS_run1_zipfian_heavy_pure,4,post-run,1777544881989,p95,user60393090062798925,7100
postgresql_arrayjson_TOAST_HYPOTHESIS_run1_zipfian_heavy_pure,4,post-run,1777544882088,p99,user7068809505127617769,14700
postgresql_arrayjson_TOAST_HYPOTHESIS_run1_zipfian_heavy_pure,4,post-run,1777544882185,max,user2029249960847121105,1525100
postgresql_arrayjson_TOAST_HYPOTHESIS_run1_zipfian_heavy_pure,5,post-run,1777545086497,min,user2294388378566809678,2100
postgresql_arrayjson_TOAST_HYPOTHESIS_run1_zipfian_heavy_pure,5,post-run,1777545086597,p50,user174936536709164432,4500
postgresql_arrayjson_TOAST_HYPOTHESIS_run1_zipfian_heavy_pure,5,post-run,1777545086697,p90,user3425842756474673211,6800
postgresql_arrayjson_TOAST_HYPOTHESIS_run1_zipfian_heavy_pure,5,post-run,1777545086796,p95,user8653963520649087422,8600
postgresql_arrayjson_TOAST_HYPOTHESIS_run1_zipfian_heavy_pure,5,post-run,1777545086895,p99,user1186041364927113881,18300
postgresql_arrayjson_TOAST_HYPOTHESIS_run1_zipfian_heavy_pure,5,post-run,1777545086996,max,user2029249960847121105,1905400
postgresql_arrayjson_TOAST_HYPOTHESIS_run1_zipfian_heavy_pure,6,post-run,1777545304734,min,user2452239201706562996,2500
postgresql_arrayjson_TOAST_HYPOTHESIS_run1_zipfian_heavy_pure,6,post-run,1777545304832,p50,user8721168354436323086,5100
postgresql_arrayjson_TOAST_HYPOTHESIS_run1_zipfian_heavy_pure,6,post-run,1777545304928,p90,user1379848727352439557,7900
postgresql_arrayjson_TOAST_HYPOTHESIS_run1_zipfian_heavy_pure,6,post-run,1777545305025,p95,user6579498936821251331,10100
postgresql_arrayjson_TOAST_HYPOTHESIS_run1_zipfian_heavy_pure,6,post-run,1777545305121,p99,user8128821314960359509,21700
postgresql_arrayjson_TOAST_HYPOTHESIS_run1_zipfian_heavy_pure,6,post-run,1777545305217,max,user2029249960847121105,2291500
postgresql_arrayjson_TOAST_HYPOTHESIS_run1_zipfian_heavy_pure,7,post-run,1777545535921,min,user2242693411687012933,3000
postgresql_arrayjson_TOAST_HYPOTHESIS_run1_zipfian_heavy_pure,7,post-run,1777545536020,p50,user5607688348197075557,5800
postgresql_arrayjson_TOAST_HYPOTHESIS_run1_zipfian_heavy_pure,7,post-run,1777545536118,p90,user8758792957962619002,8900
postgresql_arrayjson_TOAST_HYPOTHESIS_run1_zipfian_heavy_pure,7,post-run,1777545536215,p95,user2650845830758669450,11600
postgresql_arrayjson_TOAST_HYPOTHESIS_run1_zipfian_heavy_pure,7,post-run,1777545536311,p99,user7130436796558090324,25000
postgresql_arrayjson_TOAST_HYPOTHESIS_run1_zipfian_heavy_pure,7,post-run,1777545536407,max,user2029249960847121105,2668300
postgresql_arrayjson_TOAST_HYPOTHESIS_run1_zipfian_heavy_pure,8,post-run,1777545780586,min,user2242693411687012933,3300
postgresql_arrayjson_TOAST_HYPOTHESIS_run1_zipfian_heavy_pure,8,post-run,1777545780685,p50,user4128825336307716945,6500
postgresql_arrayjson_TOAST_HYPOTHESIS_run1_zipfian_heavy_pure,8,post-run,1777545780782,p90,user6608300891352208748,10000
postgresql_arrayjson_TOAST_HYPOTHESIS_run1_zipfian_heavy_pure,8,post-run,1777545780878,p95,user5987370212563129637,13000
postgresql_arrayjson_TOAST_HYPOTHESIS_run1_zipfian_heavy_pure,8,post-run,1777545780975,p99,user2539991975183747410,28300
postgresql_arrayjson_TOAST_HYPOTHESIS_run1_zipfian_heavy_pure,8,post-run,1777545781071,max,user2029249960847121105,3037000
postgresql_arrayjson_TOAST_HYPOTHESIS_run1_zipfian_heavy_pure,9,post-run,1777546037354,min,user2242693411687012933,3600
postgresql_arrayjson_TOAST_HYPOTHESIS_run1_zipfian_heavy_pure,9,post-run,1777546037454,p50,user2401445840633205264,7200
postgresql_arrayjson_TOAST_HYPOTHESIS_run1_zipfian_heavy_pure,9,post-run,1777546037553,p90,user5333177566438851622,11100
postgresql_arrayjson_TOAST_HYPOTHESIS_run1_zipfian_heavy_pure,9,post-run,1777546037653,p95,user6510957438618647089,14500
postgresql_arrayjson_TOAST_HYPOTHESIS_run1_zipfian_heavy_pure,9,post-run,1777546037753,p99,user4424102372973731513,31500
postgresql_arrayjson_TOAST_HYPOTHESIS_run1_zipfian_heavy_pure,9,post-run,1777546037853,max,user2029249960847121105,3415700
postgresql_arrayjson_TOAST_HYPOTHESIS_run1_zipfian_heavy_pure,10,post-run,1777546307309,min,user2242693411687012933,4300
postgresql_arrayjson_TOAST_HYPOTHESIS_run1_zipfian_heavy_pure,10,post-run,1777546307407,p50,user8005795292786199867,7800
postgresql_arrayjson_TOAST_HYPOTHESIS_run1_zipfian_heavy_pure,10,post-run,1777546307504,p90,user8731442324281297461,12200
postgresql_arrayjson_TOAST_HYPOTHESIS_run1_zipfian_heavy_pure,10,post-run,1777546307600,p95,user1583359853641655575,16100
postgresql_arrayjson_TOAST_HYPOTHESIS_run1_zipfian_heavy_pure,10,post-run,1777546307697,p99,user1402171533720194852,34700
postgresql_arrayjson_TOAST_HYPOTHESIS_run1_zipfian_heavy_pure,10,post-run,1777546307794,max,user2029249960847121105,3810300
postgresql_arrayjson_TOAST_HYPOTHESIS_run1_zipfian_heavy_pure,11,post-run,1777546591463,min,user2242693411687012933,4800
postgresql_arrayjson_TOAST_HYPOTHESIS_run1_zipfian_heavy_pure,11,post-run,1777546591563,p50,user5734622276660520549,8500
postgresql_arrayjson_TOAST_HYPOTHESIS_run1_zipfian_heavy_pure,11,post-run,1777546591661,p90,user979960568590735292,13300
postgresql_arrayjson_TOAST_HYPOTHESIS_run1_zipfian_heavy_pure,11,post-run,1777546591759,p95,user6917211660936040379,17500
postgresql_arrayjson_TOAST_HYPOTHESIS_run1_zipfian_heavy_pure,11,post-run,1777546591857,p99,user6481148647670921873,37900
postgresql_arrayjson_TOAST_HYPOTHESIS_run1_zipfian_heavy_pure,11,post-run,1777546591956,max,user2029249960847121105,4197400
postgresql_arrayjson_TOAST_HYPOTHESIS_run1_zipfian_heavy_pure,12,post-run,1777546887100,min,user3110234523509797575,5100
postgresql_arrayjson_TOAST_HYPOTHESIS_run1_zipfian_heavy_pure,12,post-run,1777546887199,p50,user2297736324343954580,9200
postgresql_arrayjson_TOAST_HYPOTHESIS_run1_zipfian_heavy_pure,12,post-run,1777546887297,p90,user5692653136409255517,14400
postgresql_arrayjson_TOAST_HYPOTHESIS_run1_zipfian_heavy_pure,12,post-run,1777546887393,p95,user4003229644086394732,19000
postgresql_arrayjson_TOAST_HYPOTHESIS_run1_zipfian_heavy_pure,12,post-run,1777546887490,p99,user7789770354603447682,40900
postgresql_arrayjson_TOAST_HYPOTHESIS_run1_zipfian_heavy_pure,12,post-run,1777546887587,max,user2029249960847121105,4572600
postgresql_arrayjson_TOAST_HYPOTHESIS_run1_zipfian_heavy_pure,13,post-run,1777547194063,min,user3110234523509797575,5400
postgresql_arrayjson_TOAST_HYPOTHESIS_run1_zipfian_heavy_pure,13,post-run,1777547194160,p50,user8417513972852843169,9800
postgresql_arrayjson_TOAST_HYPOTHESIS_run1_zipfian_heavy_pure,13,post-run,1777547194258,p90,user5937696772514052801,15500
postgresql_arrayjson_TOAST_HYPOTHESIS_run1_zipfian_heavy_pure,13,post-run,1777547194356,p95,user7734396042121151055,20500
postgresql_arrayjson_TOAST_HYPOTHESIS_run1_zipfian_heavy_pure,13,post-run,1777547194456,p99,user6744388868636347219,44100
postgresql_arrayjson_TOAST_HYPOTHESIS_run1_zipfian_heavy_pure,13,post-run,1777547194555,max,user2029249960847121105,4964100
postgresql_arrayjson_TOAST_HYPOTHESIS_run1_zipfian_heavy_pure,14,post-run,1777547505213,min,user3110234523509797575,6200
postgresql_arrayjson_TOAST_HYPOTHESIS_run1_zipfian_heavy_pure,14,post-run,1777547505313,p50,user6384023510155202097,10500
postgresql_arrayjson_TOAST_HYPOTHESIS_run1_zipfian_heavy_pure,14,post-run,1777547505411,p90,user896457346697134793,16500
postgresql_arrayjson_TOAST_HYPOTHESIS_run1_zipfian_heavy_pure,14,post-run,1777547505508,p95,user6343609349537147526,22000
postgresql_arrayjson_TOAST_HYPOTHESIS_run1_zipfian_heavy_pure,14,post-run,1777547505605,p99,user7789770354603447682,48100
postgresql_arrayjson_TOAST_HYPOTHESIS_run1_zipfian_heavy_pure,14,post-run,1777547505705,max,user2029249960847121105,5342300
postgresql_arrayjson_TOAST_HYPOTHESIS_run1_zipfian_heavy_pure,15,post-run,1777547832430,min,user7136461214819480784,6700
postgresql_arrayjson_TOAST_HYPOTHESIS_run1_zipfian_heavy_pure,15,post-run,1777547832528,p50,user4263463564568973741,11200
postgresql_arrayjson_TOAST_HYPOTHESIS_run1_zipfian_heavy_pure,15,post-run,1777547832625,p90,user2181854641455466294,17700
postgresql_arrayjson_TOAST_HYPOTHESIS_run1_zipfian_heavy_pure,15,post-run,1777547832723,p95,user7960353304854579050,23400
postgresql_arrayjson_TOAST_HYPOTHESIS_run1_zipfian_heavy_pure,15,post-run,1777547832819,p99,user2668264139889315181,51100
postgresql_arrayjson_TOAST_HYPOTHESIS_run1_zipfian_heavy_pure,15,post-run,1777547832916,max,user2029249960847121105,5720300
postgresql_arrayjson_TOAST_HYPOTHESIS_run1_zipfian_heavy_pure,16,post-run,1777548167087,min,user4406135920626643120,6800
postgresql_arrayjson_TOAST_HYPOTHESIS_run1_zipfian_heavy_pure,16,post-run,1777548167186,p50,user1884224678133376837,11900
postgresql_arrayjson_TOAST_HYPOTHESIS_run1_zipfian_heavy_pure,16,post-run,1777548167285,p90,user3817355142145666328,18800
postgresql_arrayjson_TOAST_HYPOTHESIS_run1_zipfian_heavy_pure,16,post-run,1777548167383,p95,user9005174830309539065,24900
postgresql_arrayjson_TOAST_HYPOTHESIS_run1_zipfian_heavy_pure,16,post-run,1777548167482,p99,user7789770354603447682,54700
postgresql_arrayjson_TOAST_HYPOTHESIS_run1_zipfian_heavy_pure,16,post-run,1777548167580,max,user2029249960847121105,6104600
postgresql_arrayjson_TOAST_HYPOTHESIS_run1_zipfian_heavy_pure,17,post-run,1777548528004,min,user4406135920626643120,7200
postgresql_arrayjson_TOAST_HYPOTHESIS_run1_zipfian_heavy_pure,17,post-run,1777548528102,p50,user6522569644705744243,12500
postgresql_arrayjson_TOAST_HYPOTHESIS_run1_zipfian_heavy_pure,17,post-run,1777548528201,p90,user275858067733410662,19900
postgresql_arrayjson_TOAST_HYPOTHESIS_run1_zipfian_heavy_pure,17,post-run,1777548528298,p95,user4585084398499542051,26300
postgresql_arrayjson_TOAST_HYPOTHESIS_run1_zipfian_heavy_pure,17,post-run,1777548528396,p99,user2668264139889315181,58400
postgresql_arrayjson_TOAST_HYPOTHESIS_run1_zipfian_heavy_pure,17,post-run,1777548528494,max,user2029249960847121105,6485000
postgresql_arrayjson_TOAST_HYPOTHESIS_run1_zipfian_heavy_pure,18,post-run,1777548893711,min,user4406135920626643120,7900
postgresql_arrayjson_TOAST_HYPOTHESIS_run1_zipfian_heavy_pure,18,post-run,1777548893809,p50,user6129377377498329782,13200
postgresql_arrayjson_TOAST_HYPOTHESIS_run1_zipfian_heavy_pure,18,post-run,1777548893906,p90,user4771747421639196371,21000
postgresql_arrayjson_TOAST_HYPOTHESIS_run1_zipfian_heavy_pure,18,post-run,1777548894003,p95,user5817907183336279165,27900
postgresql_arrayjson_TOAST_HYPOTHESIS_run1_zipfian_heavy_pure,18,post-run,1777548894101,p99,user2668264139889315181,61100
postgresql_arrayjson_TOAST_HYPOTHESIS_run1_zipfian_heavy_pure,18,post-run,1777548894198,max,user2029249960847121105,6863400
postgresql_arrayjson_TOAST_HYPOTHESIS_run1_zipfian_heavy_pure,19,post-run,1777549283693,min,user4406135920626643120,8200
postgresql_arrayjson_TOAST_HYPOTHESIS_run1_zipfian_heavy_pure,19,post-run,1777549283792,p50,user2822661786641594811,13900
postgresql_arrayjson_TOAST_HYPOTHESIS_run1_zipfian_heavy_pure,19,post-run,1777549283889,p90,user9061669063816116588,22000
postgresql_arrayjson_TOAST_HYPOTHESIS_run1_zipfian_heavy_pure,19,post-run,1777549283986,p95,user3586711697392970652,29600
postgresql_arrayjson_TOAST_HYPOTHESIS_run1_zipfian_heavy_pure,19,post-run,1777549284084,p99,user2539991975183747410,64500
postgresql_arrayjson_TOAST_HYPOTHESIS_run1_zipfian_heavy_pure,19,post-run,1777549284181,max,user2029249960847121105,7242700
postgresql_arrayjson_TOAST_HYPOTHESIS_run1_zipfian_heavy_pure,20,post-run,1777549674607,min,user4406135920626643120,8700
postgresql_arrayjson_TOAST_HYPOTHESIS_run1_zipfian_heavy_pure,20,post-run,1777549674705,p50,user733578696243815229,14500
postgresql_arrayjson_TOAST_HYPOTHESIS_run1_zipfian_heavy_pure,20,post-run,1777549674804,p90,user2981632530805629025,23200
postgresql_arrayjson_TOAST_HYPOTHESIS_run1_zipfian_heavy_pure,20,post-run,1777549674902,p95,user649173868543775717,30900
postgresql_arrayjson_TOAST_HYPOTHESIS_run1_zipfian_heavy_pure,20,post-run,1777549675000,p99,user1495948725458769726,68200
postgresql_arrayjson_TOAST_HYPOTHESIS_run1_zipfian_heavy_pure,20,post-run,1777549675098,max,user2029249960847121105,7622400
postgresql_arrayjson_TOAST_HYPOTHESIS_run1_zipfian_heavy_pure,21,post-run,1777550084585,min,user4406135920626643120,9000
postgresql_arrayjson_TOAST_HYPOTHESIS_run1_zipfian_heavy_pure,21,post-run,1777550084683,p50,user2177386774654040496,15200
postgresql_arrayjson_TOAST_HYPOTHESIS_run1_zipfian_heavy_pure,21,post-run,1777550084781,p90,user7962033186391000394,24300
postgresql_arrayjson_TOAST_HYPOTHESIS_run1_zipfian_heavy_pure,21,post-run,1777550084878,p95,user2399217815880341258,32500
postgresql_arrayjson_TOAST_HYPOTHESIS_run1_zipfian_heavy_pure,21,post-run,1777550084975,p99,user7789770354603447682,72100
postgresql_arrayjson_TOAST_HYPOTHESIS_run1_zipfian_heavy_pure,21,post-run,1777550085073,max,user2029249960847121105,8012100
postgresql_arrayjson_TOAST_HYPOTHESIS_run1_zipfian_heavy_pure,22,post-run,1777550508398,min,user4406135920626643120,9800
postgresql_arrayjson_TOAST_HYPOTHESIS_run1_zipfian_heavy_pure,22,post-run,1777550508497,p50,user8653403560136946974,15800
postgresql_arrayjson_TOAST_HYPOTHESIS_run1_zipfian_heavy_pure,22,post-run,1777550508594,p90,user5679921009297877467,25400
postgresql_arrayjson_TOAST_HYPOTHESIS_run1_zipfian_heavy_pure,22,post-run,1777550508691,p95,user1559357165737478936,34000
postgresql_arrayjson_TOAST_HYPOTHESIS_run1_zipfian_heavy_pure,22,post-run,1777550508791,p99,user7789770354603447682,76300
postgresql_arrayjson_TOAST_HYPOTHESIS_run1_zipfian_heavy_pure,22,post-run,1777550508890,max,user2029249960847121105,8401800
postgresql_arrayjson_TOAST_HYPOTHESIS_run1_zipfian_heavy_pure,23,post-run,1777550948448,min,user7623760501764070898,10400
postgresql_arrayjson_TOAST_HYPOTHESIS_run1_zipfian_heavy_pure,23,post-run,1777550948546,p50,user5344229812013808328,16500
postgresql_arrayjson_TOAST_HYPOTHESIS_run1_zipfian_heavy_pure,23,post-run,1777550948644,p90,user1394467233922383048,26500
postgresql_arrayjson_TOAST_HYPOTHESIS_run1_zipfian_heavy_pure,23,post-run,1777550948742,p95,user7421700696324490756,35400
postgresql_arrayjson_TOAST_HYPOTHESIS_run1_zipfian_heavy_pure,23,post-run,1777550948840,p99,user7789770354603447682,79100
postgresql_arrayjson_TOAST_HYPOTHESIS_run1_zipfian_heavy_pure,23,post-run,1777550948938,max,user2029249960847121105,8781500
postgresql_arrayjson_TOAST_HYPOTHESIS_run1_zipfian_heavy_pure,24,post-run,1777551418971,min,user7623760501764070898,10700
postgresql_arrayjson_TOAST_HYPOTHESIS_run1_zipfian_heavy_pure,24,post-run,1777551419071,p50,user1459225727738912823,17200
postgresql_arrayjson_TOAST_HYPOTHESIS_run1_zipfian_heavy_pure,24,post-run,1777551419171,p90,user5481656025540069578,27600
postgresql_arrayjson_TOAST_HYPOTHESIS_run1_zipfian_heavy_pure,24,post-run,1777551419271,p95,user7511238581948425300,36800
postgresql_arrayjson_TOAST_HYPOTHESIS_run1_zipfian_heavy_pure,24,post-run,1777551419371,p99,user8128821314960359509,81700
postgresql_arrayjson_TOAST_HYPOTHESIS_run1_zipfian_heavy_pure,24,post-run,1777551419470,max,user2029249960847121105,9174300
postgresql_arrayjson_TOAST_HYPOTHESIS_run1_zipfian_heavy_pure,25,post-run,1777551894079,min,user7623760501764070898,11100
postgresql_arrayjson_TOAST_HYPOTHESIS_run1_zipfian_heavy_pure,25,post-run,1777551894178,p50,user6173586359798156606,17800
postgresql_arrayjson_TOAST_HYPOTHESIS_run1_zipfian_heavy_pure,25,post-run,1777551894275,p90,user5434099097463097852,28700
postgresql_arrayjson_TOAST_HYPOTHESIS_run1_zipfian_heavy_pure,25,post-run,1777551894372,p95,user5758519733954368402,38400
postgresql_arrayjson_TOAST_HYPOTHESIS_run1_zipfian_heavy_pure,25,post-run,1777551894469,p99,user7789770354603447682,85600
postgresql_arrayjson_TOAST_HYPOTHESIS_run1_zipfian_heavy_pure,25,post-run,1777551894567,max,user2029249960847121105,9552800
postgresql_arrayjson_TOAST_HYPOTHESIS_run1_zipfian_heavy_pure,26,post-run,1777552362973,min,user7623760501764070898,11700
postgresql_arrayjson_TOAST_HYPOTHESIS_run1_zipfian_heavy_pure,26,post-run,1777552363073,p50,user5245984753473807656,18500
postgresql_arrayjson_TOAST_HYPOTHESIS_run1_zipfian_heavy_pure,26,post-run,1777552363171,p90,user9087339815961016785,29800
postgresql_arrayjson_TOAST_HYPOTHESIS_run1_zipfian_heavy_pure,26,post-run,1777552363270,p95,user6510957438618647089,39900
postgresql_arrayjson_TOAST_HYPOTHESIS_run1_zipfian_heavy_pure,26,post-run,1777552363369,p99,user7789770354603447682,89500
postgresql_arrayjson_TOAST_HYPOTHESIS_run1_zipfian_heavy_pure,26,post-run,1777552363472,max,user2029249960847121105,9929300
postgresql_arrayjson_TOAST_HYPOTHESIS_run1_zipfian_heavy_pure,27,post-run,1777552855156,min,user7623760501764070898,12000
postgresql_arrayjson_TOAST_HYPOTHESIS_run1_zipfian_heavy_pure,27,post-run,1777552855255,p50,user2519785680788097225,19200
postgresql_arrayjson_TOAST_HYPOTHESIS_run1_zipfian_heavy_pure,27,post-run,1777552855353,p90,user916881956310626861,30900
postgresql_arrayjson_TOAST_HYPOTHESIS_run1_zipfian_heavy_pure,27,post-run,1777552855453,p95,user5817907183336279165,41300
postgresql_arrayjson_TOAST_HYPOTHESIS_run1_zipfian_heavy_pure,27,post-run,1777552855553,p99,user8128821314960359509,92600
postgresql_arrayjson_TOAST_HYPOTHESIS_run1_zipfian_heavy_pure,27,post-run,1777552855653,max,user2029249960847121105,10305600
postgresql_arrayjson_TOAST_HYPOTHESIS_run1_zipfian_heavy_pure,28,post-run,1777553383574,min,user7623760501764070898,12600
postgresql_arrayjson_TOAST_HYPOTHESIS_run1_zipfian_heavy_pure,28,post-run,1777553383672,p50,user784141924803633292,19800
postgresql_arrayjson_TOAST_HYPOTHESIS_run1_zipfian_heavy_pure,28,post-run,1777553383770,p90,user7941826891995350209,32000
postgresql_arrayjson_TOAST_HYPOTHESIS_run1_zipfian_heavy_pure,28,post-run,1777553383867,p95,user2598932548661030822,42900
postgresql_arrayjson_TOAST_HYPOTHESIS_run1_zipfian_heavy_pure,28,post-run,1777553383965,p99,user5179671280024067420,95600
postgresql_arrayjson_TOAST_HYPOTHESIS_run1_zipfian_heavy_pure,28,post-run,1777553384063,max,user2029249960847121105,10682400
postgresql_arrayjson_TOAST_HYPOTHESIS_run1_zipfian_heavy_pure,29,post-run,1777553930991,min,user1697903300288021082,13400
postgresql_arrayjson_TOAST_HYPOTHESIS_run1_zipfian_heavy_pure,29,post-run,1777553931092,p50,user6065408976707480124,20500
postgresql_arrayjson_TOAST_HYPOTHESIS_run1_zipfian_heavy_pure,29,post-run,1777553931192,p90,user8355213636302717069,33100
postgresql_arrayjson_TOAST_HYPOTHESIS_run1_zipfian_heavy_pure,29,post-run,1777553931291,p95,user6510957438618647089,44400
postgresql_arrayjson_TOAST_HYPOTHESIS_run1_zipfian_heavy_pure,29,post-run,1777553931392,p99,user5179671280024067420,98400
postgresql_arrayjson_TOAST_HYPOTHESIS_run1_zipfian_heavy_pure,29,post-run,1777553931493,max,user2029249960847121105,11062200
postgresql_arrayjson_TOAST_HYPOTHESIS_run1_zipfian_heavy_pure,30,post-run,1777554501719,min,user7623760501764070898,13800
postgresql_arrayjson_TOAST_HYPOTHESIS_run1_zipfian_heavy_pure,30,post-run,1777554501821,p50,user4510405397428034252,21200
postgresql_arrayjson_TOAST_HYPOTHESIS_run1_zipfian_heavy_pure,30,post-run,1777554501920,p90,user1252354838376854117,34300
postgresql_arrayjson_TOAST_HYPOTHESIS_run1_zipfian_heavy_pure,30,post-run,1777554502021,p95,user8653963520649087422,46000
postgresql_arrayjson_TOAST_HYPOTHESIS_run1_zipfian_heavy_pure,30,post-run,1777554502120,p99,user5179671280024067420,102200
postgresql_arrayjson_TOAST_HYPOTHESIS_run1_zipfian_heavy_pure,30,post-run,1777554502219,max,user2029249960847121105,11438800
postgresql_arrayjson_TOAST_HYPOTHESIS_run1_zipfian_heavy_pure,31,post-run,1777555069851,min,user1697903300288021082,14100
postgresql_arrayjson_TOAST_HYPOTHESIS_run1_zipfian_heavy_pure,31,post-run,1777555069951,p50,user6736914701352075084,21800
postgresql_arrayjson_TOAST_HYPOTHESIS_run1_zipfian_heavy_pure,31,post-run,1777555070049,p90,user7010647207380316688,35300
postgresql_arrayjson_TOAST_HYPOTHESIS_run1_zipfian_heavy_pure,31,post-run,1777555070148,p95,user6202275229721600926,47700
postgresql_arrayjson_TOAST_HYPOTHESIS_run1_zipfian_heavy_pure,31,post-run,1777555070247,p99,user7789770354603447682,105500
postgresql_arrayjson_TOAST_HYPOTHESIS_run1_zipfian_heavy_pure,31,post-run,1777555070346,max,user2029249960847121105,11817100
postgresql_arrayjson_TOAST_HYPOTHESIS_run1_zipfian_heavy_pure,32,post-run,1777555663925,min,user1697903300288021082,14600
postgresql_arrayjson_TOAST_HYPOTHESIS_run1_zipfian_heavy_pure,32,post-run,1777555664024,p50,user27018038120086924,22500
postgresql_arrayjson_TOAST_HYPOTHESIS_run1_zipfian_heavy_pure,32,post-run,1777555664121,p90,user6761247217254852502,36400
postgresql_arrayjson_TOAST_HYPOTHESIS_run1_zipfian_heavy_pure,32,post-run,1777555664219,p95,user2598932548661030822,49300
postgresql_arrayjson_TOAST_HYPOTHESIS_run1_zipfian_heavy_pure,32,post-run,1777555664316,p99,user8128821314960359509,108600
postgresql_arrayjson_TOAST_HYPOTHESIS_run1_zipfian_heavy_pure,32,post-run,1777555664415,max,user2029249960847121105,12205700
postgresql_arrayjson_TOAST_HYPOTHESIS_run1_zipfian_heavy_pure,33,post-run,1777556277463,min,user1697903300288021082,15100
postgresql_arrayjson_TOAST_HYPOTHESIS_run1_zipfian_heavy_pure,33,post-run,1777556277561,p50,user6013495694609841496,23100
postgresql_arrayjson_TOAST_HYPOTHESIS_run1_zipfian_heavy_pure,33,post-run,1777556277658,p90,user9125742695217295032,37500
postgresql_arrayjson_TOAST_HYPOTHESIS_run1_zipfian_heavy_pure,33,post-run,1777556277754,p95,user2172482277416930932,50800
postgresql_arrayjson_TOAST_HYPOTHESIS_run1_zipfian_heavy_pure,33,post-run,1777556277851,p99,user8128821314960359509,111800
postgresql_arrayjson_TOAST_HYPOTHESIS_run1_zipfian_heavy_pure,33,post-run,1777556277947,max,user2029249960847121105,12581800
postgresql_arrayjson_TOAST_HYPOTHESIS_run1_zipfian_heavy_pure,34,post-run,1777556914813,min,user1697903300288021082,15700
postgresql_arrayjson_TOAST_HYPOTHESIS_run1_zipfian_heavy_pure,34,post-run,1777556914911,p50,user864638846214387454,23700
postgresql_arrayjson_TOAST_HYPOTHESIS_run1_zipfian_heavy_pure,34,post-run,1777556915008,p90,user916881956310626861,38600
postgresql_arrayjson_TOAST_HYPOTHESIS_run1_zipfian_heavy_pure,34,post-run,1777556915104,p95,user7591723686063481676,52300
postgresql_arrayjson_TOAST_HYPOTHESIS_run1_zipfian_heavy_pure,34,post-run,1777556915201,p99,user8128821314960359509,115000
postgresql_arrayjson_TOAST_HYPOTHESIS_run1_zipfian_heavy_pure,34,post-run,1777556915298,max,user2029249960847121105,12961200
postgresql_arrayjson_TOAST_HYPOTHESIS_run1_zipfian_heavy_pure,35,post-run,1777557557126,min,user1697903300288021082,16100
postgresql_arrayjson_TOAST_HYPOTHESIS_run1_zipfian_heavy_pure,35,post-run,1777557557224,p50,user8458488093983038188,24400
postgresql_arrayjson_TOAST_HYPOTHESIS_run1_zipfian_heavy_pure,35,post-run,1777557557322,p90,user7724682032788317128,39700
postgresql_arrayjson_TOAST_HYPOTHESIS_run1_zipfian_heavy_pure,35,post-run,1777557557419,p95,user2651405791270809898,53700
postgresql_arrayjson_TOAST_HYPOTHESIS_run1_zipfian_heavy_pure,35,post-run,1777557557516,p99,user7789770354603447682,119500
postgresql_arrayjson_TOAST_HYPOTHESIS_run1_zipfian_heavy_pure,35,post-run,1777557557614,max,user2029249960847121105,13341500
postgresql_arrayjson_TOAST_HYPOTHESIS_run1_zipfian_heavy_pure,36,post-run,1777558209834,min,user1697903300288021082,16600
postgresql_arrayjson_TOAST_HYPOTHESIS_run1_zipfian_heavy_pure,36,post-run,1777558209932,p50,user2408371864701034737,25100
postgresql_arrayjson_TOAST_HYPOTHESIS_run1_zipfian_heavy_pure,36,post-run,1777558210031,p90,user2998490879424134308,40800
postgresql_arrayjson_TOAST_HYPOTHESIS_run1_zipfian_heavy_pure,36,post-run,1777558210127,p95,user6516203581150055218,55000
postgresql_arrayjson_TOAST_HYPOTHESIS_run1_zipfian_heavy_pure,36,post-run,1777558210225,p99,user7789770354603447682,122900
postgresql_arrayjson_TOAST_HYPOTHESIS_run1_zipfian_heavy_pure,36,post-run,1777558210322,max,user2029249960847121105,13714700
postgresql_arrayjson_TOAST_HYPOTHESIS_run1_zipfian_heavy_pure,37,post-run,1777558894430,min,user1697903300288021082,17300
postgresql_arrayjson_TOAST_HYPOTHESIS_run1_zipfian_heavy_pure,37,post-run,1777558894528,p50,user1586707799418800477,25800
postgresql_arrayjson_TOAST_HYPOTHESIS_run1_zipfian_heavy_pure,37,post-run,1777558894625,p90,user8835151840570548145,41800
postgresql_arrayjson_TOAST_HYPOTHESIS_run1_zipfian_heavy_pure,37,post-run,1777558894721,p95,user8637665132542722587,56600
postgresql_arrayjson_TOAST_HYPOTHESIS_run1_zipfian_heavy_pure,37,post-run,1777558894818,p99,user7157227469727271417,125600
postgresql_arrayjson_TOAST_HYPOTHESIS_run1_zipfian_heavy_pure,37,post-run,1777558894914,max,user2029249960847121105,14098400
postgresql_arrayjson_TOAST_HYPOTHESIS_run1_zipfian_heavy_pure,38,post-run,1777559617864,min,user2242693411687012933,17800
postgresql_arrayjson_TOAST_HYPOTHESIS_run1_zipfian_heavy_pure,38,post-run,1777559617962,p50,user7165604814644736766,26400
postgresql_arrayjson_TOAST_HYPOTHESIS_run1_zipfian_heavy_pure,38,post-run,1777559618060,p90,user397545853665447525,42900
postgresql_arrayjson_TOAST_HYPOTHESIS_run1_zipfian_heavy_pure,38,post-run,1777559618157,p95,user2172482277416930932,58400
postgresql_arrayjson_TOAST_HYPOTHESIS_run1_zipfian_heavy_pure,38,post-run,1777559618256,p99,user7789770354603447682,129500
postgresql_arrayjson_TOAST_HYPOTHESIS_run1_zipfian_heavy_pure,38,post-run,1777559618353,max,user2029249960847121105,14489800
postgresql_arrayjson_TOAST_HYPOTHESIS_run1_zipfian_heavy_pure,39,post-run,1777560335463,min,user1697903300288021082,18400
postgresql_arrayjson_TOAST_HYPOTHESIS_run1_zipfian_heavy_pure,39,post-run,1777560335562,p50,user3820143127410670782,27100
postgresql_arrayjson_TOAST_HYPOTHESIS_run1_zipfian_heavy_pure,39,post-run,1777560335659,p90,user4959861765628486567,44100
postgresql_arrayjson_TOAST_HYPOTHESIS_run1_zipfian_heavy_pure,39,post-run,1777560335756,p95,user5987370212563129637,59800
postgresql_arrayjson_TOAST_HYPOTHESIS_run1_zipfian_heavy_pure,39,post-run,1777560335853,p99,user7789770354603447682,133200
postgresql_arrayjson_TOAST_HYPOTHESIS_run1_zipfian_heavy_pure,39,post-run,1777560335951,max,user2029249960847121105,14875900
postgresql_arrayjson_TOAST_HYPOTHESIS_run1_zipfian_heavy_pure,40,post-run,1777561100480,min,user1697903300288021082,19100
postgresql_arrayjson_TOAST_HYPOTHESIS_run1_zipfian_heavy_pure,40,post-run,1777561100578,p50,user2326985154779539348,27800
postgresql_arrayjson_TOAST_HYPOTHESIS_run1_zipfian_heavy_pure,40,post-run,1777561100675,p90,user5256818683830922479,45100
postgresql_arrayjson_TOAST_HYPOTHESIS_run1_zipfian_heavy_pure,40,post-run,1777561100771,p95,user7421700696324490756,61300
postgresql_arrayjson_TOAST_HYPOTHESIS_run1_zipfian_heavy_pure,40,post-run,1777561100868,p99,user7157227469727271417,136800
postgresql_arrayjson_TOAST_HYPOTHESIS_run1_zipfian_heavy_pure,40,post-run,1777561100965,max,user2029249960847121105,15257500
postgresql_arrayjson_TOAST_HYPOTHESIS_run1_zipfian_heavy_pure,41,post-run,1777561856751,min,user1697903300288021082,19500
postgresql_arrayjson_TOAST_HYPOTHESIS_run1_zipfian_heavy_pure,41,post-run,1777561856851,p50,user6520889763169322899,28400
postgresql_arrayjson_TOAST_HYPOTHESIS_run1_zipfian_heavy_pure,41,post-run,1777561856949,p90,user1688189290955187155,46300
postgresql_arrayjson_TOAST_HYPOTHESIS_run1_zipfian_heavy_pure,41,post-run,1777561857047,p95,user1890703826296578959,63000
postgresql_arrayjson_TOAST_HYPOTHESIS_run1_zipfian_heavy_pure,41,post-run,1777561857145,p99,user8184630686051585701,140600
postgresql_arrayjson_TOAST_HYPOTHESIS_run1_zipfian_heavy_pure,41,post-run,1777561857244,max,user2029249960847121105,15631400
postgresql_arrayjson_TOAST_HYPOTHESIS_run1_zipfian_heavy_pure,42,post-run,1777562643383,min,user1697903300288021082,20000
postgresql_arrayjson_TOAST_HYPOTHESIS_run1_zipfian_heavy_pure,42,post-run,1777562643485,p50,user2030588197089243884,29100
postgresql_arrayjson_TOAST_HYPOTHESIS_run1_zipfian_heavy_pure,42,post-run,1777562643587,p90,user5553547041346572923,47400
postgresql_arrayjson_TOAST_HYPOTHESIS_run1_zipfian_heavy_pure,42,post-run,1777562643687,p95,user7747688129744669553,64400
postgresql_arrayjson_TOAST_HYPOTHESIS_run1_zipfian_heavy_pure,42,post-run,1777562643787,p99,user7157227469727271417,143900
postgresql_arrayjson_TOAST_HYPOTHESIS_run1_zipfian_heavy_pure,42,post-run,1777562643889,max,user2029249960847121105,16008900
postgresql_arrayjson_TOAST_HYPOTHESIS_run1_zipfian_heavy_pure,43,post-run,1777563454729,min,user1697903300288021082,20500
postgresql_arrayjson_TOAST_HYPOTHESIS_run1_zipfian_heavy_pure,43,post-run,1777563454827,p50,user141779799984294314,29800
postgresql_arrayjson_TOAST_HYPOTHESIS_run1_zipfian_heavy_pure,43,post-run,1777563454923,p90,user5780064264592141366,48500
postgresql_arrayjson_TOAST_HYPOTHESIS_run1_zipfian_heavy_pure,43,post-run,1777563455019,p95,user2936303627481521305,65800
postgresql_arrayjson_TOAST_HYPOTHESIS_run1_zipfian_heavy_pure,43,post-run,1777563455115,p99,user8128821314960359509,147300
postgresql_arrayjson_TOAST_HYPOTHESIS_run1_zipfian_heavy_pure,43,post-run,1777563455211,max,user2029249960847121105,16389700
postgresql_arrayjson_TOAST_HYPOTHESIS_run1_zipfian_heavy_pure,44,post-run,1777564286974,min,user6357792797498161452,20700
postgresql_arrayjson_TOAST_HYPOTHESIS_run1_zipfian_heavy_pure,44,post-run,1777564287073,p50,user674066344958693583,30400
postgresql_arrayjson_TOAST_HYPOTHESIS_run1_zipfian_heavy_pure,44,post-run,1777564287170,p90,user6048550628088974841,49700
postgresql_arrayjson_TOAST_HYPOTHESIS_run1_zipfian_heavy_pure,44,post-run,1777564287267,p95,user7591723686063481676,67200
postgresql_arrayjson_TOAST_HYPOTHESIS_run1_zipfian_heavy_pure,44,post-run,1777564287363,p99,user8184630686051585701,150900
postgresql_arrayjson_TOAST_HYPOTHESIS_run1_zipfian_heavy_pure,44,post-run,1777564287459,max,user2029249960847121105,16766300
postgresql_arrayjson_TOAST_HYPOTHESIS_run1_zipfian_heavy_pure,45,post-run,1777565151518,min,user6357792797498161452,21100
postgresql_arrayjson_TOAST_HYPOTHESIS_run1_zipfian_heavy_pure,45,post-run,1777565151635,p50,user37510323182903182,31100
postgresql_arrayjson_TOAST_HYPOTHESIS_run1_zipfian_heavy_pure,45,post-run,1777565151735,p90,user1357402590908227580,50800
postgresql_arrayjson_TOAST_HYPOTHESIS_run1_zipfian_heavy_pure,45,post-run,1777565151832,p95,user2524471862807364906,68700
postgresql_arrayjson_TOAST_HYPOTHESIS_run1_zipfian_heavy_pure,45,post-run,1777565151929,p99,user4647271650442155054,153600
postgresql_arrayjson_TOAST_HYPOTHESIS_run1_zipfian_heavy_pure,45,post-run,1777565152026,max,user2029249960847121105,17150900
postgresql_arrayjson_TOAST_HYPOTHESIS_run1_zipfian_heavy_pure,46,post-run,1777566023996,min,user6357792797498161452,21800
postgresql_arrayjson_TOAST_HYPOTHESIS_run1_zipfian_heavy_pure,46,post-run,1777566024093,p50,user8311564614515030693,31700
postgresql_arrayjson_TOAST_HYPOTHESIS_run1_zipfian_heavy_pure,46,post-run,1777566024190,p90,user6427454216725046590,51900
postgresql_arrayjson_TOAST_HYPOTHESIS_run1_zipfian_heavy_pure,46,post-run,1777566024286,p95,user2650285870246529002,70200
postgresql_arrayjson_TOAST_HYPOTHESIS_run1_zipfian_heavy_pure,46,post-run,1777566024383,p99,user4647271650442155054,157400
postgresql_arrayjson_TOAST_HYPOTHESIS_run1_zipfian_heavy_pure,46,post-run,1777566024480,max,user2029249960847121105,17536400
postgresql_arrayjson_TOAST_HYPOTHESIS_run1_zipfian_heavy_pure,47,post-run,1777566938175,min,user1298015141526316817,22300
postgresql_arrayjson_TOAST_HYPOTHESIS_run1_zipfian_heavy_pure,47,post-run,1777566938273,p50,user2732792501192305287,32400
postgresql_arrayjson_TOAST_HYPOTHESIS_run1_zipfian_heavy_pure,47,post-run,1777566938371,p90,user5780064264592141366,53000
postgresql_arrayjson_TOAST_HYPOTHESIS_run1_zipfian_heavy_pure,47,post-run,1777566938469,p95,user1559357165737478936,71800
postgresql_arrayjson_TOAST_HYPOTHESIS_run1_zipfian_heavy_pure,47,post-run,1777566938567,p99,user1402171533720194852,161000
postgresql_arrayjson_TOAST_HYPOTHESIS_run1_zipfian_heavy_pure,47,post-run,1777566938665,max,user2029249960847121105,17924200
postgresql_arrayjson_TOAST_HYPOTHESIS_run1_zipfian_heavy_pure,48,post-run,1777567863611,min,user1298015141526316817,22500
postgresql_arrayjson_TOAST_HYPOTHESIS_run1_zipfian_heavy_pure,48,post-run,1777567863708,p50,user2267037744885488137,33100
postgresql_arrayjson_TOAST_HYPOTHESIS_run1_zipfian_heavy_pure,48,post-run,1777567863805,p90,user1367116600241061507,54200
postgresql_arrayjson_TOAST_HYPOTHESIS_run1_zipfian_heavy_pure,48,post-run,1777567863902,p95,user49900804999982667,73400
postgresql_arrayjson_TOAST_HYPOTHESIS_run1_zipfian_heavy_pure,48,post-run,1777567863998,p99,user1186041364927113881,164200
postgresql_arrayjson_TOAST_HYPOTHESIS_run1_zipfian_heavy_pure,48,post-run,1777567864096,max,user2029249960847121105,18306500
postgresql_arrayjson_TOAST_HYPOTHESIS_run1_zipfian_heavy_pure,49,post-run,1777568811622,min,user1298015141526316817,23100
postgresql_arrayjson_TOAST_HYPOTHESIS_run1_zipfian_heavy_pure,49,post-run,1777568811721,p50,user6154499986426787317,33700
postgresql_arrayjson_TOAST_HYPOTHESIS_run1_zipfian_heavy_pure,49,post-run,1777568811819,p90,user5780064264592141366,55300
postgresql_arrayjson_TOAST_HYPOTHESIS_run1_zipfian_heavy_pure,49,post-run,1777568811917,p95,user5904540035789182683,74700
postgresql_arrayjson_TOAST_HYPOTHESIS_run1_zipfian_heavy_pure,49,post-run,1777568812014,p99,user1402171533720194852,166600
postgresql_arrayjson_TOAST_HYPOTHESIS_run1_zipfian_heavy_pure,49,post-run,1777568812111,max,user2029249960847121105,18684800
postgresql_arrayjson_TOAST_HYPOTHESIS_run1_zipfian_heavy_pure,50,post-run,1777569790950,min,user1298015141526316817,23700
postgresql_arrayjson_TOAST_HYPOTHESIS_run1_zipfian_heavy_pure,50,post-run,1777569791051,p50,user3121846729596894729,34400
postgresql_arrayjson_TOAST_HYPOTHESIS_run1_zipfian_heavy_pure,50,post-run,1777569791149,p90,user8086727272805883594,56300
postgresql_arrayjson_TOAST_HYPOTHESIS_run1_zipfian_heavy_pure,50,post-run,1777569791248,p95,user4554614379727861076,76300
postgresql_arrayjson_TOAST_HYPOTHESIS_run1_zipfian_heavy_pure,50,post-run,1777569791347,p99,user1402171533720194852,169900
postgresql_arrayjson_TOAST_HYPOTHESIS_run1_zipfian_heavy_pure,50,post-run,1777569791445,max,user2029249960847121105,19070400
postgresql_arrayjson_TOAST_HYPOTHESIS_run1_zipfian_heavy_pure,51,post-run,1777570803811,min,user1298015141526316817,24000
postgresql_arrayjson_TOAST_HYPOTHESIS_run1_zipfian_heavy_pure,51,post-run,1777570803944,p50,user884285180097897191,35000
postgresql_arrayjson_TOAST_HYPOTHESIS_run1_zipfian_heavy_pure,51,post-run,1777570804044,p90,user4440400761080096348,57500
postgresql_arrayjson_TOAST_HYPOTHESIS_run1_zipfian_heavy_pure,51,post-run,1777570804141,p95,user5836993556707648454,77600
postgresql_arrayjson_TOAST_HYPOTHESIS_run1_zipfian_heavy_pure,51,post-run,1777570804240,p99,user1186041364927113881,173900
postgresql_arrayjson_TOAST_HYPOTHESIS_run1_zipfian_heavy_pure,51,post-run,1777570804339,max,user2029249960847121105,19446100
postgresql_arrayjson_TOAST_HYPOTHESIS_run1_zipfian_heavy_pure,52,post-run,1777571830476,min,user1298015141526316817,24500
postgresql_arrayjson_TOAST_HYPOTHESIS_run1_zipfian_heavy_pure,52,post-run,1777571830574,p50,user2072898982634807481,35700
postgresql_arrayjson_TOAST_HYPOTHESIS_run1_zipfian_heavy_pure,52,post-run,1777571830671,p90,user7724682032788317128,58500
postgresql_arrayjson_TOAST_HYPOTHESIS_run1_zipfian_heavy_pure,52,post-run,1777571830769,p95,user5987370212563129637,79200
postgresql_arrayjson_TOAST_HYPOTHESIS_run1_zipfian_heavy_pure,52,post-run,1777571830866,p99,user1402171533720194852,177100
postgresql_arrayjson_TOAST_HYPOTHESIS_run1_zipfian_heavy_pure,52,post-run,1777571830964,max,user2029249960847121105,19830900
postgresql_arrayjson_TOAST_HYPOTHESIS_run1_zipfian_heavy_pure,53,post-run,1777572884122,min,user10937965231563972,25000
postgresql_arrayjson_TOAST_HYPOTHESIS_run1_zipfian_heavy_pure,53,post-run,1777572884220,p50,user7428845035610162112,36300
postgresql_arrayjson_TOAST_HYPOTHESIS_run1_zipfian_heavy_pure,53,post-run,1777572884317,p90,user3085902007607020157,59700
postgresql_arrayjson_TOAST_HYPOTHESIS_run1_zipfian_heavy_pure,53,post-run,1777572884414,p95,user650293789568056613,80700
postgresql_arrayjson_TOAST_HYPOTHESIS_run1_zipfian_heavy_pure,53,post-run,1777572884511,p99,user8128821314960359509,180500
postgresql_arrayjson_TOAST_HYPOTHESIS_run1_zipfian_heavy_pure,53,post-run,1777572884608,max,user2029249960847121105,20224200
postgresql_arrayjson_TOAST_HYPOTHESIS_run1_zipfian_heavy_pure,54,post-run,1777573971022,min,user10937965231563972,25600
postgresql_arrayjson_TOAST_HYPOTHESIS_run1_zipfian_heavy_pure,54,post-run,1777573971120,p50,user2716152467791641887,37000
postgresql_arrayjson_TOAST_HYPOTHESIS_run1_zipfian_heavy_pure,54,post-run,1777573971216,p90,user4008257471399960978,60800
postgresql_arrayjson_TOAST_HYPOTHESIS_run1_zipfian_heavy_pure,54,post-run,1777573971313,p95,user5751262310061183949,82000
postgresql_arrayjson_TOAST_HYPOTHESIS_run1_zipfian_heavy_pure,54,post-run,1777573971410,p99,user5179671280024067420,183400
postgresql_arrayjson_TOAST_HYPOTHESIS_run1_zipfian_heavy_pure,54,post-run,1777573971507,max,user2029249960847121105,20607000
postgresql_arrayjson_TOAST_HYPOTHESIS_run1_zipfian_heavy_pure,55,post-run,1777575072978,min,user10937965231563972,25700
postgresql_arrayjson_TOAST_HYPOTHESIS_run1_zipfian_heavy_pure,55,post-run,1777575073076,p50,user3227796087934707205,37700
postgresql_arrayjson_TOAST_HYPOTHESIS_run1_zipfian_heavy_pure,55,post-run,1777575073172,p90,user7555778964073607104,61900
postgresql_arrayjson_TOAST_HYPOTHESIS_run1_zipfian_heavy_pure,55,post-run,1777575073269,p95,user5289746859869007129,83400
postgresql_arrayjson_TOAST_HYPOTHESIS_run1_zipfian_heavy_pure,55,post-run,1777575073365,p99,user1402171533720194852,185800
postgresql_arrayjson_TOAST_HYPOTHESIS_run1_zipfian_heavy_pure,55,post-run,1777575073466,max,user2029249960847121105,20988100
postgresql_arrayjson_TOAST_HYPOTHESIS_run1_zipfian_heavy_pure,56,post-run,1777576205640,min,user10937965231563972,25900
postgresql_arrayjson_TOAST_HYPOTHESIS_run1_zipfian_heavy_pure,56,post-run,1777576205738,p50,user6450896944117082781,38300
postgresql_arrayjson_TOAST_HYPOTHESIS_run1_zipfian_heavy_pure,56,post-run,1777576205835,p90,user6619134821709323571,63000
postgresql_arrayjson_TOAST_HYPOTHESIS_run1_zipfian_heavy_pure,56,post-run,1777576205931,p95,user1463133634028198173,85100
postgresql_arrayjson_TOAST_HYPOTHESIS_run1_zipfian_heavy_pure,56,post-run,1777576206028,p99,user5179671280024067420,189800
postgresql_arrayjson_TOAST_HYPOTHESIS_run1_zipfian_heavy_pure,56,post-run,1777576206125,max,user2029249960847121105,21366600
postgresql_arrayjson_TOAST_HYPOTHESIS_run1_zipfian_heavy_pure,57,post-run,1777577438868,min,user10937965231563972,26500
postgresql_arrayjson_TOAST_HYPOTHESIS_run1_zipfian_heavy_pure,57,post-run,1777577438967,p50,user5833987256224802117,39000
postgresql_arrayjson_TOAST_HYPOTHESIS_run1_zipfian_heavy_pure,57,post-run,1777577439065,p90,user2423550331783118676,64100
postgresql_arrayjson_TOAST_HYPOTHESIS_run1_zipfian_heavy_pure,57,post-run,1777577439162,p95,user1463133634028198173,86600
postgresql_arrayjson_TOAST_HYPOTHESIS_run1_zipfian_heavy_pure,57,post-run,1777577439259,p99,user8184630686051585701,193300
postgresql_arrayjson_TOAST_HYPOTHESIS_run1_zipfian_heavy_pure,57,post-run,1777577439356,max,user2029249960847121105,21756700
postgresql_arrayjson_TOAST_HYPOTHESIS_run1_zipfian_heavy_pure,58,post-run,1777578680352,min,user10937965231563972,26900
postgresql_arrayjson_TOAST_HYPOTHESIS_run1_zipfian_heavy_pure,58,post-run,1777578680450,p50,user7464789757600036684,39600
postgresql_arrayjson_TOAST_HYPOTHESIS_run1_zipfian_heavy_pure,58,post-run,1777578680548,p90,user1357402590908227580,65400
postgresql_arrayjson_TOAST_HYPOTHESIS_run1_zipfian_heavy_pure,58,post-run,1777578680646,p95,user2891981560574181384,88100
postgresql_arrayjson_TOAST_HYPOTHESIS_run1_zipfian_heavy_pure,58,post-run,1777578680743,p99,user8184630686051585701,196900
postgresql_arrayjson_TOAST_HYPOTHESIS_run1_zipfian_heavy_pure,58,post-run,1777578680841,max,user2029249960847121105,22142200
postgresql_arrayjson_TOAST_HYPOTHESIS_run1_zipfian_heavy_pure,59,post-run,1777579876096,min,user10937965231563972,27300
postgresql_arrayjson_TOAST_HYPOTHESIS_run1_zipfian_heavy_pure,59,post-run,1777579876194,p50,user4404456039090221776,40300
postgresql_arrayjson_TOAST_HYPOTHESIS_run1_zipfian_heavy_pure,59,post-run,1777579876291,p90,user5822593365355546846,66400
postgresql_arrayjson_TOAST_HYPOTHESIS_run1_zipfian_heavy_pure,59,post-run,1777579876389,p95,user5758519733954368402,89700
postgresql_arrayjson_TOAST_HYPOTHESIS_run1_zipfian_heavy_pure,59,post-run,1777579876486,p99,user8184630686051585701,200000
postgresql_arrayjson_TOAST_HYPOTHESIS_run1_zipfian_heavy_pure,59,post-run,1777579876584,max,user2029249960847121105,22513500
postgresql_arrayjson_TOAST_HYPOTHESIS_run1_zipfian_heavy_pure,60,post-run,1777581102680,min,user10937965231563972,28200
postgresql_arrayjson_TOAST_HYPOTHESIS_run1_zipfian_heavy_pure,60,post-run,1777581102785,p50,user2392291791812511785,41000
postgresql_arrayjson_TOAST_HYPOTHESIS_run1_zipfian_heavy_pure,60,post-run,1777581102882,p90,user4162200388250428946,67500
postgresql_arrayjson_TOAST_HYPOTHESIS_run1_zipfian_heavy_pure,60,post-run,1777581102979,p95,user5758519733954368402,91200
postgresql_arrayjson_TOAST_HYPOTHESIS_run1_zipfian_heavy_pure,60,post-run,1777581103076,p99,user8128821314960359509,203500
postgresql_arrayjson_TOAST_HYPOTHESIS_run1_zipfian_heavy_pure,60,post-run,1777581103177,max,user2029249960847121105,22903000
postgresql_arrayjson_TOAST_HYPOTHESIS_run1_zipfian_heavy_pure,61,post-run,1777582360621,min,user10937965231563972,28400
postgresql_arrayjson_TOAST_HYPOTHESIS_run1_zipfian_heavy_pure,61,post-run,1777582360719,p50,user6337243285981458501,41600
postgresql_arrayjson_TOAST_HYPOTHESIS_run1_zipfian_heavy_pure,61,post-run,1777582360816,p90,user4651739517243580852,68700
postgresql_arrayjson_TOAST_HYPOTHESIS_run1_zipfian_heavy_pure,61,post-run,1777582360912,p95,user1324587499477656027,93000
postgresql_arrayjson_TOAST_HYPOTHESIS_run1_zipfian_heavy_pure,61,post-run,1777582361009,p99,user8128821314960359509,206800
postgresql_arrayjson_TOAST_HYPOTHESIS_run1_zipfian_heavy_pure,61,post-run,1777582361106,max,user2029249960847121105,23275400
postgresql_arrayjson_TOAST_HYPOTHESIS_run1_zipfian_heavy_pure,62,post-run,1777583633298,min,user10937965231563972,29300
postgresql_arrayjson_TOAST_HYPOTHESIS_run1_zipfian_heavy_pure,62,post-run,1777583633395,p50,user2817415644110186682,42300
postgresql_arrayjson_TOAST_HYPOTHESIS_run1_zipfian_heavy_pure,62,post-run,1777583633492,p90,user2532505990603777489,69800
postgresql_arrayjson_TOAST_HYPOTHESIS_run1_zipfian_heavy_pure,62,post-run,1777583633589,p95,user6202275229721600926,94100
postgresql_arrayjson_TOAST_HYPOTHESIS_run1_zipfian_heavy_pure,62,post-run,1777583633686,p99,user4424102372973731513,210100
postgresql_arrayjson_TOAST_HYPOTHESIS_run1_zipfian_heavy_pure,62,post-run,1777583633784,max,user2029249960847121105,23662500
postgresql_arrayjson_TOAST_HYPOTHESIS_run1_zipfian_heavy_pure,63,post-run,1777584936666,min,user10937965231563972,29600
postgresql_arrayjson_TOAST_HYPOTHESIS_run1_zipfian_heavy_pure,63,post-run,1777584936764,p50,user2473005456614353629,43000
postgresql_arrayjson_TOAST_HYPOTHESIS_run1_zipfian_heavy_pure,63,post-run,1777584936862,p90,user3396139196137276781,70800
postgresql_arrayjson_TOAST_HYPOTHESIS_run1_zipfian_heavy_pure,63,post-run,1777584936960,p95,user2891981560574181384,95600
postgresql_arrayjson_TOAST_HYPOTHESIS_run1_zipfian_heavy_pure,63,post-run,1777584937058,p99,user8184630686051585701,212700
postgresql_arrayjson_TOAST_HYPOTHESIS_run1_zipfian_heavy_pure,63,post-run,1777584937157,max,user2029249960847121105,24045200
postgresql_arrayjson_TOAST_HYPOTHESIS_run1_zipfian_heavy_pure,64,post-run,1777586249464,min,user10937965231563972,30100
postgresql_arrayjson_TOAST_HYPOTHESIS_run1_zipfian_heavy_pure,64,post-run,1777586249562,p50,user6390949534223031570,43600
postgresql_arrayjson_TOAST_HYPOTHESIS_run1_zipfian_heavy_pure,64,post-run,1777586249659,p90,user3243752830746773475,72000
postgresql_arrayjson_TOAST_HYPOTHESIS_run1_zipfian_heavy_pure,64,post-run,1777586249756,p95,user7732168017368287049,97000
postgresql_arrayjson_TOAST_HYPOTHESIS_run1_zipfian_heavy_pure,64,post-run,1777586249853,p99,user5179671280024067420,216400
postgresql_arrayjson_TOAST_HYPOTHESIS_run1_zipfian_heavy_pure,64,post-run,1777586249951,max,user2029249960847121105,24430800
postgresql_arrayjson_TOAST_HYPOTHESIS_run1_zipfian_heavy_pure,65,post-run,1777587596307,min,user10937965231563972,30600
postgresql_arrayjson_TOAST_HYPOTHESIS_run1_zipfian_heavy_pure,65,post-run,1777587596406,p50,user4301306483313111540,44300
postgresql_arrayjson_TOAST_HYPOTHESIS_run1_zipfian_heavy_pure,65,post-run,1777587596504,p90,user4804904158364066489,73100
postgresql_arrayjson_TOAST_HYPOTHESIS_run1_zipfian_heavy_pure,65,post-run,1777587596601,p95,user1855205980211331738,98400
postgresql_arrayjson_TOAST_HYPOTHESIS_run1_zipfian_heavy_pure,65,post-run,1777587596700,p99,user8184630686051585701,219100
postgresql_arrayjson_TOAST_HYPOTHESIS_run1_zipfian_heavy_pure,65,post-run,1777587596799,max,user2029249960847121105,24819000
postgresql_arrayjson_TOAST_HYPOTHESIS_run1_zipfian_heavy_pure,66,post-run,1777588969387,min,user10937965231563972,31200
postgresql_arrayjson_TOAST_HYPOTHESIS_run1_zipfian_heavy_pure,66,post-run,1777588969486,p50,user2072898982634807481,45000
postgresql_arrayjson_TOAST_HYPOTHESIS_run1_zipfian_heavy_pure,66,post-run,1777588969586,p90,user8086727272805883594,74300
postgresql_arrayjson_TOAST_HYPOTHESIS_run1_zipfian_heavy_pure,66,post-run,1777588969685,p95,user4003229644086394732,100100
postgresql_arrayjson_TOAST_HYPOTHESIS_run1_zipfian_heavy_pure,66,post-run,1777588969783,p99,user8128821314960359509,222600
postgresql_arrayjson_TOAST_HYPOTHESIS_run1_zipfian_heavy_pure,66,post-run,1777588969882,max,user2029249960847121105,25200100
postgresql_arrayjson_TOAST_HYPOTHESIS_run1_zipfian_heavy_pure,67,post-run,1777590356009,min,user10937965231563972,31500
postgresql_arrayjson_TOAST_HYPOTHESIS_run1_zipfian_heavy_pure,67,post-run,1777590356107,p50,user6756001074723444373,45600
postgresql_arrayjson_TOAST_HYPOTHESIS_run1_zipfian_heavy_pure,67,post-run,1777590356204,p90,user6031473964252627675,75300
postgresql_arrayjson_TOAST_HYPOTHESIS_run1_zipfian_heavy_pure,67,post-run,1777590356300,p95,user4704760903069802590,101900
postgresql_arrayjson_TOAST_HYPOTHESIS_run1_zipfian_heavy_pure,67,post-run,1777590356399,p99,user8184630686051585701,226000
postgresql_arrayjson_TOAST_HYPOTHESIS_run1_zipfian_heavy_pure,67,post-run,1777590356497,max,user2029249960847121105,25586900
postgresql_arrayjson_TOAST_HYPOTHESIS_run1_zipfian_heavy_pure,68,post-run,1777591752405,min,user10937965231563972,32100
postgresql_arrayjson_TOAST_HYPOTHESIS_run1_zipfian_heavy_pure,68,post-run,1777591752504,p50,user5863349171267899982,46300
postgresql_arrayjson_TOAST_HYPOTHESIS_run1_zipfian_heavy_pure,68,post-run,1777591752602,p90,user3639733083219192390,76300
postgresql_arrayjson_TOAST_HYPOTHESIS_run1_zipfian_heavy_pure,68,post-run,1777591752699,p95,user1855205980211331738,103100
postgresql_arrayjson_TOAST_HYPOTHESIS_run1_zipfian_heavy_pure,68,post-run,1777591752797,p99,user8128821314960359509,229100
postgresql_arrayjson_TOAST_HYPOTHESIS_run1_zipfian_heavy_pure,68,post-run,1777591752895,max,user2029249960847121105,25967800
postgresql_arrayjson_TOAST_HYPOTHESIS_run1_zipfian_heavy_pure,69,post-run,1777593146393,min,user10937965231563972,32400
postgresql_arrayjson_TOAST_HYPOTHESIS_run1_zipfian_heavy_pure,69,post-run,1777593146508,p50,user5965265721413216225,47000
postgresql_arrayjson_TOAST_HYPOTHESIS_run1_zipfian_heavy_pure,69,post-run,1777593146606,p90,user3396139196137276781,77600
postgresql_arrayjson_TOAST_HYPOTHESIS_run1_zipfian_heavy_pure,69,post-run,1777593146705,p95,user5838113477731929350,104500
postgresql_arrayjson_TOAST_HYPOTHESIS_run1_zipfian_heavy_pure,69,post-run,1777593146803,p99,user8184630686051585701,231700
postgresql_arrayjson_TOAST_HYPOTHESIS_run1_zipfian_heavy_pure,69,post-run,1777593146903,max,user2029249960847121105,26338400
postgresql_arrayjson_TOAST_HYPOTHESIS_run1_zipfian_heavy_pure,70,post-run,1777594588843,min,user10937965231563972,32900
postgresql_arrayjson_TOAST_HYPOTHESIS_run1_zipfian_heavy_pure,70,post-run,1777594588942,p50,user4952375781048516646,47700
postgresql_arrayjson_TOAST_HYPOTHESIS_run1_zipfian_heavy_pure,70,post-run,1777594589039,p90,user224391661540399385,78700
postgresql_arrayjson_TOAST_HYPOTHESIS_run1_zipfian_heavy_pure,70,post-run,1777594589138,p95,user1463133634028198173,105900
postgresql_arrayjson_TOAST_HYPOTHESIS_run1_zipfian_heavy_pure,70,post-run,1777594589236,p99,user8184630686051585701,235400
postgresql_arrayjson_TOAST_HYPOTHESIS_run1_zipfian_heavy_pure,70,post-run,1777594589335,max,user2029249960847121105,26719200
postgresql_arrayjson_TOAST_HYPOTHESIS_run1_zipfian_heavy_pure,71,post-run,1777596104639,min,user10937965231563972,33500
postgresql_arrayjson_TOAST_HYPOTHESIS_run1_zipfian_heavy_pure,71,post-run,1777596104739,p50,user7105544320143172458,48300
postgresql_arrayjson_TOAST_HYPOTHESIS_run1_zipfian_heavy_pure,71,post-run,1777596104837,p90,user5408303443414986772,79800
postgresql_arrayjson_TOAST_HYPOTHESIS_run1_zipfian_heavy_pure,71,post-run,1777596104935,p95,user2484170786796823432,107300
postgresql_arrayjson_TOAST_HYPOTHESIS_run1_zipfian_heavy_pure,71,post-run,1777596105033,p99,user8184630686051585701,238400
postgresql_arrayjson_TOAST_HYPOTHESIS_run1_zipfian_heavy_pure,71,post-run,1777596105133,max,user2029249960847121105,27105900
postgresql_arrayjson_TOAST_HYPOTHESIS_run1_zipfian_heavy_pure,72,post-run,1777597579110,min,user10937965231563972,34000
postgresql_arrayjson_TOAST_HYPOTHESIS_run1_zipfian_heavy_pure,72,post-run,1777597579209,p50,user5212268056236797090,49000
postgresql_arrayjson_TOAST_HYPOTHESIS_run1_zipfian_heavy_pure,72,post-run,1777597579307,p90,user8355213636302717069,80700
postgresql_arrayjson_TOAST_HYPOTHESIS_run1_zipfian_heavy_pure,72,post-run,1777597579406,p95,user3726365935672095908,108800
postgresql_arrayjson_TOAST_HYPOTHESIS_run1_zipfian_heavy_pure,72,post-run,1777597579505,p99,user4424102372973731513,242400
postgresql_arrayjson_TOAST_HYPOTHESIS_run1_zipfian_heavy_pure,72,post-run,1777597579603,max,user2029249960847121105,27479500
postgresql_arrayjson_TOAST_HYPOTHESIS_run1_zipfian_heavy_pure,73,post-run,1777599074313,min,user10937965231563972,34100
postgresql_arrayjson_TOAST_HYPOTHESIS_run1_zipfian_heavy_pure,73,post-run,1777599074411,p50,user6644257430637781106,49600
postgresql_arrayjson_TOAST_HYPOTHESIS_run1_zipfian_heavy_pure,73,post-run,1777599074508,p90,user6961192082549081735,81900
postgresql_arrayjson_TOAST_HYPOTHESIS_run1_zipfian_heavy_pure,73,post-run,1777599074604,p95,user2484170786796823432,110200
postgresql_arrayjson_TOAST_HYPOTHESIS_run1_zipfian_heavy_pure,73,post-run,1777599074701,p99,user8184630686051585701,245900
postgresql_arrayjson_TOAST_HYPOTHESIS_run1_zipfian_heavy_pure,73,post-run,1777599074800,max,user2029249960847121105,27852500
postgresql_arrayjson_TOAST_HYPOTHESIS_run1_zipfian_heavy_pure,74,post-run,1777600668859,min,user10937965231563972,34300
postgresql_arrayjson_TOAST_HYPOTHESIS_run1_zipfian_heavy_pure,74,post-run,1777600668976,p50,user6737474661864215532,50300
postgresql_arrayjson_TOAST_HYPOTHESIS_run1_zipfian_heavy_pure,74,post-run,1777600669078,p90,user3958129301449072480,83000
postgresql_arrayjson_TOAST_HYPOTHESIS_run1_zipfian_heavy_pure,74,post-run,1777600669177,p95,user2484170786796823432,111800
postgresql_arrayjson_TOAST_HYPOTHESIS_run1_zipfian_heavy_pure,74,post-run,1777600669276,p99,user4424102372973731513,249300
postgresql_arrayjson_TOAST_HYPOTHESIS_run1_zipfian_heavy_pure,74,post-run,1777600669375,max,user2029249960847121105,28231600
postgresql_arrayjson_TOAST_HYPOTHESIS_run1_zipfian_heavy_pure,75,post-run,1777602234507,min,user10937965231563972,35200
postgresql_arrayjson_TOAST_HYPOTHESIS_run1_zipfian_heavy_pure,75,post-run,1777602234621,p50,user3345016007065318270,51000
postgresql_arrayjson_TOAST_HYPOTHESIS_run1_zipfian_heavy_pure,75,post-run,1777602234720,p90,user224391661540399385,84200
postgresql_arrayjson_TOAST_HYPOTHESIS_run1_zipfian_heavy_pure,75,post-run,1777602234820,p95,user6510957438618647089,113400
postgresql_arrayjson_TOAST_HYPOTHESIS_run1_zipfian_heavy_pure,75,post-run,1777602234918,p99,user5179671280024067420,252500
postgresql_arrayjson_TOAST_HYPOTHESIS_run1_zipfian_heavy_pure,75,post-run,1777602235018,max,user2029249960847121105,28609000
postgresql_arrayjson_TOAST_HYPOTHESIS_run1_zipfian_heavy_pure,76,post-run,1777603833449,min,user10937965231563972,35700
postgresql_arrayjson_TOAST_HYPOTHESIS_run1_zipfian_heavy_pure,76,post-run,1777603833549,p50,user532732225143146983,51600
postgresql_arrayjson_TOAST_HYPOTHESIS_run1_zipfian_heavy_pure,76,post-run,1777603833648,p90,user3508112972736479717,85300
postgresql_arrayjson_TOAST_HYPOTHESIS_run1_zipfian_heavy_pure,76,post-run,1777603833748,p95,user6510957438618647089,115000
postgresql_arrayjson_TOAST_HYPOTHESIS_run1_zipfian_heavy_pure,76,post-run,1777603833849,p99,user8184630686051585701,256300
postgresql_arrayjson_TOAST_HYPOTHESIS_run1_zipfian_heavy_pure,76,post-run,1777603833950,max,user2029249960847121105,29001700
postgresql_arrayjson_TOAST_HYPOTHESIS_run1_zipfian_heavy_pure,77,post-run,1777605451174,min,user10937965231563972,36200
postgresql_arrayjson_TOAST_HYPOTHESIS_run1_zipfian_heavy_pure,77,post-run,1777605451272,p50,user8782795645866795641,52200
postgresql_arrayjson_TOAST_HYPOTHESIS_run1_zipfian_heavy_pure,77,post-run,1777605451370,p90,user1299695023062738161,86400
postgresql_arrayjson_TOAST_HYPOTHESIS_run1_zipfian_heavy_pure,77,post-run,1777605451467,p95,user2127371689310665095,116600
postgresql_arrayjson_TOAST_HYPOTHESIS_run1_zipfian_heavy_pure,77,post-run,1777605451564,p99,user8184630686051585701,259400
postgresql_arrayjson_TOAST_HYPOTHESIS_run1_zipfian_heavy_pure,77,post-run,1777605451662,max,user2029249960847121105,29383300
postgresql_arrayjson_TOAST_HYPOTHESIS_run1_zipfian_heavy_pure,78,post-run,1777607206682,min,user10937965231563972,36500
postgresql_arrayjson_TOAST_HYPOTHESIS_run1_zipfian_heavy_pure,78,post-run,1777607206782,p50,user1578113711110247446,53000
postgresql_arrayjson_TOAST_HYPOTHESIS_run1_zipfian_heavy_pure,78,post-run,1777607206879,p90,user6212549199566575301,87400
postgresql_arrayjson_TOAST_HYPOTHESIS_run1_zipfian_heavy_pure,78,post-run,1777607206977,p95,user8653963520649087422,118000
postgresql_arrayjson_TOAST_HYPOTHESIS_run1_zipfian_heavy_pure,78,post-run,1777607207074,p99,user8184630686051585701,262600
postgresql_arrayjson_TOAST_HYPOTHESIS_run1_zipfian_heavy_pure,78,post-run,1777607207173,max,user2029249960847121105,29768800
postgresql_arrayjson_TOAST_HYPOTHESIS_run1_zipfian_heavy_pure,79,post-run,1777608993989,min,user10937965231563972,36900
postgresql_arrayjson_TOAST_HYPOTHESIS_run1_zipfian_heavy_pure,79,post-run,1777608994089,p50,user8179384543520177572,53600
postgresql_arrayjson_TOAST_HYPOTHESIS_run1_zipfian_heavy_pure,79,post-run,1777608994188,p90,user7038339486355936794,88500
postgresql_arrayjson_TOAST_HYPOTHESIS_run1_zipfian_heavy_pure,79,post-run,1777608994287,p95,user2127371689310665095,119600
postgresql_arrayjson_TOAST_HYPOTHESIS_run1_zipfian_heavy_pure,79,post-run,1777608994386,p99,user4424102372973731513,265900
postgresql_arrayjson_TOAST_HYPOTHESIS_run1_zipfian_heavy_pure,79,post-run,1777608994487,max,user2029249960847121105,30149700
postgresql_arrayjson_TOAST_HYPOTHESIS_run1_zipfian_heavy_pure,80,post-run,1777610678118,min,user10937965231563972,37900
postgresql_arrayjson_TOAST_HYPOTHESIS_run1_zipfian_heavy_pure,80,post-run,1777610678217,p50,user664912296138000104,54300
postgresql_arrayjson_TOAST_HYPOTHESIS_run1_zipfian_heavy_pure,80,post-run,1777610678315,p90,user8061056520660983397,89600
postgresql_arrayjson_TOAST_HYPOTHESIS_run1_zipfian_heavy_pure,80,post-run,1777610678412,p95,user2127371689310665095,121300
postgresql_arrayjson_TOAST_HYPOTHESIS_run1_zipfian_heavy_pure,80,post-run,1777610678508,p99,user4424102372973731513,268800
postgresql_arrayjson_TOAST_HYPOTHESIS_run1_zipfian_heavy_pure,80,post-run,1777610678606,max,user2029249960847121105,30529200
postgresql_arrayjson_TOAST_HYPOTHESIS_run1_zipfian_heavy_pure,81,post-run,1777612470793,min,user10937965231563972,38400
postgresql_arrayjson_TOAST_HYPOTHESIS_run1_zipfian_heavy_pure,81,post-run,1777612470892,p50,user6783351708404765914,54900
postgresql_arrayjson_TOAST_HYPOTHESIS_run1_zipfian_heavy_pure,81,post-run,1777612470990,p90,user3680541338379519,90700
postgresql_arrayjson_TOAST_HYPOTHESIS_run1_zipfian_heavy_pure,81,post-run,1777612471087,p95,user2127371689310665095,122600
postgresql_arrayjson_TOAST_HYPOTHESIS_run1_zipfian_heavy_pure,81,post-run,1777612471184,p99,user4424102372973731513,272100
postgresql_arrayjson_TOAST_HYPOTHESIS_run1_zipfian_heavy_pure,81,post-run,1777612471283,max,user2029249960847121105,30912100
postgresql_arrayjson_TOAST_HYPOTHESIS_run1_zipfian_heavy_pure,82,post-run,1777614230122,min,user10937965231563972,38800
postgresql_arrayjson_TOAST_HYPOTHESIS_run1_zipfian_heavy_pure,82,post-run,1777614230223,p50,user3210937739316201922,55600
postgresql_arrayjson_TOAST_HYPOTHESIS_run1_zipfian_heavy_pure,82,post-run,1777614230322,p90,user6212549199566575301,91700
postgresql_arrayjson_TOAST_HYPOTHESIS_run1_zipfian_heavy_pure,82,post-run,1777614230421,p95,user5838113477731929350,124200
postgresql_arrayjson_TOAST_HYPOTHESIS_run1_zipfian_heavy_pure,82,post-run,1777614230519,p99,user4424102372973731513,276500
postgresql_arrayjson_TOAST_HYPOTHESIS_run1_zipfian_heavy_pure,82,post-run,1777614230618,max,user2029249960847121105,31289700
postgresql_arrayjson_TOAST_HYPOTHESIS_run1_zipfian_heavy_pure,83,post-run,1777616033904,min,user10937965231563972,39500
postgresql_arrayjson_TOAST_HYPOTHESIS_run1_zipfian_heavy_pure,83,post-run,1777616034004,p50,user8609972853567102481,56200
postgresql_arrayjson_TOAST_HYPOTHESIS_run1_zipfian_heavy_pure,83,post-run,1777616034104,p90,user8265127607462339863,92900
postgresql_arrayjson_TOAST_HYPOTHESIS_run1_zipfian_heavy_pure,83,post-run,1777616034205,p95,user378789308292679015,125600
postgresql_arrayjson_TOAST_HYPOTHESIS_run1_zipfian_heavy_pure,83,post-run,1777616034303,p99,user4424102372973731513,279600
postgresql_arrayjson_TOAST_HYPOTHESIS_run1_zipfian_heavy_pure,83,post-run,1777616034403,max,user2029249960847121105,31669500
postgresql_arrayjson_TOAST_HYPOTHESIS_run1_zipfian_heavy_pure,84,post-run,1777617916404,min,user10937965231563972,40300
postgresql_arrayjson_TOAST_HYPOTHESIS_run1_zipfian_heavy_pure,84,post-run,1777617916502,p50,user2975266467249940000,56900
postgresql_arrayjson_TOAST_HYPOTHESIS_run1_zipfian_heavy_pure,84,post-run,1777617916598,p90,user8265127607462339863,94000
postgresql_arrayjson_TOAST_HYPOTHESIS_run1_zipfian_heavy_pure,84,post-run,1777617916694,p95,user2484170786796823432,127000
postgresql_arrayjson_TOAST_HYPOTHESIS_run1_zipfian_heavy_pure,84,post-run,1777617916791,p99,user4424102372973731513,282900
postgresql_arrayjson_TOAST_HYPOTHESIS_run1_zipfian_heavy_pure,84,post-run,1777617916888,max,user2029249960847121105,32056000
postgresql_arrayjson_TOAST_HYPOTHESIS_run1_zipfian_heavy_pure,85,post-run,1777619866962,min,user10937965231563972,40900
postgresql_arrayjson_TOAST_HYPOTHESIS_run1_zipfian_heavy_pure,85,post-run,1777619867059,p50,user2975266467249940000,57600
postgresql_arrayjson_TOAST_HYPOTHESIS_run1_zipfian_heavy_pure,85,post-run,1777619867156,p90,user8054690457105294372,95100
postgresql_arrayjson_TOAST_HYPOTHESIS_run1_zipfian_heavy_pure,85,post-run,1777619867252,p95,user2127371689310665095,128600
postgresql_arrayjson_TOAST_HYPOTHESIS_run1_zipfian_heavy_pure,85,post-run,1777619867350,p99,user4424102372973731513,286200
postgresql_arrayjson_TOAST_HYPOTHESIS_run1_zipfian_heavy_pure,85,post-run,1777619867449,max,user2029249960847121105,32442900
postgresql_arrayjson_TOAST_HYPOTHESIS_run1_zipfian_heavy_pure,86,post-run,1777621696548,min,user10937965231563972,41100
postgresql_arrayjson_TOAST_HYPOTHESIS_run1_zipfian_heavy_pure,86,post-run,1777621696648,p50,user4866644534402052141,58200
postgresql_arrayjson_TOAST_HYPOTHESIS_run1_zipfian_heavy_pure,86,post-run,1777621696747,p90,user5692653136409255517,96200
postgresql_arrayjson_TOAST_HYPOTHESIS_run1_zipfian_heavy_pure,86,post-run,1777621696845,p95,user8653963520649087422,129800
postgresql_arrayjson_TOAST_HYPOTHESIS_run1_zipfian_heavy_pure,86,post-run,1777621696943,p99,user4424102372973731513,289500
postgresql_arrayjson_TOAST_HYPOTHESIS_run1_zipfian_heavy_pure,86,post-run,1777621697042,max,user2029249960847121105,32827500
postgresql_arrayjson_TOAST_HYPOTHESIS_run1_zipfian_heavy_pure,87,post-run,1777623533904,min,user10937965231563972,41800
postgresql_arrayjson_TOAST_HYPOTHESIS_run1_zipfian_heavy_pure,87,post-run,1777623534002,p50,user1661180302568164179,58900
postgresql_arrayjson_TOAST_HYPOTHESIS_run1_zipfian_heavy_pure,87,post-run,1777623534099,p90,user322855035298241940,97300
postgresql_arrayjson_TOAST_HYPOTHESIS_run1_zipfian_heavy_pure,87,post-run,1777623534197,p95,user2484170786796823432,131300
postgresql_arrayjson_TOAST_HYPOTHESIS_run1_zipfian_heavy_pure,87,post-run,1777623534294,p99,user4424102372973731513,292500
postgresql_arrayjson_TOAST_HYPOTHESIS_run1_zipfian_heavy_pure,87,post-run,1777623534391,max,user2029249960847121105,33202200
postgresql_arrayjson_TOAST_HYPOTHESIS_run1_zipfian_heavy_pure,88,post-run,1777625392798,min,user10937965231563972,42200
postgresql_arrayjson_TOAST_HYPOTHESIS_run1_zipfian_heavy_pure,88,post-run,1777625392906,p50,user1143057534261896739,59600
postgresql_arrayjson_TOAST_HYPOTHESIS_run1_zipfian_heavy_pure,88,post-run,1777625393016,p90,user8061056520660983397,98400
postgresql_arrayjson_TOAST_HYPOTHESIS_run1_zipfian_heavy_pure,88,post-run,1777625393114,p95,user9006513066551661844,132900
postgresql_arrayjson_TOAST_HYPOTHESIS_run1_zipfian_heavy_pure,88,post-run,1777625393212,p99,user8184630686051585701,295700
postgresql_arrayjson_TOAST_HYPOTHESIS_run1_zipfian_heavy_pure,88,post-run,1777625393310,max,user2029249960847121105,33577500
postgresql_arrayjson_TOAST_HYPOTHESIS_run1_zipfian_heavy_pure,89,post-run,1777627295266,min,user10937965231563972,42400
postgresql_arrayjson_TOAST_HYPOTHESIS_run1_zipfian_heavy_pure,89,post-run,1777627295363,p50,user1700921418066565205,60300
postgresql_arrayjson_TOAST_HYPOTHESIS_run1_zipfian_heavy_pure,89,post-run,1777627295460,p90,user7270321167350755249,99400
postgresql_arrayjson_TOAST_HYPOTHESIS_run1_zipfian_heavy_pure,89,post-run,1777627295556,p95,user2127371689310665095,134300
postgresql_arrayjson_TOAST_HYPOTHESIS_run1_zipfian_heavy_pure,89,post-run,1777627295654,p99,user8184630686051585701,299700
postgresql_arrayjson_TOAST_HYPOTHESIS_run1_zipfian_heavy_pure,89,post-run,1777627295754,max,user2029249960847121105,33959600
postgresql_arrayjson_TOAST_HYPOTHESIS_run1_zipfian_heavy_pure,90,post-run,1777629231447,min,user10937965231563972,43300
postgresql_arrayjson_TOAST_HYPOTHESIS_run1_zipfian_heavy_pure,90,post-run,1777629231545,p50,user1244320710580441534,61000
postgresql_arrayjson_TOAST_HYPOTHESIS_run1_zipfian_heavy_pure,90,post-run,1777629231642,p90,user1231930228763362049,100600
postgresql_arrayjson_TOAST_HYPOTHESIS_run1_zipfian_heavy_pure,90,post-run,1777629231739,p95,user2597264484420307264,136000
postgresql_arrayjson_TOAST_HYPOTHESIS_run1_zipfian_heavy_pure,90,post-run,1777629231837,p99,user8184630686051585701,304100
postgresql_arrayjson_TOAST_HYPOTHESIS_run1_zipfian_heavy_pure,90,post-run,1777629231936,max,user2029249960847121105,34335800
postgresql_arrayjson_TOAST_HYPOTHESIS_run1_zipfian_heavy_pure,91,post-run,1777631254507,min,user10937965231563972,43900
postgresql_arrayjson_TOAST_HYPOTHESIS_run1_zipfian_heavy_pure,91,post-run,1777631254605,p50,user4052124808405489237,61600
postgresql_arrayjson_TOAST_HYPOTHESIS_run1_zipfian_heavy_pure,91,post-run,1777631254702,p90,user8265127607462339863,101700
postgresql_arrayjson_TOAST_HYPOTHESIS_run1_zipfian_heavy_pure,91,post-run,1777631254799,p95,user5987370212563129637,137600
postgresql_arrayjson_TOAST_HYPOTHESIS_run1_zipfian_heavy_pure,91,post-run,1777631254897,p99,user8184630686051585701,307500
postgresql_arrayjson_TOAST_HYPOTHESIS_run1_zipfian_heavy_pure,91,post-run,1777631254995,max,user2029249960847121105,34722800
postgresql_arrayjson_TOAST_HYPOTHESIS_run1_zipfian_heavy_pure,92,post-run,1777633218911,min,user10937965231563972,44400
postgresql_arrayjson_TOAST_HYPOTHESIS_run1_zipfian_heavy_pure,92,post-run,1777633219010,p50,user5586703778071443041,62200
postgresql_arrayjson_TOAST_HYPOTHESIS_run1_zipfian_heavy_pure,92,post-run,1777633219108,p90,user8061056520660983397,102700
postgresql_arrayjson_TOAST_HYPOTHESIS_run1_zipfian_heavy_pure,92,post-run,1777633219206,p95,user2127371689310665095,138800
postgresql_arrayjson_TOAST_HYPOTHESIS_run1_zipfian_heavy_pure,92,post-run,1777633219304,p99,user8184630686051585701,310200
postgresql_arrayjson_TOAST_HYPOTHESIS_run1_zipfian_heavy_pure,92,post-run,1777633219403,max,user2029249960847121105,35096700
postgresql_arrayjson_TOAST_HYPOTHESIS_run1_zipfian_heavy_pure,93,post-run,1777635179880,min,user10937965231563972,45200
postgresql_arrayjson_TOAST_HYPOTHESIS_run1_zipfian_heavy_pure,93,post-run,1777635179979,p50,user9051395093971142213,62800
postgresql_arrayjson_TOAST_HYPOTHESIS_run1_zipfian_heavy_pure,93,post-run,1777635180078,p90,user3085902007607020157,103900
postgresql_arrayjson_TOAST_HYPOTHESIS_run1_zipfian_heavy_pure,93,post-run,1777635180179,p95,user1725253933969342623,140000
postgresql_arrayjson_TOAST_HYPOTHESIS_run1_zipfian_heavy_pure,93,post-run,1777635180279,p99,user8184630686051585701,313300
postgresql_arrayjson_TOAST_HYPOTHESIS_run1_zipfian_heavy_pure,93,post-run,1777635180381,max,user2029249960847121105,35466100
postgresql_arrayjson_TOAST_HYPOTHESIS_run1_zipfian_heavy_pure,94,post-run,1777637346516,min,user10937965231563972,45600
postgresql_arrayjson_TOAST_HYPOTHESIS_run1_zipfian_heavy_pure,94,post-run,1777637346616,p50,user3771247963091576277,63500
postgresql_arrayjson_TOAST_HYPOTHESIS_run1_zipfian_heavy_pure,94,post-run,1777637346714,p90,user3436335041537489469,105000
postgresql_arrayjson_TOAST_HYPOTHESIS_run1_zipfian_heavy_pure,94,post-run,1777637346813,p95,user4554614379727861076,141800
postgresql_arrayjson_TOAST_HYPOTHESIS_run1_zipfian_heavy_pure,94,post-run,1777637346911,p99,user8184630686051585701,316300
postgresql_arrayjson_TOAST_HYPOTHESIS_run1_zipfian_heavy_pure,94,post-run,1777637347009,max,user2029249960847121105,35853800
postgresql_arrayjson_TOAST_HYPOTHESIS_run1_zipfian_heavy_pure,95,post-run,1777639317642,min,user349645708467423033,45900
postgresql_arrayjson_TOAST_HYPOTHESIS_run1_zipfian_heavy_pure,95,post-run,1777639317739,p50,user532732225143146983,64200
postgresql_arrayjson_TOAST_HYPOTHESIS_run1_zipfian_heavy_pure,95,post-run,1777639317836,p90,user4744396787957874830,106100
postgresql_arrayjson_TOAST_HYPOTHESIS_run1_zipfian_heavy_pure,95,post-run,1777639317934,p95,user5817907183336279165,143900
postgresql_arrayjson_TOAST_HYPOTHESIS_run1_zipfian_heavy_pure,95,post-run,1777639318032,p99,user8184630686051585701,320300
postgresql_arrayjson_TOAST_HYPOTHESIS_run1_zipfian_heavy_pure,95,post-run,1777639318131,max,user2029249960847121105,36227300
postgresql_arrayjson_TOAST_HYPOTHESIS_run1_zipfian_heavy_pure,96,post-run,1777641597312,min,user10937965231563972,46500
postgresql_arrayjson_TOAST_HYPOTHESIS_run1_zipfian_heavy_pure,96,post-run,1777641597409,p50,user1592513902462349054,64900
postgresql_arrayjson_TOAST_HYPOTHESIS_run1_zipfian_heavy_pure,96,post-run,1777641597506,p90,user7340655631697293932,107100
postgresql_arrayjson_TOAST_HYPOTHESIS_run1_zipfian_heavy_pure,96,post-run,1777641597603,p95,user4554614379727861076,145200
postgresql_arrayjson_TOAST_HYPOTHESIS_run1_zipfian_heavy_pure,96,post-run,1777641597700,p99,user8184630686051585701,323800
postgresql_arrayjson_TOAST_HYPOTHESIS_run1_zipfian_heavy_pure,96,post-run,1777641597798,max,user2029249960847121105,36613200
postgresql_arrayjson_TOAST_HYPOTHESIS_run1_zipfian_heavy_pure,97,post-run,1777643836755,min,user10937965231563972,46700
postgresql_arrayjson_TOAST_HYPOTHESIS_run1_zipfian_heavy_pure,97,post-run,1777643836875,p50,user7819019185039032450,65500
postgresql_arrayjson_TOAST_HYPOTHESIS_run1_zipfian_heavy_pure,97,post-run,1777643836979,p90,user7701239305396280937,108300
postgresql_arrayjson_TOAST_HYPOTHESIS_run1_zipfian_heavy_pure,97,post-run,1777643837077,p95,user1725253933969342623,146500
postgresql_arrayjson_TOAST_HYPOTHESIS_run1_zipfian_heavy_pure,97,post-run,1777643837175,p99,user8184630686051585701,326900
postgresql_arrayjson_TOAST_HYPOTHESIS_run1_zipfian_heavy_pure,97,post-run,1777643837275,max,user2029249960847121105,37004900
postgresql_arrayjson_TOAST_HYPOTHESIS_run1_zipfian_heavy_pure,98,post-run,1777645898672,min,user10937965231563972,47200
postgresql_arrayjson_TOAST_HYPOTHESIS_run1_zipfian_heavy_pure,98,post-run,1777645898771,p50,user1951211196702770618,66200
postgresql_arrayjson_TOAST_HYPOTHESIS_run1_zipfian_heavy_pure,98,post-run,1777645898869,p90,user508181394022527682,109400
postgresql_arrayjson_TOAST_HYPOTHESIS_run1_zipfian_heavy_pure,98,post-run,1777645898967,p95,user4554614379727861076,148400
postgresql_arrayjson_TOAST_HYPOTHESIS_run1_zipfian_heavy_pure,98,post-run,1777645899065,p99,user4424102372973731513,330600
postgresql_arrayjson_TOAST_HYPOTHESIS_run1_zipfian_heavy_pure,98,post-run,1777645899164,max,user2029249960847121105,37380800
postgresql_arrayjson_TOAST_HYPOTHESIS_run1_zipfian_heavy_pure,99,post-run,1777648011635,min,user10937965231563972,47700
postgresql_arrayjson_TOAST_HYPOTHESIS_run1_zipfian_heavy_pure,99,post-run,1777648011731,p50,user7555219003561466656,66900
postgresql_arrayjson_TOAST_HYPOTHESIS_run1_zipfian_heavy_pure,99,post-run,1777648011828,p90,user7701239305396280937,110400
postgresql_arrayjson_TOAST_HYPOTHESIS_run1_zipfian_heavy_pure,99,post-run,1777648011926,p95,user1463133634028198173,149700
postgresql_arrayjson_TOAST_HYPOTHESIS_run1_zipfian_heavy_pure,99,post-run,1777648012023,p99,user4424102372973731513,334300
postgresql_arrayjson_TOAST_HYPOTHESIS_run1_zipfian_heavy_pure,99,post-run,1777648012120,max,user2029249960847121105,37760300
postgresql_arrayjson_TOAST_HYPOTHESIS_run1_zipfian_heavy_pure,100,post-run,1777650132258,min,user10937965231563972,48400
postgresql_arrayjson_TOAST_HYPOTHESIS_run1_zipfian_heavy_pure,100,post-run,1777650132356,p50,user5207581874217529409,67500
postgresql_arrayjson_TOAST_HYPOTHESIS_run1_zipfian_heavy_pure,100,post-run,1777650132454,p90,user2241242090837377057,111700
postgresql_arrayjson_TOAST_HYPOTHESIS_run1_zipfian_heavy_pure,100,post-run,1777650132550,p95,user9006513066551661844,151100
postgresql_arrayjson_TOAST_HYPOTHESIS_run1_zipfian_heavy_pure,100,post-run,1777650132648,p99,user4424102372973731513,337900
postgresql_arrayjson_TOAST_HYPOTHESIS_run1_zipfian_heavy_pure,100,post-run,1777650132747,max,user2029249960847121105,38136200
